============================================================
Rewrite Agent 启动
============================================================
需要重写的章节: 7 个
  第84章: 评分6.5 [需修改]
  第257章: 评分6.5 [需修改]
  第291章: 评分6.5 [需修改]
  第473章: 评分5.5 [需修改]
  第530章: 评分6.8 [需修改]
  第584章: 评分6.5 [需修改]
  第658章: 评分6.5 [需修改]
[2026-05-18 08:22:37] [Rewrite] 第84章终稿已存在，跳过
[2026-05-18 08:22:37] [Rewrite] 第257章终稿已存在，跳过
[2026-05-18 08:22:37] [Rewrite] 第291章终稿已存在，跳过
[2026-05-18 08:22:37] [Rewrite] 第473章终稿已存在，跳过
[2026-05-18 08:22:37] [Rewrite] 第530章终稿已存在，跳过
[2026-05-18 08:22:37] [Rewrite] 第658章终稿已存在，跳过
[2026-05-18 08:22:37] [Rewrite] 正在重写第584章（初稿2266字，评分6.5）...
[2026-05-18 08:24:00] [Rewrite] 第584章终稿已保存（5565字） -> D:\AiProject\Node\novels5\chapters\final\chapter_0584.txt
[2026-05-18 08:24:00] [Rewrite] 完成: 成功1章, 失败0章
======================================================================
  2000章玄幻小说Agent系统 - Coordinator (60 Agent 版本)
======================================================================
[2026-05-18 08:22:36] [Coordinator] 企业微信进度推送已启动（每2分钟）
[2026-05-18 08:22:36] [Coordinator] 当前进度: 已生成 2000 章，已审查 720 章
[2026-05-18 08:22:36] [Coordinator] 世界观、大纲(2000章)、角色档案已存在
[2026-05-18 08:22:36] [Coordinator] 生成范围: 第2001-2000章（大纲共2000章），批次大小: 40
[2026-05-18 08:22:36] ============================================================
[2026-05-18 08:22:36] [Coordinator] 处理重写队列: 7 章
[2026-05-18 08:22:36] ============================================================
[2026-05-18 08:22:36] [Coordinator] 执行: D:\soft\py\python.exe D:\AiProject\Node\novels5\scripts\rewrite_agent.py
[2026-05-18 08:24:00] [Coordinator] Rewrite Agent 完成 (rc=0)
[2026-05-18 08:24:00] ============================================================
[2026-05-18 08:24:00] [Coordinator] 生成总结报告
[2026-05-18 08:24:00] ============================================================
[2026-05-18 08:24:00] [Coordinator] 总结报告: 已完成 1997/2000 章
[2026-05-18 08:24:00] [Coordinator] 总字数: 11,117,749 字
[2026-05-18 08:24:00] [Coordinator] 平均评分: 7.68
[2026-05-18 08:24:00] [Coordinator] 需重写: 32 章
[2026-05-18 08:24:00] ============================================================
[2026-05-18 08:24:00] [Coordinator] 全部任务完成
[2026-05-18 08:24:00] [Coordinator] 总进度: 1997/2000 章
[2026-05-18 08:24:00] [Coordinator] 总字数: 11,117,749 字
[2026-05-18 08:24:00] ============================================================
