======================================================================
  2000章玄幻小说Agent系统 - Coordinator (60 Agent 版本)
======================================================================
[2026-05-18 07:54:29] [Coordinator] 企业微信进度推送已启动（每2分钟）
[2026-05-18 07:54:29] [Coordinator] 当前进度: 已生成 1641 章，已审查 720 章
[2026-05-18 07:54:29] [Coordinator] 世界观、大纲(2000章)、角色档案已存在
[2026-05-18 07:54:29] [Coordinator] 生成范围: 第1642-2000章（大纲共2000章），批次大小: 40
[2026-05-18 07:54:29] [Coordinator] 配额 MiniMax-M*: 1439/4500, 剩余 3061
[2026-05-18 07:54:29] [Coordinator] 配额 speech-hd: 0/19000, 剩余 19000
[2026-05-18 07:54:29] [Coordinator] 配额 MiniMax-Hailuo-2.3-Fast-6s-768p: 0/3, 剩余 3
[2026-05-18 07:54:29] [Coordinator] 配额 MiniMax-Hailuo-2.3-6s-768p: 0/3, 剩余 3
[2026-05-18 07:54:29] [Coordinator] 配额 music-2.5: 0/7, 剩余 7
[2026-05-18 07:54:29] [Coordinator] 配额 music-2.6: 0/100, 剩余 100
[2026-05-18 07:54:29] [Coordinator] 配额 music-cover: 0/100, 剩余 100
[2026-05-18 07:54:29] [Coordinator] 配额 lyrics_generation: 0/100, 剩余 100
[2026-05-18 07:54:29] [Coordinator] 配额 image-01: 0/200, 剩余 200
[2026-05-18 07:54:29] [Coordinator] 配额 coding-plan-vlm: 0/450, 剩余 450
[2026-05-18 07:54:29] [Coordinator] 配额 coding-plan-search: 0/450, 剩余 450
[2026-05-18 07:54:29] [Coordinator] ===== 开始第 1642-1681 章 =====
[2026-05-18 07:54:29] [Coordinator] 并行启动 5 个 writer.py 实例
[2026-05-18 07:54:29] [Coordinator] 执行: D:\soft\py\python.exe D:\AiProject\Node\novels5\scripts\writer.py --start 1642 --end 1649
[2026-05-18 07:54:29] [Coordinator] 执行: D:\soft\py\python.exe D:\AiProject\Node\novels5\scripts\writer.py --start 1650 --end 1657
[2026-05-18 07:54:29] [Coordinator] 执行: D:\soft\py\python.exe D:\AiProject\Node\novels5\scripts\writer.py --start 1658 --end 1665
[2026-05-18 07:54:29] [Coordinator] 执行: D:\soft\py\python.exe D:\AiProject\Node\novels5\scripts\writer.py --start 1666 --end 1673
[2026-05-18 07:54:29] [Coordinator] 执行: D:\soft\py\python.exe D:\AiProject\Node\novels5\scripts\writer.py --start 1674 --end 1681
[2026-05-18 07:56:29] [WeChat] 进度已推送: 初稿1613/2000, 审查713/2000
[2026-05-18 07:58:30] [WeChat] 进度已推送: 初稿1642/2000, 审查713/2000
[2026-05-18 08:00:31] [WeChat] 进度已推送: 初稿1677/2000, 审查713/2000
[2026-05-18 08:02:31] [WeChat] 进度已推送: 初稿1701/2000, 审查713/2000
[2026-05-18 08:03:39] [Coordinator] writer.py 1650-1657 完成 (rc=0)
[2026-05-18 08:03:42] [Coordinator] writer.py 1658-1665 完成 (rc=0)
[2026-05-18 08:03:54] [Coordinator] writer.py 1642-1649 完成 (rc=0)
[2026-05-18 08:04:06] [Coordinator] writer.py 1666-1673 完成 (rc=0)
[2026-05-18 08:04:32] [WeChat] 进度已推送: 初稿1720/2000, 审查713/2000
[2026-05-18 08:04:54] [Coordinator] writer.py 1674-1681 完成 (rc=0)
[2026-05-18 08:04:54] [Coordinator] 第 1642-1681 章完成，暂停3秒...
[2026-05-18 08:04:57] [Coordinator] 配额 MiniMax-M*: 1780/4500, 剩余 2720
[2026-05-18 08:04:57] [Coordinator] 配额 speech-hd: 0/19000, 剩余 19000
[2026-05-18 08:04:57] [Coordinator] 配额 MiniMax-Hailuo-2.3-Fast-6s-768p: 0/3, 剩余 3
[2026-05-18 08:04:57] [Coordinator] 配额 MiniMax-Hailuo-2.3-6s-768p: 0/3, 剩余 3
[2026-05-18 08:04:57] [Coordinator] 配额 music-2.5: 0/7, 剩余 7
[2026-05-18 08:04:57] [Coordinator] 配额 music-2.6: 0/100, 剩余 100
[2026-05-18 08:04:57] [Coordinator] 配额 music-cover: 0/100, 剩余 100
[2026-05-18 08:04:57] [Coordinator] 配额 lyrics_generation: 0/100, 剩余 100
[2026-05-18 08:04:57] [Coordinator] 配额 image-01: 0/200, 剩余 200
[2026-05-18 08:04:57] [Coordinator] 配额 coding-plan-vlm: 0/450, 剩余 450
[2026-05-18 08:04:57] [Coordinator] 配额 coding-plan-search: 0/450, 剩余 450
[2026-05-18 08:04:57] [Coordinator] ===== 开始第 1682-1721 章 =====
[2026-05-18 08:04:57] [Coordinator] 并行启动 5 个 writer.py 实例
[2026-05-18 08:04:57] [Coordinator] 执行: D:\soft\py\python.exe D:\AiProject\Node\novels5\scripts\writer.py --start 1682 --end 1689
[2026-05-18 08:04:57] [Coordinator] 执行: D:\soft\py\python.exe D:\AiProject\Node\novels5\scripts\writer.py --start 1690 --end 1697
[2026-05-18 08:04:57] [Coordinator] 执行: D:\soft\py\python.exe D:\AiProject\Node\novels5\scripts\writer.py --start 1698 --end 1705
[2026-05-18 08:04:57] [Coordinator] 执行: D:\soft\py\python.exe D:\AiProject\Node\novels5\scripts\writer.py --start 1706 --end 1713
[2026-05-18 08:04:57] [Coordinator] 执行: D:\soft\py\python.exe D:\AiProject\Node\novels5\scripts\writer.py --start 1714 --end 1721
[2026-05-18 08:06:32] [WeChat] 进度已推送: 初稿1745/2000, 审查713/2000
[2026-05-18 08:06:33] [Coordinator] writer.py 1690-1697 完成 (rc=0)
[2026-05-18 08:07:00] [Coordinator] writer.py 1682-1689 完成 (rc=0)
[2026-05-18 08:07:18] [Coordinator] writer.py 1698-1705 完成 (rc=0)
[2026-05-18 08:07:33] [Coordinator] writer.py 1714-1721 完成 (rc=0)
[2026-05-18 08:07:57] [Coordinator] writer.py 1706-1713 完成 (rc=0)
[2026-05-18 08:07:57] [Coordinator] 第 1682-1721 章完成，暂停3秒...
[2026-05-18 08:08:01] [Coordinator] 配额 MiniMax-M*: 1893/4500, 剩余 2607
[2026-05-18 08:08:01] [Coordinator] 配额 speech-hd: 0/19000, 剩余 19000
[2026-05-18 08:08:01] [Coordinator] 配额 MiniMax-Hailuo-2.3-Fast-6s-768p: 0/3, 剩余 3
[2026-05-18 08:08:01] [Coordinator] 配额 MiniMax-Hailuo-2.3-6s-768p: 0/3, 剩余 3
[2026-05-18 08:08:01] [Coordinator] 配额 music-2.5: 0/7, 剩余 7
[2026-05-18 08:08:01] [Coordinator] 配额 music-2.6: 0/100, 剩余 100
[2026-05-18 08:08:01] [Coordinator] 配额 music-cover: 0/100, 剩余 100
[2026-05-18 08:08:01] [Coordinator] 配额 lyrics_generation: 0/100, 剩余 100
[2026-05-18 08:08:01] [Coordinator] 配额 image-01: 0/200, 剩余 200
[2026-05-18 08:08:01] [Coordinator] 配额 coding-plan-vlm: 0/450, 剩余 450
[2026-05-18 08:08:01] [Coordinator] 配额 coding-plan-search: 0/450, 剩余 450
[2026-05-18 08:08:01] [Coordinator] ===== 开始第 1722-1761 章 =====
[2026-05-18 08:08:01] [Coordinator] 并行启动 5 个 writer.py 实例
[2026-05-18 08:08:01] [Coordinator] 执行: D:\soft\py\python.exe D:\AiProject\Node\novels5\scripts\writer.py --start 1722 --end 1729
[2026-05-18 08:08:01] [Coordinator] 执行: D:\soft\py\python.exe D:\AiProject\Node\novels5\scripts\writer.py --start 1730 --end 1737
[2026-05-18 08:08:01] [Coordinator] 执行: D:\soft\py\python.exe D:\AiProject\Node\novels5\scripts\writer.py --start 1738 --end 1745
[2026-05-18 08:08:01] [Coordinator] 执行: D:\soft\py\python.exe D:\AiProject\Node\novels5\scripts\writer.py --start 1746 --end 1753
[2026-05-18 08:08:01] [Coordinator] 执行: D:\soft\py\python.exe D:\AiProject\Node\novels5\scripts\writer.py --start 1754 --end 1761
[2026-05-18 08:08:33] [WeChat] 进度已推送: 初稿1775/2000, 审查713/2000
[2026-05-18 08:09:16] [Coordinator] writer.py 1730-1737 完成 (rc=0)
[2026-05-18 08:09:16] [Coordinator] writer.py 1738-1745 完成 (rc=0)
[2026-05-18 08:09:22] [Coordinator] writer.py 1722-1729 完成 (rc=0)
[2026-05-18 08:10:33] [WeChat] 进度已推送: 初稿1801/2000, 审查713/2000
[2026-05-18 08:11:04] [Coordinator] writer.py 1746-1753 完成 (rc=0)
[2026-05-18 08:12:33] [WeChat] 进度已推送: 初稿1836/2000, 审查713/2000
[2026-05-18 08:13:01] [Coordinator] writer.py 1754-1761 完成 (rc=0)
[2026-05-18 08:13:01] [Coordinator] 第 1722-1761 章完成，暂停3秒...
[2026-05-18 08:13:04] [Coordinator] 配额 MiniMax-M*: 2119/4500, 剩余 2381
[2026-05-18 08:13:04] [Coordinator] 配额 speech-hd: 0/19000, 剩余 19000
[2026-05-18 08:13:04] [Coordinator] 配额 MiniMax-Hailuo-2.3-Fast-6s-768p: 0/3, 剩余 3
[2026-05-18 08:13:04] [Coordinator] 配额 MiniMax-Hailuo-2.3-6s-768p: 0/3, 剩余 3
[2026-05-18 08:13:04] [Coordinator] 配额 music-2.5: 0/7, 剩余 7
[2026-05-18 08:13:04] [Coordinator] 配额 music-2.6: 0/100, 剩余 100
[2026-05-18 08:13:04] [Coordinator] 配额 music-cover: 0/100, 剩余 100
[2026-05-18 08:13:04] [Coordinator] 配额 lyrics_generation: 0/100, 剩余 100
[2026-05-18 08:13:04] [Coordinator] 配额 image-01: 0/200, 剩余 200
[2026-05-18 08:13:04] [Coordinator] 配额 coding-plan-vlm: 0/450, 剩余 450
[2026-05-18 08:13:04] [Coordinator] 配额 coding-plan-search: 0/450, 剩余 450
[2026-05-18 08:13:04] [Coordinator] ===== 开始第 1762-1801 章 =====
[2026-05-18 08:13:04] [Coordinator] 并行启动 5 个 writer.py 实例
[2026-05-18 08:13:04] [Coordinator] 执行: D:\soft\py\python.exe D:\AiProject\Node\novels5\scripts\writer.py --start 1762 --end 1769
[2026-05-18 08:13:04] [Coordinator] 执行: D:\soft\py\python.exe D:\AiProject\Node\novels5\scripts\writer.py --start 1770 --end 1777
[2026-05-18 08:13:04] [Coordinator] 执行: D:\soft\py\python.exe D:\AiProject\Node\novels5\scripts\writer.py --start 1778 --end 1785
[2026-05-18 08:13:05] [Coordinator] 执行: D:\soft\py\python.exe D:\AiProject\Node\novels5\scripts\writer.py --start 1786 --end 1793
[2026-05-18 08:13:05] [Coordinator] 执行: D:\soft\py\python.exe D:\AiProject\Node\novels5\scripts\writer.py --start 1794 --end 1801
[2026-05-18 08:13:23] [Coordinator] writer.py 1762-1769 完成 (rc=0)
[2026-05-18 08:13:23] [Coordinator] writer.py 1770-1777 完成 (rc=0)
[2026-05-18 08:13:23] [Coordinator] writer.py 1778-1785 完成 (rc=0)
[2026-05-18 08:14:32] [Coordinator] writer.py 1794-1801 完成 (rc=0)
[2026-05-18 08:14:34] [WeChat] 进度已推送: 初稿1868/2000, 审查713/2000
[2026-05-18 08:14:50] [Coordinator] writer.py 1786-1793 完成 (rc=0)
[2026-05-18 08:14:50] [Coordinator] 第 1762-1801 章完成，暂停3秒...
[2026-05-18 08:14:53] [Coordinator] 配额 MiniMax-M*: 2199/4500, 剩余 2301
[2026-05-18 08:14:53] [Coordinator] 配额 speech-hd: 0/19000, 剩余 19000
[2026-05-18 08:14:53] [Coordinator] 配额 MiniMax-Hailuo-2.3-Fast-6s-768p: 0/3, 剩余 3
[2026-05-18 08:14:53] [Coordinator] 配额 MiniMax-Hailuo-2.3-6s-768p: 0/3, 剩余 3
[2026-05-18 08:14:53] [Coordinator] 配额 music-2.5: 0/7, 剩余 7
[2026-05-18 08:14:53] [Coordinator] 配额 music-2.6: 0/100, 剩余 100
[2026-05-18 08:14:53] [Coordinator] 配额 music-cover: 0/100, 剩余 100
[2026-05-18 08:14:53] [Coordinator] 配额 lyrics_generation: 0/100, 剩余 100
[2026-05-18 08:14:53] [Coordinator] 配额 image-01: 0/200, 剩余 200
[2026-05-18 08:14:53] [Coordinator] 配额 coding-plan-vlm: 0/450, 剩余 450
[2026-05-18 08:14:53] [Coordinator] 配额 coding-plan-search: 0/450, 剩余 450
[2026-05-18 08:14:53] [Coordinator] ===== 开始第 1802-1841 章 =====
[2026-05-18 08:14:53] [Coordinator] 并行启动 5 个 writer.py 实例
[2026-05-18 08:14:53] [Coordinator] 执行: D:\soft\py\python.exe D:\AiProject\Node\novels5\scripts\writer.py --start 1802 --end 1809
[2026-05-18 08:14:53] [Coordinator] 执行: D:\soft\py\python.exe D:\AiProject\Node\novels5\scripts\writer.py --start 1810 --end 1817
[2026-05-18 08:14:53] [Coordinator] 执行: D:\soft\py\python.exe D:\AiProject\Node\novels5\scripts\writer.py --start 1818 --end 1825
[2026-05-18 08:14:53] [Coordinator] 执行: D:\soft\py\python.exe D:\AiProject\Node\novels5\scripts\writer.py --start 1826 --end 1833
[2026-05-18 08:14:53] [Coordinator] 执行: D:\soft\py\python.exe D:\AiProject\Node\novels5\scripts\writer.py --start 1834 --end 1841
[2026-05-18 08:15:11] [Coordinator] writer.py 1802-1809 完成 (rc=0)
[2026-05-18 08:15:11] [Coordinator] writer.py 1810-1817 完成 (rc=0)
[2026-05-18 08:16:05] [Coordinator] writer.py 1818-1825 完成 (rc=0)
[2026-05-18 08:16:34] [WeChat] 进度已推送: 初稿1898/2000, 审查713/2000
[2026-05-18 08:17:38] [Coordinator] writer.py 1834-1841 完成 (rc=0)
[2026-05-18 08:17:59] [Coordinator] writer.py 1826-1833 完成 (rc=0)
[2026-05-18 08:17:59] [Coordinator] 第 1802-1841 章完成，暂停3秒...
[2026-05-18 08:18:03] [Coordinator] 配额 MiniMax-M*: 2356/4500, 剩余 2144
[2026-05-18 08:18:03] [Coordinator] 配额 speech-hd: 0/19000, 剩余 19000
[2026-05-18 08:18:03] [Coordinator] 配额 MiniMax-Hailuo-2.3-Fast-6s-768p: 0/3, 剩余 3
[2026-05-18 08:18:03] [Coordinator] 配额 MiniMax-Hailuo-2.3-6s-768p: 0/3, 剩余 3
[2026-05-18 08:18:03] [Coordinator] 配额 music-2.5: 0/7, 剩余 7
[2026-05-18 08:18:03] [Coordinator] 配额 music-2.6: 0/100, 剩余 100
[2026-05-18 08:18:03] [Coordinator] 配额 music-cover: 0/100, 剩余 100
[2026-05-18 08:18:03] [Coordinator] 配额 lyrics_generation: 0/100, 剩余 100
[2026-05-18 08:18:03] [Coordinator] 配额 image-01: 0/200, 剩余 200
[2026-05-18 08:18:03] [Coordinator] 配额 coding-plan-vlm: 0/450, 剩余 450
[2026-05-18 08:18:03] [Coordinator] 配额 coding-plan-search: 0/450, 剩余 450
[2026-05-18 08:18:03] [Coordinator] ===== 开始第 1842-1881 章 =====
[2026-05-18 08:18:03] [Coordinator] 并行启动 5 个 writer.py 实例
[2026-05-18 08:18:03] [Coordinator] 执行: D:\soft\py\python.exe D:\AiProject\Node\novels5\scripts\writer.py --start 1842 --end 1849
[2026-05-18 08:18:03] [Coordinator] 执行: D:\soft\py\python.exe D:\AiProject\Node\novels5\scripts\writer.py --start 1850 --end 1857
[2026-05-18 08:18:03] [Coordinator] 执行: D:\soft\py\python.exe D:\AiProject\Node\novels5\scripts\writer.py --start 1858 --end 1865
[2026-05-18 08:18:03] [Coordinator] 执行: D:\soft\py\python.exe D:\AiProject\Node\novels5\scripts\writer.py --start 1866 --end 1873
[2026-05-18 08:18:03] [Coordinator] 执行: D:\soft\py\python.exe D:\AiProject\Node\novels5\scripts\writer.py --start 1874 --end 1881
[2026-05-18 08:18:21] [Coordinator] writer.py 1842-1849 完成 (rc=0)
[2026-05-18 08:18:35] [WeChat] 进度已推送: 初稿1932/2000, 审查713/2000
[2026-05-18 08:19:21] [Coordinator] writer.py 1874-1881 完成 (rc=0)
[2026-05-18 08:19:27] [Coordinator] writer.py 1858-1865 完成 (rc=0)
[2026-05-18 08:19:36] [Coordinator] writer.py 1850-1857 完成 (rc=0)
[2026-05-18 08:19:42] [Coordinator] writer.py 1866-1873 完成 (rc=0)
[2026-05-18 08:19:42] [Coordinator] 第 1842-1881 章完成，暂停3秒...
[2026-05-18 08:19:45] [Coordinator] 配额 MiniMax-M*: 2449/4500, 剩余 2051
[2026-05-18 08:19:45] [Coordinator] 配额 speech-hd: 0/19000, 剩余 19000
[2026-05-18 08:19:45] [Coordinator] 配额 MiniMax-Hailuo-2.3-Fast-6s-768p: 0/3, 剩余 3
[2026-05-18 08:19:45] [Coordinator] 配额 MiniMax-Hailuo-2.3-6s-768p: 0/3, 剩余 3
[2026-05-18 08:19:45] [Coordinator] 配额 music-2.5: 0/7, 剩余 7
[2026-05-18 08:19:45] [Coordinator] 配额 music-2.6: 0/100, 剩余 100
[2026-05-18 08:19:45] [Coordinator] 配额 music-cover: 0/100, 剩余 100
[2026-05-18 08:19:45] [Coordinator] 配额 lyrics_generation: 0/100, 剩余 100
[2026-05-18 08:19:45] [Coordinator] 配额 image-01: 0/200, 剩余 200
[2026-05-18 08:19:45] [Coordinator] 配额 coding-plan-vlm: 0/450, 剩余 450
[2026-05-18 08:19:45] [Coordinator] 配额 coding-plan-search: 0/450, 剩余 450
[2026-05-18 08:19:45] [Coordinator] ===== 开始第 1882-1921 章 =====
[2026-05-18 08:19:45] [Coordinator] 并行启动 5 个 writer.py 实例
[2026-05-18 08:19:45] [Coordinator] 执行: D:\soft\py\python.exe D:\AiProject\Node\novels5\scripts\writer.py --start 1882 --end 1889
[2026-05-18 08:19:45] [Coordinator] 执行: D:\soft\py\python.exe D:\AiProject\Node\novels5\scripts\writer.py --start 1890 --end 1897
[2026-05-18 08:19:45] [Coordinator] 执行: D:\soft\py\python.exe D:\AiProject\Node\novels5\scripts\writer.py --start 1898 --end 1905
[2026-05-18 08:19:45] [Coordinator] 执行: D:\soft\py\python.exe D:\AiProject\Node\novels5\scripts\writer.py --start 1906 --end 1913
[2026-05-18 08:19:45] [Coordinator] 执行: D:\soft\py\python.exe D:\AiProject\Node\novels5\scripts\writer.py --start 1914 --end 1921
[2026-05-18 08:20:35] [WeChat] 进度已推送: 初稿1967/2000, 审查713/2000
[2026-05-18 08:21:00] [Coordinator] writer.py 1906-1913 完成 (rc=0)
[2026-05-18 08:21:06] [Coordinator] writer.py 1898-1905 完成 (rc=0)
[2026-05-18 08:21:09] [Coordinator] writer.py 1890-1897 完成 (rc=0)
[2026-05-18 08:21:45] [Coordinator] writer.py 1882-1889 完成 (rc=0)
[2026-05-18 08:22:21] [Coordinator] writer.py 1914-1921 完成 (rc=0)
[2026-05-18 08:22:21] [Coordinator] 第 1882-1921 章完成，暂停3秒...
[2026-05-18 08:22:25] [Coordinator] 配额 MiniMax-M*: 2571/4500, 剩余 1929
[2026-05-18 08:22:25] [Coordinator] 配额 speech-hd: 0/19000, 剩余 19000
[2026-05-18 08:22:25] [Coordinator] 配额 MiniMax-Hailuo-2.3-Fast-6s-768p: 0/3, 剩余 3
[2026-05-18 08:22:25] [Coordinator] 配额 MiniMax-Hailuo-2.3-6s-768p: 0/3, 剩余 3
[2026-05-18 08:22:25] [Coordinator] 配额 music-2.5: 0/7, 剩余 7
[2026-05-18 08:22:25] [Coordinator] 配额 music-2.6: 0/100, 剩余 100
[2026-05-18 08:22:25] [Coordinator] 配额 music-cover: 0/100, 剩余 100
[2026-05-18 08:22:25] [Coordinator] 配额 lyrics_generation: 0/100, 剩余 100
[2026-05-18 08:22:25] [Coordinator] 配额 image-01: 0/200, 剩余 200
[2026-05-18 08:22:25] [Coordinator] 配额 coding-plan-vlm: 0/450, 剩余 450============================================================
Rewrite Agent 启动
============================================================
需要重写的章节: 7 个
  第84章: 评分6.5 [需修改]
  第257章: 评分6.5 [需修改]
  第291章: 评分6.5 [需修改]
  第473章: 评分5.5 [需修改]
  第530章: 评分6.8 [需修改]
  第584章: 评分6.5 [需修改]
  第658章: 评分6.5 [需修改]
[2026-05-18 08:25:26] [Rewrite] 第84章终稿已存在，跳过
[2026-05-18 08:25:26] [Rewrite] 第257章终稿已存在，跳过
[2026-05-18 08:25:26] [Rewrite] 第291章终稿已存在，跳过
[2026-05-18 08:25:26] [Rewrite] 第530章终稿已存在，跳过
[2026-05-18 08:25:26] [Rewrite] 第584章终稿已存在，跳过
[2026-05-18 08:25:26] [Rewrite] 第658章终稿已存在，跳过
[2026-05-18 08:25:26] [Rewrite] 第473章终稿已存在，跳过
[2026-05-18 08:25:26] [Rewrite] 完成: 成功0章, 失败0章

[2026-05-18 08:22:25] [Coordinator] 配额 coding-plan-search: 0/450, 剩余 450
[2026-05-18 08:22:25] [Coordinator] ===== 开始第 1922-1961 章 =====
[2026-05-18 08:22:25] [Coordinator] 并行启动 5 个 writer.py 实例
[2026-05-18 08:22:25] [Coordinator] 执行: D:\soft\py\python.exe D:\AiProject\Node\novels5\scripts\writer.py --start 1922 --end 1929
[2026-05-18 08:22:25] [Coordinator] 执行: D:\soft\py\python.exe D:\AiProject\Node\novels5\scripts\writer.py --start 1930 --end 1937
[2026-05-18 08:22:25] [Coordinator] 执行: D:\soft\py\python.exe D:\AiProject\Node\novels5\scripts\writer.py --start 1938 --end 1945
[2026-05-18 08:22:25] [Coordinator] 执行: D:\soft\py\python.exe D:\AiProject\Node\novels5\scripts\writer.py --start 1946 --end 1953
[2026-05-18 08:22:25] [Coordinator] 执行: D:\soft\py\python.exe D:\AiProject\Node\novels5\scripts\writer.py --start 1954 --end 1961
[2026-05-18 08:22:36] [WeChat] 进度已推送: 初稿1990/2000, 审查713/2000
[2026-05-18 08:22:43] [Coordinator] writer.py 1922-1929 完成 (rc=0)
[2026-05-18 08:22:43] [Coordinator] writer.py 1930-1937 完成 (rc=0)
[2026-05-18 08:23:55] [Coordinator] writer.py 1938-1945 完成 (rc=0)
[2026-05-18 08:24:10] [Coordinator] writer.py 1946-1953 完成 (rc=0)
[2026-05-18 08:24:37] [WeChat] 进度已推送: 初稿1997/2000, 审查713/2000
[2026-05-18 08:25:04] [Coordinator] writer.py 1954-1961 完成 (rc=0)
[2026-05-18 08:25:04] [Coordinator] 第 1922-1961 章完成，暂停3秒...
[2026-05-18 08:25:08] [Coordinator] 配额 MiniMax-M*: 2663/4500, 剩余 1837
[2026-05-18 08:25:08] [Coordinator] 配额 speech-hd: 0/19000, 剩余 19000
[2026-05-18 08:25:08] [Coordinator] 配额 MiniMax-Hailuo-2.3-Fast-6s-768p: 0/3, 剩余 3
[2026-05-18 08:25:08] [Coordinator] 配额 MiniMax-Hailuo-2.3-6s-768p: 0/3, 剩余 3
[2026-05-18 08:25:08] [Coordinator] 配额 music-2.5: 0/7, 剩余 7
[2026-05-18 08:25:08] [Coordinator] 配额 music-2.6: 0/100, 剩余 100
[2026-05-18 08:25:08] [Coordinator] 配额 music-cover: 0/100, 剩余 100
[2026-05-18 08:25:08] [Coordinator] 配额 lyrics_generation: 0/100, 剩余 100
[2026-05-18 08:25:08] [Coordinator] 配额 image-01: 0/200, 剩余 200
[2026-05-18 08:25:08] [Coordinator] 配额 coding-plan-vlm: 0/450, 剩余 450
[2026-05-18 08:25:08] [Coordinator] 配额 coding-plan-search: 0/450, 剩余 450
[2026-05-18 08:25:08] [Coordinator] ===== 开始第 1962-2000 章 =====
[2026-05-18 08:25:08] [Coordinator] 并行启动 5 个 writer.py 实例
[2026-05-18 08:25:08] [Coordinator] 执行: D:\soft\py\python.exe D:\AiProject\Node\novels5\scripts\writer.py --start 1962 --end 1968
[2026-05-18 08:25:08] [Coordinator] 执行: D:\soft\py\python.exe D:\AiProject\Node\novels5\scripts\writer.py --start 1969 --end 1975
[2026-05-18 08:25:08] [Coordinator] 执行: D:\soft\py\python.exe D:\AiProject\Node\novels5\scripts\writer.py --start 1976 --end 1982
[2026-05-18 08:25:08] [Coordinator] 执行: D:\soft\py\python.exe D:\AiProject\Node\novels5\scripts\writer.py --start 1983 --end 1989
[2026-05-18 08:25:08] [Coordinator] 执行: D:\soft\py\python.exe D:\AiProject\Node\novels5\scripts\writer.py --start 1990 --end 1996
[2026-05-18 08:25:23] [Coordinator] writer.py 1962-1968 完成 (rc=0)
[2026-05-18 08:25:23] [Coordinator] writer.py 1969-1975 完成 (rc=0)
[2026-05-18 08:25:23] [Coordinator] writer.py 1976-1982 完成 (rc=0)
[2026-05-18 08:25:23] [Coordinator] writer.py 1983-1989 完成 (rc=0)
[2026-05-18 08:25:23] [Coordinator] writer.py 1990-1996 完成 (rc=0)
[2026-05-18 08:25:23] ============================================================
[2026-05-18 08:25:23] [Coordinator] 生成总结报告
[2026-05-18 08:25:23] ============================================================
[2026-05-18 08:25:23] [Coordinator] 总结报告: 已完成 2000/2000 章
[2026-05-18 08:25:23] [Coordinator] 总字数: 11,141,693 字
[2026-05-18 08:25:23] [Coordinator] 平均评分: 7.68
[2026-05-18 08:25:23] [Coordinator] 需重写: 32 章
[2026-05-18 08:25:23] [Coordinator] 第 1962-2000 章完成，暂停3秒...
[2026-05-18 08:25:26] ============================================================
[2026-05-18 08:25:26] [Coordinator] 处理重写队列: 7 章
[2026-05-18 08:25:26] ============================================================
[2026-05-18 08:25:26] [Coordinator] 执行: D:\soft\py\python.exe D:\AiProject\Node\novels5\scripts\rewrite_agent.py
[2026-05-18 08:25:26] [Coordinator] Rewrite Agent 完成 (rc=0)
[2026-05-18 08:25:26] ============================================================
[2026-05-18 08:25:26] [Coordinator] 生成总结报告
[2026-05-18 08:25:26] ============================================================
[2026-05-18 08:25:26] [Coordinator] 总结报告: 已完成 2000/2000 章
[2026-05-18 08:25:26] [Coordinator] 总字数: 11,141,693 字
[2026-05-18 08:25:26] [Coordinator] 平均评分: 7.68
[2026-05-18 08:25:26] [Coordinator] 需重写: 32 章
[2026-05-18 08:25:26] ============================================================
[2026-05-18 08:25:26] [Coordinator] 全部任务完成
[2026-05-18 08:25:26] [Coordinator] 总进度: 2000/2000 章
[2026-05-18 08:25:26] [Coordinator] 总字数: 11,141,693 字
[2026-05-18 08:25:26] ============================================================
