============================================================
Rewrite Agent 启动
============================================================
需要重写的章节: 7 个
  第84章: 评分6.5 [需修改]
  第257章: 评分6.5 [需修改]
  第291章: 评分6.5 [需修改]
  第473章: 评分5.5 [需修改]
  第530章: 评分6.8 [需修改]
  第584章: 评分6.5 [需修改]
  第658章: 评分6.5 [需修改]
[2026-05-18 08:25:59] [Rewrite] 第84章终稿已存在，跳过
[2026-05-18 08:25:59] [Rewrite] 第257章终稿已存在，跳过
[2026-05-18 08:25:59] [Rewrite] 第291章终稿已存在，跳过
[2026-05-18 08:25:59] [Rewrite] 第473章终稿已存在，跳过
[2026-05-18 08:25:59] [Rewrite] 第530章终稿已存在，跳过
[2026-05-18 08:25:59] [Rewrite] 第584章终稿已存在，跳过
[2026-05-18 08:25:59] [Rewrite] 第658章终稿已存在，跳过
[2026-05-18 08:25:59] [Rewrite] 完成: 成功0章, 失败0章
======================================================================
  2000章玄幻小说Agent系统 - Coordinator (60 Agent 版本)
======================================================================
[2026-05-18 08:14:30] [Coordinator] 企业微信进度推送已启动（每2分钟）
[2026-05-18 08:14:30] [Coordinator] 当前进度: 已生成 1939 章，已审查 720 章
[2026-05-18 08:14:30] [Coordinator] 世界观、大纲(2000章)、角色档案已存在
[2026-05-18 08:14:30] [Coordinator] 生成范围: 第1940-2000章（大纲共2000章），批次大小: 40
[2026-05-18 08:14:31] [Coordinator] 配额 MiniMax-M*: 2178/4500, 剩余 2322
[2026-05-18 08:14:31] [Coordinator] 配额 speech-hd: 0/19000, 剩余 19000
[2026-05-18 08:14:31] [Coordinator] 配额 MiniMax-Hailuo-2.3-Fast-6s-768p: 0/3, 剩余 3
[2026-05-18 08:14:31] [Coordinator] 配额 MiniMax-Hailuo-2.3-6s-768p: 0/3, 剩余 3
[2026-05-18 08:14:31] [Coordinator] 配额 music-2.5: 0/7, 剩余 7
[2026-05-18 08:14:31] [Coordinator] 配额 music-2.6: 0/100, 剩余 100
[2026-05-18 08:14:31] [Coordinator] 配额 music-cover: 0/100, 剩余 100
[2026-05-18 08:14:31] [Coordinator] 配额 lyrics_generation: 0/100, 剩余 100
[2026-05-18 08:14:31] [Coordinator] 配额 image-01: 0/200, 剩余 200
[2026-05-18 08:14:31] [Coordinator] 配额 coding-plan-vlm: 0/450, 剩余 450
[2026-05-18 08:14:31] [Coordinator] 配额 coding-plan-search: 0/450, 剩余 450
[2026-05-18 08:14:31] [Coordinator] ===== 开始第 1940-1979 章 =====
[2026-05-18 08:14:31] [Coordinator] 并行启动 5 个 writer.py 实例
[2026-05-18 08:14:31] [Coordinator] 执行: D:\soft\py\python.exe D:\AiProject\Node\novels5\scripts\writer.py --start 1940 --end 1947
[2026-05-18 08:14:31] [Coordinator] 执行: D:\soft\py\python.exe D:\AiProject\Node\novels5\scripts\writer.py --start 1948 --end 1955
[2026-05-18 08:14:31] [Coordinator] 执行: D:\soft\py\python.exe D:\AiProject\Node\novels5\scripts\writer.py --start 1956 --end 1963
[2026-05-18 08:14:31] [Coordinator] 执行: D:\soft\py\python.exe D:\AiProject\Node\novels5\scripts\writer.py --start 1964 --end 1971
[2026-05-18 08:14:31] [Coordinator] 执行: D:\soft\py\python.exe D:\AiProject\Node\novels5\scripts\writer.py --start 1972 --end 1979
[2026-05-18 08:16:31] [WeChat] 进度已推送: 初稿1896/2000, 审查713/2000
[2026-05-18 08:18:31] [WeChat] 进度已推送: 初稿1931/2000, 审查713/2000
[2026-05-18 08:20:32] [WeChat] 进度已推送: 初稿1966/2000, 审查713/2000
[2026-05-18 08:21:34] [Coordinator] writer.py 1972-1979 完成 (rc=0)
[2026-05-18 08:22:32] [WeChat] 进度已推送: 初稿1990/2000, 审查713/2000
[2026-05-18 08:23:04] [Coordinator] writer.py 1956-1963 完成 (rc=0)
[2026-05-18 08:24:31] [Coordinator] writer.py 1940-1947 完成 (rc=0)
[2026-05-18 08:24:33] [WeChat] 进度已推送: 初稿1997/2000, 审查713/2000
[2026-05-18 08:25:16] [Coordinator] writer.py 1948-1955 完成 (rc=0)
[2026-05-18 08:25:43] [Coordinator] writer.py 1964-1971 完成 (rc=0)
[2026-05-18 08:25:43] [Coordinator] 第 1940-1979 章完成，暂停3秒...
[2026-05-18 08:25:46] [Coordinator] 配额 MiniMax-M*: 2682/4500, 剩余 1818
[2026-05-18 08:25:46] [Coordinator] 配额 speech-hd: 0/19000, 剩余 19000
[2026-05-18 08:25:46] [Coordinator] 配额 MiniMax-Hailuo-2.3-Fast-6s-768p: 0/3, 剩余 3
[2026-05-18 08:25:46] [Coordinator] 配额 MiniMax-Hailuo-2.3-6s-768p: 0/3, 剩余 3
[2026-05-18 08:25:46] [Coordinator] 配额 music-2.5: 0/7, 剩余 7
[2026-05-18 08:25:46] [Coordinator] 配额 music-2.6: 0/100, 剩余 100
[2026-05-18 08:25:46] [Coordinator] 配额 music-cover: 0/100, 剩余 100
[2026-05-18 08:25:46] [Coordinator] 配额 lyrics_generation: 0/100, 剩余 100
[2026-05-18 08:25:46] [Coordinator] 配额 image-01: 0/200, 剩余 200
[2026-05-18 08:25:46] [Coordinator] 配额 coding-plan-vlm: 0/450, 剩余 450
[2026-05-18 08:25:46] [Coordinator] 配额 coding-plan-search: 0/450, 剩余 450
[2026-05-18 08:25:46] [Coordinator] ===== 开始第 1980-2000 章 =====
[2026-05-18 08:25:46] [Coordinator] 并行启动 5 个 writer.py 实例
[2026-05-18 08:25:46] [Coordinator] 执行: D:\soft\py\python.exe D:\AiProject\Node\novels5\scripts\writer.py --start 1980 --end 1983
[2026-05-18 08:25:46] [Coordinator] 执行: D:\soft\py\python.exe D:\AiProject\Node\novels5\scripts\writer.py --start 1984 --end 1987
[2026-05-18 08:25:46] [Coordinator] 执行: D:\soft\py\python.exe D:\AiProject\Node\novels5\scripts\writer.py --start 1988 --end 1991
[2026-05-18 08:25:46] [Coordinator] 执行: D:\soft\py\python.exe D:\AiProject\Node\novels5\scripts\writer.py --start 1992 --end 1995
[2026-05-18 08:25:46] [Coordinator] 执行: D:\soft\py\python.exe D:\AiProject\Node\novels5\scripts\writer.py --start 1996 --end 1999
[2026-05-18 08:25:55] [Coordinator] writer.py 1980-1983 完成 (rc=0)
[2026-05-18 08:25:55] [Coordinator] writer.py 1984-1987 完成 (rc=0)
[2026-05-18 08:25:55] [Coordinator] writer.py 1988-1991 完成 (rc=0)
[2026-05-18 08:25:55] [Coordinator] writer.py 1992-1995 完成 (rc=0)
[2026-05-18 08:25:55] [Coordinator] writer.py 1996-1999 完成 (rc=0)
[2026-05-18 08:25:55] ============================================================
[2026-05-18 08:25:55] [Coordinator] 生成总结报告
[2026-05-18 08:25:55] ============================================================
[2026-05-18 08:25:56] [Coordinator] 总结报告: 已完成 2000/2000 章
[2026-05-18 08:25:56] [Coordinator] 总字数: 11,143,726 字
[2026-05-18 08:25:56] [Coordinator] 平均评分: 7.68
[2026-05-18 08:25:56] [Coordinator] 需重写: 32 章
[2026-05-18 08:25:56] [Coordinator] 第 1980-2000 章完成，暂停3秒...
[2026-05-18 08:25:59] ============================================================
[2026-05-18 08:25:59] [Coordinator] 处理重写队列: 7 章
[2026-05-18 08:25:59] ============================================================
[2026-05-18 08:25:59] [Coordinator] 执行: D:\soft\py\python.exe D:\AiProject\Node\novels5\scripts\rewrite_agent.py
[2026-05-18 08:25:59] [Coordinator] Rewrite Agent 完成 (rc=0)
[2026-05-18 08:25:59] ============================================================
[2026-05-18 08:25:59] [Coordinator] 生成总结报告
[2026-05-18 08:25:59] ============================================================
[2026-05-18 08:25:59] [Coordinator] 总结报告: 已完成 2000/2000 章
[2026-05-18 08:25:59] [Coordinator] 总字数: 11,146,794 字
[2026-05-18 08:25:59] [Coordinator] 平均评分: 7.68
[2026-05-18 08:25:59] [Coordinator] 需重写: 32 章
[2026-05-18 08:25:59] ============================================================
[2026-05-18 08:25:59] [Coordinator] 全部任务完成
[2026-05-18 08:25:59] [Coordinator] 总进度: 2000/2000 章
[2026-05-18 08:25:59] [Coordinator] 总字数: 11,146,794 字
[2026-05-18 08:25:59] ============================================================
