======================================================================
  2000章玄幻小说Agent系统 - Coordinator (60 Agent 版本)
======================================================================
[2026-05-18 08:10:30] [Coordinator] 企业微信进度推送已启动（每2分钟）
[2026-05-18 08:10:30] [Coordinator] 当前进度: 已生成 1873 章，已审查 720 章
[2026-05-18 08:10:30] [Coordinator] 世界观、大纲(2000章)、角色档案已存在
[2026-05-18 08:10:30] [Coordinator] 生成范围: 第1874-2000章（大纲共2000章），批次大小: 40
[2026-05-18 08:10:31] [Coordinator] 配额 MiniMax-M*: 1992/4500, 剩余 2508
[2026-05-18 08:10:31] [Coordinator] 配额 speech-hd: 0/19000, 剩余 19000
[2026-05-18 08:10:31] [Coordinator] 配额 MiniMax-Hailuo-2.3-Fast-6s-768p: 0/3, 剩余 3
[2026-05-18 08:10:31] [Coordinator] 配额 MiniMax-Hailuo-2.3-6s-768p: 0/3, 剩余 3
[2026-05-18 08:10:31] [Coordinator] 配额 music-2.5: 0/7, 剩余 7
[2026-05-18 08:10:31] [Coordinator] 配额 music-2.6: 0/100, 剩余 100
[2026-05-18 08:10:31] [Coordinator] 配额 music-cover: 0/100, 剩余 100
[2026-05-18 08:10:31] [Coordinator] 配额 lyrics_generation: 0/100, 剩余 100
[2026-05-18 08:10:31] [Coordinator] 配额 image-01: 0/200, 剩余 200
[2026-05-18 08:10:31] [Coordinator] 配额 coding-plan-vlm: 0/450, 剩余 450
[2026-05-18 08:10:31] [Coordinator] 配额 coding-plan-search: 0/450, 剩余 450
[2026-05-18 08:10:31] [Coordinator] ===== 开始第 1874-1913 章 =====
[2026-05-18 08:10:31] [Coordinator] 并行启动 5 个 writer.py 实例
[2026-05-18 08:10:31] [Coordinator] 执行: D:\soft\py\python.exe D:\AiProject\Node\novels5\scripts\writer.py --start 1874 --end 1881
[2026-05-18 08:10:31] [Coordinator] 执行: D:\soft\py\python.exe D:\AiProject\Node\novels5\scripts\writer.py --start 1882 --end 1889
[2026-05-18 08:10:31] [Coordinator] 执行: D:\soft\py\python.exe D:\AiProject\Node\novels5\scripts\writer.py --start 1890 --end 1897
[2026-05-18 08:10:31] [Coordinator] 执行: D:\soft\py\python.exe D:\AiProject\Node\novels5\scripts\writer.py --start 1898 --end 1905
[2026-05-18 08:10:31] [Coordinator] 执行: D:\soft\py\python.exe D:\AiProject\Node\novels5\scripts\writer.py --start 1906 --end 1913
[2026-05-18 08:12:31] [WeChat] 进度已推送: 初稿1835/2000, 审查713/2000
[2026-05-18 08:14:32] [WeChat] 进度已推送: 初稿1866/2000, 审查713/2000
[2026-05-18 08:16:32] [WeChat] 进度已推送: 初稿1897/2000, 审查713/2000
[2026-05-18 08:18:33] [WeChat] 进度已推送: 初稿1931/2000, 审查713/2000
[2026-05-18 08:19:19] [Coordinator] writer.py 1874-1881 完成 (rc=0)
[2026-05-18 08:20:28] [Coordinator] writer.py 1890-1897 完成 (rc=0)
[2026-05-18 08:20:31] [Coordinator] writer.py 1906-1913 完成 (rc=0)
[2026-05-18 08:20:33] [WeChat] 进度已推送: 初稿1966/2000, 审查713/2000
[2026-05-18 08:21:40] [Coordinator] writer.py 1882-1889 完成 (rc=0)
[2026-05-18 08:22:01] [Coordinator] writer.py 1898-1905 完成 (rc=0)
[2026-05-18 08:22:01] [Coordinator] 第 1874-1913 章完成，暂停3秒...
[2026-05-18 08:22:05] [Coordinator] 配额 MiniMax-M*: 2565/4500, 剩余 1935
[2026-05-18 08:22:05] [Coordinator] 配额 speech-hd: 0/19000, 剩余 19000
[2026-05-18 08:22:05] [Coordinator] 配额 MiniMax-Hailuo-2.3-Fast-6s-768p: 0/3, 剩余 3
[2026-05-18 08:22:05] [Coordinator] 配额 MiniMax-Hailuo-2.3-6s-768p: 0/3, 剩余 3
[2026-05-18 08:22:05] [Coordinator] 配额 music-2.5: 0/7, 剩余 7
[2026-05-18 08:22:05] [Coordinator] 配额 music-2.6: 0/100, 剩余 100
[2026-05-18 08:22:05] [Coordinator] 配额 music-cover: 0/100, 剩余 100
[2026-05-18 08:22:05] [Coordinator] 配额 lyrics_generation: 0/100, 剩余 100
[2026-05-18 08:22:05] [Coordinator] 配额 image-01: 0/200, 剩余 200
[2026-05-18 08:22:05] [Coordinator] 配额 coding-plan-vlm: 0/450, 剩余 450
[2026-05-18 08:22:05] [Coordinator] 配额 coding-plan-search: 0/450, 剩余 450
[2026-05-18 08:22:05] [Coordinator] ===== 开始第 1914-1953 章 =====
[2026-05-18 08:22:05] [Coordinator] 并行启动 5 个 writer.py 实例
[2026-05-18 08:22:05] [Coordinator] 执行: D:\soft\py\python.exe D:\AiProject\Node\novels5\scripts\writer.py --start 1914 --end 1921
[2026-05-18 08:22:05] [Coordinator] 执行: D:\soft\py\python.exe D:\AiProject\Node\novels5\scripts\writer.py --start 1922 --end 1929
[2026-05-18 08:22:05] [Coordinator] 执行: D:\soft\py\python.exe D:\AiProject\Node\novels5\scripts\writer.py --start 1930 --end 1937
[2026-05-18 08:22:05] [Coordinator] 执行: D:\soft\py\python.exe D:\AiProject\Node\novels5\scripts\writer.py --start 1938 --end 1945
[2026-05-18 08:22:05] [Coordinator] 执行: D:\soft\py\python.exe D:\AiProject\Node\novels5\scripts\writer.py --start 1946 --end 1953
[2026-05-18 08:22:23] [Coordinator] writer.py 1914-1921 完成 (rc=0)
[2026-05-18 08:22:23] [Coordinator] writer.py 1930-1937 完成 (rc=0)
[2026-05-18 08:22:34] [WeChat] 进度已推送: 初稿1990/2000, 审查713/2000
[2026-05-18 08:23:35] [Coordinator] writer.py 1938-1945 完成 (rc=0)
[2026-05-18 08:23:41] [Coordinator] writer.py 1922-1929 完成 (rc=0)
[2026-05-18 08:23:50] [Coordinator] writer.py 1946-1953 完成 (rc=0)
[2026-05-18 08:23:50] [Coordinator] 第 1914-1953 章完成，暂停3秒...
[2026-05-18 08:23:53] [Coordinator] 配额 MiniMax-M*: 2629/4500, 剩余 1871
[2026-05-18 08:23:53] [Coordinator] 配额 speech-hd: 0/19000, 剩余 19000
[2026-05-18 08:23:53] [Coordinator] 配额 MiniMax-Hailuo-2.3-Fast-6s-768p: 0/3, 剩余 3
[2026-05-18 08:23:53] [Coordinator] 配额 MiniMax-Hailuo-2.3-6s-768p: 0/3, 剩余 3
[2026-05-18 08:23:53] [Coordinator] 配额 music-2.5: 0/7, 剩余 7
[2026-05-18 08:23:53] [Coordinator] 配额 music-2.6: 0/100, 剩余 100
[2026-05-18 08:23:53] [Coordinator] 配额 music-cover: 0/100, 剩余 100
[2026-05-18 08:23:53] [Coordinator] 配额 lyrics_generation: 0/100, 剩余 100
[2026-05-18 08:23:53] [Coordinator] 配额 image-01: 0/200, 剩余 200
[2026-05-18 08:23:53] [Coordinator] 配额 coding-plan-vlm: 0/450, 剩余 450
[2026-05-18 08:23:53] [Coordinator] 配额 coding-plan-search: 0/450, 剩余 450
[2026-05-18 08:23:53] [Coordinator] ===== 开始第 1954-1993 章 =====
[2026-05-18 08:23:53] [Coordinator] 并行启动 5 个 writer.py 实例
[2026-05-18 08:23:53] [Coordinator] 执行: D:\soft\py\python.exe D:\AiProject\Node\novels5\scripts\writer.py --start 1954 --end 1961
[2026-05-18 08:23:53] [Coordinator] 执行: D:\soft\py\python.exe D:\AiProject\Node\novels5\scripts\writer.py --start 1962 --end 1969
[2026-05-18 08:23:53] [Coordinator] 执行: D:\soft\py\python.exe D:\AiProject\Node\novels5\scripts\writer.py --start 1970 --end 1977
[2026-05-18 08:23:53] [Coordinator] 执行: D:\soft\py\python.exe D:\AiProject\Node\novels5\scripts\writer.py --start 1978 --end 1985
[2026-05-18 08:23:53] [Coordinator] 执行: D:\soft\py\python.exe D:\AiProject\Node\novels5\scripts\writer.py --start 1986 --end 1993
[2026-05-18 08:24:11] [Coordinator] writer.py 1962-1969 完成 (rc=0)
[2026-05-18 08:24:11] [Coordinator] writer.py 1978-1985 完成 (rc=0)
[2026-05-18 08:24:11] [Coordinator] writer.py 1986-1993 完成 (rc=0)
[2026-05-18 08:24:34] [WeChat] 进度已推送: 初稿1997/2000, 审查713/2000
[2026-05-18 08:25:29] [Coordinator] writer.py 1970-1977 完成 (rc=0)
[2026-05-18 08:25:32] [Coordinator] writer.py 1954-1961 完成 (rc=0)
[2026-05-18 08:25:32] [Coordinator] 第 1954-1993 章完成，暂停3秒...
[2026-05-18 08:25:36] [Coordinator] 配额 MiniMax-M*: 2676/4500, 剩余 1824
[2026-05-18 08:25:36] [Coordinator] 配额 speech-hd: 0/19000, 剩余 19000
[2026-05-18 08:25:36] [Coordinator] 配额 MiniMax-Hailuo-2.3-Fast-6s-768p: 0/3, 剩余 3
[2026-05-18 08:25:36] [Coordinator] 配额 MiniMax-Hailuo-2.3-6s-768p: 0/3, 剩余 3
[2026-05-18 08:25:36] [Coordinator] 配额 music-2.5: 0/7, 剩余 7
[2026-05-18 08:25:36] [Coordinator] 配额 music-2.6: 0/100, 剩余 100
[2026-05-18 08:25:36] [Coordinator] 配额 music-cover: 0/100, 剩余 100
[2026-05-18 08:25:36] [Coordinator] 配额 lyrics_generation: 0/100, 剩余 100
[2026-05-18 08:25:36] [Coordinator] 配额 image-01: 0/200, 剩余 200
[2026-05-18 08:25:36] [Coordinator] 配额 coding-plan-vlm: 0/450, 剩余 450
[2026-05-18 08:25:36] [Coordinator] 配额 coding-plan-search: 0/450, 剩余 450
[2026-05-18 08:25:36] [Coordinator] ===== 开始第 1994-2000 章 =====
[2026-05-18 08:25:36] [Coordinator] 并行启动 5 个 writer.py 实例
[2026-05-18 08:25:36] [Coordinator] 执行: D:\soft\py\python.exe D:\AiProject\Node\novels5\scripts\writer.py --start 1994 --end 1994============================================================
Rewrite Agent 启动
============================================================
需要重写的章节: 7 个
  第84章: 评分6.5 [需修改]
  第257章: 评分6.5 [需修改]
  第291章: 评分6.5 [需修改]
  第473章: 评分5.5 [需修改]
  第530章: 评分6.8 [需修改]
  第584章: 评分6.5 [需修改]
  第658章: 评分6.5 [需修改]
[2026-05-18 08:25:42] [Rewrite] 第84章终稿已存在，跳过
[2026-05-18 08:25:42] [Rewrite] 第257章终稿已存在，跳过
[2026-05-18 08:25:42] [Rewrite] 第291章终稿已存在，跳过
[2026-05-18 08:25:42] [Rewrite] 第473章终稿已存在，跳过
[2026-05-18 08:25:42] [Rewrite] 第530章终稿已存在，跳过
[2026-05-18 08:25:42] [Rewrite] 第584章终稿已存在，跳过
[2026-05-18 08:25:42] [Rewrite] 第658章终稿已存在，跳过
[2026-05-18 08:25:42] [Rewrite] 完成: 成功0章, 失败0章

[2026-05-18 08:25:36] [Coordinator] 执行: D:\soft\py\python.exe D:\AiProject\Node\novels5\scripts\writer.py --start 1995 --end 1995
[2026-05-18 08:25:36] [Coordinator] 执行: D:\soft\py\python.exe D:\AiProject\Node\novels5\scripts\writer.py --start 1996 --end 1996
[2026-05-18 08:25:36] [Coordinator] 执行: D:\soft\py\python.exe D:\AiProject\Node\novels5\scripts\writer.py --start 1997 --end 1997
[2026-05-18 08:25:36] [Coordinator] 执行: D:\soft\py\python.exe D:\AiProject\Node\novels5\scripts\writer.py --start 1998 --end 1998
[2026-05-18 08:25:39] [Coordinator] writer.py 1994-1994 完成 (rc=0)
[2026-05-18 08:25:39] [Coordinator] writer.py 1995-1995 完成 (rc=0)
[2026-05-18 08:25:39] [Coordinator] writer.py 1996-1996 完成 (rc=0)
[2026-05-18 08:25:39] [Coordinator] writer.py 1997-1997 完成 (rc=0)
[2026-05-18 08:25:39] [Coordinator] writer.py 1998-1998 完成 (rc=0)
[2026-05-18 08:25:39] ============================================================
[2026-05-18 08:25:39] [Coordinator] 生成总结报告
[2026-05-18 08:25:39] ============================================================
[2026-05-18 08:25:39] [Coordinator] 总结报告: 已完成 2000/2000 章
[2026-05-18 08:25:39] [Coordinator] 总字数: 11,139,860 字
[2026-05-18 08:25:39] [Coordinator] 平均评分: 7.68
[2026-05-18 08:25:39] [Coordinator] 需重写: 32 章
[2026-05-18 08:25:39] [Coordinator] 第 1994-2000 章完成，暂停3秒...
[2026-05-18 08:25:42] ============================================================
[2026-05-18 08:25:42] [Coordinator] 处理重写队列: 7 章
[2026-05-18 08:25:42] ============================================================
[2026-05-18 08:25:42] [Coordinator] 执行: D:\soft\py\python.exe D:\AiProject\Node\novels5\scripts\rewrite_agent.py
[2026-05-18 08:25:42] [Coordinator] Rewrite Agent 完成 (rc=0)
[2026-05-18 08:25:42] ============================================================
[2026-05-18 08:25:42] [Coordinator] 生成总结报告
[2026-05-18 08:25:42] ============================================================
[2026-05-18 08:25:43] [Coordinator] 总结报告: 已完成 2000/2000 章
[2026-05-18 08:25:43] [Coordinator] 总字数: 11,138,422 字
[2026-05-18 08:25:43] [Coordinator] 平均评分: 7.68
[2026-05-18 08:25:43] [Coordinator] 需重写: 32 章
[2026-05-18 08:25:43] ============================================================
[2026-05-18 08:25:43] [Coordinator] 全部任务完成
[2026-05-18 08:25:43] [Coordinator] 总进度: 2000/2000 章
[2026-05-18 08:25:43] [Coordinator] 总字数: 11,138,422 字
[2026-05-18 08:25:43] ============================================================
