======================================================================
  2000章玄幻小说Agent系统 - Coordinator (60 Agent 版本)
======================================================================
[2026-05-18 07:50:29] [Coordinator] 企业微信进度推送已启动（每2分钟）
[2026-05-18 07:50:29] [Coordinator] 当前进度: 已生成 1575 章，已审查 720 章
[2026-05-18 07:50:29] [Coordinator] 世界观、大纲(2000章)、角色档案已存在
[2026-05-18 07:50:29] [Coordinator] 生成范围: 第1576-2000章（大纲共2000章），批次大小: 40
[2026-05-18 07:50:29] [Coordinator] 配额 MiniMax-M*: 1308/4500, 剩余 3192
[2026-05-18 07:50:29] [Coordinator] 配额 speech-hd: 0/19000, 剩余 19000
[2026-05-18 07:50:29] [Coordinator] 配额 MiniMax-Hailuo-2.3-Fast-6s-768p: 0/3, 剩余 3
[2026-05-18 07:50:29] [Coordinator] 配额 MiniMax-Hailuo-2.3-6s-768p: 0/3, 剩余 3
[2026-05-18 07:50:29] [Coordinator] 配额 music-2.5: 0/7, 剩余 7
[2026-05-18 07:50:29] [Coordinator] 配额 music-2.6: 0/100, 剩余 100
[2026-05-18 07:50:29] [Coordinator] 配额 music-cover: 0/100, 剩余 100
[2026-05-18 07:50:29] [Coordinator] 配额 lyrics_generation: 0/100, 剩余 100
[2026-05-18 07:50:29] [Coordinator] 配额 image-01: 0/200, 剩余 200
[2026-05-18 07:50:29] [Coordinator] 配额 coding-plan-vlm: 0/450, 剩余 450
[2026-05-18 07:50:29] [Coordinator] 配额 coding-plan-search: 0/450, 剩余 450
[2026-05-18 07:50:29] [Coordinator] ===== 开始第 1576-1615 章 =====
[2026-05-18 07:50:29] [Coordinator] 并行启动 5 个 writer.py 实例
[2026-05-18 07:50:29] [Coordinator] 执行: D:\soft\py\python.exe D:\AiProject\Node\novels5\scripts\writer.py --start 1576 --end 1583
[2026-05-18 07:50:29] [Coordinator] 执行: D:\soft\py\python.exe D:\AiProject\Node\novels5\scripts\writer.py --start 1584 --end 1591
[2026-05-18 07:50:29] [Coordinator] 执行: D:\soft\py\python.exe D:\AiProject\Node\novels5\scripts\writer.py --start 1592 --end 1599
[2026-05-18 07:50:30] [Coordinator] 执行: D:\soft\py\python.exe D:\AiProject\Node\novels5\scripts\writer.py --start 1600 --end 1607
[2026-05-18 07:50:30] [Coordinator] 执行: D:\soft\py\python.exe D:\AiProject\Node\novels5\scripts\writer.py --start 1608 --end 1615
[2026-05-18 07:52:29] [WeChat] 进度已推送: 初稿1555/2000, 审查713/2000
[2026-05-18 07:54:30] [WeChat] 进度已推送: 初稿1579/2000, 审查713/2000
[2026-05-18 07:56:30] [WeChat] 进度已推送: 初稿1614/2000, 审查713/2000
[2026-05-18 07:58:24] [Coordinator] writer.py 1576-1583 完成 (rc=0)
[2026-05-18 07:58:31] [WeChat] 进度已推送: 初稿1642/2000, 审查713/2000
[2026-05-18 07:59:03] [Coordinator] writer.py 1592-1599 完成 (rc=0)
[2026-05-18 07:59:36] [Coordinator] writer.py 1608-1615 完成 (rc=0)
[2026-05-18 08:00:21] [Coordinator] writer.py 1584-1591 完成 (rc=0)
[2026-05-18 08:00:27] [Coordinator] writer.py 1600-1607 完成 (rc=0)
[2026-05-18 08:00:27] [Coordinator] 第 1576-1615 章完成，暂停3秒...
[2026-05-18 08:00:30] [Coordinator] 配额 MiniMax-M*: 1652/4500, 剩余 2848
[2026-05-18 08:00:30] [Coordinator] 配额 speech-hd: 0/19000, 剩余 19000
[2026-05-18 08:00:30] [Coordinator] 配额 MiniMax-Hailuo-2.3-Fast-6s-768p: 0/3, 剩余 3
[2026-05-18 08:00:30] [Coordinator] 配额 MiniMax-Hailuo-2.3-6s-768p: 0/3, 剩余 3
[2026-05-18 08:00:30] [Coordinator] 配额 music-2.5: 0/7, 剩余 7
[2026-05-18 08:00:30] [Coordinator] 配额 music-2.6: 0/100, 剩余 100
[2026-05-18 08:00:30] [Coordinator] 配额 music-cover: 0/100, 剩余 100
[2026-05-18 08:00:30] [Coordinator] 配额 lyrics_generation: 0/100, 剩余 100
[2026-05-18 08:00:30] [Coordinator] 配额 image-01: 0/200, 剩余 200
[2026-05-18 08:00:30] [Coordinator] 配额 coding-plan-vlm: 0/450, 剩余 450
[2026-05-18 08:00:30] [Coordinator] 配额 coding-plan-search: 0/450, 剩余 450
[2026-05-18 08:00:30] [Coordinator] ===== 开始第 1616-1655 章 =====
[2026-05-18 08:00:30] [Coordinator] 并行启动 5 个 writer.py 实例
[2026-05-18 08:00:30] [Coordinator] 执行: D:\soft\py\python.exe D:\AiProject\Node\novels5\scripts\writer.py --start 1616 --end 1623
[2026-05-18 08:00:30] [Coordinator] 执行: D:\soft\py\python.exe D:\AiProject\Node\novels5\scripts\writer.py --start 1624 --end 1631
[2026-05-18 08:00:30] [Coordinator] 执行: D:\soft\py\python.exe D:\AiProject\Node\novels5\scripts\writer.py --start 1632 --end 1639
[2026-05-18 08:00:30] [Coordinator] 执行: D:\soft\py\python.exe D:\AiProject\Node\novels5\scripts\writer.py --start 1640 --end 1647
[2026-05-18 08:00:30] [Coordinator] 执行: D:\soft\py\python.exe D:\AiProject\Node\novels5\scripts\writer.py --start 1648 --end 1655
[2026-05-18 08:00:31] [WeChat] 进度已推送: 初稿1677/2000, 审查713/2000
[2026-05-18 08:00:48] [Coordinator] writer.py 1616-1623 完成 (rc=0)
[2026-05-18 08:02:06] [Coordinator] writer.py 1640-1647 完成 (rc=0)
[2026-05-18 08:02:12] [Coordinator] writer.py 1632-1639 完成 (rc=0)
[2026-05-18 08:02:31] [WeChat] 进度已推送: 初稿1701/2000, 审查713/2000
[2026-05-18 08:02:33] [Coordinator] writer.py 1624-1631 完成 (rc=0)
[2026-05-18 08:03:54] [Coordinator] writer.py 1648-1655 完成 (rc=0)
[2026-05-18 08:03:54] [Coordinator] 第 1616-1655 章完成，暂停3秒...
[2026-05-18 08:03:58] [Coordinator] 配额 MiniMax-M*: 1744/4500, 剩余 2756
[2026-05-18 08:03:58] [Coordinator] 配额 speech-hd: 0/19000, 剩余 19000
[2026-05-18 08:03:58] [Coordinator] 配额 MiniMax-Hailuo-2.3-Fast-6s-768p: 0/3, 剩余 3
[2026-05-18 08:03:58] [Coordinator] 配额 MiniMax-Hailuo-2.3-6s-768p: 0/3, 剩余 3
[2026-05-18 08:03:58] [Coordinator] 配额 music-2.5: 0/7, 剩余 7
[2026-05-18 08:03:58] [Coordinator] 配额 music-2.6: 0/100, 剩余 100
[2026-05-18 08:03:58] [Coordinator] 配额 music-cover: 0/100, 剩余 100
[2026-05-18 08:03:58] [Coordinator] 配额 lyrics_generation: 0/100, 剩余 100
[2026-05-18 08:03:58] [Coordinator] 配额 image-01: 0/200, 剩余 200
[2026-05-18 08:03:58] [Coordinator] 配额 coding-plan-vlm: 0/450, 剩余 450
[2026-05-18 08:03:58] [Coordinator] 配额 coding-plan-search: 0/450, 剩余 450
[2026-05-18 08:03:58] [Coordinator] ===== 开始第 1656-1695 章 =====
[2026-05-18 08:03:58] [Coordinator] 并行启动 5 个 writer.py 实例
[2026-05-18 08:03:58] [Coordinator] 执行: D:\soft\py\python.exe D:\AiProject\Node\novels5\scripts\writer.py --start 1656 --end 1663
[2026-05-18 08:03:58] [Coordinator] 执行: D:\soft\py\python.exe D:\AiProject\Node\novels5\scripts\writer.py --start 1664 --end 1671
[2026-05-18 08:03:58] [Coordinator] 执行: D:\soft\py\python.exe D:\AiProject\Node\novels5\scripts\writer.py --start 1672 --end 1679
[2026-05-18 08:03:58] [Coordinator] 执行: D:\soft\py\python.exe D:\AiProject\Node\novels5\scripts\writer.py --start 1680 --end 1687
[2026-05-18 08:03:58] [Coordinator] 执行: D:\soft\py\python.exe D:\AiProject\Node\novels5\scripts\writer.py --start 1688 --end 1695
[2026-05-18 08:04:16] [Coordinator] writer.py 1656-1663 完成 (rc=0)
[2026-05-18 08:04:16] [Coordinator] writer.py 1664-1671 完成 (rc=0)
[2026-05-18 08:04:32] [WeChat] 进度已推送: 初稿1720/2000, 审查713/2000
[2026-05-18 08:05:55] [Coordinator] writer.py 1672-1679 完成 (rc=0)
[2026-05-18 08:06:32] [WeChat] 进度已推送: 初稿1745/2000, 审查713/2000
[2026-05-18 08:08:13] [Coordinator] writer.py 1680-1687 完成 (rc=0)
[2026-05-18 08:08:22] [Coordinator] writer.py 1688-1695 完成 (rc=0)
[2026-05-18 08:08:22] [Coordinator] 第 1656-1695 章完成，暂停3秒...
[2026-05-18 08:08:25] [Coordinator] 配额 MiniMax-M*: 1912/4500, 剩余 2588
[2026-05-18 08:08:25] [Coordinator] 配额 speech-hd: 0/19000, 剩余 19000
[2026-05-18 08:08:25] [Coordinator] 配额 MiniMax-Hailuo-2.3-Fast-6s-768p: 0/3, 剩余 3
[2026-05-18 08:08:25] [Coordinator] 配额 MiniMax-Hailuo-2.3-6s-768p: 0/3, 剩余 3
[2026-05-18 08:08:25] [Coordinator] 配额 music-2.5: 0/7, 剩余 7
[2026-05-18 08:08:25] [Coordinator] 配额 music-2.6: 0/100, 剩余 100
[2026-05-18 08:08:25] [Coordinator] 配额 music-cover: 0/100, 剩余 100
[2026-05-18 08:08:25] [Coordinator] 配额 lyrics_generation: 0/100, 剩余 100
[2026-05-18 08:08:25] [Coordinator] 配额 image-01: 0/200, 剩余 200
[2026-05-18 08:08:25] [Coordinator] 配额 coding-plan-vlm: 0/450, 剩余 450
[2026-05-18 08:08:25] [Coordinator] 配额 coding-plan-search: 0/450, 剩余 450
[2026-05-18 08:08:25] [Coordinator] ===== 开始第 1696-1735 章 =====
[2026-05-18 08:08:25] [Coordinator] 并行启动 5 个 writer.py 实例
[2026-05-18 08:08:25] [Coordinator] 执行: D:\soft\py\python.exe D:\AiProject\Node\novels5\scripts\writer.py --start 1696 --end 1703
[2026-05-18 08:08:25] [Coordinator] 执行: D:\soft\py\python.exe D:\AiProject\Node\novels5\scripts\writer.py --start 1704 --end 1711
[2026-05-18 08:08:25] [Coordinator] 执行: D:\soft\py\python.exe D:\AiProject\Node\novels5\scripts\writer.py --start 1712 --end 1719
[2026-05-18 08:08:25] [Coordinator] 执行: D:\soft\py\python.exe D:\AiProject\Node\novels5\scripts\writer.py --start 1720 --end 1727
[2026-05-18 08:08:25] [Coordinator] 执行: D:\soft\py\python.exe D:\AiProject\Node\novels5\scripts\writer.py --start 1728 --end 1735
[2026-05-18 08:08:33] [WeChat] 进度已推送: 初稿1775/2000, 审查713/2000
[2026-05-18 08:08:43] [Coordinator] writer.py 1696-1703 完成 (rc=0)
[2026-05-18 08:08:43] [Coordinator] writer.py 1704-1711 完成 (rc=0)
[2026-05-18 08:08:43] [Coordinator] writer.py 1712-1719 完成 (rc=0)
[2026-05-18 08:08:43] [Coordinator] writer.py 1720-1727 完成 (rc=0)
[2026-05-18 08:08:43] [Coordinator] writer.py 1728-1735 完成 (rc=0)
[2026-05-18 08:08:43] [Coordinator] 第 1696-1735 章完成，暂停3秒...
[2026-05-18 08:08:47] [Coordinator] 配额 MiniMax-M*: 1923/4500, 剩余 2577
[2026-05-18 08:08:47] [Coordinator] 配额 speech-hd: 0/19000, 剩余 19000
[2026-05-18 08:08:47] [Coordinator] 配额 MiniMax-Hailuo-2.3-Fast-6s-768p: 0/3, 剩余 3
[2026-05-18 08:08:47] [Coordinator] 配额 MiniMax-Hailuo-2.3-6s-768p: 0/3, 剩余 3
[2026-05-18 08:08:47] [Coordinator] 配额 music-2.5: 0/7, 剩余 7
[2026-05-18 08:08:47] [Coordinator] 配额 music-2.6: 0/100, 剩余 100
[2026-05-18 08:08:47] [Coordinator] 配额 music-cover: 0/100, 剩余 100
[2026-05-18 08:08:47] [Coordinator] 配额 lyrics_generation: 0/100, 剩余 100
[2026-05-18 08:08:47] [Coordinator] 配额 image-01: 0/200, 剩余 200
[2026-05-18 08:08:47] [Coordinator] 配额 coding-plan-vlm: 0/450, 剩余 450
[2026-05-18 08:08:47] [Coordinator] 配额 coding-plan-search: 0/450, 剩余 450
[2026-05-18 08:08:47] [Coordinator] ===== 开始第 1736-1775 章 =====
[2026-05-18 08:08:47] [Coordinator] 并行启动 5 个 writer.py 实例
[2026-05-18 08:08:47] [Coordinator] 执行: D:\soft\py\python.exe D:\AiProject\Node\novels5\scripts\writer.py --start 1736 --end 1743
[2026-05-18 08:08:47] [Coordinator] 执行: D:\soft\py\python.exe D:\AiProject\Node\novels5\scripts\writer.py --start 1744 --end 1751
[2026-05-18 08:08:47] [Coordinator] 执行: D:\soft\py\python.exe D:\AiProject\Node\novels5\scripts\writer.py --start 1752 --end 1759
[2026-05-18 08:08:47] [Coordinator] 执行: D:\soft\py\python.exe D:\AiProject\Node\novels5\scripts\writer.py --start 1760 --end 1767
[2026-05-18 08:08:47] [Coordinator] 执行: D:\soft\py\python.exe D:\AiProject\Node\novels5\scripts\writer.py --start 1768 --end 1775
[2026-05-18 08:09:05] [Coordinator] writer.py 1736-1743 完成 (rc=0)
[2026-05-18 08:10:14] [Coordinator] writer.py 1744-1751 完成 (rc=0)
[2026-05-18 08:10:33] [WeChat] 进度已推送: 初稿1801/2000, 审查713/2000
[2026-05-18 08:11:44] [Coordinator] writer.py 1760-1767 完成 (rc=0)
[2026-05-18 08:12:34] [WeChat] 进度已推送: 初稿1836/2000, 审查713/2000
[2026-05-18 08:13:08] [Coordinator] writer.py 1768-1775 完成 (rc=0)
[2026-05-18 08:13:20] [Coordinator] writer.py 1752-1759 完成 (rc=0)
[2026-05-18 08:13:20] [Coordinator] 第 1736-1775 章完成，暂停3秒...
[2026-05-18 08:13:23] [Coordinator] 配额 MiniMax-M*: 2131/4500, 剩余 2369
[2026-05-18 08:13:23] [Coordinator] 配额 speech-hd: 0/19000, 剩余 19000
[2026-05-18 08:13:23] [Coordinator] 配额 MiniMax-Hailuo-2.3-Fast-6s-768p: 0/3, 剩余 3
[2026-05-18 08:13:23] [Coordinator] 配额 MiniMax-Hailuo-2.3-6s-768p: 0/3, 剩余 3
[2026-05-18 08:13:23] [Coordinator] 配额 music-2.5: 0/7, 剩余 7
[2026-05-18 08:13:23] [Coordinator] 配额 music-2.6: 0/100, 剩余 100
[2026-05-18 08:13:23] [Coordinator] 配额 music-cover: 0/100, 剩余 100
[2026-05-18 08:13:23] [Coordinator] 配额 lyrics_generation: 0/100, 剩余 100
[2026-05-18 08:13:23] [Coordinator] 配额 image-01: 0/200, 剩余 200
[2026-05-18 08:13:23] [Coordinator] 配额 coding-plan-vlm: 0/450, 剩余 450
[2026-05-18 08:13:23] [Coordinator] 配额 coding-plan-search: 0/450, 剩余 450
[2026-05-18 08:13:23] [Coordinator] ===== 开始第 1776-1815 章 =====
[2026-05-18 08:13:23] [Coordinator] 并行启动 5 个 writer.py 实例
[2026-05-18 08:13:23] [Coordinator] 执行: D:\soft\py\python.exe D:\AiProject\Node\novels5\scripts\writer.py --start 1776 --end 1783
[2026-05-18 08:13:23] [Coordinator] 执行: D:\soft\py\python.exe D:\AiProject\Node\novels5\scripts\writer.py --start 1784 --end 1791
[2026-05-18 08:13:23] [Coordinator] 执行: D:\soft\py\python.exe D:\AiProject\Node\novels5\scripts\writer.py --start 1792 --end 1799
[2026-05-18 08:13:23] [Coordinator] 执行: D:\soft\py\python.exe D:\AiProject\Node\novels5\scripts\writer.py --start 1800 --end 1807
[2026-05-18 08:13:23] [Coordinator] 执行: D:\soft\py\python.exe D:\AiProject\Node\novels5\scripts\writer.py --start 1808 --end 1815
[2026-05-18 08:13:42] [Coordinator] writer.py 1776-1783 完成 (rc=0)
[2026-05-18 08:14:34] [WeChat] 进度已推送: 初稿1868/2000, 审查713/2000
[2026-05-18 08:14:39] [Coordinator] writer.py 1792-1799 完成 (rc=0)
[2026-05-18 08:15:00] [Coordinator] writer.py 1808-1815 完成 (rc=0)
[2026-05-18 08:15:03] [Coordinator] writer.py 1784-1791 完成 (rc=0)
[2026-05-18 08:15:03] [Coordinator] writer.py 1800-1807 完成 (rc=0)
[2026-05-18 08:15:03] [Coordinator] 第 1776-1815 章完成，暂停3秒...
[2026-05-18 08:15:06] [Coordinator] 配额 MiniMax-M*: 2207/4500, 剩余 2293
[2026-05-18 08:15:06] [Coordinator] 配额 speech-hd: 0/19000, 剩余 19000
[2026-05-18 08:15:06] [Coordinator] 配额 MiniMax-Hailuo-2.3-Fast-6s-768p: 0/3, 剩余 3
[2026-05-18 08:15:06] [Coordinator] 配额 MiniMax-Hailuo-2.3-6s-768p: 0/3, 剩余 3
[2026-05-18 08:15:06] [Coordinator] 配额 music-2.5: 0/7, 剩余 7
[2026-05-18 08:15:06] [Coordinator] 配额 music-2.6: 0/100, 剩余 100
[2026-05-18 08:15:06] [Coordinator] 配额 music-cover: 0/100, 剩余 100
[2026-05-18 08:15:06] [Coordinator] 配额 lyrics_generation: 0/100, 剩余 100
[2026-05-18 08:15:06] [Coordinator] 配额 image-01: 0/200, 剩余 200
[2026-05-18 08:15:06] [Coordinator] 配额 coding-plan-vlm: 0/450, 剩余 450
[2026-05-18 08:15:06] [Coordinator] 配额 coding-plan-search: 0/450, 剩余 450
[2026-05-18 08:15:06] [Coordinator] ===== 开始第 1816-1855 章 =====
[2026-05-18 08:15:06] [Coordinator] 并行启动 5 个 writer.py 实例
[2026-05-18 08:15:06] [Coordinator] 执行: D:\soft\py\python.exe D:\AiProject\Node\novels5\scripts\writer.py --start 1816 --end 1823
[2026-05-18 08:15:06] [Coordinator] 执行: D:\soft\py\python.exe D:\AiProject\Node\novels5\scripts\writer.py --start 1824 --end 1831
[2026-05-18 08:15:06] [Coordinator] 执行: D:\soft\py\python.exe D:\AiProject\Node\novels5\scripts\writer.py --start 1832 --end 1839
[2026-05-18 08:15:06] [Coordinator] 执行: D:\soft\py\python.exe D:\AiProject\Node\novels5\scripts\writer.py --start 1840 --end 1847
[2026-05-18 08:15:06] [Coordinator] 执行: D:\soft\py\python.exe D:\AiProject\Node\novels5\scripts\writer.py --start 1848 --end 1855
[2026-05-18 08:16:35] [WeChat] 进度已推送: 初稿1898/2000, 审查713/2000
[2026-05-18 08:16:36] [Coordinator] writer.py 1816-1823 完成 (rc=0)
[2026-05-18 08:16:51] [Coordinator] writer.py 1824-1831 完成 (rc=0)
[2026-05-18 08:17:48] [Coordinator] writer.py 1840-1847 完成 (rc=0)
[2026-05-18 08:18:00] [Coordinator] writer.py 1832-1839 完成 (rc=0)
[2026-05-18 08:18:12] [Coordinator] writer.py 1848-1855 完成 (rc=0)
[2026-05-18 08:18:12] [Coordinator] 第 1816-1855 章完成，暂停3秒...
[2026-05-18 08:18:16] [Coordinator] 配额 MiniMax-M*: 2366/4500, 剩余 2134
[2026-05-18 08:18:16] [Coordinator] 配额 speech-hd: 0/19000, 剩余 19000
[2026-05-18 08:18:16] [Coordinator] 配额 MiniMax-Hailuo-2.3-Fast-6s-768p: 0/3, 剩余 3
[2026-05-18 08:18:16] [Coordinator] 配额 MiniMax-Hailuo-2.3-6s-768p: 0/3, 剩余 3
[2026-05-18 08:18:16] [Coordinator] 配额 music-2.5: 0/7, 剩余 7
[2026-05-18 08:18:16] [Coordinator] 配额 music-2.6: 0/100, 剩余 100
[2026-05-18 08:18:16] [Coordinator] 配额 music-cover: 0/100, 剩余 100
[2026-05-18 08:18:16] [Coordinator] 配额 lyrics_generation: 0/100, 剩余 100
[2026-05-18 08:18:16] [Coordinator] 配额 image-01: 0/200, 剩余 200
[2026-05-18 08:18:16] [Coordinator] 配额 coding-plan-vlm: 0/450, 剩余 450
[2026-05-18 08:18:16] [Coordinator] 配额 coding-plan-search: 0/450, 剩余 450
[2026-05-18 08:18:16] [Coordinator] ===== 开始第 1856-1895 章 =====
[2026-05-18 08:18:16] [Coordinator] 并行启动 5 个 writer.py 实例
[2026-05-18 08:18:16] [Coordinator] 执行: D:\soft\py\python.exe D:\AiProject\Node\novels5\scripts\writer.py --start 1856 --end 1863
[2026-05-18 08:18:16] [Coordinator] 执行: D:\soft\py\python.exe D:\AiProject\Node\novels5\scripts\writer.py --start 1864 --end 1871
[2026-05-18 08:18:16] [Coordinator] 执行: D:\soft\py\python.exe D:\AiProject\Node\novels5\scripts\writer.py --start 1872 --end 1879
[2026-05-18 08:18:16] [Coordinator] 执行: D:\soft\py\python.exe D:\AiProject\Node\novels5\scripts\writer.py --start 1880 --end 1887
[2026-05-18 08:18:16] [Coordinator] 执行: D:\soft\py\python.exe D:\AiProject\Node\novels5\scripts\writer.py --start 1888 --end 1895
[2026-05-18 08:18:36] [WeChat] 进度已推送: 初稿1932/2000, 审查713/2000
[2026-05-18 08:19:40] [Coordinator] writer.py 1864-1871 完成 (rc=0)
[2026-05-18 08:19:46] [Coordinator] writer.py 1872-1879 完成 (rc=0)
[2026-05-18 08:19:58] [Coordinator] writer.py 1856-1863 完成 (rc=0)
[2026-05-18 08:20:04] [Coordinator] writer.py 1880-1887 完成 (rc=0)
[2026-05-18 08:20:36] [WeChat] 进度已推送: 初稿1967/2000, 审查713/2000
[2026-05-18 08:21:25] [Coordinator] writer.py 1888-1895 完成 (rc=0)
[2026-05-18 08:21:25] [Coordinator] 第 1856-1895 章完成，暂停3秒...
[2026-05-18 08:21:28] [Coordinator] 配额 MiniMax-M*: 2528/4500, 剩余 1972
[2026-05-18 08:21:28] [Coordinator] 配额 speech-hd: 0/19000, 剩余 19000
[2026-05-18 08:21:28] [Coordinator] 配额 MiniMax-Hailuo-2.3-Fast-6s-768p: 0/3, 剩余 3
[2026-05-18 08:21:28] [Coordinator] 配额 MiniMax-Hailuo-2.3-6s-768p: 0/3, 剩余 3
[2026-05-18 08:21:28] [Coordinator] 配额 music-2.5: 0/7, 剩余 7
[2026-05-18 08:21:28] [Coordinator] 配额 music-2.6: 0/100, 剩余 100
[2026-05-18 08:21:28] [Coordinator] 配额 music-cover: 0/100, 剩余 100
[2026-05-18 08:21:28] [Coordinator] 配额 lyrics_generation: 0/100, 剩余 100
[2026-05-18 08:21:28] [Coordinator] 配额 image-01: 0/200, 剩余 200
[2026-05-18 08:21:28] [Coordinator] 配额 coding-plan-vlm: 0/450, 剩余 450
[2026-05-18 08:21:28] [Coordinator] 配额 coding-plan-search: 0/450, 剩余 450
[2026-05-18 08:21:28] [Coordinator] ===== 开始第 1896-1935 章 =====
[2026-05-18 08:21:28] [Coordinator] 并行启动 5 个 writer.py 实例
[2026-05-18 08:21:28] [Coordinator] 执行: D:\soft\py\python.exe D:\AiProject\Node\novels5\scripts\writer.py --start 1896 --end 1903
[2026-05-18 08:21:28] [Coordinator] 执行: D:\soft\py\python.exe D:\AiProject\Node\novels5\scripts\writer.py --start 1904 --end 1911
[2026-05-18 08:21:28] [Coordinator] 执行: D:\soft\py\python.exe D:\AiProject\Node\novels5\scripts\writer.py --start 1912 --end 1919
[2026-05-18 08:21:28] [Coordinator] 执行: D:\soft\py\python.exe D:\AiProject\Node\novels5\scripts\writer.py --start 1920 --end 1927
[2026-05-18 08:21:28] [Coordinator] 执行: D:\soft\py\python.exe D:\AiProject\Node\novels5\scripts\writer.py --start 1928 --end 1935
[2026-05-18 08:21:46] [Coordinator] writer.py 1896-1903 完成 (rc=0)
[2026-05-18 08:21:46] [Coordinator] writer.py 1904-1911 完成 (rc=0)
[2026-05-18 08:21:46] [Coordinator] writer.py 1912-1919 完成 (rc=0)
[2026-05-18 08:21:46] [Coordinator] writer.py 1928-1935 完成 (rc=0)
[2026-05-18 08:22:37] [WeChat] 进度已推送: 初稿1990/2000, 审查713/2000
[2026-05-18 08:23:22] [Coordinator] writer.py 1920-1927 完成 (rc=0)
[2026-05-18 08:23:22] [Coordinator] 第 1896-1935 章完成，暂停3秒...
[2026-05-18 08:23:26] [Coordinator] 配额 MiniMax-M*: 2600/4500, 剩余 1900
[2026-05-18 08:23:26] [Coordinator] 配额 speech-hd: 0/19000, 剩余 19000
[2026-05-18 08:23:26] [Coordinator] 配额 MiniMax-Hailuo-2.3-Fast-6s-768p: 0/3, 剩余 3
[2026-05-18 08:23:26] [Coordinator] 配额 MiniMax-Hailuo-2.3-6s-768p: 0/3, 剩余 3
[2026-05-18 08:23:26] [Coordinator] 配额 music-2.5: 0/7, 剩余 7
[2026-05-18 08:23:26] [Coordinator] 配额 music-2.6: 0/100, 剩余 100
[2026-05-18 08:23:26] [Coordinator] 配额 music-cover: 0/100, 剩余 100
[2026-05-18 08:23:26] [Coordinator] 配额 lyrics_generation: 0/100, 剩余 100
[2026-05-18 08:23:26] [Coordinator] 配额 image-01: 0/200, 剩余 200
[2026-05-18 08:23:26] [Coordinator] 配额 coding-plan-vlm: 0/450, 剩余 450
[2026-05-18 08:23:26] [Coordinator] 配额 coding-plan-search: 0/450, 剩余 450
[2026-05-18 08:23:26] [Coordinator] ===== 开始第 1936-1975 章 =====
[2026-05-18 08:23:26] [Coordinator] 并行启动 5 个 writer.py 实例
[2026-05-18 08:23:26] [Coordinator] 执行: D:\soft\py\python.exe D:\AiProject\Node\novels5\scripts\writer.py --start 1936 --end 1943
[2026-05-18 08:23:26] [Coordinator] 执行: D:\soft\py\python.exe D:\AiProject\Node\novels5\scripts\writer.py --start 1944 --end 1951
[2026-05-18 08:23:26] [Coordinator] 执行: D:\soft\py\python.exe D:\AiProject\Node\novels5\scripts\writer.py --start 1952 --end 1959
[2026-05-18 08:23:26] [Coordinator] 执行: D:\soft\py\python.exe D:\AiProject\Node\novels5\scripts\writer.py --start 1960 --end 1967
[2026-05-18 08:23:26] [Coordinator] 执行: D:\soft\py\python.exe D:\AiProject\Node\novels5\scripts\writer.py --start 1968 --end 1975
[2026-05-18 08:23:44] [Coordinator] writer.py 1936-1943 完成 (rc=0)
[2026-05-18 08:23:44] [Coordinator] writer.py 1944-1951 完成 (rc=0)
[2026-05-18 08:23:44] [Coordinator] writer.py 1960-1967 完成 (rc=0)
[2026-05-18 08:24:38] [WeChat] 进度已推送: 初稿1997/2000, 审查713/2000
[2026-05-18 08:26:08] [Coordinator] writer.py 1968-1975 完成 (rc=0)
[2026-05-18 08:26:35] [Coordinator] writer.py 1952-1959 完成 (rc=0)
[2026-05-18 08:26:35] [Coordinator] 第 1936-1975 章完成，暂停3秒...
[2026-05-18 08:26:38] [WeChat] 进度已推送: 初稿2000/2000, 审查713/2000
[2026-05-18 08:26:38] [Coordinator] 配额 MiniMax-M*: 2696/4500, 剩余 1804
[2026-05-18 08:26:38] [Coordinator] 配额 speech-hd: 0/19000, 剩余 19000
[2026-05-18 08:26:38] [Coordinator] 配额 MiniMax-Hailuo-2.3-Fast-6s-768p: 0/3, 剩余 3
[2026-05-18 08:26:38] [Coordinator] 配额 MiniMax-Hailuo-2.3-6s-768p: 0/3, 剩余 3
[2026-05-18 08:26:38] [Coordinator] 配额 music-2.5: 0/7, 剩余 7
[2026-05-18 08:26:38] [Coordinator] 配额 music-2.6: 0/100, 剩余 100
[2026-05-18 08:26:38] [Coordinator] 配额 music-cover: 0/100, 剩余 100
[2026-05-18 08:26:38] [Coordinator] 配额 lyrics_generation: 0/100, 剩余 100
[2026-05-18 08:26:38] [Coordinator] 配额 image-01: 0/200, 剩余 200
[2026-05-18 08:26:38] [Coordinator] 配额 coding-plan-vlm: 0/450, 剩余 450
[2026-05-18 08:26:38] [Coordinator] 配额 coding-plan-search: 0/450, 剩余 450
[2026-05-18 08:26:38] [Coordinator] ===== 开始第 1976-2000 章 =====
[2026-05-18 08:26:38] [Coordinator] 并行启动 5 个 writer.py 实例
[2026-05-18 08:26:38] [Coordinator] 执行: D:\soft\py\python.exe D:\AiProject\Node\novels5\scripts\writer.py --start 1976 --end 1980
[2026-05-18 08:26:38] [Coordinator] 执行: D:\soft\py\python.exe D:\AiProject\Node\novels5\scripts\writer.py --start 1981 --end 1985
[2026-05-18 08:26:38] [Coordinator] 执行: D:\soft\py\python.exe D:\AiProject\Node\novels5\scripts\writer.py --start 1986 --end 1990
[2026-05-18 08:26:38] [Coordinator] 执行: D:\soft\py\python.exe D:\AiProject\Node\novels5\scripts\writer.py --start 1991 --end 1995
[2026-05-18 08:26:38] [Coordinator] 执行: D:\soft\py\python.exe D:\AiProject\Node\novels5\scripts\writer.py --start 1996 --end 2000
[2026-05-18 08:26:50] [Coordinator] writer.py 1976-1980 完成 (rc=0)
[2026-05-18 08:26:50] [Coordinator] writer.py 1981-1985 完成 (rc=0)
[2026-05-18 08:26:50] [Coordinator] writer.py 1986-1990 完成 (rc=0)
[2026-05-18 08:26:50] [Coordinator] writer.py 1991-1995 完成 (rc=0)
[2026-05-18 08:26:50] [Coordinator] writer.py 1996-2000 完成 (rc=0)
[2026-05-18 08:26:50] ============================================================
[2026-05-18 08:26:50] [Coordinator] 生成总结报告
[2026-05-18 08:26:50] ============================================================
[2026-05-18 08:26:51] [Coordinator] 总结报告: 已完成 2000/2000 章
[2026-05-18 08:26:51] [Coordinator] 总字数: 11,148,434 字
[2026-05-18 08:26:51] [Coordinator] 平均评分: 7.68
[2026-05-18 08:26:51] [Coordinator] 需重写: 32 章
[2026-05-18 08:26:51] [Coordinator] 第 1976-2000 章完成，暂停3秒...
[2026-05-18 08:26:54] ========================================================================================================================
Rewrite Agent 启动
============================================================
需要重写的章节: 7 个
  第84章: 评分6.5 [需修改]
  第257章: 评分6.5 [需修改]
  第291章: 评分6.5 [需修改]
  第473章: 评分5.5 [需修改]
  第530章: 评分6.8 [需修改]
  第584章: 评分6.5 [需修改]
  第658章: 评分6.5 [需修改]
[2026-05-18 08:26:54] [Rewrite] 第84章终稿已存在，跳过
[2026-05-18 08:26:54] [Rewrite] 第257章终稿已存在，跳过
[2026-05-18 08:26:54] [Rewrite] 第291章终稿已存在，跳过
[2026-05-18 08:26:54] [Rewrite] 第473章终稿已存在，跳过
[2026-05-18 08:26:54] [Rewrite] 第530章终稿已存在，跳过
[2026-05-18 08:26:54] [Rewrite] 第584章终稿已存在，跳过
[2026-05-18 08:26:54] [Rewrite] 第658章终稿已存在，跳过
[2026-05-18 08:26:54] [Rewrite] 完成: 成功0章, 失败0章

[2026-05-18 08:26:54] [Coordinator] 处理重写队列: 7 章
[2026-05-18 08:26:54] ============================================================
[2026-05-18 08:26:54] [Coordinator] 执行: D:\soft\py\python.exe D:\AiProject\Node\novels5\scripts\rewrite_agent.py
[2026-05-18 08:26:54] [Coordinator] Rewrite Agent 完成 (rc=0)
[2026-05-18 08:26:54] ============================================================
[2026-05-18 08:26:54] [Coordinator] 生成总结报告
[2026-05-18 08:26:54] ============================================================
[2026-05-18 08:26:54] [Coordinator] 总结报告: 已完成 2000/2000 章
[2026-05-18 08:26:54] [Coordinator] 总字数: 11,148,434 字
[2026-05-18 08:26:54] [Coordinator] 平均评分: 7.68
[2026-05-18 08:26:54] [Coordinator] 需重写: 32 章
[2026-05-18 08:26:54] ============================================================
[2026-05-18 08:26:54] [Coordinator] 全部任务完成
[2026-05-18 08:26:54] [Coordinator] 总进度: 2000/2000 章
[2026-05-18 08:26:54] [Coordinator] 总字数: 11,148,434 字
[2026-05-18 08:26:54] ============================================================
