======================================================================
  2000章玄幻小说Agent系统 - Coordinator (60 Agent 版本)
======================================================================
[2026-05-18 07:16:32] [Coordinator] 企业微信进度推送已启动（每2分钟）
[2026-05-18 07:16:32] [Coordinator] 当前进度: 已生成 1352 章，已审查 720 章
[2026-05-18 07:16:32] [Coordinator] 世界观、大纲(2000章)、角色档案已存在
[2026-05-18 07:16:32] [Coordinator] 生成范围: 第1353-2000章（大纲共2000章），批次大小: 40
[2026-05-18 07:16:32] [Coordinator] 配额 MiniMax-M*: 724/4500, 剩余 3776
[2026-05-18 07:16:32] [Coordinator] 配额 speech-hd: 0/19000, 剩余 19000
[2026-05-18 07:16:32] [Coordinator] 配额 MiniMax-Hailuo-2.3-Fast-6s-768p: 0/3, 剩余 3
[2026-05-18 07:16:32] [Coordinator] 配额 MiniMax-Hailuo-2.3-6s-768p: 0/3, 剩余 3
[2026-05-18 07:16:32] [Coordinator] 配额 music-2.5: 0/7, 剩余 7
[2026-05-18 07:16:32] [Coordinator] 配额 music-2.6: 0/100, 剩余 100
[2026-05-18 07:16:32] [Coordinator] 配额 music-cover: 0/100, 剩余 100
[2026-05-18 07:16:32] [Coordinator] 配额 lyrics_generation: 0/100, 剩余 100
[2026-05-18 07:16:32] [Coordinator] 配额 image-01: 0/200, 剩余 200
[2026-05-18 07:16:32] [Coordinator] 配额 coding-plan-vlm: 0/450, 剩余 450
[2026-05-18 07:16:32] [Coordinator] 配额 coding-plan-search: 0/450, 剩余 450
[2026-05-18 07:16:32] [Coordinator] ===== 开始第 1353-1392 章 =====
[2026-05-18 07:16:32] [Coordinator] 并行启动 5 个 writer.py 实例
[2026-05-18 07:16:32] [Coordinator] 执行: D:\soft\py\python.exe D:\AiProject\Node\novels5\scripts\writer.py --start 1353 --end 1360
[2026-05-18 07:16:32] [Coordinator] 执行: D:\soft\py\python.exe D:\AiProject\Node\novels5\scripts\writer.py --start 1361 --end 1368
[2026-05-18 07:16:32] [Coordinator] 执行: D:\soft\py\python.exe D:\AiProject\Node\novels5\scripts\writer.py --start 1369 --end 1376
[2026-05-18 07:16:32] [Coordinator] 执行: D:\soft\py\python.exe D:\AiProject\Node\novels5\scripts\writer.py --start 1377 --end 1384
[2026-05-18 07:16:32] [Coordinator] 执行: D:\soft\py\python.exe D:\AiProject\Node\novels5\scripts\writer.py --start 1385 --end 1392
[2026-05-18 07:18:32] [WeChat] 进度已推送: 初稿1357/2000, 审查713/2000
[2026-05-18 07:20:33] [WeChat] 进度已推送: 初稿1367/2000, 审查713/2000
[2026-05-18 07:22:33] [WeChat] 进度已推送: 初稿1374/2000, 审查713/2000
[2026-05-18 07:24:33] [WeChat] 进度已推送: 初稿1382/2000, 审查713/2000
[2026-05-18 07:25:57] [Coordinator] writer.py 1361-1368 完成 (rc=0)
[2026-05-18 07:26:34] [WeChat] 进度已推送: 初稿1397/2000, 审查713/2000
[2026-05-18 07:26:36] [Coordinator] writer.py 1377-1384 完成 (rc=0)
[2026-05-18 07:27:00] [Coordinator] writer.py 1369-1376 完成 (rc=0)
[2026-05-18 07:27:00] [Coordinator] writer.py 1385-1392 完成 (rc=0)
[2026-05-18 07:27:12] [Coordinator] writer.py 1353-1360 完成 (rc=0)
[2026-05-18 07:27:12] [Coordinator] 第 1353-1392 章完成，暂停3秒...
[2026-05-18 07:27:15] [Coordinator] 配额 MiniMax-M*: 922/4500, 剩余 3578
[2026-05-18 07:27:15] [Coordinator] 配额 speech-hd: 0/19000, 剩余 19000
[2026-05-18 07:27:15] [Coordinator] 配额 MiniMax-Hailuo-2.3-Fast-6s-768p: 0/3, 剩余 3
[2026-05-18 07:27:15] [Coordinator] 配额 MiniMax-Hailuo-2.3-6s-768p: 0/3, 剩余 3
[2026-05-18 07:27:15] [Coordinator] 配额 music-2.5: 0/7, 剩余 7
[2026-05-18 07:27:15] [Coordinator] 配额 music-2.6: 0/100, 剩余 100
[2026-05-18 07:27:15] [Coordinator] 配额 music-cover: 0/100, 剩余 100
[2026-05-18 07:27:15] [Coordinator] 配额 lyrics_generation: 0/100, 剩余 100
[2026-05-18 07:27:15] [Coordinator] 配额 image-01: 0/200, 剩余 200
[2026-05-18 07:27:15] [Coordinator] 配额 coding-plan-vlm: 0/450, 剩余 450
[2026-05-18 07:27:15] [Coordinator] 配额 coding-plan-search: 0/450, 剩余 450
[2026-05-18 07:27:15] [Coordinator] ===== 开始第 1393-1432 章 =====
[2026-05-18 07:27:15] [Coordinator] 并行启动 5 个 writer.py 实例
[2026-05-18 07:27:15] [Coordinator] 执行: D:\soft\py\python.exe D:\AiProject\Node\novels5\scripts\writer.py --start 1393 --end 1400
[2026-05-18 07:27:15] [Coordinator] 执行: D:\soft\py\python.exe D:\AiProject\Node\novels5\scripts\writer.py --start 1401 --end 1408
[2026-05-18 07:27:15] [Coordinator] 执行: D:\soft\py\python.exe D:\AiProject\Node\novels5\scripts\writer.py --start 1409 --end 1416
[2026-05-18 07:27:15] [Coordinator] 执行: D:\soft\py\python.exe D:\AiProject\Node\novels5\scripts\writer.py --start 1417 --end 1424
[2026-05-18 07:27:15] [Coordinator] 执行: D:\soft\py\python.exe D:\AiProject\Node\novels5\scripts\writer.py --start 1425 --end 1432
[2026-05-18 07:28:34] [WeChat] 进度已推送: 初稿1407/2000, 审查713/2000
[2026-05-18 07:30:35] [WeChat] 进度已推送: 初稿1423/2000, 审查713/2000
[2026-05-18 07:31:24] [Coordinator] writer.py 1409-1416 完成 (rc=0)
[2026-05-18 07:31:54] [Coordinator] writer.py 1393-1400 完成 (rc=0)
[2026-05-18 07:31:57] [Coordinator] writer.py 1417-1424 完成 (rc=0)
[2026-05-18 07:32:35] [WeChat] 进度已推送: 初稿1429/2000, 审查713/2000
[2026-05-18 07:33:27] [Coordinator] writer.py 1401-1408 完成 (rc=0)
[2026-05-18 07:34:35] [WeChat] 进度已推送: 初稿1435/2000, 审查713/2000
[2026-05-18 07:36:24] [Coordinator] writer.py 1425-1432 完成 (rc=0)
[2026-05-18 07:36:24] [Coordinator] 第 1393-1432 章完成，暂停3秒...
[2026-05-18 07:36:28] [Coordinator] 配额 MiniMax-M*: 1049/4500, 剩余 3451
[2026-05-18 07:36:28] [Coordinator] 配额 speech-hd: 0/19000, 剩余 19000
[2026-05-18 07:36:28] [Coordinator] 配额 MiniMax-Hailuo-2.3-Fast-6s-768p: 0/3, 剩余 3
[2026-05-18 07:36:28] [Coordinator] 配额 MiniMax-Hailuo-2.3-6s-768p: 0/3, 剩余 3
[2026-05-18 07:36:28] [Coordinator] 配额 music-2.5: 0/7, 剩余 7
[2026-05-18 07:36:28] [Coordinator] 配额 music-2.6: 0/100, 剩余 100
[2026-05-18 07:36:28] [Coordinator] 配额 music-cover: 0/100, 剩余 100
[2026-05-18 07:36:28] [Coordinator] 配额 lyrics_generation: 0/100, 剩余 100
[2026-05-18 07:36:28] [Coordinator] 配额 image-01: 0/200, 剩余 200
[2026-05-18 07:36:28] [Coordinator] 配额 coding-plan-vlm: 0/450, 剩余 450
[2026-05-18 07:36:28] [Coordinator] 配额 coding-plan-search: 0/450, 剩余 450
[2026-05-18 07:36:28] [Coordinator] ===== 开始第 1433-1472 章 =====
[2026-05-18 07:36:28] [Coordinator] 并行启动 5 个 writer.py 实例
[2026-05-18 07:36:28] [Coordinator] 执行: D:\soft\py\python.exe D:\AiProject\Node\novels5\scripts\writer.py --start 1433 --end 1440
[2026-05-18 07:36:28] [Coordinator] 执行: D:\soft\py\python.exe D:\AiProject\Node\novels5\scripts\writer.py --start 1441 --end 1448
[2026-05-18 07:36:28] [Coordinator] 执行: D:\soft\py\python.exe D:\AiProject\Node\novels5\scripts\writer.py --start 1449 --end 1456
[2026-05-18 07:36:28] [Coordinator] 执行: D:\soft\py\python.exe D:\AiProject\Node\novels5\scripts\writer.py --start 1457 --end 1464
[2026-05-18 07:36:28] [Coordinator] 执行: D:\soft\py\python.exe D:\AiProject\Node\novels5\scripts\writer.py --start 1465 --end 1472
[2026-05-18 07:36:36] [WeChat] 进度已推送: 初稿1444/2000, 审查713/2000
[2026-05-18 07:38:36] [WeChat] 进度已推送: 初稿1460/2000, 审查713/2000
[2026-05-18 07:39:19] [Coordinator] writer.py 1449-1456 完成 (rc=0)
[2026-05-18 07:40:25] [Coordinator] writer.py 1457-1464 完成 (rc=0)
[2026-05-18 07:40:36] [WeChat] 进度已推送: 初稿1470/2000, 审查713/2000
[2026-05-18 07:40:40] [Coordinator] writer.py 1433-1440 完成 (rc=0)
[2026-05-18 07:40:43] [Coordinator] writer.py 1441-1448 完成 (rc=0)
[2026-05-18 07:42:37] [WeChat] 进度已推送: 初稿1480/2000, 审查713/2000
[2026-05-18 07:43:13] [Coordinator] writer.py 1465-1472 完成 (rc=0)
[2026-05-18 07:43:13] [Coordinator] 第 1433-1472 章完成，暂停3秒...
[2026-05-18 07:43:16] [Coordinator] 配额 MiniMax-M*: 1167/4500, 剩余 3333
[2026-05-18 07:43:16] [Coordinator] 配额 speech-hd: 0/19000, 剩余 19000
[2026-05-18 07:43:16] [Coordinator] 配额 MiniMax-Hailuo-2.3-Fast-6s-768p: 0/3, 剩余 3
[2026-05-18 07:43:16] [Coordinator] 配额 MiniMax-Hailuo-2.3-6s-768p: 0/3, 剩余 3
[2026-05-18 07:43:16] [Coordinator] 配额 music-2.5: 0/7, 剩余 7
[2026-05-18 07:43:16] [Coordinator] 配额 music-2.6: 0/100, 剩余 100
[2026-05-18 07:43:16] [Coordinator] 配额 music-cover: 0/100, 剩余 100
[2026-05-18 07:43:16] [Coordinator] 配额 lyrics_generation: 0/100, 剩余 100
[2026-05-18 07:43:16] [Coordinator] 配额 image-01: 0/200, 剩余 200
[2026-05-18 07:43:16] [Coordinator] 配额 coding-plan-vlm: 0/450, 剩余 450
[2026-05-18 07:43:16] [Coordinator] 配额 coding-plan-search: 0/450, 剩余 450
[2026-05-18 07:43:16] [Coordinator] ===== 开始第 1473-1512 章 =====
[2026-05-18 07:43:16] [Coordinator] 并行启动 5 个 writer.py 实例
[2026-05-18 07:43:16] [Coordinator] 执行: D:\soft\py\python.exe D:\AiProject\Node\novels5\scripts\writer.py --start 1473 --end 1480
[2026-05-18 07:43:16] [Coordinator] 执行: D:\soft\py\python.exe D:\AiProject\Node\novels5\scripts\writer.py --start 1481 --end 1488
[2026-05-18 07:43:16] [Coordinator] 执行: D:\soft\py\python.exe D:\AiProject\Node\novels5\scripts\writer.py --start 1489 --end 1496
[2026-05-18 07:43:16] [Coordinator] 执行: D:\soft\py\python.exe D:\AiProject\Node\novels5\scripts\writer.py --start 1497 --end 1504
[2026-05-18 07:43:16] [Coordinator] 执行: D:\soft\py\python.exe D:\AiProject\Node\novels5\scripts\writer.py --start 1505 --end 1512
[2026-05-18 07:44:37] [WeChat] 进度已推送: 初稿1495/2000, 审查713/2000
[2026-05-18 07:46:04] [Coordinator] writer.py 1497-1504 完成 (rc=0)
[2026-05-18 07:46:38] [WeChat] 进度已推送: 初稿1506/2000, 审查713/2000
[2026-05-18 07:47:13] [Coordinator] writer.py 1481-1488 完成 (rc=0)
[2026-05-18 07:47:31] [Coordinator] writer.py 1489-1496 完成 (rc=0)
[2026-05-18 07:48:13] [Coordinator] writer.py 1473-1480 完成 (rc=0)
[2026-05-18 07:48:38] [WeChat] 进度已推送: 初稿1515/2000, 审查713/2000
[2026-05-18 07:50:38] [WeChat] 进度已推送: 初稿1530/2000, 审查713/2000
[2026-05-18 07:51:04] [Coordinator] writer.py 1505-1512 完成 (rc=0)
[2026-05-18 07:51:04] [Coordinator] 第 1473-1512 章完成，暂停3秒...
[2026-05-18 07:51:08] [Coordinator] 配额 MiniMax-M*: 1326/4500, 剩余 3174
[2026-05-18 07:51:08] [Coordinator] 配额 speech-hd: 0/19000, 剩余 19000
[2026-05-18 07:51:08] [Coordinator] 配额 MiniMax-Hailuo-2.3-Fast-6s-768p: 0/3, 剩余 3
[2026-05-18 07:51:08] [Coordinator] 配额 MiniMax-Hailuo-2.3-6s-768p: 0/3, 剩余 3
[2026-05-18 07:51:08] [Coordinator] 配额 music-2.5: 0/7, 剩余 7
[2026-05-18 07:51:08] [Coordinator] 配额 music-2.6: 0/100, 剩余 100
[2026-05-18 07:51:08] [Coordinator] 配额 music-cover: 0/100, 剩余 100
[2026-05-18 07:51:08] [Coordinator] 配额 lyrics_generation: 0/100, 剩余 100
[2026-05-18 07:51:08] [Coordinator] 配额 image-01: 0/200, 剩余 200
[2026-05-18 07:51:08] [Coordinator] 配额 coding-plan-vlm: 0/450, 剩余 450
[2026-05-18 07:51:08] [Coordinator] 配额 coding-plan-search: 0/450, 剩余 450
[2026-05-18 07:51:08] [Coordinator] ===== 开始第 1513-1552 章 =====
[2026-05-18 07:51:08] [Coordinator] 并行启动 5 个 writer.py 实例
[2026-05-18 07:51:08] [Coordinator] 执行: D:\soft\py\python.exe D:\AiProject\Node\novels5\scripts\writer.py --start 1513 --end 1520
[2026-05-18 07:51:08] [Coordinator] 执行: D:\soft\py\python.exe D:\AiProject\Node\novels5\scripts\writer.py --start 1521 --end 1528
[2026-05-18 07:51:08] [Coordinator] 执行: D:\soft\py\python.exe D:\AiProject\Node\novels5\scripts\writer.py --start 1529 --end 1536
[2026-05-18 07:51:08] [Coordinator] 执行: D:\soft\py\python.exe D:\AiProject\Node\novels5\scripts\writer.py --start 1537 --end 1544
[2026-05-18 07:51:08] [Coordinator] 执行: D:\soft\py\python.exe D:\AiProject\Node\novels5\scripts\writer.py --start 1545 --end 1552
[2026-05-18 07:52:39] [WeChat] 进度已推送: 初稿1555/2000, 审查713/2000
[2026-05-18 07:53:41] [Coordinator] writer.py 1513-1520 完成 (rc=0)
[2026-05-18 07:54:02] [Coordinator] writer.py 1529-1536 完成 (rc=0)
[2026-05-18 07:54:02] [Coordinator] writer.py 1537-1544 完成 (rc=0)
[2026-05-18 07:54:11] [Coordinator] writer.py 1521-1528 完成 (rc=0)
[2026-05-18 07:54:39] [WeChat] 进度已推送: 初稿1582/2000, 审查713/2000
[2026-05-18 07:56:02] [Coordinator] writer.py 1545-1552 完成 (rc=0)
[2026-05-18 07:56:02] [Coordinator] 第 1513-1552 章完成，暂停3秒...
[2026-05-18 07:56:05] [Coordinator] 配额 MiniMax-M*: 1487/4500, 剩余 3013
[2026-05-18 07:56:05] [Coordinator] 配额 speech-hd: 0/19000, 剩余 19000
[2026-05-18 07:56:05] [Coordinator] 配额 MiniMax-Hailuo-2.3-Fast-6s-768p: 0/3, 剩余 3
[2026-05-18 07:56:05] [Coordinator] 配额 MiniMax-Hailuo-2.3-6s-768p: 0/3, 剩余 3
[2026-05-18 07:56:05] [Coordinator] 配额 music-2.5: 0/7, 剩余 7
[2026-05-18 07:56:05] [Coordinator] 配额 music-2.6: 0/100, 剩余 100
[2026-05-18 07:56:05] [Coordinator] 配额 music-cover: 0/100, 剩余 100
[2026-05-18 07:56:05] [Coordinator] 配额 lyrics_generation: 0/100, 剩余 100
[2026-05-18 07:56:05] [Coordinator] 配额 image-01: 0/200, 剩余 200
[2026-05-18 07:56:05] [Coordinator] 配额 coding-plan-vlm: 0/450, 剩余 450
[2026-05-18 07:56:05] [Coordinator] 配额 coding-plan-search: 0/450, 剩余 450
[2026-05-18 07:56:05] [Coordinator] ===== 开始第 1553-1592 章 =====
[2026-05-18 07:56:05] [Coordinator] 并行启动 5 个 writer.py 实例
[2026-05-18 07:56:05] [Coordinator] 执行: D:\soft\py\python.exe D:\AiProject\Node\novels5\scripts\writer.py --start 1553 --end 1560
[2026-05-18 07:56:05] [Coordinator] 执行: D:\soft\py\python.exe D:\AiProject\Node\novels5\scripts\writer.py --start 1561 --end 1568
[2026-05-18 07:56:05] [Coordinator] 执行: D:\soft\py\python.exe D:\AiProject\Node\novels5\scripts\writer.py --start 1569 --end 1576
[2026-05-18 07:56:05] [Coordinator] 执行: D:\soft\py\python.exe D:\AiProject\Node\novels5\scripts\writer.py --start 1577 --end 1584
[2026-05-18 07:56:05] [Coordinator] 执行: D:\soft\py\python.exe D:\AiProject\Node\novels5\scripts\writer.py --start 1585 --end 1592
[2026-05-18 07:56:40] [WeChat] 进度已推送: 初稿1615/2000, 审查713/2000
[2026-05-18 07:57:29] [Coordinator] writer.py 1561-1568 完成 (rc=0)
[2026-05-18 07:57:29] [Coordinator] writer.py 1569-1576 完成 (rc=0)
[2026-05-18 07:57:47] [Coordinator] writer.py 1577-1584 完成 (rc=0)
[2026-05-18 07:57:59] [Coordinator] writer.py 1553-1560 完成 (rc=0)
[2026-05-18 07:58:40] [WeChat] 进度已推送: 初稿1645/2000, 审查713/2000
[2026-05-18 07:59:57] [Coordinator] writer.py 1585-1592 完成 (rc=0)
[2026-05-18 07:59:57] [Coordinator] 第 1553-1592 章完成，暂停3秒...
[2026-05-18 08:00:00] [Coordinator] 配额 MiniMax-M*: 1634/4500, 剩余 2866
[2026-05-18 08:00:00] [Coordinator] 配额 speech-hd: 0/19000, 剩余 19000
[2026-05-18 08:00:00] [Coordinator] 配额 MiniMax-Hailuo-2.3-Fast-6s-768p: 0/3, 剩余 3
[2026-05-18 08:00:00] [Coordinator] 配额 MiniMax-Hailuo-2.3-6s-768p: 0/3, 剩余 3
[2026-05-18 08:00:00] [Coordinator] 配额 music-2.5: 0/7, 剩余 7
[2026-05-18 08:00:00] [Coordinator] 配额 music-2.6: 0/100, 剩余 100
[2026-05-18 08:00:00] [Coordinator] 配额 music-cover: 0/100, 剩余 100
[2026-05-18 08:00:00] [Coordinator] 配额 lyrics_generation: 0/100, 剩余 100
[2026-05-18 08:00:00] [Coordinator] 配额 image-01: 0/200, 剩余 200
[2026-05-18 08:00:00] [Coordinator] 配额 coding-plan-vlm: 0/450, 剩余 450
[2026-05-18 08:00:00] [Coordinator] 配额 coding-plan-search: 0/450, 剩余 450
[2026-05-18 08:00:00] [Coordinator] ===== 开始第 1593-1632 章 =====
[2026-05-18 08:00:00] [Coordinator] 并行启动 5 个 writer.py 实例
[2026-05-18 08:00:00] [Coordinator] 执行: D:\soft\py\python.exe D:\AiProject\Node\novels5\scripts\writer.py --start 1593 --end 1600
[2026-05-18 08:00:00] [Coordinator] 执行: D:\soft\py\python.exe D:\AiProject\Node\novels5\scripts\writer.py --start 1601 --end 1608
[2026-05-18 08:00:00] [Coordinator] 执行: D:\soft\py\python.exe D:\AiProject\Node\novels5\scripts\writer.py --start 1609 --end 1616
[2026-05-18 08:00:00] [Coordinator] 执行: D:\soft\py\python.exe D:\AiProject\Node\novels5\scripts\writer.py --start 1617 --end 1624
[2026-05-18 08:00:00] [Coordinator] 执行: D:\soft\py\python.exe D:\AiProject\Node\novels5\scripts\writer.py --start 1625 --end 1632
[2026-05-18 08:00:18] [Coordinator] writer.py 1593-1600 完成 (rc=0)
[2026-05-18 08:00:18] [Coordinator] writer.py 1609-1616 完成 (rc=0)
[2026-05-18 08:00:40] [WeChat] 进度已推送: 初稿1679/2000, 审查713/2000
[2026-05-18 08:01:45] [Coordinator] writer.py 1625-1632 完成 (rc=0)
[2026-05-18 08:01:51] [Coordinator] writer.py 1617-1624 完成 (rc=0)
[2026-05-18 08:02:06] [Coordinator] writer.py 1601-1608 完成 (rc=0)
[2026-05-18 08:02:06] [Coordinator] 第 1593-1632 章完成，暂停3秒...
[2026-05-18 08:02:09] [Coordinator] 配额 MiniMax-M*: 1699/4500, 剩余 2801
[2026-05-18 08:02:09] [Coordinator] 配额 speech-hd: 0/19000, 剩余 19000
[2026-05-18 08:02:09] [Coordinator] 配额 MiniMax-Hailuo-2.3-Fast-6s-768p: 0/3, 剩余 3
[2026-05-18 08:02:09] [Coordinator] 配额 MiniMax-Hailuo-2.3-6s-768p: 0/3, 剩余 3
[2026-05-18 08:02:09] [Coordinator] 配额 music-2.5: 0/7, 剩余 7
[2026-05-18 08:02:09] [Coordinator] 配额 music-2.6: 0/100, 剩余 100
[2026-05-18 08:02:09] [Coordinator] 配额 music-cover: 0/100, 剩余 100
[2026-05-18 08:02:09] [Coordinator] 配额 lyrics_generation: 0/100, 剩余 100
[2026-05-18 08:02:09] [Coordinator] 配额 image-01: 0/200, 剩余 200
[2026-05-18 08:02:09] [Coordinator] 配额 coding-plan-vlm: 0/450, 剩余 450
[2026-05-18 08:02:09] [Coordinator] 配额 coding-plan-search: 0/450, 剩余 450
[2026-05-18 08:02:09] [Coordinator] ===== 开始第 1633-1672 章 =====
[2026-05-18 08:02:09] [Coordinator] 并行启动 5 个 writer.py 实例
[2026-05-18 08:02:09] [Coordinator] 执行: D:\soft\py\python.exe D:\AiProject\Node\novels5\scripts\writer.py --start 1633 --end 1640
[2026-05-18 08:02:09] [Coordinator] 执行: D:\soft\py\python.exe D:\AiProject\Node\novels5\scripts\writer.py --start 1641 --end 1648
[2026-05-18 08:02:10] [Coordinator] 执行: D:\soft\py\python.exe D:\AiProject\Node\novels5\scripts\writer.py --start 1649 --end 1656
[2026-05-18 08:02:10] [Coordinator] 执行: D:\soft\py\python.exe D:\AiProject\Node\novels5\scripts\writer.py --start 1657 --end 1664
[2026-05-18 08:02:10] [Coordinator] 执行: D:\soft\py\python.exe D:\AiProject\Node\novels5\scripts\writer.py --start 1665 --end 1672
[2026-05-18 08:02:28] [Coordinator] writer.py 1633-1640 完成 (rc=0)
[2026-05-18 08:02:28] [Coordinator] writer.py 1641-1648 完成 (rc=0)
[2026-05-18 08:02:41] [WeChat] 进度已推送: 初稿1702/2000, 审查713/2000
[2026-05-18 08:04:22] [Coordinator] writer.py 1657-1664 完成 (rc=0)
[2026-05-18 08:04:41] [WeChat] 进度已推送: 初稿1721/2000, 审查713/2000
[2026-05-18 08:05:07] [Coordinator] writer.py 1649-1656 完成 (rc=0)
[2026-05-18 08:05:43] [Coordinator] writer.py 1665-1672 完成 (rc=0)
[2026-05-18 08:05:43] [Coordinator] 第 1633-1672 章完成，暂停3秒...
[2026-05-18 08:05:46] [Coordinator] 配额 MiniMax-M*: 1801/4500, 剩余 2699
[2026-05-18 08:05:46] [Coordinator] 配额 speech-hd: 0/19000, 剩余 19000
[2026-05-18 08:05:46] [Coordinator] 配额 MiniMax-Hailuo-2.3-Fast-6s-768p: 0/3, 剩余 3
[2026-05-18 08:05:46] [Coordinator] 配额 MiniMax-Hailuo-2.3-6s-768p: 0/3, 剩余 3
[2026-05-18 08:05:46] [Coordinator] 配额 music-2.5: 0/7, 剩余 7
[2026-05-18 08:05:46] [Coordinator] 配额 music-2.6: 0/100, 剩余 100
[2026-05-18 08:05:46] [Coordinator] 配额 music-cover: 0/100, 剩余 100
[2026-05-18 08:05:46] [Coordinator] 配额 lyrics_generation: 0/100, 剩余 100
[2026-05-18 08:05:46] [Coordinator] 配额 image-01: 0/200, 剩余 200
[2026-05-18 08:05:46] [Coordinator] 配额 coding-plan-vlm: 0/450, 剩余 450
[2026-05-18 08:05:46] [Coordinator] 配额 coding-plan-search: 0/450, 剩余 450
[2026-05-18 08:05:46] [Coordinator] ===== 开始第 1673-1712 章 =====
[2026-05-18 08:05:46] [Coordinator] 并行启动 5 个 writer.py 实例
[2026-05-18 08:05:46] [Coordinator] 执行: D:\soft\py\python.exe D:\AiProject\Node\novels5\scripts\writer.py --start 1673 --end 1680
[2026-05-18 08:05:46] [Coordinator] 执行: D:\soft\py\python.exe D:\AiProject\Node\novels5\scripts\writer.py --start 1681 --end 1688
[2026-05-18 08:05:46] [Coordinator] 执行: D:\soft\py\python.exe D:\AiProject\Node\novels5\scripts\writer.py --start 1689 --end 1696
[2026-05-18 08:05:46] [Coordinator] 执行: D:\soft\py\python.exe D:\AiProject\Node\novels5\scripts\writer.py --start 1697 --end 1704
[2026-05-18 08:05:46] [Coordinator] 执行: D:\soft\py\python.exe D:\AiProject\Node\novels5\scripts\writer.py --start 1705 --end 1712
[2026-05-18 08:06:04] [Coordinator] writer.py 1673-1680 完成 (rc=0)
[2026-05-18 08:06:42] [WeChat] 进度已推送: 初稿1748/2000, 审查713/2000
[2026-05-18 08:07:13] [Coordinator] writer.py 1681-1688 完成 (rc=0)
[2026-05-18 08:07:22] [Coordinator] writer.py 1697-1704 完成 (rc=0)
[2026-05-18 08:07:22] [Coordinator] writer.py 1705-1712 完成 (rc=0)
[2026-05-18 08:07:46] [Coordinator] writer.py 1689-1696 完成 (rc=0)
[2026-05-18 08:07:46] [Coordinator] 第 1673-1712 章完成，暂停3秒...
[2026-05-18 08:07:50] [Coordinator] 配额 MiniMax-M*: 1886/4500, 剩余 2614
[2026-05-18 08:07:50] [Coordinator] 配额 speech-hd: 0/19000, 剩余 19000
[2026-05-18 08:07:50] [Coordinator] 配额 MiniMax-Hailuo-2.3-Fast-6s-768p: 0/3, 剩余 3
[2026-05-18 08:07:50] [Coordinator] 配额 MiniMax-Hailuo-2.3-6s-768p: 0/3, 剩余 3
[2026-05-18 08:07:50] [Coordinator] 配额 music-2.5: 0/7, 剩余 7
[2026-05-18 08:07:50] [Coordinator] 配额 music-2.6: 0/100, 剩余 100
[2026-05-18 08:07:50] [Coordinator] 配额 music-cover: 0/100, 剩余 100
[2026-05-18 08:07:50] [Coordinator] 配额 lyrics_generation: 0/100, 剩余 100
[2026-05-18 08:07:50] [Coordinator] 配额 image-01: 0/200, 剩余 200
[2026-05-18 08:07:50] [Coordinator] 配额 coding-plan-vlm: 0/450, 剩余 450
[2026-05-18 08:07:50] [Coordinator] 配额 coding-plan-search: 0/450, 剩余 450
[2026-05-18 08:07:50] [Coordinator] ===== 开始第 1713-1752 章 =====
[2026-05-18 08:07:50] [Coordinator] 并行启动 5 个 writer.py 实例
[2026-05-18 08:07:50] [Coordinator] 执行: D:\soft\py\python.exe D:\AiProject\Node\novels5\scripts\writer.py --start 1713 --end 1720
[2026-05-18 08:07:50] [Coordinator] 执行: D:\soft\py\python.exe D:\AiProject\Node\novels5\scripts\writer.py --start 1721 --end 1728
[2026-05-18 08:07:50] [Coordinator] 执行: D:\soft\py\python.exe D:\AiProject\Node\novels5\scripts\writer.py --start 1729 --end 1736
[2026-05-18 08:07:50] [Coordinator] 执行: D:\soft\py\python.exe D:\AiProject\Node\novels5\scripts\writer.py --start 1737 --end 1744
[2026-05-18 08:07:50] [Coordinator] 执行: D:\soft\py\python.exe D:\AiProject\Node\novels5\scripts\writer.py --start 1745 --end 1752
[2026-05-18 08:08:08] [Coordinator] writer.py 1713-1720 完成 (rc=0)
[2026-05-18 08:08:42] [WeChat] 进度已推送: 初稿1775/2000, 审查713/2000
[2026-05-18 08:09:11] [Coordinator] writer.py 1721-1728 完成 (rc=0)
[2026-05-18 08:09:17] [Coordinator] writer.py 1729-1736 完成 (rc=0)
[2026-05-18 08:09:23] [Coordinator] writer.py 1737-1744 完成 (rc=0)
[2026-05-18 08:10:42] [WeChat] 进度已推送: 初稿1806/2000, 审查713/2000
[2026-05-18 08:11:20] [Coordinator] writer.py 1745-1752 完成 (rc=0)
[2026-05-18 08:11:20] [Coordinator] 第 1713-1752 章完成，暂停3秒...
[2026-05-18 08:11:23] [Coordinator] 配额 MiniMax-M*: 2027/4500, 剩余 2473
[2026-05-18 08:11:23] [Coordinator] 配额 speech-hd: 0/19000, 剩余 19000
[2026-05-18 08:11:23] [Coordinator] 配额 MiniMax-Hailuo-2.3-Fast-6s-768p: 0/3, 剩余 3
[2026-05-18 08:11:23] [Coordinator] 配额 MiniMax-Hailuo-2.3-6s-768p: 0/3, 剩余 3
[2026-05-18 08:11:23] [Coordinator] 配额 music-2.5: 0/7, 剩余 7
[2026-05-18 08:11:23] [Coordinator] 配额 music-2.6: 0/100, 剩余 100
[2026-05-18 08:11:23] [Coordinator] 配额 music-cover: 0/100, 剩余 100
[2026-05-18 08:11:23] [Coordinator] 配额 lyrics_generation: 0/100, 剩余 100
[2026-05-18 08:11:23] [Coordinator] 配额 image-01: 0/200, 剩余 200
[2026-05-18 08:11:23] [Coordinator] 配额 coding-plan-vlm: 0/450, 剩余 450
[2026-05-18 08:11:23] [Coordinator] 配额 coding-plan-search: 0/450, 剩余 450
[2026-05-18 08:11:23] [Coordinator] ===== 开始第 1753-1792 章 =====
[2026-05-18 08:11:23] [Coordinator] 并行启动 5 个 writer.py 实例
[2026-05-18 08:11:23] [Coordinator] 执行: D:\soft\py\python.exe D:\AiProject\Node\novels5\scripts\writer.py --start 1753 --end 1760
[2026-05-18 08:11:23] [Coordinator] 执行: D:\soft\py\python.exe D:\AiProject\Node\novels5\scripts\writer.py --start 1761 --end 1768
[2026-05-18 08:11:23] [Coordinator] 执行: D:\soft\py\python.exe D:\AiProject\Node\novels5\scripts\writer.py --start 1769 --end 1776
[2026-05-18 08:11:23] [Coordinator] 执行: D:\soft\py\python.exe D:\AiProject\Node\novels5\scripts\writer.py --start 1777 --end 1784
[2026-05-18 08:11:23] [Coordinator] 执行: D:\soft\py\python.exe D:\AiProject\Node\novels5\scripts\writer.py --start 1785 --end 1792
[2026-05-18 08:11:41] [Coordinator] writer.py 1761-1768 完成 (rc=0)
[2026-05-18 08:12:43] [WeChat] 进度已推送: 初稿1838/2000, 审查713/2000
[2026-05-18 08:12:47] [Coordinator] writer.py 1769-1776 完成 (rc=0)
[2026-05-18 08:13:02] [Coordinator] writer.py 1753-1760 完成 (rc=0)
[2026-05-18 08:13:02] [Coordinator] writer.py 1777-1784 完成 (rc=0)
[2026-05-18 08:14:08] [Coordinator] writer.py 1785-1792 完成 (rc=0)
[2026-05-18 08:14:08] [Coordinator] 第 1753-1792 章完成，暂停3秒...
[2026-05-18 08:14:12] [Coordinator] 配额 MiniMax-M*: 2157/4500, 剩余 2343
[2026-05-18 08:14:12] [Coordinator] 配额 speech-hd: 0/19000, 剩余 19000
[2026-05-18 08:14:12] [Coordinator] 配额 MiniMax-Hailuo-2.3-Fast-6s-768p: 0/3, 剩余 3
[2026-05-18 08:14:12] [Coordinator] 配额 MiniMax-Hailuo-2.3-6s-768p: 0/3, 剩余 3
[2026-05-18 08:14:12] [Coordinator] 配额 music-2.5: 0/7, 剩余 7
[2026-05-18 08:14:12] [Coordinator] 配额 music-2.6: 0/100, 剩余 100
[2026-05-18 08:14:12] [Coordinator] 配额 music-cover: 0/100, 剩余 100
[2026-05-18 08:14:12] [Coordinator] 配额 lyrics_generation: 0/100, 剩余 100
[2026-05-18 08:14:12] [Coordinator] 配额 image-01: 0/200, 剩余 200
[2026-05-18 08:14:12] [Coordinator] 配额 coding-plan-vlm: 0/450, 剩余 450
[2026-05-18 08:14:12] [Coordinator] 配额 coding-plan-search: 0/450, 剩余 450
[2026-05-18 08:14:12] [Coordinator] ===== 开始第 1793-1832 章 =====
[2026-05-18 08:14:12] [Coordinator] 并行启动 5 个 writer.py 实例
[2026-05-18 08:14:12] [Coordinator] 执行: D:\soft\py\python.exe D:\AiProject\Node\novels5\scripts\writer.py --start 1793 --end 1800
[2026-05-18 08:14:12] [Coordinator] 执行: D:\soft\py\python.exe D:\AiProject\Node\novels5\scripts\writer.py --start 1801 --end 1808
[2026-05-18 08:14:12] [Coordinator] 执行: D:\soft\py\python.exe D:\AiProject\Node\novels5\scripts\writer.py --start 1809 --end 1816
[2026-05-18 08:14:12] [Coordinator] 执行: D:\soft\py\python.exe D:\AiProject\Node\novels5\scripts\writer.py --start 1817 --end 1824
[2026-05-18 08:14:12] [Coordinator] 执行: D:\soft\py\python.exe D:\AiProject\Node\novels5\scripts\writer.py --start 1825 --end 1832
[2026-05-18 08:14:30] [Coordinator] writer.py 1793-1800 完成 (rc=0)
[2026-05-18 08:14:43] [WeChat] 进度已推送: 初稿1872/2000, 审查713/2000
[2026-05-18 08:15:30] [Coordinator] writer.py 1801-1808 完成 (rc=0)
[2026-05-18 08:15:39] [Coordinator] writer.py 1809-1816 完成 (rc=0)
[2026-05-18 08:15:39] [Coordinator] writer.py 1817-1824 完成 (rc=0)
[2026-05-18 08:16:44] [WeChat] 进度已推送: 初稿1898/2000, 审查713/2000
[2026-05-18 08:17:21] [Coordinator] writer.py 1825-1832 完成 (rc=0)
[2026-05-18 08:17:21] [Coordinator] 第 1793-1832 章完成，暂停3秒...
[2026-05-18 08:17:24] [Coordinator] 配额 MiniMax-M*: 2319/4500, 剩余 2181
[2026-05-18 08:17:24] [Coordinator] 配额 speech-hd: 0/19000, 剩余 19000
[2026-05-18 08:17:24] [Coordinator] 配额 MiniMax-Hailuo-2.3-Fast-6s-768p: 0/3, 剩余 3
[2026-05-18 08:17:24] [Coordinator] 配额 MiniMax-Hailuo-2.3-6s-768p: 0/3, 剩余 3
[2026-05-18 08:17:24] [Coordinator] 配额 music-2.5: 0/7, 剩余 7
[2026-05-18 08:17:24] [Coordinator] 配额 music-2.6: 0/100, 剩余 100
[2026-05-18 08:17:24] [Coordinator] 配额 music-cover: 0/100, 剩余 100
[2026-05-18 08:17:24] [Coordinator] 配额 lyrics_generation: 0/100, 剩余 100
[2026-05-18 08:17:24] [Coordinator] 配额 image-01: 0/200, 剩余 200
[2026-05-18 08:17:24] [Coordinator] 配额 coding-plan-vlm: 0/450, 剩余 450
[2026-05-18 08:17:24] [Coordinator] 配额 coding-plan-search: 0/450, 剩余 450
[2026-05-18 08:17:24] [Coordinator] ===== 开始第 1833-1872 章 =====
[2026-05-18 08:17:24] [Coordinator] 并行启动 5 个 writer.py 实例
[2026-05-18 08:17:24] [Coordinator] 执行: D:\soft\py\python.exe D:\AiProject\Node\novels5\scripts\writer.py --start 1833 --end 1840
[2026-05-18 08:17:24] [Coordinator] 执行: D:\soft\py\python.exe D:\AiProject\Node\novels5\scripts\writer.py --start 1841 --end 1848
[2026-05-18 08:17:24] [Coordinator] 执行: D:\soft\py\python.exe D:\AiProject\Node\novels5\scripts\writer.py --start 1849 --end 1856
[2026-05-18 08:17:24] [Coordinator] 执行: D:\soft\py\python.exe D:\AiProject\Node\novels5\scripts\writer.py --start 1857 --end 1864
[2026-05-18 08:17:24] [Coordinator] 执行: D:\soft\py\python.exe D:\AiProject\Node\novels5\scripts\writer.py --start 1865 --end 1872
[2026-05-18 08:17:42] [Coordinator] writer.py 1833-1840 完成 (rc=0)
[2026-05-18 08:17:42] [Coordinator] writer.py 1841-1848 完成 (rc=0)
[2026-05-18 08:18:44] [WeChat] 进度已推送: 初稿1935/2000, 审查713/2000
[2026-05-18 08:19:00] [Coordinator] writer.py 1849-1856 完成 (rc=0)
[2026-05-18 08:19:51] [Coordinator] writer.py 1857-1864 完成 (rc=0)
[2026-05-18 08:20:27] [Coordinator] writer.py 1865-1872 完成 (rc=0)
[2026-05-18 08:20:27] [Coordinator] 第 1833-1872 章完成，暂停3秒...
[2026-05-18 08:20:31] [Coordinator] 配额 MiniMax-M*: 2477/4500, 剩余 2023
[2026-05-18 08:20:31] [Coordinator] 配额 speech-hd: 0/19000, 剩余 19000
[2026-05-18 08:20:31] [Coordinator] 配额 MiniMax-Hailuo-2.3-Fast-6s-768p: 0/3, 剩余 3
[2026-05-18 08:20:31] [Coordinator] 配额 MiniMax-Hailuo-2.3-6s-768p: 0/3, 剩余 3
[2026-05-18 08:20:31] [Coordinator] 配额 music-2.5: 0/7, 剩余 7
[2026-05-18 08:20:31] [Coordinator] 配额 music-2.6: 0/100, 剩余 100
[2026-05-18 08:20:31] [Coordinator] 配额 music-cover: 0/100, 剩余 100
[2026-05-18 08:20:31] [Coordinator] 配额 lyrics_generation: 0/100, 剩余 100
[2026-05-18 08:20:31] [Coordinator] 配额 image-01: 0/200, 剩余 200
[2026-05-18 08:20:31] [Coordinator] 配额 coding-plan-vlm: 0/450, 剩余 450
[2026-05-18 08:20:31] [Coordinator] 配额 coding-plan-search: 0/450, 剩余 450
[2026-05-18 08:20:31] [Coordinator] ===== 开始第 1873-1912 章 =====
[2026-05-18 08:20:31] [Coordinator] 并行启动 5 个 writer.py 实例
[2026-05-18 08:20:31] [Coordinator] 执行: D:\soft\py\python.exe D:\AiProject\Node\novels5\scripts\writer.py --start 1873 --end 1880
[2026-05-18 08:20:31] [Coordinator] 执行: D:\soft\py\python.exe D:\AiProject\Node\novels5\scripts\writer.py --start 1881 --end 1888
[2026-05-18 08:20:31] [Coordinator] 执行: D:\soft\py\python.exe D:\AiProject\Node\novels5\scripts\writer.py --start 1889 --end 1896
[2026-05-18 08:20:31] [Coordinator] 执行: D:\soft\py\python.exe D:\AiProject\Node\novels5\scripts\writer.py --start 1897 --end 1904
[2026-05-18 08:20:31] [Coordinator] 执行: D:\soft\py\python.exe D:\AiProject\Node\novels5\scripts\writer.py --start 1905 --end 1912
[2026-05-18 08:20:45] [WeChat] 进度已推送: 初稿1969/2000, 审查713/2000
[2026-05-18 08:20:49] [Coordinator] writer.py 1873-1880 完成 (rc=0)
[2026-05-18 08:20:49] [Coordinator] writer.py 1881-1888 完成 (rc=0)
[2026-05-18 08:20:49] [Coordinator] writer.py 1897-1904 完成 (rc=0)
[2026-05-18 08:22:07] [Coordinator] writer.py 1889-1896 完成 (rc=0)
[2026-05-18 08:22:13] [Coordinator] writer.py 1905-1912 完成 (rc=0)
[2026-05-18 08:22:13] [Coordinator] 第 1873-1912 章完成，暂停3秒...
[2026-05-18 08:22:17] [Coordinator] 配额 MiniMax-M*: 2568/4500, 剩余 1932
[2026-05-18 08:22:17] [Coordinator] 配额 speech-hd: 0/19000, 剩余 19000
[2026-05-18 08:22:17] [Coordinator] 配额 MiniMax-Hailuo-2.3-Fast-6s-768p: 0/3, 剩余 3
[2026-05-18 08:22:17] [Coordinator] 配额 MiniMax-Hailuo-2.3-6s-768p: 0/3, 剩余 3
[2026-05-18 08:22:17] [Coordinator] 配额 music-2.5: 0/7, 剩余 7
[2026-05-18 08:22:17] [Coordinator] 配额 music-2.6: 0/100, 剩余 100
[2026-05-18 08:22:17] [Coordinator] 配额 music-cover: 0/100, 剩余 100
[2026-05-18 08:22:17] [Coordinator] 配额 lyrics_generation: 0/100, 剩余 100
[2026-05-18 08:22:17] [Coordinator] 配额 image-01: 0/200, 剩余 200
[2026-05-18 08:22:17] [Coordinator] 配额 coding-plan-vlm: 0/450, 剩余 450
[2026-05-18 08:22:17] [Coordinator] 配额 coding-plan-search: 0/450, 剩余 450
[2026-05-18 08:22:17] [Coordinator] ===== 开始第 1913-1952 章 =====
[2026-05-18 08:22:17] [Coordinator] 并行启动 5 个 writer.py 实例
[2026-05-18 08:22:17] [Coordinator] 执行: D:\soft\py\python.exe D:\AiProject\Node\novels5\scripts\writer.py --start 1913 --end 1920
[2026-05-18 08:22:17] [Coordinator] 执行: D:\soft\py\python.exe D:\AiProject\Node\novels5\scripts\writer.py --start 1921 --end 1928
[2026-05-18 08:22:17] [Coordinator] 执行: D:\soft\py\python.exe D:\AiProject\Node\novels5\scripts\writer.py --start 1929 --end 1936
[2026-05-18 08:22:17] [Coordinator] 执行: D:\soft\py\python.exe D:\AiProject\Node\novels5\scripts\writer.py --start 1937 --end 1944
[2026-05-18 08:22:17] [Coordinator] 执行: D:\soft\py\python.exe D:\AiProject\Node\novels5\scripts\writer.py --start 1945 --end 1952============================================================
Rewrite Agent 启动
============================================================
需要重写的章节: 7 个
  第84章: 评分6.5 [需修改]
  第257章: 评分6.5 [需修改]
  第291章: 评分6.5 [需修改]
  第473章: 评分5.5 [需修改]
  第530章: 评分6.8 [需修改]
  第584章: 评分6.5 [需修改]
  第658章: 评分6.5 [需修改]
[2026-05-18 08:26:15] [Rewrite] 第84章终稿已存在，跳过
[2026-05-18 08:26:15] [Rewrite] 第257章终稿已存在，跳过
[2026-05-18 08:26:15] [Rewrite] 第291章终稿已存在，跳过
[2026-05-18 08:26:15] [Rewrite] 第473章终稿已存在，跳过
[2026-05-18 08:26:15] [Rewrite] 第530章终稿已存在，跳过
[2026-05-18 08:26:15] [Rewrite] 第584章终稿已存在，跳过
[2026-05-18 08:26:15] [Rewrite] 第658章终稿已存在，跳过
[2026-05-18 08:26:15] [Rewrite] 完成: 成功0章, 失败0章

[2026-05-18 08:22:35] [Coordinator] writer.py 1913-1920 完成 (rc=0)
[2026-05-18 08:22:35] [Coordinator] writer.py 1929-1936 完成 (rc=0)
[2026-05-18 08:22:45] [WeChat] 进度已推送: 初稿1991/2000, 审查713/2000
[2026-05-18 08:23:56] [Coordinator] writer.py 1921-1928 完成 (rc=0)
[2026-05-18 08:23:56] [Coordinator] writer.py 1937-1944 完成 (rc=0)
[2026-05-18 08:24:20] [Coordinator] writer.py 1945-1952 完成 (rc=0)
[2026-05-18 08:24:20] [Coordinator] 第 1913-1952 章完成，暂停3秒...
[2026-05-18 08:24:23] [Coordinator] 配额 MiniMax-M*: 2643/4500, 剩余 1857
[2026-05-18 08:24:23] [Coordinator] 配额 speech-hd: 0/19000, 剩余 19000
[2026-05-18 08:24:23] [Coordinator] 配额 MiniMax-Hailuo-2.3-Fast-6s-768p: 0/3, 剩余 3
[2026-05-18 08:24:23] [Coordinator] 配额 MiniMax-Hailuo-2.3-6s-768p: 0/3, 剩余 3
[2026-05-18 08:24:23] [Coordinator] 配额 music-2.5: 0/7, 剩余 7
[2026-05-18 08:24:23] [Coordinator] 配额 music-2.6: 0/100, 剩余 100
[2026-05-18 08:24:23] [Coordinator] 配额 music-cover: 0/100, 剩余 100
[2026-05-18 08:24:23] [Coordinator] 配额 lyrics_generation: 0/100, 剩余 100
[2026-05-18 08:24:23] [Coordinator] 配额 image-01: 0/200, 剩余 200
[2026-05-18 08:24:23] [Coordinator] 配额 coding-plan-vlm: 0/450, 剩余 450
[2026-05-18 08:24:23] [Coordinator] 配额 coding-plan-search: 0/450, 剩余 450
[2026-05-18 08:24:23] [Coordinator] ===== 开始第 1953-1992 章 =====
[2026-05-18 08:24:23] [Coordinator] 并行启动 5 个 writer.py 实例
[2026-05-18 08:24:23] [Coordinator] 执行: D:\soft\py\python.exe D:\AiProject\Node\novels5\scripts\writer.py --start 1953 --end 1960
[2026-05-18 08:24:23] [Coordinator] 执行: D:\soft\py\python.exe D:\AiProject\Node\novels5\scripts\writer.py --start 1961 --end 1968
[2026-05-18 08:24:23] [Coordinator] 执行: D:\soft\py\python.exe D:\AiProject\Node\novels5\scripts\writer.py --start 1969 --end 1976
[2026-05-18 08:24:23] [Coordinator] 执行: D:\soft\py\python.exe D:\AiProject\Node\novels5\scripts\writer.py --start 1977 --end 1984
[2026-05-18 08:24:23] [Coordinator] 执行: D:\soft\py\python.exe D:\AiProject\Node\novels5\scripts\writer.py --start 1985 --end 1992
[2026-05-18 08:24:41] [Coordinator] writer.py 1961-1968 完成 (rc=0)
[2026-05-18 08:24:41] [Coordinator] writer.py 1977-1984 完成 (rc=0)
[2026-05-18 08:24:41] [Coordinator] writer.py 1985-1992 完成 (rc=0)
[2026-05-18 08:24:46] [WeChat] 进度已推送: 初稿1998/2000, 审查713/2000
[2026-05-18 08:25:44] [Coordinator] writer.py 1953-1960 完成 (rc=0)
[2026-05-18 08:26:05] [Coordinator] writer.py 1969-1976 完成 (rc=0)
[2026-05-18 08:26:05] [Coordinator] 第 1953-1992 章完成，暂停3秒...
[2026-05-18 08:26:09] [Coordinator] 配额 MiniMax-M*: 2692/4500, 剩余 1808
[2026-05-18 08:26:09] [Coordinator] 配额 speech-hd: 0/19000, 剩余 19000
[2026-05-18 08:26:09] [Coordinator] 配额 MiniMax-Hailuo-2.3-Fast-6s-768p: 0/3, 剩余 3
[2026-05-18 08:26:09] [Coordinator] 配额 MiniMax-Hailuo-2.3-6s-768p: 0/3, 剩余 3
[2026-05-18 08:26:09] [Coordinator] 配额 music-2.5: 0/7, 剩余 7
[2026-05-18 08:26:09] [Coordinator] 配额 music-2.6: 0/100, 剩余 100
[2026-05-18 08:26:09] [Coordinator] 配额 music-cover: 0/100, 剩余 100
[2026-05-18 08:26:09] [Coordinator] 配额 lyrics_generation: 0/100, 剩余 100
[2026-05-18 08:26:09] [Coordinator] 配额 image-01: 0/200, 剩余 200
[2026-05-18 08:26:09] [Coordinator] 配额 coding-plan-vlm: 0/450, 剩余 450
[2026-05-18 08:26:09] [Coordinator] 配额 coding-plan-search: 0/450, 剩余 450
[2026-05-18 08:26:09] [Coordinator] ===== 开始第 1993-2000 章 =====
[2026-05-18 08:26:09] [Coordinator] 并行启动 5 个 writer.py 实例
[2026-05-18 08:26:09] [Coordinator] 执行: D:\soft\py\python.exe D:\AiProject\Node\novels5\scripts\writer.py --start 1993 --end 1993
[2026-05-18 08:26:09] [Coordinator] 执行: D:\soft\py\python.exe D:\AiProject\Node\novels5\scripts\writer.py --start 1994 --end 1994
[2026-05-18 08:26:09] [Coordinator] 执行: D:\soft\py\python.exe D:\AiProject\Node\novels5\scripts\writer.py --start 1995 --end 1995
[2026-05-18 08:26:09] [Coordinator] 执行: D:\soft\py\python.exe D:\AiProject\Node\novels5\scripts\writer.py --start 1996 --end 1996
[2026-05-18 08:26:09] [Coordinator] 执行: D:\soft\py\python.exe D:\AiProject\Node\novels5\scripts\writer.py --start 1997 --end 1997
[2026-05-18 08:26:12] [Coordinator] writer.py 1993-1993 完成 (rc=0)
[2026-05-18 08:26:12] [Coordinator] writer.py 1994-1994 完成 (rc=0)
[2026-05-18 08:26:12] [Coordinator] writer.py 1995-1995 完成 (rc=0)
[2026-05-18 08:26:12] [Coordinator] writer.py 1996-1996 完成 (rc=0)
[2026-05-18 08:26:12] [Coordinator] writer.py 1997-1997 完成 (rc=0)
[2026-05-18 08:26:12] ============================================================
[2026-05-18 08:26:12] [Coordinator] 生成总结报告
[2026-05-18 08:26:12] ============================================================
[2026-05-18 08:26:12] [Coordinator] 总结报告: 已完成 2000/2000 章
[2026-05-18 08:26:12] [Coordinator] 总字数: 11,146,943 字
[2026-05-18 08:26:12] [Coordinator] 平均评分: 7.68
[2026-05-18 08:26:12] [Coordinator] 需重写: 32 章
[2026-05-18 08:26:12] [Coordinator] 第 1993-2000 章完成，暂停3秒...
[2026-05-18 08:26:15] ============================================================
[2026-05-18 08:26:15] [Coordinator] 处理重写队列: 7 章
[2026-05-18 08:26:15] ============================================================
[2026-05-18 08:26:15] [Coordinator] 执行: D:\soft\py\python.exe D:\AiProject\Node\novels5\scripts\rewrite_agent.py
[2026-05-18 08:26:15] [Coordinator] Rewrite Agent 完成 (rc=0)
[2026-05-18 08:26:15] ============================================================
[2026-05-18 08:26:15] [Coordinator] 生成总结报告
[2026-05-18 08:26:15] ============================================================
[2026-05-18 08:26:16] [Coordinator] 总结报告: 已完成 2000/2000 章
[2026-05-18 08:26:16] [Coordinator] 总字数: 11,146,943 字
[2026-05-18 08:26:16] [Coordinator] 平均评分: 7.68
[2026-05-18 08:26:16] [Coordinator] 需重写: 32 章
[2026-05-18 08:26:16] ============================================================
[2026-05-18 08:26:16] [Coordinator] 全部任务完成
[2026-05-18 08:26:16] [Coordinator] 总进度: 2000/2000 章
[2026-05-18 08:26:16] [Coordinator] 总字数: 11,146,943 字
[2026-05-18 08:26:16] ============================================================
