============================================================
Rewrite Agent 启动
============================================================
需要重写的章节: 7 个
  第84章: 评分6.5 [需修改]
  第257章: 评分6.5 [需修改]
  第291章: 评分6.5 [需修改]
  第473章: 评分5.5 [需修改]
  第530章: 评分6.8 [需修改]
  第584章: 评分6.5 [需修改]
  第658章: 评分6.5 [需修改]
[2026-05-18 08:22:00] [Rewrite] 第84章终稿已存在，跳过
[2026-05-18 08:22:00] [Rewrite] 第291章终稿已存在，跳过
[2026-05-18 08:22:00] [Rewrite] 第473章终稿已存在，跳过
[2026-05-18 08:22:00] [Rewrite] 第530章终稿已存在，跳过
[2026-05-18 08:22:00] [Rewrite] 正在重写第257章（初稿2511字，评分6.5）...
[2026-05-18 08:22:00] [Rewrite] 正在重写第658章（初稿2052字，评分6.5）...
[2026-05-18 08:22:00] [Rewrite] 正在重写第584章（初稿2266字，评分6.5）...
[2026-05-18 08:23:23] [Rewrite] 第658章终稿已保存（5927字） -> D:\AiProject\Node\novels5\chapters\final\chapter_0658.txt
[2026-05-18 08:23:37] [Rewrite] 第584章终稿已保存（6586字） -> D:\AiProject\Node\novels5\chapters\final\chapter_0584.txt
[2026-05-18 08:23:58] [Rewrite] 第257章字数不足(3384字)，尝试补充...
[2026-05-18 08:25:53] [Rewrite] 第257章扩充后9349字
[2026-05-18 08:25:53] [Rewrite] 第257章终稿已保存（9349字） -> D:\AiProject\Node\novels5\chapters\final\chapter_0257.txt
[2026-05-18 08:25:53] [Rewrite] 完成: 成功3章, 失败0章
======================================================================
  2000章玄幻小说Agent系统 - Coordinator (60 Agent 版本)
======================================================================
[2026-05-18 08:20:35] [Coordinator] 企业微信进度推送已启动（每2分钟）
[2026-05-18 08:20:35] [Coordinator] 当前进度: 已生成 1998 章，已审查 720 章
[2026-05-18 08:20:35] [Coordinator] 世界观、大纲(2000章)、角色档案已存在
[2026-05-18 08:20:35] [Coordinator] 生成范围: 第1999-2000章（大纲共2000章），批次大小: 40
[2026-05-18 08:20:35] [Coordinator] 配额 MiniMax-M*: 2480/4500, 剩余 2020
[2026-05-18 08:20:35] [Coordinator] 配额 speech-hd: 0/19000, 剩余 19000
[2026-05-18 08:20:35] [Coordinator] 配额 MiniMax-Hailuo-2.3-Fast-6s-768p: 0/3, 剩余 3
[2026-05-18 08:20:35] [Coordinator] 配额 MiniMax-Hailuo-2.3-6s-768p: 0/3, 剩余 3
[2026-05-18 08:20:35] [Coordinator] 配额 music-2.5: 0/7, 剩余 7
[2026-05-18 08:20:35] [Coordinator] 配额 music-2.6: 0/100, 剩余 100
[2026-05-18 08:20:35] [Coordinator] 配额 music-cover: 0/100, 剩余 100
[2026-05-18 08:20:35] [Coordinator] 配额 lyrics_generation: 0/100, 剩余 100
[2026-05-18 08:20:35] [Coordinator] 配额 image-01: 0/200, 剩余 200
[2026-05-18 08:20:35] [Coordinator] 配额 coding-plan-vlm: 0/450, 剩余 450
[2026-05-18 08:20:35] [Coordinator] 配额 coding-plan-search: 0/450, 剩余 450
[2026-05-18 08:20:35] [Coordinator] ===== 开始第 1999-2000 章 =====
[2026-05-18 08:20:35] [Coordinator] 并行启动 2 个 writer.py 实例
[2026-05-18 08:20:35] [Coordinator] 执行: D:\soft\py\python.exe D:\AiProject\Node\novels5\scripts\writer.py --start 1999 --end 1999
[2026-05-18 08:20:35] [Coordinator] 执行: D:\soft\py\python.exe D:\AiProject\Node\novels5\scripts\writer.py --start 2000 --end 2000
[2026-05-18 08:21:48] [Coordinator] writer.py 2000-2000 完成 (rc=0)
[2026-05-18 08:21:57] [Coordinator] writer.py 1999-1999 完成 (rc=0)
[2026-05-18 08:21:57] ============================================================
[2026-05-18 08:21:57] [Coordinator] 生成总结报告
[2026-05-18 08:21:57] ============================================================
[2026-05-18 08:21:57] [Coordinator] 总结报告: 已完成 1985/2000 章
[2026-05-18 08:21:57] [Coordinator] 总字数: 11,033,398 字
[2026-05-18 08:21:57] [Coordinator] 平均评分: 7.68
[2026-05-18 08:21:57] [Coordinator] 需重写: 32 章
[2026-05-18 08:21:57] [Coordinator] 第 1999-2000 章完成，暂停3秒...
[2026-05-18 08:22:00] ============================================================
[2026-05-18 08:22:00] [Coordinator] 处理重写队列: 7 章
[2026-05-18 08:22:00] ============================================================
[2026-05-18 08:22:00] [Coordinator] 执行: D:\soft\py\python.exe D:\AiProject\Node\novels5\scripts\rewrite_agent.py
[2026-05-18 08:22:35] [WeChat] 进度已推送: 初稿1990/2000, 审查713/2000
[2026-05-18 08:24:36] [WeChat] 进度已推送: 初稿1997/2000, 审查713/2000
[2026-05-18 08:25:53] [Coordinator] Rewrite Agent 完成 (rc=0)
[2026-05-18 08:25:53] ============================================================
[2026-05-18 08:25:53] [Coordinator] 生成总结报告
[2026-05-18 08:25:53] ============================================================
[2026-05-18 08:25:53] [Coordinator] 总结报告: 已完成 2000/2000 章
[2026-05-18 08:25:53] [Coordinator] 总字数: 11,143,726 字
[2026-05-18 08:25:53] [Coordinator] 平均评分: 7.68
[2026-05-18 08:25:53] [Coordinator] 需重写: 32 章
[2026-05-18 08:25:53] ============================================================
[2026-05-18 08:25:53] [Coordinator] 全部任务完成
[2026-05-18 08:25:53] [Coordinator] 总进度: 2000/2000 章
[2026-05-18 08:25:53] [Coordinator] 总字数: 11,143,726 字
[2026-05-18 08:25:53] ============================================================
