[ERROR] mmx call failed (rc=4): {
  "error": {
    "code": 4,
    "message": "Rate limit or quota exceeded. Token Plan 主要面向个人开发者的交互式使用场景。当前请求量较高，请稍后重试；如需支持更高并发或自动化任务，建议升级至更高级别套餐，或使用按量付费 API。 (2062)",
    "hint": "Check usage: mmx quota show"
  }
}
============================================================
Planner Agent 启动 - 范围: 第1801章到第1900章
============================================================
[Planner] world.json 已存在，跳过生成
[Planner] characters.json 已存在，跳过生成
[Planner] 正在生成第 1831-1845 章大纲...
[Planner] 第 1831-1845 章大纲已生成（15章）
[Planner] 正在生成第 1846-1860 章大纲...
[Planner] 第 1846-1860 章解析失败: Expecting ',' delimiter: line 58 column 62 (char 2842)
[Planner] 正在生成第 1861-1875 章大纲...
[Planner] 第 1861-1875 章大纲已生成（15章）
[Planner] 正在生成第 1876-1890 章大纲...
[Planner] 第 1876-1890 章大纲已生成（15章）
[Planner] 正在生成第 1891-1900 章大纲...
[Planner] 第 1891-1900 章大纲生成失败
[Planner] 大纲范围 1801-1900 已完成，共 75 章
[Planner] 全部完成
