[2026-05-18 03:30:36] ============================================================
[2026-05-18 03:30:36] Planner Batches - 分批生成大纲
[2026-05-18 03:30:36] ============================================================
[2026-05-18 03:30:36] 开始生成 1-100 章...
============================================================
Planner Agent 启动 - 范围: 第1章到第100章
============================================================
[Planner] world.json 已存在，跳过生成
[Planner] characters.json 已存在，跳过生成
[Planner] 正在生成第 46-60 章大纲...
[Planner] 第 46-60 章大纲已生成（15章）
[Planner] 正在生成第 61-75 章大纲...
[Planner] 第 61-75 章大纲已生成（15章）
[Planner] 正在生成第 76-90 章大纲...
[Planner] 第 76-90 章大纲已生成（15章）
[Planner] 正在生成第 91-100 章大纲...
[Planner] 第 91-100 章大纲已生成（10章）
[Planner] 大纲范围 1-100 已完成，共 100 章
[Planner] 全部完成
[2026-05-18 03:37:19] 开始生成 101-200 章...
