============================================================
Reviewer Agent 启动
============================================================
[2026-05-18 09:10:02] [Reviewer] 正在审查第1801章...
[2026-05-18 09:10:36] [Reviewer] 第1801章审查完成，评分: 8.0， verdict: 通过
[2026-05-18 09:10:37] [Reviewer] 正在审查第1802章...
[2026-05-18 09:11:15] [Reviewer] 第1802章审查完成，评分: 8.2， verdict: 通过
[2026-05-18 09:11:16] [Reviewer] 正在审查第1803章...
[2026-05-18 09:11:50] [Reviewer] 第1803章审查完成，评分: 7.8， verdict: 通过
[2026-05-18 09:11:51] [Reviewer] 正在审查第1804章...
[2026-05-18 09:12:16] [Reviewer] 第1804章审查完成，评分: 8.0， verdict: 通过
[2026-05-18 09:12:17] [Reviewer] 正在审查第1805章...
[2026-05-18 09:12:52] [Reviewer] 第1805章审查完成，评分: 8.5， verdict: 通过
[2026-05-18 09:12:53] [Reviewer] 正在审查第1806章...
[2026-05-18 09:13:26] [Reviewer] 第1806章审查完成，评分: 7.5， verdict: 需修改
[2026-05-18 09:13:27] [Reviewer] 正在审查第1807章...
[2026-05-18 09:14:04] [Reviewer] 第1807章审查完成，评分: 8.0， verdict: 通过
[2026-05-18 09:14:05] [Reviewer] 正在审查第1808章...
[2026-05-18 09:14:36] [Reviewer] 第1808章审查完成，评分: 7.5， verdict: 需修改
[2026-05-18 09:14:37] [Reviewer] 正在审查第1809章...
[2026-05-18 09:15:15] [Reviewer] 第1809章审查完成，评分: 8.0， verdict: 需修改
[2026-05-18 09:15:16] [Reviewer] 正在审查第1810章...
[2026-05-18 09:15:49] [Reviewer] 第1810章审查完成，评分: 7.5， verdict: 需修改
[2026-05-18 09:15:50] [Reviewer] 正在审查第1811章...
[2026-05-18 09:15:51] [ERROR] mmx call failed (rc=4): {
  "error": {
    "code": 4,
    "message": "Rate limit or quota exceeded. Token Plan 主要面向个人开发者的交互式使用场景。当前请求量较高，请稍后重试；如需支持更高并发或自动化任务，建议升级至更高级别套餐，或使用按量付费 API。 (2062)",
    "hint": "Check usage: mmx quota show"
  }
}
[2026-05-18 09:15:51] [Reviewer] 第1811章审查失败
[2026-05-18 09:15:52] [Reviewer] 正在审查第1812章...
[2026-05-18 09:15:55] [ERROR] mmx call failed (rc=4): {
  "error": {
    "code": 4,
    "message": "Rate limit or quota exceeded. Token Plan 主要面向个人开发者的交互式使用场景。当前请求量较高，请稍后重试；如需支持更高并发或自动化任务，建议升级至更高级别套餐，或使用按量付费 API。 (2062)",
    "hint": "Check usage: mmx quota show"
  }
}
[2026-05-18 09:15:55] [Reviewer] 第1812章审查失败
[2026-05-18 09:15:56] [Reviewer] 正在审查第1813章...
[2026-05-18 09:15:59] [ERROR] mmx call failed (rc=4): {
  "error": {
    "code": 4,
    "message": "Rate limit or quota exceeded. Token Plan 主要面向个人开发者的交互式使用场景。当前请求量较高，请稍后重试；如需支持更高并发或自动化任务，建议升级至更高级别套餐，或使用按量付费 API。 (2062)",
    "hint": "Check usage: mmx quota show"
  }
}
[2026-05-18 09:15:59] [Reviewer] 第1813章审查失败
[2026-05-18 09:16:00] [Reviewer] 正在审查第1814章...
[2026-05-18 09:16:03] [ERROR] mmx call failed (rc=4): {
  "error": {
    "code": 4,
    "message": "Rate limit or quota exceeded. Token Plan 主要面向个人开发者的交互式使用场景。当前请求量较高，请稍后重试；如需支持更高并发或自动化任务，建议升级至更高级别套餐，或使用按量付费 API。 (2062)",
    "hint": "Check usage: mmx quota show"
  }
}
[2026-05-18 09:16:03] [Reviewer] 第1814章审查失败
[2026-05-18 09:16:04] [Reviewer] 正在审查第1815章...
[2026-05-18 09:16:08] [ERROR] mmx call failed (rc=4): {
  "error": {
    "code": 4,
    "message": "Rate limit or quota exceeded. Token Plan 主要面向个人开发者的交互式使用场景。当前请求量较高，请稍后重试；如需支持更高并发或自动化任务，建议升级至更高级别套餐，或使用按量付费 API。 (2062)",
    "hint": "Check usage: mmx quota show"
  }
}
[2026-05-18 09:16:08] [Reviewer] 第1815章审查失败
[2026-05-18 09:16:09] [Reviewer] 正在审查第1816章...
[2026-05-18 09:16:12] [ERROR] mmx call failed (rc=4): {
  "error": {
    "code": 4,
    "message": "Rate limit or quota exceeded. Token Plan 主要面向个人开发者的交互式使用场景。当前请求量较高，请稍后重试；如需支持更高并发或自动化任务，建议升级至更高级别套餐，或使用按量付费 API。 (2062)",
    "hint": "Check usage: mmx quota show"
  }
}
[2026-05-18 09:16:12] [Reviewer] 第1816章审查失败
[2026-05-18 09:16:14] [Reviewer] 正在审查第1817章...
[2026-05-18 09:16:46] [Reviewer] 第1817章审查完成，评分: 7.2， verdict: 需修改
[2026-05-18 09:16:47] [Reviewer] 正在审查第1818章...
[2026-05-18 09:16:47] [ERROR] mmx call failed (rc=4): {
  "error": {
    "code": 4,
    "message": "Rate limit or quota exceeded. Token Plan 主要面向个人开发者的交互式使用场景。当前请求量较高，请稍后重试；如需支持更高并发或自动化任务，建议升级至更高级别套餐，或使用按量付费 API。 (2062)",
    "hint": "Check usage: mmx quota show"
  }
}
[2026-05-18 09:16:47] [Reviewer] 第1818章审查失败
[2026-05-18 09:16:48] [Reviewer] 正在审查第1819章...
[2026-05-18 09:16:50] [ERROR] mmx call failed (rc=4): {
  "error": {
    "code": 4,
    "message": "Rate limit or quota exceeded. Token Plan 主要面向个人开发者的交互式使用场景。当前请求量较高，请稍后重试；如需支持更高并发或自动化任务，建议升级至更高级别套餐，或使用按量付费 API。 (2062)",
    "hint": "Check usage: mmx quota show"
  }
}
[2026-05-18 09:16:50] [Reviewer] 第1819章审查失败
[2026-05-18 09:16:51] [Reviewer] 正在审查第1820章...
[2026-05-18 09:16:52] [ERROR] mmx call failed (rc=4): {
  "error": {
    "code": 4,
    "message": "Rate limit or quota exceeded. Token Plan 主要面向个人开发者的交互式使用场景。当前请求量较高，请稍后重试；如需支持更高并发或自动化任务，建议升级至更高级别套餐，或使用按量付费 API。 (2062)",
    "hint": "Check usage: mmx quota show"
  }
}
[2026-05-18 09:16:52] [Reviewer] 第1820章审查失败
[2026-05-18 09:16:53] [Reviewer] 第1821章已审查过，跳过
[2026-05-18 09:16:54] [Reviewer] 正在审查第1822章...
[2026-05-18 09:16:55] [ERROR] mmx call failed (rc=4): {
  "error": {
    "code": 4,
    "message": "Rate limit or quota exceeded. Token Plan 主要面向个人开发者的交互式使用场景。当前请求量较高，请稍后重试；如需支持更高并发或自动化任务，建议升级至更高级别套餐，或使用按量付费 API。 (2062)",
    "hint": "Check usage: mmx quota show"
  }
}
[2026-05-18 09:16:55] [Reviewer] 第1822章审查失败
[2026-05-18 09:16:56] [Reviewer] 正在审查第1823章...
[2026-05-18 09:17:00] [ERROR] mmx call failed (rc=4): {
  "error": {
    "code": 4,
    "message": "Rate limit or quota exceeded. Token Plan 主要面向个人开发者的交互式使用场景。当前请求量较高，请稍后重试；如需支持更高并发或自动化任务，建议升级至更高级别套餐，或使用按量付费 API。 (2062)",
    "hint": "Check usage: mmx quota show"
  }
}
[2026-05-18 09:17:00] [Reviewer] 第1823章审查失败
[2026-05-18 09:17:01] [Reviewer] 正在审查第1824章...
[2026-05-18 09:17:03] [ERROR] mmx call failed (rc=4): {
  "error": {
    "code": 4,
    "message": "Rate limit or quota exceeded. Token Plan 主要面向个人开发者的交互式使用场景。当前请求量较高，请稍后重试；如需支持更高并发或自动化任务，建议升级至更高级别套餐，或使用按量付费 API。 (2062)",
    "hint": "Check usage: mmx quota show"
  }
}
[2026-05-18 09:17:03] [Reviewer] 第1824章审查失败
[2026-05-18 09:17:04] [Reviewer] 正在审查第1825章...
[2026-05-18 09:17:07] [ERROR] mmx call failed (rc=4): {
  "error": {
    "code": 4,
    "message": "Rate limit or quota exceeded. Token Plan 主要面向个人开发者的交互式使用场景。当前请求量较高，请稍后重试；如需支持更高并发或自动化任务，建议升级至更高级别套餐，或使用按量付费 API。 (2062)",
    "hint": "Check usage: mmx quota show"
  }
}
[2026-05-18 09:17:07] [Reviewer] 第1825章审查失败
[2026-05-18 09:17:08] [Reviewer] 正在审查第1826章...
[2026-05-18 09:17:09] [ERROR] mmx call failed (rc=4): {
  "error": {
    "code": 4,
    "message": "Rate limit or quota exceeded. Token Plan 主要面向个人开发者的交互式使用场景。当前请求量较高，请稍后重试；如需支持更高并发或自动化任务，建议升级至更高级别套餐，或使用按量付费 API。 (2062)",
    "hint": "Check usage: mmx quota show"
  }
}
[2026-05-18 09:17:09] [Reviewer] 第1826章审查失败
[2026-05-18 09:17:10] [Reviewer] 正在审查第1827章...
[2026-05-18 09:17:12] [ERROR] mmx call failed (rc=4): {
  "error": {
    "code": 4,
    "message": "Rate limit or quota exceeded. Token Plan 主要面向个人开发者的交互式使用场景。当前请求量较高，请稍后重试；如需支持更高并发或自动化任务，建议升级至更高级别套餐，或使用按量付费 API。 (2062)",
    "hint": "Check usage: mmx quota show"
  }
}
[2026-05-18 09:17:12] [Reviewer] 第1827章审查失败
[2026-05-18 09:17:13] [Reviewer] 正在审查第1828章...
[2026-05-18 09:17:52] [Reviewer] 第1828章审查完成，评分: 7.2， verdict: 需修改
[2026-05-18 09:17:53] [Reviewer] 正在审查第1829章...
[2026-05-18 09:18:33] [Reviewer] 第1829章审查完成，评分: 8.0， verdict: 通过
[2026-05-18 09:18:34] [Reviewer] 正在审查第1830章...
[2026-05-18 09:19:06] [Reviewer] 第1830章审查完成，评分: 7.2， verdict: 需修改
[2026-05-18 09:19:07] [Reviewer] 正在审查第1831章...
[2026-05-18 09:19:38] [Reviewer] 第1831章审查完成，评分: 8.5， verdict: 通过
[2026-05-18 09:19:39] [Reviewer] 第1832章已审查过，跳过
[2026-05-18 09:19:40] [Reviewer] 正在审查第1833章...
[2026-05-18 09:20:19] [Reviewer] 第1833章审查完成，评分: 7.5， verdict: 需修改
[2026-05-18 09:20:20] [Reviewer] 正在审查第1834章...
[2026-05-18 09:21:00] [Reviewer] 第1834章审查完成，评分: 7.5， verdict: 需修改
[2026-05-18 09:21:01] [Reviewer] 正在审查第1835章...
[2026-05-18 09:21:29] [Reviewer] 第1835章审查完成，评分: 7.5， verdict: 需修改
[2026-05-18 09:21:30] [Reviewer] 正在审查第1836章...
[2026-05-18 09:22:05] [Reviewer] 第1836章审查完成，评分: 7.8， verdict: 通过
[2026-05-18 09:22:06] [Reviewer] 第1837章已审查过，跳过
[2026-05-18 09:22:07] [Reviewer] 正在审查第1838章...
[2026-05-18 09:22:48] [Reviewer] JSON解析失败: Expecting ',' delimiter: line 25 column 18 (char 627)
[2026-05-18 09:22:48] [Reviewer] 第1838章审查完成，评分: N/A， verdict: N/A
[2026-05-18 09:22:49] [Reviewer] 正在审查第1839章...
[2026-05-18 09:23:29] [Reviewer] 第1839章审查完成，评分: 8.5， verdict: 通过
[2026-05-18 09:23:30] [Reviewer] 正在审查第1840章...
[2026-05-18 09:24:03] [Reviewer] 第1840章审查完成，评分: 8.0， verdict: 通过
[2026-05-18 09:24:04] [Reviewer] 第1841章已审查过，跳过
[2026-05-18 09:24:05] [Reviewer] 正在审查第1842章...
[2026-05-18 09:24:38] [Reviewer] 第1842章审查完成，评分: 8.5， verdict: 需修改
[2026-05-18 09:24:39] [Reviewer] 正在审查第1843章...
[2026-05-18 09:25:30] [Reviewer] 第1843章审查完成，评分: 7.8， verdict: 需修改
[2026-05-18 09:25:31] [Reviewer] 正在审查第1844章...
[2026-05-18 09:26:13] [Reviewer] 第1844章审查完成，评分: 7.5， verdict: 需修改
[2026-05-18 09:26:14] [Reviewer] 正在审查第1845章...
[2026-05-18 09:26:51] [Reviewer] 第1845章审查完成，评分: 8.5， verdict: 通过
[2026-05-18 09:26:52] [Reviewer] 第1846章已审查过，跳过
[2026-05-18 09:26:54] [Reviewer] 正在审查第1847章...
[2026-05-18 09:27:23] [Reviewer] 第1847章审查完成，评分: 8.5， verdict: 通过
[2026-05-18 09:27:24] [Reviewer] 正在审查第1848章...
[2026-05-18 09:27:59] [Reviewer] 第1848章审查完成，评分: 8.5， verdict: 通过
[2026-05-18 09:28:00] [Reviewer] 正在审查第1849章...
[2026-05-18 09:28:37] [Reviewer] 第1849章审查完成，评分: 7.8， verdict: 需修改
[2026-05-18 09:28:38] [Reviewer] 第1850章已审查过，跳过
[2026-05-18 09:28:39] [Reviewer] 正在审查第1851章...
[2026-05-18 09:29:14] [Reviewer] 第1851章审查完成，评分: 7.5， verdict: 需修改
[2026-05-18 09:29:15] [Reviewer] 正在审查第1852章...
[2026-05-18 09:29:51] [Reviewer] 第1852章审查完成，评分: 8.3， verdict: 通过
[2026-05-18 09:29:52] [Reviewer] 正在审查第1853章...
[2026-05-18 09:30:26] [Reviewer] 第1853章审查完成，评分: 7.5， verdict: 需修改
[2026-05-18 09:30:27] [Reviewer] 正在审查第1854章...
[2026-05-18 09:31:04] [Reviewer] 第1854章审查完成，评分: 8， verdict: 需修改
[2026-05-18 09:31:05] [Reviewer] 正在审查第1855章...
[2026-05-18 09:31:42] [Reviewer] 第1855章审查完成，评分: 8.0， verdict: 通过
[2026-05-18 09:31:43] [Reviewer] 正在审查第1856章...
[2026-05-18 09:32:17] [Reviewer] 第1856章审查完成，评分: 7.8， verdict: 需修改
[2026-05-18 09:32:18] [Reviewer] 正在审查第1857章...
[2026-05-18 09:32:55] [Reviewer] 第1857章审查完成，评分: 8.5， verdict: 通过
[2026-05-18 09:32:56] [Reviewer] 正在审查第1858章...
[2026-05-18 09:33:37] [Reviewer] JSON解析失败: Expecting ',' delimiter: line 21 column 30 (char 443)
[2026-05-18 09:33:37] [Reviewer] 第1858章审查完成，评分: N/A， verdict: N/A
[2026-05-18 09:33:38] [Reviewer] 第1859章已审查过，跳过
[2026-05-18 09:33:39] [Reviewer] 第1860章已审查过，跳过
[2026-05-18 09:33:40] [Reviewer] 第1861章已审查过，跳过
[2026-05-18 09:33:41] [Reviewer] 正在审查第1862章...
[2026-05-18 09:34:18] [Reviewer] 第1862章审查完成，评分: 8.0， verdict: 需修改
[2026-05-18 09:34:19] [Reviewer] 正在审查第1863章...
[2026-05-18 09:35:04] [Reviewer] 第1863章审查完成，评分: 8.2， verdict: 通过
[2026-05-18 09:35:05] [Reviewer] 正在审查第1864章...
[2026-05-18 09:35:37] [Reviewer] 第1864章审查完成，评分: 6.5， verdict: 需修改
[2026-05-18 09:35:38] [Reviewer] 正在审查第1865章...
[2026-05-18 09:36:21] [Reviewer] 第1865章审查完成，评分: 7.5， verdict: 需修改
[2026-05-18 09:36:22] [Reviewer] 正在审查第1866章...
[2026-05-18 09:37:00] [Reviewer] 第1866章审查完成，评分: 7.5， verdict: 需修改
[2026-05-18 09:37:01] [Reviewer] 第1867章已审查过，跳过
[2026-05-18 09:37:02] [Reviewer] 正在审查第1868章...
[2026-05-18 09:37:45] [Reviewer] 第1868章审查完成，评分: 8.5， verdict: 需修改
[2026-05-18 09:37:46] [Reviewer] 正在审查第1869章...
[2026-05-18 09:38:24] [Reviewer] 第1869章审查完成，评分: 7.5， verdict: 需修改
[2026-05-18 09:38:25] [Reviewer] 正在审查第1870章...
[2026-05-18 09:38:58] [Reviewer] 第1870章审查完成，评分: 7.5， verdict: 需修改
[2026-05-18 09:38:59] [Reviewer] 正在审查第1871章...
[2026-05-18 09:39:32] [Reviewer] 第1871章审查完成，评分: 7.5， verdict: 通过
[2026-05-18 09:39:33] [Reviewer] 正在审查第1872章...
[2026-05-18 09:40:10] [Reviewer] 第1872章审查完成，评分: 7.5， verdict: 需修改
[2026-05-18 09:40:11] [Reviewer] 正在审查第1873章...
[2026-05-18 09:40:50] [Reviewer] 第1873章审查完成，评分: 7.5， verdict: 需修改
[2026-05-18 09:40:51] [Reviewer] 正在审查第1874章...
[2026-05-18 09:41:36] [Reviewer] 第1874章审查完成，评分: 7.5， verdict: 需修改
[2026-05-18 09:41:37] [Reviewer] 正在审查第1875章...
[2026-05-18 09:42:15] [Reviewer] 第1875章审查完成，评分: 7.8， verdict: 需修改
[2026-05-18 09:42:16] [Reviewer] 正在审查第1876章...
[2026-05-18 09:42:50] [Reviewer] 第1876章审查完成，评分: 8.0， verdict: 通过
[2026-05-18 09:42:51] [Reviewer] 正在审查第1877章...
[2026-05-18 09:43:21] [Reviewer] 第1877章审查完成，评分: 8.5， verdict: 通过
[2026-05-18 09:43:22] [Reviewer] 正在审查第1878章...
[2026-05-18 09:44:12] [Reviewer] 第1878章审查完成，评分: 7.8， verdict: 通过
[2026-05-18 09:44:13] [Reviewer] 正在审查第1879章...
[2026-05-18 09:44:45] [Reviewer] 第1879章审查完成，评分: 7.2， verdict: 需修改
[2026-05-18 09:44:46] [Reviewer] 正在审查第1880章...
[2026-05-18 09:45:30] [Reviewer] 第1880章审查完成，评分: 7.5， verdict: 需修改
[2026-05-18 09:45:31] [Reviewer] 第1881章已审查过，跳过
[2026-05-18 09:45:32] [Reviewer] 正在审查第1882章...
[2026-05-18 09:46:09] [Reviewer] 第1882章审查完成，评分: 7.5， verdict: 需修改
[2026-05-18 09:46:10] [Reviewer] 正在审查第1883章...
[2026-05-18 09:46:50] [Reviewer] 第1883章审查完成，评分: 8.0， verdict: 需修改
[2026-05-18 09:46:51] [Reviewer] 正在审查第1884章...
[2026-05-18 09:47:27] [Reviewer] 第1884章审查完成，评分: 8， verdict: 通过
[2026-05-18 09:47:28] [Reviewer] 正在审查第1885章...
[2026-05-18 09:48:26] [Reviewer] 第1885章审查完成，评分: 8.5， verdict: 需修改
[2026-05-18 09:48:27] [Reviewer] 正在审查第1886章...
[2026-05-18 09:49:12] [Reviewer] 第1886章审查完成，评分: 7.8， verdict: 需修改
[2026-05-18 09:49:13] [Reviewer] 第1887章已审查过，跳过
[2026-05-18 09:49:14] [Reviewer] 正在审查第1888章...
[2026-05-18 09:50:04] [Reviewer] 第1888章审查完成，评分: 8.2， verdict: 通过
[2026-05-18 09:50:05] [Reviewer] 正在审查第1889章...
[2026-05-18 09:50:06] [ERROR] mmx call failed (rc=4): {
  "error": {
    "code": 4,
    "message": "Rate limit or quota exceeded. usage limit exceeded, 5-hour usage limit reached for Token Plan Hs_max (4500/4500 used), resets at 2026-05-18T10:00:00+08:00 (2056)",
    "hint": "Check usage: mmx quota show"
  }
}
[2026-05-18 09:50:06] [Reviewer] 第1889章审查失败
[2026-05-18 09:50:07] [Reviewer] 正在审查第1890章...
[2026-05-18 09:50:07] [ERROR] mmx call failed (rc=4): {
  "error": {
    "code": 4,
    "message": "Rate limit or quota exceeded. usage limit exceeded, 5-hour usage limit reached for Token Plan Hs_max (4500/4500 used), resets at 2026-05-18T10:00:00+08:00 (2056)",
    "hint": "Check usage: mmx quota show"
  }
}
[2026-05-18 09:50:07] [Reviewer] 第1890章审查失败
[2026-05-18 09:50:08] [Reviewer] 正在审查第1891章...
[2026-05-18 09:50:09] [ERROR] mmx call failed (rc=4): {
  "error": {
    "code": 4,
    "message": "Rate limit or quota exceeded. usage limit exceeded, 5-hour usage limit reached for Token Plan Hs_max (4500/4500 used), resets at 2026-05-18T10:00:00+08:00 (2056)",
    "hint": "Check usage: mmx quota show"
  }
}
[2026-05-18 09:50:09] [Reviewer] 第1891章审查失败
[2026-05-18 09:50:10] [Reviewer] 正在审查第1892章...
[2026-05-18 09:50:10] [ERROR] mmx call failed (rc=4): {
  "error": {
    "code": 4,
    "message": "Rate limit or quota exceeded. Token Plan 主要面向个人开发者的交互式使用场景。当前请求量较高，请稍后重试；如需支持更高并发或自动化任务，建议升级至更高级别套餐，或使用按量付费 API。 (2062)",
    "hint": "Check usage: mmx quota show"
  }
}
[2026-05-18 09:50:10] [Reviewer] 第1892章审查失败
[2026-05-18 09:50:11] [Reviewer] 正在审查第1893章...
[2026-05-18 09:50:11] [ERROR] mmx call failed (rc=4): {
  "error": {
    "code": 4,
    "message": "Rate limit or quota exceeded. Token Plan 主要面向个人开发者的交互式使用场景。当前请求量较高，请稍后重试；如需支持更高并发或自动化任务，建议升级至更高级别套餐，或使用按量付费 API。 (2062)",
    "hint": "Check usage: mmx quota show"
  }
}
[2026-05-18 09:50:11] [Reviewer] 第1893章审查失败
[2026-05-18 09:50:12] [Reviewer] 正在审查第1894章...
[2026-05-18 09:50:13] [ERROR] mmx call failed (rc=4): {
  "error": {
    "code": 4,
    "message": "Rate limit or quota exceeded. Token Plan 主要面向个人开发者的交互式使用场景。当前请求量较高，请稍后重试；如需支持更高并发或自动化任务，建议升级至更高级别套餐，或使用按量付费 API。 (2062)",
    "hint": "Check usage: mmx quota show"
  }
}
[2026-05-18 09:50:13] [Reviewer] 第1894章审查失败
[2026-05-18 09:50:14] [Reviewer] 正在审查第1895章...
[2026-05-18 09:50:14] [ERROR] mmx call failed (rc=4): {
  "error": {
    "code": 4,
    "message": "Rate limit or quota exceeded. usage limit exceeded, 5-hour usage limit reached for Token Plan Hs_max (4500/4500 used), resets at 2026-05-18T10:00:00+08:00 (2056)",
    "hint": "Check usage: mmx quota show"
  }
}
[2026-05-18 09:50:14] [Reviewer] 第1895章审查失败
[2026-05-18 09:50:15] [Reviewer] 第1896章已审查过，跳过
[2026-05-18 09:50:16] [Reviewer] 正在审查第1897章...
[2026-05-18 09:50:17] [ERROR] mmx call failed (rc=4): {
  "error": {
    "code": 4,
    "message": "Rate limit or quota exceeded. usage limit exceeded, 5-hour usage limit reached for Token Plan Hs_max (4500/4500 used), resets at 2026-05-18T10:00:00+08:00 (2056)",
    "hint": "Check usage: mmx quota show"
  }
}
[2026-05-18 09:50:17] [Reviewer] 第1897章审查失败
[2026-05-18 09:50:18] [Reviewer] 正在审查第1898章...
[2026-05-18 09:50:18] [ERROR] mmx call failed (rc=4): {
  "error": {
    "code": 4,
    "message": "Rate limit or quota exceeded. usage limit exceeded, 5-hour usage limit reached for Token Plan Hs_max (4500/4500 used), resets at 2026-05-18T10:00:00+08:00 (2056)",
    "hint": "Check usage: mmx quota show"
  }
}
[2026-05-18 09:50:18] [Reviewer] 第1898章审查失败
[2026-05-18 09:50:19] [Reviewer] 正在审查第1899章...
[2026-05-18 09:50:20] [ERROR] mmx call failed (rc=4): {
  "error": {
    "code": 4,
    "message": "Rate limit or quota exceeded. usage limit exceeded, 5-hour usage limit reached for Token Plan Hs_max (4500/4500 used), resets at 2026-05-18T10:00:00+08:00 (2056)",
    "hint": "Check usage: mmx quota show"
  }
}
[2026-05-18 09:50:20] [Reviewer] 第1899章审查失败
[2026-05-18 09:50:21] [Reviewer] 正在审查第1900章...
[2026-05-18 09:50:21] [ERROR] mmx call failed (rc=4): {
  "error": {
    "code": 4,
    "message": "Rate limit or quota exceeded. usage limit exceeded, 5-hour usage limit reached for Token Plan Hs_max (4500/4500 used), resets at 2026-05-18T10:00:00+08:00 (2056)",
    "hint": "Check usage: mmx quota show"
  }
}
[2026-05-18 09:50:21] [Reviewer] 第1900章审查失败
[2026-05-18 09:50:22] [Reviewer] 全部完成
