============================================================
Reviewer Agent 启动
============================================================
[2026-05-18 09:10:02] [Reviewer] 正在审查第1901章...
[2026-05-18 09:10:38] [Reviewer] 第1901章审查完成，评分: 8.2， verdict: 通过
[2026-05-18 09:10:39] [Reviewer] 正在审查第1902章...
[2026-05-18 09:11:13] [Reviewer] 第1902章审查完成，评分: 7.8， verdict: 需修改
[2026-05-18 09:11:14] [Reviewer] 正在审查第1903章...
[2026-05-18 09:11:51] [Reviewer] 第1903章审查完成，评分: 8.5， verdict: 通过
[2026-05-18 09:11:52] [Reviewer] 正在审查第1904章...
[2026-05-18 09:12:21] [Reviewer] 第1904章审查完成，评分: 8.5， verdict: 通过
[2026-05-18 09:12:22] [Reviewer] 正在审查第1905章...
[2026-05-18 09:12:52] [Reviewer] 第1905章审查完成，评分: 7.5， verdict: 需修改
[2026-05-18 09:12:53] [Reviewer] 正在审查第1906章...
[2026-05-18 09:13:27] [Reviewer] 第1906章审查完成，评分: 8.0， verdict: 通过
[2026-05-18 09:13:28] [Reviewer] 正在审查第1907章...
[2026-05-18 09:14:00] [Reviewer] 第1907章审查完成，评分: 8.5， verdict: 通过
[2026-05-18 09:14:01] [Reviewer] 正在审查第1908章...
[2026-05-18 09:14:32] [Reviewer] 第1908章审查完成，评分: 8.0， verdict: 通过
[2026-05-18 09:14:33] [Reviewer] 正在审查第1909章...
[2026-05-18 09:15:15] [Reviewer] 第1909章审查完成，评分: 7.8， verdict: 需修改
[2026-05-18 09:15:16] [Reviewer] 正在审查第1910章...
[2026-05-18 09:15:53] [Reviewer] 第1910章审查完成，评分: 8.2， verdict: 通过
[2026-05-18 09:15:54] [Reviewer] 正在审查第1911章...
[2026-05-18 09:15:57] [ERROR] mmx call failed (rc=4): {
  "error": {
    "code": 4,
    "message": "Rate limit or quota exceeded. Token Plan 主要面向个人开发者的交互式使用场景。当前请求量较高，请稍后重试；如需支持更高并发或自动化任务，建议升级至更高级别套餐，或使用按量付费 API。 (2062)",
    "hint": "Check usage: mmx quota show"
  }
}
[2026-05-18 09:15:57] [Reviewer] 第1911章审查失败
[2026-05-18 09:15:58] [Reviewer] 第1912章已审查过，跳过
[2026-05-18 09:15:59] [Reviewer] 正在审查第1913章...
[2026-05-18 09:16:02] [ERROR] mmx call failed (rc=4): {
  "error": {
    "code": 4,
    "message": "Rate limit or quota exceeded. Token Plan 主要面向个人开发者的交互式使用场景。当前请求量较高，请稍后重试；如需支持更高并发或自动化任务，建议升级至更高级别套餐，或使用按量付费 API。 (2062)",
    "hint": "Check usage: mmx quota show"
  }
}
[2026-05-18 09:16:02] [Reviewer] 第1913章审查失败
[2026-05-18 09:16:03] [Reviewer] 正在审查第1914章...
[2026-05-18 09:16:05] [ERROR] mmx call failed (rc=4): {
  "error": {
    "code": 4,
    "message": "Rate limit or quota exceeded. Token Plan 主要面向个人开发者的交互式使用场景。当前请求量较高，请稍后重试；如需支持更高并发或自动化任务，建议升级至更高级别套餐，或使用按量付费 API。 (2062)",
    "hint": "Check usage: mmx quota show"
  }
}
[2026-05-18 09:16:05] [Reviewer] 第1914章审查失败
[2026-05-18 09:16:06] [Reviewer] 正在审查第1915章...
[2026-05-18 09:16:10] [ERROR] mmx call failed (rc=4): {
  "error": {
    "code": 4,
    "message": "Rate limit or quota exceeded. Token Plan 主要面向个人开发者的交互式使用场景。当前请求量较高，请稍后重试；如需支持更高并发或自动化任务，建议升级至更高级别套餐，或使用按量付费 API。 (2062)",
    "hint": "Check usage: mmx quota show"
  }
}
[2026-05-18 09:16:10] [Reviewer] 第1915章审查失败
[2026-05-18 09:16:11] [Reviewer] 正在审查第1916章...
[2026-05-18 09:16:43] [Reviewer] 第1916章审查完成，评分: 7.5， verdict: 需修改
[2026-05-18 09:16:44] [Reviewer] 正在审查第1917章...
[2026-05-18 09:16:44] [ERROR] mmx call failed (rc=4): {
  "error": {
    "code": 4,
    "message": "Rate limit or quota exceeded. Token Plan 主要面向个人开发者的交互式使用场景。当前请求量较高，请稍后重试；如需支持更高并发或自动化任务，建议升级至更高级别套餐，或使用按量付费 API。 (2062)",
    "hint": "Check usage: mmx quota show"
  }
}
[2026-05-18 09:16:44] [Reviewer] 第1917章审查失败
[2026-05-18 09:16:45] [Reviewer] 正在审查第1918章...
[2026-05-18 09:16:46] [ERROR] mmx call failed (rc=4): {
  "error": {
    "code": 4,
    "message": "Rate limit or quota exceeded. Token Plan 主要面向个人开发者的交互式使用场景。当前请求量较高，请稍后重试；如需支持更高并发或自动化任务，建议升级至更高级别套餐，或使用按量付费 API。 (2062)",
    "hint": "Check usage: mmx quota show"
  }
}
[2026-05-18 09:16:46] [Reviewer] 第1918章审查失败
[2026-05-18 09:16:47] [Reviewer] 正在审查第1919章...
[2026-05-18 09:16:47] [ERROR] mmx call failed (rc=4): {
  "error": {
    "code": 4,
    "message": "Rate limit or quota exceeded. Token Plan 主要面向个人开发者的交互式使用场景。当前请求量较高，请稍后重试；如需支持更高并发或自动化任务，建议升级至更高级别套餐，或使用按量付费 API。 (2062)",
    "hint": "Check usage: mmx quota show"
  }
}
[2026-05-18 09:16:47] [Reviewer] 第1919章审查失败
[2026-05-18 09:16:49] [Reviewer] 正在审查第1920章...
[2026-05-18 09:16:49] [ERROR] mmx call failed (rc=4): {
  "error": {
    "code": 4,
    "message": "Rate limit or quota exceeded. Token Plan 主要面向个人开发者的交互式使用场景。当前请求量较高，请稍后重试；如需支持更高并发或自动化任务，建议升级至更高级别套餐，或使用按量付费 API。 (2062)",
    "hint": "Check usage: mmx quota show"
  }
}
[2026-05-18 09:16:49] [Reviewer] 第1920章审查失败
[2026-05-18 09:16:50] [Reviewer] 第1921章已审查过，跳过
[2026-05-18 09:16:51] [Reviewer] 正在审查第1922章...
[2026-05-18 09:16:52] [ERROR] mmx call failed (rc=4): {
  "error": {
    "code": 4,
    "message": "Rate limit or quota exceeded. Token Plan 主要面向个人开发者的交互式使用场景。当前请求量较高，请稍后重试；如需支持更高并发或自动化任务，建议升级至更高级别套餐，或使用按量付费 API。 (2062)",
    "hint": "Check usage: mmx quota show"
  }
}
[2026-05-18 09:16:52] [Reviewer] 第1922章审查失败
[2026-05-18 09:16:53] [Reviewer] 正在审查第1923章...
[2026-05-18 09:16:55] [ERROR] mmx call failed (rc=4): {
  "error": {
    "code": 4,
    "message": "Rate limit or quota exceeded. Token Plan 主要面向个人开发者的交互式使用场景。当前请求量较高，请稍后重试；如需支持更高并发或自动化任务，建议升级至更高级别套餐，或使用按量付费 API。 (2062)",
    "hint": "Check usage: mmx quota show"
  }
}
[2026-05-18 09:16:55] [Reviewer] 第1923章审查失败
[2026-05-18 09:16:56] [Reviewer] 正在审查第1924章...
[2026-05-18 09:16:58] [ERROR] mmx call failed (rc=4): {
  "error": {
    "code": 4,
    "message": "Rate limit or quota exceeded. Token Plan 主要面向个人开发者的交互式使用场景。当前请求量较高，请稍后重试；如需支持更高并发或自动化任务，建议升级至更高级别套餐，或使用按量付费 API。 (2062)",
    "hint": "Check usage: mmx quota show"
  }
}
[2026-05-18 09:16:58] [Reviewer] 第1924章审查失败
[2026-05-18 09:16:59] [Reviewer] 正在审查第1925章...
[2026-05-18 09:17:02] [ERROR] mmx call failed (rc=4): {
  "error": {
    "code": 4,
    "message": "Rate limit or quota exceeded. Token Plan 主要面向个人开发者的交互式使用场景。当前请求量较高，请稍后重试；如需支持更高并发或自动化任务，建议升级至更高级别套餐，或使用按量付费 API。 (2062)",
    "hint": "Check usage: mmx quota show"
  }
}
[2026-05-18 09:17:02] [Reviewer] 第1925章审查失败
[2026-05-18 09:17:03] [Reviewer] 第1926章已审查过，跳过
[2026-05-18 09:17:04] [Reviewer] 正在审查第1927章...
[2026-05-18 09:17:07] [ERROR] mmx call failed (rc=4): {
  "error": {
    "code": 4,
    "message": "Rate limit or quota exceeded. Token Plan 主要面向个人开发者的交互式使用场景。当前请求量较高，请稍后重试；如需支持更高并发或自动化任务，建议升级至更高级别套餐，或使用按量付费 API。 (2062)",
    "hint": "Check usage: mmx quota show"
  }
}
[2026-05-18 09:17:07] [Reviewer] 第1927章审查失败
[2026-05-18 09:17:08] [Reviewer] 正在审查第1928章...
[2026-05-18 09:17:10] [ERROR] mmx call failed (rc=4): {
  "error": {
    "code": 4,
    "message": "Rate limit or quota exceeded. Token Plan 主要面向个人开发者的交互式使用场景。当前请求量较高，请稍后重试；如需支持更高并发或自动化任务，建议升级至更高级别套餐，或使用按量付费 API。 (2062)",
    "hint": "Check usage: mmx quota show"
  }
}
[2026-05-18 09:17:10] [Reviewer] 第1928章审查失败
[2026-05-18 09:17:11] [Reviewer] 正在审查第1929章...
[2026-05-18 09:17:12] [ERROR] mmx call failed (rc=4): {
  "error": {
    "code": 4,
    "message": "Rate limit or quota exceeded. Token Plan 主要面向个人开发者的交互式使用场景。当前请求量较高，请稍后重试；如需支持更高并发或自动化任务，建议升级至更高级别套餐，或使用按量付费 API。 (2062)",
    "hint": "Check usage: mmx quota show"
  }
}
[2026-05-18 09:17:12] [Reviewer] 第1929章审查失败
[2026-05-18 09:17:13] [Reviewer] 正在审查第1930章...
[2026-05-18 09:17:53] [Reviewer] 第1930章审查完成，评分: 8， verdict: 需修改
[2026-05-18 09:17:54] [Reviewer] 第1931章已审查过，跳过
[2026-05-18 09:17:55] [Reviewer] 正在审查第1932章...
[2026-05-18 09:18:28] [Reviewer] 第1932章审查完成，评分: 8.5， verdict: 通过
[2026-05-18 09:18:29] [Reviewer] 正在审查第1933章...
[2026-05-18 09:19:01] [Reviewer] 第1933章审查完成，评分: 8.3， verdict: 通过
[2026-05-18 09:19:02] [Reviewer] 正在审查第1934章...
[2026-05-18 09:19:31] [Reviewer] 第1934章审查完成，评分: 7.8， verdict: 通过
[2026-05-18 09:19:32] [Reviewer] 正在审查第1935章...
[2026-05-18 09:20:03] [Reviewer] 第1935章审查完成，评分: 8.0， verdict: 通过
[2026-05-18 09:20:04] [Reviewer] 正在审查第1936章...
[2026-05-18 09:20:56] [Reviewer] 第1936章审查完成，评分: 8.0， verdict: 通过
[2026-05-18 09:20:57] [Reviewer] 正在审查第1937章...
[2026-05-18 09:21:33] [Reviewer] 第1937章审查完成，评分: 7.2， verdict: 需修改
[2026-05-18 09:21:34] [Reviewer] 正在审查第1938章...
[2026-05-18 09:22:13] [Reviewer] 第1938章审查完成，评分: 8.2， verdict: 需修改
[2026-05-18 09:22:14] [Reviewer] 正在审查第1939章...
[2026-05-18 09:22:52] [Reviewer] 第1939章审查完成，评分: 8.5， verdict: 通过
[2026-05-18 09:22:53] [Reviewer] 正在审查第1940章...
[2026-05-18 09:23:41] [Reviewer] 第1940章审查完成，评分: 8， verdict: 通过
[2026-05-18 09:23:42] [Reviewer] 第1941章已审查过，跳过
[2026-05-18 09:23:43] [Reviewer] 正在审查第1942章...
[2026-05-18 09:24:31] [Reviewer] 第1942章审查完成，评分: 7.8， verdict: 需修改
[2026-05-18 09:24:32] [Reviewer] 第1943章已审查过，跳过
[2026-05-18 09:24:33] [Reviewer] 正在审查第1944章...
[2026-05-18 09:25:15] [Reviewer] 第1944章审查完成，评分: 7.5， verdict: 需修改
[2026-05-18 09:25:16] [Reviewer] 正在审查第1945章...
[2026-05-18 09:26:03] [Reviewer] 第1945章审查完成，评分: 8.2， verdict: 通过
[2026-05-18 09:26:04] [Reviewer] 正在审查第1946章...
[2026-05-18 09:26:45] [Reviewer] 第1946章审查完成，评分: 8.5， verdict: 通过
[2026-05-18 09:26:46] [Reviewer] 正在审查第1947章...
[2026-05-18 09:27:25] [Reviewer] 第1947章审查完成，评分: 8， verdict: 通过
[2026-05-18 09:27:26] [Reviewer] 第1948章已审查过，跳过
[2026-05-18 09:27:27] [Reviewer] 正在审查第1949章...
[2026-05-18 09:27:56] [Reviewer] 第1949章审查完成，评分: 8.0， verdict: 通过
[2026-05-18 09:27:57] [Reviewer] 正在审查第1950章...
[2026-05-18 09:28:43] [Reviewer] 第1950章审查完成，评分: 7.8， verdict: 需修改
[2026-05-18 09:28:44] [Reviewer] 正在审查第1951章...
[2026-05-18 09:29:21] [Reviewer] 第1951章审查完成，评分: 8.5， verdict: 通过
[2026-05-18 09:29:22] [Reviewer] 正在审查第1952章...
[2026-05-18 09:29:52] [Reviewer] 第1952章审查完成，评分: 7.2， verdict: 需修改
[2026-05-18 09:29:53] [Reviewer] 正在审查第1953章...
[2026-05-18 09:30:25] [Reviewer] 第1953章审查完成，评分: 7.2， verdict: 需修改
[2026-05-18 09:30:26] [Reviewer] 正在审查第1954章...
[2026-05-18 09:30:57] [Reviewer] 第1954章审查完成，评分: 8.5， verdict: 通过
[2026-05-18 09:30:58] [Reviewer] 正在审查第1955章...
[2026-05-18 09:31:31] [Reviewer] 第1955章审查完成，评分: 8.0， verdict: 通过
[2026-05-18 09:31:32] [Reviewer] 正在审查第1956章...
[2026-05-18 09:32:05] [Reviewer] 第1956章审查完成，评分: 7.5， verdict: 需修改
[2026-05-18 09:32:06] [Reviewer] 正在审查第1957章...
[2026-05-18 09:32:41] [Reviewer] 第1957章审查完成，评分: 8.5， verdict: 通过
[2026-05-18 09:32:42] [Reviewer] 正在审查第1958章...
[2026-05-18 09:33:18] [Reviewer] 第1958章审查完成，评分: 7.5， verdict: 需修改
[2026-05-18 09:33:19] [Reviewer] 第1959章已审查过，跳过
[2026-05-18 09:33:20] [Reviewer] 第1960章已审查过，跳过
[2026-05-18 09:33:21] [Reviewer] 第1961章已审查过，跳过
[2026-05-18 09:33:22] [Reviewer] 正在审查第1962章...
[2026-05-18 09:34:01] [Reviewer] 第1962章审查完成，评分: 5.5， verdict: 需修改
[2026-05-18 09:34:02] [Reviewer] 正在审查第1963章...
[2026-05-18 09:34:46] [Reviewer] 第1963章审查完成，评分: 7.6， verdict: 需修改
[2026-05-18 09:34:47] [Reviewer] 正在审查第1964章...
[2026-05-18 09:35:25] [Reviewer] 第1964章审查完成，评分: 7.8， verdict: 需修改
[2026-05-18 09:35:26] [Reviewer] 正在审查第1965章...
[2026-05-18 09:36:16] [Reviewer] 第1965章审查完成，评分: 7.8， verdict: 通过
[2026-05-18 09:36:17] [Reviewer] 正在审查第1966章...
[2026-05-18 09:36:55] [Reviewer] 第1966章审查完成，评分: 7.8， verdict: 需修改
[2026-05-18 09:36:56] [Reviewer] 正在审查第1967章...
[2026-05-18 09:37:36] [Reviewer] 第1967章审查完成，评分: 7.8， verdict: 需修改
[2026-05-18 09:37:37] [Reviewer] 正在审查第1968章...
[2026-05-18 09:38:11] [Reviewer] 第1968章审查完成，评分: 8.5， verdict: 通过
[2026-05-18 09:38:12] [Reviewer] 第1969章已审查过，跳过
[2026-05-18 09:38:13] [Reviewer] 正在审查第1970章...
[2026-05-18 09:38:48] [Reviewer] 第1970章审查完成，评分: 7.5， verdict: 需修改
[2026-05-18 09:38:49] [Reviewer] 正在审查第1971章...
[2026-05-18 09:39:19] [Reviewer] 第1971章审查完成，评分: 7.2， verdict: 需修改
[2026-05-18 09:39:20] [Reviewer] 正在审查第1972章...
[2026-05-18 09:39:55] [Reviewer] 第1972章审查完成，评分: 8.2， verdict: 需修改
[2026-05-18 09:39:56] [Reviewer] 正在审查第1973章...
[2026-05-18 09:40:28] [Reviewer] JSON解析失败: Expecting ',' delimiter: line 47 column 106 (char 1590)
[2026-05-18 09:40:28] [Reviewer] 第1973章审查完成，评分: N/A， verdict: N/A
[2026-05-18 09:40:29] [Reviewer] 第1974章已审查过，跳过
[2026-05-18 09:40:30] [Reviewer] 正在审查第1975章...
[2026-05-18 09:41:14] [Reviewer] 第1975章审查完成，评分: 7.5， verdict: 需修改
[2026-05-18 09:41:15] [Reviewer] 正在审查第1976章...
[2026-05-18 09:41:47] [Reviewer] 第1976章审查完成，评分: 8.0， verdict: 通过
[2026-05-18 09:41:48] [Reviewer] 正在审查第1977章...
[2026-05-18 09:42:28] [Reviewer] 第1977章审查完成，评分: 8.2， verdict: 需修改
[2026-05-18 09:42:29] [Reviewer] 正在审查第1978章...
[2026-05-18 09:43:18] [Reviewer] JSON解析失败: Expecting ',' delimiter: line 22 column 24 (char 475)
[2026-05-18 09:43:18] [Reviewer] 第1978章审查完成，评分: N/A， verdict: N/A
[2026-05-18 09:43:19] [Reviewer] 正在审查第1979章...
[2026-05-18 09:43:53] [Reviewer] 第1979章审查完成，评分: 7.5， verdict: 需修改
[2026-05-18 09:43:54] [Reviewer] 正在审查第1980章...
[2026-05-18 09:44:38] [Reviewer] 第1980章审查完成，评分: 8.2， verdict: 通过
[2026-05-18 09:44:39] [Reviewer] 第1981章已审查过，跳过
[2026-05-18 09:44:40] [Reviewer] 正在审查第1982章...
[2026-05-18 09:45:21] [Reviewer] 第1982章审查完成，评分: 7.5， verdict: 需修改
[2026-05-18 09:45:22] [Reviewer] 正在审查第1983章...
[2026-05-18 09:45:55] [Reviewer] 第1983章审查完成，评分: 7.5， verdict: 需修改
[2026-05-18 09:45:56] [Reviewer] 正在审查第1984章...
[2026-05-18 09:46:34] [Reviewer] 第1984章审查完成，评分: 8.0， verdict: 需修改
[2026-05-18 09:46:35] [Reviewer] 正在审查第1985章...
[2026-05-18 09:47:15] [Reviewer] 第1985章审查完成，评分: 7.5， verdict: 需修改
[2026-05-18 09:47:16] [Reviewer] 正在审查第1986章...
[2026-05-18 09:47:56] [Reviewer] 第1986章审查完成，评分: 7.5， verdict: 需修改
[2026-05-18 09:47:57] [Reviewer] 正在审查第1987章...
[2026-05-18 09:48:33] [Reviewer] 第1987章审查完成，评分: 7.5， verdict: 需修改
[2026-05-18 09:48:34] [Reviewer] 正在审查第1988章...
[2026-05-18 09:49:18] [Reviewer] 第1988章审查完成，评分: 8.0， verdict: 需修改
[2026-05-18 09:49:19] [Reviewer] 正在审查第1989章...
[2026-05-18 09:50:01] [Reviewer] 第1989章审查完成，评分: 8， verdict: 通过
[2026-05-18 09:50:02] [Reviewer] 正在审查第1990章...
[2026-05-18 09:50:02] [ERROR] mmx call failed (rc=4): {
  "error": {
    "code": 4,
    "message": "Rate limit or quota exceeded. usage limit exceeded, 5-hour usage limit reached for Token Plan Hs_max (4500/4500 used), resets at 2026-05-18T10:00:00+08:00 (2056)",
    "hint": "Check usage: mmx quota show"
  }
}
[2026-05-18 09:50:02] [Reviewer] 第1990章审查失败
[2026-05-18 09:50:03] [Reviewer] 正在审查第1991章...
[2026-05-18 09:50:04] [ERROR] mmx call failed (rc=4): {
  "error": {
    "code": 4,
    "message": "Rate limit or quota exceeded. usage limit exceeded, 5-hour usage limit reached for Token Plan Hs_max (4500/4500 used), resets at 2026-05-18T10:00:00+08:00 (2056)",
    "hint": "Check usage: mmx quota show"
  }
}
[2026-05-18 09:50:04] [Reviewer] 第1991章审查失败
[2026-05-18 09:50:05] [Reviewer] 第1992章已审查过，跳过
[2026-05-18 09:50:06] [Reviewer] 正在审查第1993章...
[2026-05-18 09:50:06] [ERROR] mmx call failed (rc=4): {
  "error": {
    "code": 4,
    "message": "Rate limit or quota exceeded. usage limit exceeded, 5-hour usage limit reached for Token Plan Hs_max (4500/4500 used), resets at 2026-05-18T10:00:00+08:00 (2056)",
    "hint": "Check usage: mmx quota show"
  }
}
[2026-05-18 09:50:06] [Reviewer] 第1993章审查失败
[2026-05-18 09:50:07] [Reviewer] 正在审查第1994章...
[2026-05-18 09:50:08] [ERROR] mmx call failed (rc=4): {
  "error": {
    "code": 4,
    "message": "Rate limit or quota exceeded. usage limit exceeded, 5-hour usage limit reached for Token Plan Hs_max (4500/4500 used), resets at 2026-05-18T10:00:00+08:00 (2056)",
    "hint": "Check usage: mmx quota show"
  }
}
[2026-05-18 09:50:08] [Reviewer] 第1994章审查失败
[2026-05-18 09:50:09] [Reviewer] 正在审查第1995章...
[2026-05-18 09:50:09] [ERROR] mmx call failed (rc=4): {
  "error": {
    "code": 4,
    "message": "Rate limit or quota exceeded. Token Plan 主要面向个人开发者的交互式使用场景。当前请求量较高，请稍后重试；如需支持更高并发或自动化任务，建议升级至更高级别套餐，或使用按量付费 API。 (2062)",
    "hint": "Check usage: mmx quota show"
  }
}
[2026-05-18 09:50:09] [Reviewer] 第1995章审查失败
[2026-05-18 09:50:10] [Reviewer] 第1996章已审查过，跳过
[2026-05-18 09:50:11] [Reviewer] 正在审查第1997章...
[2026-05-18 09:50:12] [ERROR] mmx call failed (rc=4): {
  "error": {
    "code": 4,
    "message": "Rate limit or quota exceeded. Token Plan 主要面向个人开发者的交互式使用场景。当前请求量较高，请稍后重试；如需支持更高并发或自动化任务，建议升级至更高级别套餐，或使用按量付费 API。 (2062)",
    "hint": "Check usage: mmx quota show"
  }
}
[2026-05-18 09:50:12] [Reviewer] 第1997章审查失败
[2026-05-18 09:50:13] [Reviewer] 正在审查第1998章...
[2026-05-18 09:50:13] [ERROR] mmx call failed (rc=4): {
  "error": {
    "code": 4,
    "message": "Rate limit or quota exceeded. Token Plan 主要面向个人开发者的交互式使用场景。当前请求量较高，请稍后重试；如需支持更高并发或自动化任务，建议升级至更高级别套餐，或使用按量付费 API。 (2062)",
    "hint": "Check usage: mmx quota show"
  }
}
[2026-05-18 09:50:13] [Reviewer] 第1998章审查失败
[2026-05-18 09:50:14] [Reviewer] 正在审查第1999章...
[2026-05-18 09:50:15] [ERROR] mmx call failed (rc=4): {
  "error": {
    "code": 4,
    "message": "Rate limit or quota exceeded. usage limit exceeded, 5-hour usage limit reached for Token Plan Hs_max (4500/4500 used), resets at 2026-05-18T10:00:00+08:00 (2056)",
    "hint": "Check usage: mmx quota show"
  }
}
[2026-05-18 09:50:15] [Reviewer] 第1999章审查失败
[2026-05-18 09:50:16] [Reviewer] 正在审查第2000章...
[2026-05-18 09:50:16] [ERROR] mmx call failed (rc=4): {
  "error": {
    "code": 4,
    "message": "Rate limit or quota exceeded. usage limit exceeded, 5-hour usage limit reached for Token Plan Hs_max (4500/4500 used), resets at 2026-05-18T10:00:00+08:00 (2056)",
    "hint": "Check usage: mmx quota show"
  }
}
[2026-05-18 09:50:16] [Reviewer] 第2000章审查失败
[2026-05-18 09:50:17] [Reviewer] 全部完成
