============================================================
Reviewer Agent 启动
============================================================
[2026-05-18 09:14:18] [Reviewer] 正在审查第1321章...
[2026-05-18 09:15:00] [Reviewer] 第1321章审查完成，评分: 8.5， verdict: 通过
[2026-05-18 09:15:02] [Reviewer] 正在审查第1322章...
[2026-05-18 09:15:05] [ERROR] mmx call failed (rc=4): {
  "error": {
    "code": 4,
    "message": "Rate limit or quota exceeded. Token Plan 主要面向个人开发者的交互式使用场景。当前请求量较高，请稍后重试；如需支持更高并发或自动化任务，建议升级至更高级别套餐，或使用按量付费 API。 (2062)",
    "hint": "Check usage: mmx quota show"
  }
}
[2026-05-18 09:15:05] [Reviewer] 第1322章审查失败
[2026-05-18 09:15:06] [Reviewer] 正在审查第1323章...
[2026-05-18 09:15:08] [ERROR] mmx call failed (rc=4): {
  "error": {
    "code": 4,
    "message": "Rate limit or quota exceeded. Token Plan 主要面向个人开发者的交互式使用场景。当前请求量较高，请稍后重试；如需支持更高并发或自动化任务，建议升级至更高级别套餐，或使用按量付费 API。 (2062)",
    "hint": "Check usage: mmx quota show"
  }
}
[2026-05-18 09:15:08] [Reviewer] 第1323章审查失败
[2026-05-18 09:15:09] [Reviewer] 正在审查第1324章...
[2026-05-18 09:15:13] [ERROR] mmx call failed (rc=4): {
  "error": {
    "code": 4,
    "message": "Rate limit or quota exceeded. Token Plan 主要面向个人开发者的交互式使用场景。当前请求量较高，请稍后重试；如需支持更高并发或自动化任务，建议升级至更高级别套餐，或使用按量付费 API。 (2062)",
    "hint": "Check usage: mmx quota show"
  }
}
[2026-05-18 09:15:13] [Reviewer] 第1324章审查失败
[2026-05-18 09:15:14] [Reviewer] 正在审查第1325章...
[2026-05-18 09:16:04] [Reviewer] 第1325章审查完成，评分: 7.8， verdict: 通过
[2026-05-18 09:16:05] [Reviewer] 正在审查第1326章...
[2026-05-18 09:16:08] [ERROR] mmx call failed (rc=4): {
  "error": {
    "code": 4,
    "message": "Rate limit or quota exceeded. Token Plan 主要面向个人开发者的交互式使用场景。当前请求量较高，请稍后重试；如需支持更高并发或自动化任务，建议升级至更高级别套餐，或使用按量付费 API。 (2062)",
    "hint": "Check usage: mmx quota show"
  }
}
[2026-05-18 09:16:08] [Reviewer] 第1326章审查失败
[2026-05-18 09:16:09] [Reviewer] 正在审查第1327章...
[2026-05-18 09:16:12] [ERROR] mmx call failed (rc=4): {
  "error": {
    "code": 4,
    "message": "Rate limit or quota exceeded. Token Plan 主要面向个人开发者的交互式使用场景。当前请求量较高，请稍后重试；如需支持更高并发或自动化任务，建议升级至更高级别套餐，或使用按量付费 API。 (2062)",
    "hint": "Check usage: mmx quota show"
  }
}
[2026-05-18 09:16:12] [Reviewer] 第1327章审查失败
[2026-05-18 09:16:14] [Reviewer] 正在审查第1328章...
[2026-05-18 09:17:04] [Reviewer] 第1328章审查完成，评分: 7.8， verdict: 需修改
[2026-05-18 09:17:05] [Reviewer] 正在审查第1329章...
[2026-05-18 09:17:07] [ERROR] mmx call failed (rc=4): {
  "error": {
    "code": 4,
    "message": "Rate limit or quota exceeded. Token Plan 主要面向个人开发者的交互式使用场景。当前请求量较高，请稍后重试；如需支持更高并发或自动化任务，建议升级至更高级别套餐，或使用按量付费 API。 (2062)",
    "hint": "Check usage: mmx quota show"
  }
}
[2026-05-18 09:17:07] [Reviewer] 第1329章审查失败
[2026-05-18 09:17:09] [Reviewer] 正在审查第1330章...
[2026-05-18 09:17:11] [ERROR] mmx call failed (rc=4): {
  "error": {
    "code": 4,
    "message": "Rate limit or quota exceeded. Token Plan 主要面向个人开发者的交互式使用场景。当前请求量较高，请稍后重试；如需支持更高并发或自动化任务，建议升级至更高级别套餐，或使用按量付费 API。 (2062)",
    "hint": "Check usage: mmx quota show"
  }
}
[2026-05-18 09:17:11] [Reviewer] 第1330章审查失败
[2026-05-18 09:17:13] [Reviewer] 正在审查第1331章...
[2026-05-18 09:17:45] [Reviewer] 第1331章审查完成，评分: 8.2， verdict: 通过
[2026-05-18 09:17:46] [Reviewer] 正在审查第1332章...
[2026-05-18 09:18:26] [Reviewer] 第1332章审查完成，评分: 8.5， verdict: 通过
[2026-05-18 09:18:27] [Reviewer] 正在审查第1333章...
[2026-05-18 09:18:57] [Reviewer] 第1333章审查完成，评分: 8.5， verdict: 通过
[2026-05-18 09:18:58] [Reviewer] 正在审查第1334章...
[2026-05-18 09:19:37] [Reviewer] 第1334章审查完成，评分: 8.5， verdict: 通过
[2026-05-18 09:19:38] [Reviewer] 正在审查第1335章...
[2026-05-18 09:20:08] [Reviewer] 第1335章审查完成，评分: 8.5， verdict: 通过
[2026-05-18 09:20:09] [Reviewer] 正在审查第1336章...
[2026-05-18 09:20:41] [Reviewer] 第1336章审查完成，评分: 8.5， verdict: 通过
[2026-05-18 09:20:42] [Reviewer] 正在审查第1337章...
[2026-05-18 09:21:15] [Reviewer] 第1337章审查完成，评分: 7.8， verdict: 需修改
[2026-05-18 09:21:16] [Reviewer] 正在审查第1338章...
[2026-05-18 09:21:52] [Reviewer] 第1338章审查完成，评分: 7.8， verdict: 需修改
[2026-05-18 09:21:53] [Reviewer] 正在审查第1339章...
[2026-05-18 09:22:36] [Reviewer] 第1339章审查完成，评分: 8.5， verdict: 通过
[2026-05-18 09:22:37] [Reviewer] 第1340章已审查过，跳过
[2026-05-18 09:22:38] [Reviewer] 全部完成
