============================================================
Reviewer Agent 启动
============================================================
[2026-05-18 09:10:02] [Reviewer] 正在审查第1501章...
[2026-05-18 09:10:35] [Reviewer] 第1501章审查完成，评分: 7.5， verdict: 需修改
[2026-05-18 09:10:36] [Reviewer] 正在审查第1502章...
[2026-05-18 09:11:09] [Reviewer] 第1502章审查完成，评分: 8.2， verdict: 通过
[2026-05-18 09:11:10] [Reviewer] 正在审查第1503章...
[2026-05-18 09:11:43] [Reviewer] 第1503章审查完成，评分: 8.0， verdict: 通过
[2026-05-18 09:11:44] [Reviewer] 正在审查第1504章...
[2026-05-18 09:12:18] [Reviewer] JSON解析失败: Expecting ',' delimiter: line 24 column 14 (char 537)
[2026-05-18 09:12:18] [Reviewer] 第1504章审查完成，评分: N/A， verdict: N/A
[2026-05-18 09:12:19] [Reviewer] 正在审查第1505章...
[2026-05-18 09:12:51] [Reviewer] 第1505章审查完成，评分: 7.2， verdict: 需修改
[2026-05-18 09:12:53] [Reviewer] 正在审查第1506章...
[2026-05-18 09:13:25] [Reviewer] 第1506章审查完成，评分: 8， verdict: 通过
[2026-05-18 09:13:26] [Reviewer] 正在审查第1507章...
[2026-05-18 09:14:00] [Reviewer] 第1507章审查完成，评分: 7.8， verdict: 需修改
[2026-05-18 09:14:01] [Reviewer] 正在审查第1508章...
[2026-05-18 09:14:38] [Reviewer] 第1508章审查完成，评分: 7.5， verdict: 需修改
[2026-05-18 09:14:39] [Reviewer] 正在审查第1509章...
[2026-05-18 09:15:13] [Reviewer] 第1509章审查完成，评分: 7.5， verdict: 需修改
[2026-05-18 09:15:14] [Reviewer] 正在审查第1510章...
[2026-05-18 09:15:40] [Reviewer] 第1510章审查完成，评分: 7.2， verdict: 需修改
[2026-05-18 09:15:41] [Reviewer] 正在审查第1511章...
[2026-05-18 09:15:42] [ERROR] mmx call failed (rc=4): {
  "error": {
    "code": 4,
    "message": "Rate limit or quota exceeded. Token Plan 主要面向个人开发者的交互式使用场景。当前请求量较高，请稍后重试；如需支持更高并发或自动化任务，建议升级至更高级别套餐，或使用按量付费 API。 (2062)",
    "hint": "Check usage: mmx quota show"
  }
}
[2026-05-18 09:15:42] [Reviewer] 第1511章审查失败
[2026-05-18 09:15:43] [Reviewer] 正在审查第1512章...
[2026-05-18 09:15:43] [ERROR] mmx call failed (rc=4): {
  "error": {
    "code": 4,
    "message": "Rate limit or quota exceeded. Token Plan 主要面向个人开发者的交互式使用场景。当前请求量较高，请稍后重试；如需支持更高并发或自动化任务，建议升级至更高级别套餐，或使用按量付费 API。 (2062)",
    "hint": "Check usage: mmx quota show"
  }
}
[2026-05-18 09:15:43] [Reviewer] 第1512章审查失败
[2026-05-18 09:15:44] [Reviewer] 正在审查第1513章...
[2026-05-18 09:15:45] [ERROR] mmx call failed (rc=4): {
  "error": {
    "code": 4,
    "message": "Rate limit or quota exceeded. Token Plan 主要面向个人开发者的交互式使用场景。当前请求量较高，请稍后重试；如需支持更高并发或自动化任务，建议升级至更高级别套餐，或使用按量付费 API。 (2062)",
    "hint": "Check usage: mmx quota show"
  }
}
[2026-05-18 09:15:45] [Reviewer] 第1513章审查失败
[2026-05-18 09:15:46] [Reviewer] 正在审查第1514章...
[2026-05-18 09:15:47] [ERROR] mmx call failed (rc=4): {
  "error": {
    "code": 4,
    "message": "Rate limit or quota exceeded. Token Plan 主要面向个人开发者的交互式使用场景。当前请求量较高，请稍后重试；如需支持更高并发或自动化任务，建议升级至更高级别套餐，或使用按量付费 API。 (2062)",
    "hint": "Check usage: mmx quota show"
  }
}
[2026-05-18 09:15:47] [Reviewer] 第1514章审查失败
[2026-05-18 09:15:48] [Reviewer] 正在审查第1515章...
[2026-05-18 09:15:48] [ERROR] mmx call failed (rc=4): {
  "error": {
    "code": 4,
    "message": "Rate limit or quota exceeded. Token Plan 主要面向个人开发者的交互式使用场景。当前请求量较高，请稍后重试；如需支持更高并发或自动化任务，建议升级至更高级别套餐，或使用按量付费 API。 (2062)",
    "hint": "Check usage: mmx quota show"
  }
}
[2026-05-18 09:15:48] [Reviewer] 第1515章审查失败
[2026-05-18 09:15:49] [Reviewer] 正在审查第1516章...
[2026-05-18 09:15:50] [ERROR] mmx call failed (rc=4): {
  "error": {
    "code": 4,
    "message": "Rate limit or quota exceeded. Token Plan 主要面向个人开发者的交互式使用场景。当前请求量较高，请稍后重试；如需支持更高并发或自动化任务，建议升级至更高级别套餐，或使用按量付费 API。 (2062)",
    "hint": "Check usage: mmx quota show"
  }
}
[2026-05-18 09:15:50] [Reviewer] 第1516章审查失败
[2026-05-18 09:15:51] [Reviewer] 正在审查第1517章...
[2026-05-18 09:15:52] [ERROR] mmx call failed (rc=4): {
  "error": {
    "code": 4,
    "message": "Rate limit or quota exceeded. Token Plan 主要面向个人开发者的交互式使用场景。当前请求量较高，请稍后重试；如需支持更高并发或自动化任务，建议升级至更高级别套餐，或使用按量付费 API。 (2062)",
    "hint": "Check usage: mmx quota show"
  }
}
[2026-05-18 09:15:52] [Reviewer] 第1517章审查失败
[2026-05-18 09:15:53] [Reviewer] 正在审查第1518章...
[2026-05-18 09:15:56] [ERROR] mmx call failed (rc=4): {
  "error": {
    "code": 4,
    "message": "Rate limit or quota exceeded. Token Plan 主要面向个人开发者的交互式使用场景。当前请求量较高，请稍后重试；如需支持更高并发或自动化任务，建议升级至更高级别套餐，或使用按量付费 API。 (2062)",
    "hint": "Check usage: mmx quota show"
  }
}
[2026-05-18 09:15:56] [Reviewer] 第1518章审查失败
[2026-05-18 09:15:57] [Reviewer] 正在审查第1519章...
[2026-05-18 09:15:59] [ERROR] mmx call failed (rc=4): {
  "error": {
    "code": 4,
    "message": "Rate limit or quota exceeded. Token Plan 主要面向个人开发者的交互式使用场景。当前请求量较高，请稍后重试；如需支持更高并发或自动化任务，建议升级至更高级别套餐，或使用按量付费 API。 (2062)",
    "hint": "Check usage: mmx quota show"
  }
}
[2026-05-18 09:15:59] [Reviewer] 第1519章审查失败
[2026-05-18 09:16:01] [Reviewer] 正在审查第1520章...
[2026-05-18 09:16:03] [ERROR] mmx call failed (rc=4): {
  "error": {
    "code": 4,
    "message": "Rate limit or quota exceeded. Token Plan 主要面向个人开发者的交互式使用场景。当前请求量较高，请稍后重试；如需支持更高并发或自动化任务，建议升级至更高级别套餐，或使用按量付费 API。 (2062)",
    "hint": "Check usage: mmx quota show"
  }
}
[2026-05-18 09:16:03] [Reviewer] 第1520章审查失败
[2026-05-18 09:16:04] [Reviewer] 第1521章已审查过，跳过
[2026-05-18 09:16:05] [Reviewer] 正在审查第1522章...
[2026-05-18 09:16:08] [ERROR] mmx call failed (rc=4): {
  "error": {
    "code": 4,
    "message": "Rate limit or quota exceeded. Token Plan 主要面向个人开发者的交互式使用场景。当前请求量较高，请稍后重试；如需支持更高并发或自动化任务，建议升级至更高级别套餐，或使用按量付费 API。 (2062)",
    "hint": "Check usage: mmx quota show"
  }
}
[2026-05-18 09:16:08] [Reviewer] 第1522章审查失败
[2026-05-18 09:16:09] [Reviewer] 正在审查第1523章...
[2026-05-18 09:16:12] [ERROR] mmx call failed (rc=4): {
  "error": {
    "code": 4,
    "message": "Rate limit or quota exceeded. Token Plan 主要面向个人开发者的交互式使用场景。当前请求量较高，请稍后重试；如需支持更高并发或自动化任务，建议升级至更高级别套餐，或使用按量付费 API。 (2062)",
    "hint": "Check usage: mmx quota show"
  }
}
[2026-05-18 09:16:12] [Reviewer] 第1523章审查失败
[2026-05-18 09:16:14] [Reviewer] 正在审查第1524章...
[2026-05-18 09:16:54] [Reviewer] 第1524章审查完成，评分: 7.5， verdict: 需修改
[2026-05-18 09:16:55] [Reviewer] 第1525章已审查过，跳过
[2026-05-18 09:16:56] [Reviewer] 正在审查第1526章...
[2026-05-18 09:16:58] [ERROR] mmx call failed (rc=4): {
  "error": {
    "code": 4,
    "message": "Rate limit or quota exceeded. Token Plan 主要面向个人开发者的交互式使用场景。当前请求量较高，请稍后重试；如需支持更高并发或自动化任务，建议升级至更高级别套餐，或使用按量付费 API。 (2062)",
    "hint": "Check usage: mmx quota show"
  }
}
[2026-05-18 09:16:58] [Reviewer] 第1526章审查失败
[2026-05-18 09:16:59] [Reviewer] 正在审查第1527章...
[2026-05-18 09:17:02] [ERROR] mmx call failed (rc=4): {
  "error": {
    "code": 4,
    "message": "Rate limit or quota exceeded. Token Plan 主要面向个人开发者的交互式使用场景。当前请求量较高，请稍后重试；如需支持更高并发或自动化任务，建议升级至更高级别套餐，或使用按量付费 API。 (2062)",
    "hint": "Check usage: mmx quota show"
  }
}
[2026-05-18 09:17:02] [Reviewer] 第1527章审查失败
[2026-05-18 09:17:03] [Reviewer] 正在审查第1528章...
[2026-05-18 09:17:06] [ERROR] mmx call failed (rc=4): {
  "error": {
    "code": 4,
    "message": "Rate limit or quota exceeded. Token Plan 主要面向个人开发者的交互式使用场景。当前请求量较高，请稍后重试；如需支持更高并发或自动化任务，建议升级至更高级别套餐，或使用按量付费 API。 (2062)",
    "hint": "Check usage: mmx quota show"
  }
}
[2026-05-18 09:17:06] [Reviewer] 第1528章审查失败
[2026-05-18 09:17:07] [Reviewer] 正在审查第1529章...
[2026-05-18 09:17:09] [ERROR] mmx call failed (rc=4): {
  "error": {
    "code": 4,
    "message": "Rate limit or quota exceeded. Token Plan 主要面向个人开发者的交互式使用场景。当前请求量较高，请稍后重试；如需支持更高并发或自动化任务，建议升级至更高级别套餐，或使用按量付费 API。 (2062)",
    "hint": "Check usage: mmx quota show"
  }
}
[2026-05-18 09:17:09] [Reviewer] 第1529章审查失败
[2026-05-18 09:17:10] [Reviewer] 正在审查第1530章...
[2026-05-18 09:17:12] [ERROR] mmx call failed (rc=4): {
  "error": {
    "code": 4,
    "message": "Rate limit or quota exceeded. Token Plan 主要面向个人开发者的交互式使用场景。当前请求量较高，请稍后重试；如需支持更高并发或自动化任务，建议升级至更高级别套餐，或使用按量付费 API。 (2062)",
    "hint": "Check usage: mmx quota show"
  }
}
[2026-05-18 09:17:12] [Reviewer] 第1530章审查失败
[2026-05-18 09:17:13] [Reviewer] 正在审查第1531章...
[2026-05-18 09:17:50] [Reviewer] 第1531章审查完成，评分: 8.0， verdict: 通过
[2026-05-18 09:17:51] [Reviewer] 第1532章已审查过，跳过
[2026-05-18 09:17:52] [Reviewer] 正在审查第1533章...
[2026-05-18 09:18:25] [Reviewer] 第1533章审查完成，评分: 7.5， verdict: 需修改
[2026-05-18 09:18:26] [Reviewer] 正在审查第1534章...
[2026-05-18 09:19:03] [Reviewer] 第1534章审查完成，评分: 8.2， verdict: 通过
[2026-05-18 09:19:04] [Reviewer] 第1535章已审查过，跳过
[2026-05-18 09:19:05] [Reviewer] 第1536章已审查过，跳过
[2026-05-18 09:19:06] [Reviewer] 第1537章已审查过，跳过
[2026-05-18 09:19:07] [Reviewer] 正在审查第1538章...
[2026-05-18 09:19:47] [Reviewer] 第1538章审查完成，评分: 8.3， verdict: 通过
[2026-05-18 09:19:48] [Reviewer] 正在审查第1539章...
[2026-05-18 09:20:36] [Reviewer] 第1539章审查完成，评分: 7.5， verdict: 需修改
[2026-05-18 09:20:37] [Reviewer] 第1540章已审查过，跳过
[2026-05-18 09:20:38] [Reviewer] 第1541章已审查过，跳过
[2026-05-18 09:20:39] [Reviewer] 正在审查第1542章...
[2026-05-18 09:21:23] [Reviewer] 第1542章审查完成，评分: 8.2， verdict: 通过
[2026-05-18 09:21:24] [Reviewer] 正在审查第1543章...
[2026-05-18 09:22:01] [Reviewer] 第1543章审查完成，评分: 8.5， verdict: 通过
[2026-05-18 09:22:02] [Reviewer] 正在审查第1544章...
[2026-05-18 09:22:42] [Reviewer] 第1544章审查完成，评分: 7.5， verdict: 通过
[2026-05-18 09:22:43] [Reviewer] 正在审查第1545章...
[2026-05-18 09:23:14] [Reviewer] 第1545章审查完成，评分: 7.8， verdict: 通过
[2026-05-18 09:23:15] [Reviewer] 第1546章已审查过，跳过
[2026-05-18 09:23:16] [Reviewer] 正在审查第1547章...
[2026-05-18 09:23:52] [Reviewer] 第1547章审查完成，评分: 7.8， verdict: 需修改
[2026-05-18 09:23:53] [Reviewer] 正在审查第1548章...
[2026-05-18 09:24:27] [Reviewer] 第1548章审查完成，评分: 8.0， verdict: 通过
[2026-05-18 09:24:28] [Reviewer] 正在审查第1549章...
[2026-05-18 09:25:02] [Reviewer] 第1549章审查完成，评分: 8.0， verdict: 通过
[2026-05-18 09:25:03] [Reviewer] 正在审查第1550章...
[2026-05-18 09:25:47] [Reviewer] 第1550章审查完成，评分: 7.8， verdict: 需修改
[2026-05-18 09:25:48] [Reviewer] 正在审查第1551章...
[2026-05-18 09:26:31] [Reviewer] 第1551章审查完成，评分: 7.5， verdict: 需修改
[2026-05-18 09:26:32] [Reviewer] 第1552章已审查过，跳过
[2026-05-18 09:26:33] [Reviewer] 正在审查第1553章...
[2026-05-18 09:27:17] [Reviewer] JSON解析失败: Invalid control character at: line 27 column 71 (char 693)
[2026-05-18 09:27:17] [Reviewer] 第1553章审查完成，评分: N/A， verdict: N/A
[2026-05-18 09:27:18] [Reviewer] 正在审查第1554章...
[2026-05-18 09:27:50] [Reviewer] JSON解析失败: Invalid control character at: line 35 column 88 (char 1026)
[2026-05-18 09:27:50] [Reviewer] 第1554章审查完成，评分: N/A， verdict: N/A
[2026-05-18 09:27:51] [Reviewer] 正在审查第1555章...
[2026-05-18 09:28:27] [Reviewer] 第1555章审查完成，评分: 7.5， verdict: 需修改
[2026-05-18 09:28:28] [Reviewer] 正在审查第1556章...
[2026-05-18 09:29:08] [Reviewer] 第1556章审查完成，评分: 7.5， verdict: 需修改
[2026-05-18 09:29:09] [Reviewer] 正在审查第1557章...
[2026-05-18 09:29:43] [Reviewer] 第1557章审查完成，评分: 8.0， verdict: 通过
[2026-05-18 09:29:44] [Reviewer] 正在审查第1558章...
[2026-05-18 09:30:21] [Reviewer] 第1558章审查完成，评分: 8， verdict: 需修改
[2026-05-18 09:30:22] [Reviewer] 正在审查第1559章...
[2026-05-18 09:31:00] [Reviewer] 第1559章审查完成，评分: 7.8， verdict: 通过
[2026-05-18 09:31:01] [Reviewer] 第1560章已审查过，跳过
[2026-05-18 09:31:02] [Reviewer] 第1561章已审查过，跳过
[2026-05-18 09:31:03] [Reviewer] 正在审查第1562章...
[2026-05-18 09:31:44] [Reviewer] 第1562章审查完成，评分: 7.5， verdict: 需修改
[2026-05-18 09:31:45] [Reviewer] 正在审查第1563章...
[2026-05-18 09:32:16] [Reviewer] 第1563章审查完成，评分: 7.5， verdict: 需修改
[2026-05-18 09:32:17] [Reviewer] 正在审查第1564章...
[2026-05-18 09:32:47] [Reviewer] 第1564章审查完成，评分: 6.5， verdict: 需修改
[2026-05-18 09:32:48] [Reviewer] 正在审查第1565章...
[2026-05-18 09:33:28] [Reviewer] 第1565章审查完成，评分: 7.5， verdict: 需修改
[2026-05-18 09:33:29] [Reviewer] 正在审查第1566章...
[2026-05-18 09:34:15] [Reviewer] 第1566章审查完成，评分: 8.0， verdict: 通过
[2026-05-18 09:34:16] [Reviewer] 正在审查第1567章...
[2026-05-18 09:34:50] [Reviewer] 第1567章审查完成，评分: 8.5， verdict: 通过
[2026-05-18 09:34:51] [Reviewer] 第1568章已审查过，跳过
[2026-05-18 09:34:52] [Reviewer] 正在审查第1569章...
[2026-05-18 09:35:29] [Reviewer] 第1569章审查完成，评分: 7.8， verdict: 需修改
[2026-05-18 09:35:30] [Reviewer] 正在审查第1570章...
[2026-05-18 09:36:13] [Reviewer] 第1570章审查完成，评分: 8.5， verdict: 通过
[2026-05-18 09:36:14] [Reviewer] 正在审查第1571章...
[2026-05-18 09:36:48] [Reviewer] 第1571章审查完成，评分: 7.5， verdict: 需修改
[2026-05-18 09:36:49] [Reviewer] 正在审查第1572章...
[2026-05-18 09:37:33] [Reviewer] 第1572章审查完成，评分: 7.5， verdict: 需修改
[2026-05-18 09:37:34] [Reviewer] 第1573章已审查过，跳过
[2026-05-18 09:37:35] [Reviewer] 正在审查第1574章...
[2026-05-18 09:38:15] [Reviewer] 第1574章审查完成，评分: 7.8， verdict: 需修改
[2026-05-18 09:38:16] [Reviewer] 正在审查第1575章...
[2026-05-18 09:38:53] [Reviewer] 第1575章审查完成，评分: 8.5， verdict: 通过
[2026-05-18 09:38:54] [Reviewer] 正在审查第1576章...
[2026-05-18 09:39:38] [Reviewer] 第1576章审查完成，评分: 8.5， verdict: 通过
[2026-05-18 09:39:39] [Reviewer] 正在审查第1577章...
[2026-05-18 09:40:09] [Reviewer] 第1577章审查完成，评分: 8.5， verdict: 通过
[2026-05-18 09:40:10] [Reviewer] 正在审查第1578章...
[2026-05-18 09:40:45] [Reviewer] 第1578章审查完成，评分: 7.5， verdict: 通过
[2026-05-18 09:40:46] [Reviewer] 正在审查第1579章...
[2026-05-18 09:41:23] [Reviewer] 第1579章审查完成，评分: 7.2， verdict: 需修改
[2026-05-18 09:41:24] [Reviewer] 正在审查第1580章...
[2026-05-18 09:42:06] [Reviewer] 第1580章审查完成，评分: 8.5， verdict: 通过
[2026-05-18 09:42:07] [Reviewer] 第1581章已审查过，跳过
[2026-05-18 09:42:08] [Reviewer] 正在审查第1582章...
[2026-05-18 09:42:50] [Reviewer] 第1582章审查完成，评分: 7.2， verdict: 需修改
[2026-05-18 09:42:51] [Reviewer] 正在审查第1583章...
[2026-05-18 09:43:28] [Reviewer] 第1583章审查完成，评分: 8.5， verdict: 通过
[2026-05-18 09:43:29] [Reviewer] 正在审查第1584章...
[2026-05-18 09:44:02] [Reviewer] 第1584章审查完成，评分: 7.5， verdict: 需修改
[2026-05-18 09:44:03] [Reviewer] 正在审查第1585章...
[2026-05-18 09:44:48] [Reviewer] 第1585章审查完成，评分: 7.8， verdict: 通过
[2026-05-18 09:44:49] [Reviewer] 第1586章已审查过，跳过
[2026-05-18 09:44:50] [Reviewer] 正在审查第1587章...
[2026-05-18 09:45:24] [Reviewer] 第1587章审查完成，评分: 8.2， verdict: 通过
[2026-05-18 09:45:25] [Reviewer] 正在审查第1588章...
[2026-05-18 09:46:13] [Reviewer] 第1588章审查完成，评分: 8.0， verdict: 通过
[2026-05-18 09:46:14] [Reviewer] 正在审查第1589章...
[2026-05-18 09:46:57] [Reviewer] 第1589章审查完成，评分: 8.5， verdict: 通过
[2026-05-18 09:46:58] [Reviewer] 正在审查第1590章...
[2026-05-18 09:47:58] [Reviewer] 第1590章审查完成，评分: 7.8， verdict: 需修改
[2026-05-18 09:47:59] [Reviewer] 正在审查第1591章...
[2026-05-18 09:48:28] [Reviewer] 第1591章审查完成，评分: 7.5， verdict: 通过
[2026-05-18 09:48:29] [Reviewer] 正在审查第1592章...
[2026-05-18 09:49:19] [Reviewer] 第1592章审查完成，评分: 8.2， verdict: 需修改
[2026-05-18 09:49:20] [Reviewer] 第1593章已审查过，跳过
[2026-05-18 09:49:21] [Reviewer] 正在审查第1594章...
[2026-05-18 09:49:58] [Reviewer] 第1594章审查完成，评分: 7.5， verdict: 需修改
[2026-05-18 09:49:59] [Reviewer] 正在审查第1595章...
[2026-05-18 09:50:00] [ERROR] mmx call failed (rc=4): {
  "error": {
    "code": 4,
    "message": "Rate limit or quota exceeded. usage limit exceeded, 5-hour usage limit reached for Token Plan Hs_max (4500/4500 used), resets at 2026-05-18T10:00:00+08:00 (2056)",
    "hint": "Check usage: mmx quota show"
  }
}
[2026-05-18 09:50:00] [Reviewer] 第1595章审查失败
[2026-05-18 09:50:01] [Reviewer] 正在审查第1596章...
[2026-05-18 09:50:01] [ERROR] mmx call failed (rc=4): {
  "error": {
    "code": 4,
    "message": "Rate limit or quota exceeded. usage limit exceeded, 5-hour usage limit reached for Token Plan Hs_max (4500/4500 used), resets at 2026-05-18T10:00:00+08:00 (2056)",
    "hint": "Check usage: mmx quota show"
  }
}
[2026-05-18 09:50:01] [Reviewer] 第1596章审查失败
[2026-05-18 09:50:02] [Reviewer] 正在审查第1597章...
[2026-05-18 09:50:02] [ERROR] mmx call failed (rc=4): {
  "error": {
    "code": 4,
    "message": "Rate limit or quota exceeded. usage limit exceeded, 5-hour usage limit reached for Token Plan Hs_max (4500/4500 used), resets at 2026-05-18T10:00:00+08:00 (2056)",
    "hint": "Check usage: mmx quota show"
  }
}
[2026-05-18 09:50:02] [Reviewer] 第1597章审查失败
[2026-05-18 09:50:04] [Reviewer] 正在审查第1598章...
[2026-05-18 09:50:04] [ERROR] mmx call failed (rc=4): {
  "error": {
    "code": 4,
    "message": "Rate limit or quota exceeded. usage limit exceeded, 5-hour usage limit reached for Token Plan Hs_max (4500/4500 used), resets at 2026-05-18T10:00:00+08:00 (2056)",
    "hint": "Check usage: mmx quota show"
  }
}
[2026-05-18 09:50:04] [Reviewer] 第1598章审查失败
[2026-05-18 09:50:05] [Reviewer] 正在审查第1599章...
[2026-05-18 09:50:05] [ERROR] mmx call failed (rc=4): {
  "error": {
    "code": 4,
    "message": "Rate limit or quota exceeded. usage limit exceeded, 5-hour usage limit reached for Token Plan Hs_max (4500/4500 used), resets at 2026-05-18T10:00:00+08:00 (2056)",
    "hint": "Check usage: mmx quota show"
  }
}
[2026-05-18 09:50:05] [Reviewer] 第1599章审查失败
[2026-05-18 09:50:06] [Reviewer] 正在审查第1600章...
[2026-05-18 09:50:07] [ERROR] mmx call failed (rc=4): {
  "error": {
    "code": 4,
    "message": "Rate limit or quota exceeded. usage limit exceeded, 5-hour usage limit reached for Token Plan Hs_max (4500/4500 used), resets at 2026-05-18T10:00:00+08:00 (2056)",
    "hint": "Check usage: mmx quota show"
  }
}
[2026-05-18 09:50:07] [Reviewer] 第1600章审查失败
[2026-05-18 09:50:08] [Reviewer] 全部完成
