============================================================
Reviewer Agent 启动
============================================================
[2026-05-18 09:14:18] [Reviewer] 正在审查第1641章...
[2026-05-18 09:14:51] [Reviewer] 第1641章审查完成，评分: 8.0， verdict: 通过
[2026-05-18 09:14:52] [Reviewer] 正在审查第1642章...
[2026-05-18 09:14:52] [ERROR] mmx call failed (rc=4): {
  "error": {
    "code": 4,
    "message": "Rate limit or quota exceeded. Token Plan 主要面向个人开发者的交互式使用场景。当前请求量较高，请稍后重试；如需支持更高并发或自动化任务，建议升级至更高级别套餐，或使用按量付费 API。 (2062)",
    "hint": "Check usage: mmx quota show"
  }
}
[2026-05-18 09:14:52] [Reviewer] 第1642章审查失败
[2026-05-18 09:14:53] [Reviewer] 正在审查第1643章...
[2026-05-18 09:14:54] [ERROR] mmx call failed (rc=4): {
  "error": {
    "code": 4,
    "message": "Rate limit or quota exceeded. Token Plan 主要面向个人开发者的交互式使用场景。当前请求量较高，请稍后重试；如需支持更高并发或自动化任务，建议升级至更高级别套餐，或使用按量付费 API。 (2062)",
    "hint": "Check usage: mmx quota show"
  }
}
[2026-05-18 09:14:54] [Reviewer] 第1643章审查失败
[2026-05-18 09:14:56] [Reviewer] 正在审查第1644章...
[2026-05-18 09:14:57] [ERROR] mmx call failed (rc=4): {
  "error": {
    "code": 4,
    "message": "Rate limit or quota exceeded. Token Plan 主要面向个人开发者的交互式使用场景。当前请求量较高，请稍后重试；如需支持更高并发或自动化任务，建议升级至更高级别套餐，或使用按量付费 API。 (2062)",
    "hint": "Check usage: mmx quota show"
  }
}
[2026-05-18 09:14:57] [Reviewer] 第1644章审查失败
[2026-05-18 09:14:58] [Reviewer] 正在审查第1645章...
[2026-05-18 09:15:00] [ERROR] mmx call failed (rc=4): {
  "error": {
    "code": 4,
    "message": "Rate limit or quota exceeded. Token Plan 主要面向个人开发者的交互式使用场景。当前请求量较高，请稍后重试；如需支持更高并发或自动化任务，建议升级至更高级别套餐，或使用按量付费 API。 (2062)",
    "hint": "Check usage: mmx quota show"
  }
}
[2026-05-18 09:15:00] [Reviewer] 第1645章审查失败
[2026-05-18 09:15:01] [Reviewer] 正在审查第1646章...
[2026-05-18 09:15:05] [ERROR] mmx call failed (rc=4): {
  "error": {
    "code": 4,
    "message": "Rate limit or quota exceeded. Token Plan 主要面向个人开发者的交互式使用场景。当前请求量较高，请稍后重试；如需支持更高并发或自动化任务，建议升级至更高级别套餐，或使用按量付费 API。 (2062)",
    "hint": "Check usage: mmx quota show"
  }
}
[2026-05-18 09:15:05] [Reviewer] 第1646章审查失败
[2026-05-18 09:15:06] [Reviewer] 正在审查第1647章...
[2026-05-18 09:15:08] [ERROR] mmx call failed (rc=4): {
  "error": {
    "code": 4,
    "message": "Rate limit or quota exceeded. Token Plan 主要面向个人开发者的交互式使用场景。当前请求量较高，请稍后重试；如需支持更高并发或自动化任务，建议升级至更高级别套餐，或使用按量付费 API。 (2062)",
    "hint": "Check usage: mmx quota show"
  }
}
[2026-05-18 09:15:08] [Reviewer] 第1647章审查失败
[2026-05-18 09:15:10] [Reviewer] 正在审查第1648章...
[2026-05-18 09:15:15] [ERROR] mmx call failed (rc=4): {
  "error": {
    "code": 4,
    "message": "Rate limit or quota exceeded. Token Plan 主要面向个人开发者的交互式使用场景。当前请求量较高，请稍后重试；如需支持更高并发或自动化任务，建议升级至更高级别套餐，或使用按量付费 API。 (2062)",
    "hint": "Check usage: mmx quota show"
  }
}
[2026-05-18 09:15:15] [Reviewer] 第1648章审查失败
[2026-05-18 09:15:16] [Reviewer] 正在审查第1649章...
[2026-05-18 09:15:47] [Reviewer] 第1649章审查完成，评分: 7.5， verdict: 需修改
[2026-05-18 09:15:48] [Reviewer] 正在审查第1650章...
[2026-05-18 09:15:49] [ERROR] mmx call failed (rc=4): {
  "error": {
    "code": 4,
    "message": "Rate limit or quota exceeded. Token Plan 主要面向个人开发者的交互式使用场景。当前请求量较高，请稍后重试；如需支持更高并发或自动化任务，建议升级至更高级别套餐，或使用按量付费 API。 (2062)",
    "hint": "Check usage: mmx quota show"
  }
}
[2026-05-18 09:15:49] [Reviewer] 第1650章审查失败
[2026-05-18 09:15:50] [Reviewer] 正在审查第1651章...
[2026-05-18 09:15:51] [ERROR] mmx call failed (rc=4): {
  "error": {
    "code": 4,
    "message": "Rate limit or quota exceeded. Token Plan 主要面向个人开发者的交互式使用场景。当前请求量较高，请稍后重试；如需支持更高并发或自动化任务，建议升级至更高级别套餐，或使用按量付费 API。 (2062)",
    "hint": "Check usage: mmx quota show"
  }
}
[2026-05-18 09:15:51] [Reviewer] 第1651章审查失败
[2026-05-18 09:15:52] [Reviewer] 正在审查第1652章...
[2026-05-18 09:15:55] [ERROR] mmx call failed (rc=4): {
  "error": {
    "code": 4,
    "message": "Rate limit or quota exceeded. Token Plan 主要面向个人开发者的交互式使用场景。当前请求量较高，请稍后重试；如需支持更高并发或自动化任务，建议升级至更高级别套餐，或使用按量付费 API。 (2062)",
    "hint": "Check usage: mmx quota show"
  }
}
[2026-05-18 09:15:55] [Reviewer] 第1652章审查失败
[2026-05-18 09:15:56] [Reviewer] 正在审查第1653章...
[2026-05-18 09:15:59] [ERROR] mmx call failed (rc=4): {
  "error": {
    "code": 4,
    "message": "Rate limit or quota exceeded. Token Plan 主要面向个人开发者的交互式使用场景。当前请求量较高，请稍后重试；如需支持更高并发或自动化任务，建议升级至更高级别套餐，或使用按量付费 API。 (2062)",
    "hint": "Check usage: mmx quota show"
  }
}
[2026-05-18 09:16:00] [Reviewer] 第1653章审查失败
[2026-05-18 09:16:01] [Reviewer] 正在审查第1654章...
[2026-05-18 09:16:05] [ERROR] mmx call failed (rc=4): {
  "error": {
    "code": 4,
    "message": "Rate limit or quota exceeded. Token Plan 主要面向个人开发者的交互式使用场景。当前请求量较高，请稍后重试；如需支持更高并发或自动化任务，建议升级至更高级别套餐，或使用按量付费 API。 (2062)",
    "hint": "Check usage: mmx quota show"
  }
}
[2026-05-18 09:16:05] [Reviewer] 第1654章审查失败
[2026-05-18 09:16:06] [Reviewer] 正在审查第1655章...
[2026-05-18 09:16:08] [ERROR] mmx call failed (rc=4): {
  "error": {
    "code": 4,
    "message": "Rate limit or quota exceeded. Token Plan 主要面向个人开发者的交互式使用场景。当前请求量较高，请稍后重试；如需支持更高并发或自动化任务，建议升级至更高级别套餐，或使用按量付费 API。 (2062)",
    "hint": "Check usage: mmx quota show"
  }
}
[2026-05-18 09:16:08] [Reviewer] 第1655章审查失败
[2026-05-18 09:16:09] [Reviewer] 正在审查第1656章...
[2026-05-18 09:16:54] [Reviewer] 第1656章审查完成，评分: 8.5， verdict: 通过
[2026-05-18 09:16:55] [Reviewer] 正在审查第1657章...
[2026-05-18 09:16:58] [ERROR] mmx call failed (rc=4): {
  "error": {
    "code": 4,
    "message": "Rate limit or quota exceeded. Token Plan 主要面向个人开发者的交互式使用场景。当前请求量较高，请稍后重试；如需支持更高并发或自动化任务，建议升级至更高级别套餐，或使用按量付费 API。 (2062)",
    "hint": "Check usage: mmx quota show"
  }
}
[2026-05-18 09:16:58] [Reviewer] 第1657章审查失败
[2026-05-18 09:16:59] [Reviewer] 正在审查第1658章...
[2026-05-18 09:17:00] [ERROR] mmx call failed (rc=4): {
  "error": {
    "code": 4,
    "message": "Rate limit or quota exceeded. Token Plan 主要面向个人开发者的交互式使用场景。当前请求量较高，请稍后重试；如需支持更高并发或自动化任务，建议升级至更高级别套餐，或使用按量付费 API。 (2062)",
    "hint": "Check usage: mmx quota show"
  }
}
[2026-05-18 09:17:00] [Reviewer] 第1658章审查失败
[2026-05-18 09:17:01] [Reviewer] 正在审查第1659章...
[2026-05-18 09:17:04] [ERROR] mmx call failed (rc=4): {
  "error": {
    "code": 4,
    "message": "Rate limit or quota exceeded. Token Plan 主要面向个人开发者的交互式使用场景。当前请求量较高，请稍后重试；如需支持更高并发或自动化任务，建议升级至更高级别套餐，或使用按量付费 API。 (2062)",
    "hint": "Check usage: mmx quota show"
  }
}
[2026-05-18 09:17:04] [Reviewer] 第1659章审查失败
[2026-05-18 09:17:05] [Reviewer] 正在审查第1660章...
[2026-05-18 09:17:07] [ERROR] mmx call failed (rc=4): {
  "error": {
    "code": 4,
    "message": "Rate limit or quota exceeded. Token Plan 主要面向个人开发者的交互式使用场景。当前请求量较高，请稍后重试；如需支持更高并发或自动化任务，建议升级至更高级别套餐，或使用按量付费 API。 (2062)",
    "hint": "Check usage: mmx quota show"
  }
}
[2026-05-18 09:17:07] [Reviewer] 第1660章审查失败
[2026-05-18 09:17:08] [Reviewer] 全部完成
