============================================================
Reviewer Agent 启动
============================================================
[2026-05-18 09:14:17] [Reviewer] 正在审查第1521章...
[2026-05-18 09:14:58] [Reviewer] JSON解析失败: Unterminated string starting at: line 44 column 14 (char 1931)
[2026-05-18 09:14:58] [Reviewer] 第1521章审查完成，评分: N/A， verdict: N/A
[2026-05-18 09:15:00] [Reviewer] 正在审查第1522章...
[2026-05-18 09:15:01] [ERROR] mmx call failed (rc=4): {
  "error": {
    "code": 4,
    "message": "Rate limit or quota exceeded. Token Plan 主要面向个人开发者的交互式使用场景。当前请求量较高，请稍后重试；如需支持更高并发或自动化任务，建议升级至更高级别套餐，或使用按量付费 API。 (2062)",
    "hint": "Check usage: mmx quota show"
  }
}
[2026-05-18 09:15:01] [Reviewer] 第1522章审查失败
[2026-05-18 09:15:03] [Reviewer] 正在审查第1523章...
[2026-05-18 09:15:05] [ERROR] mmx call failed (rc=4): {
  "error": {
    "code": 4,
    "message": "Rate limit or quota exceeded. Token Plan 主要面向个人开发者的交互式使用场景。当前请求量较高，请稍后重试；如需支持更高并发或自动化任务，建议升级至更高级别套餐，或使用按量付费 API。 (2062)",
    "hint": "Check usage: mmx quota show"
  }
}
[2026-05-18 09:15:05] [Reviewer] 第1523章审查失败
[2026-05-18 09:15:06] [Reviewer] 正在审查第1524章...
[2026-05-18 09:15:11] [ERROR] mmx call failed (rc=4): {
  "error": {
    "code": 4,
    "message": "Rate limit or quota exceeded. Token Plan 主要面向个人开发者的交互式使用场景。当前请求量较高，请稍后重试；如需支持更高并发或自动化任务，建议升级至更高级别套餐，或使用按量付费 API。 (2062)",
    "hint": "Check usage: mmx quota show"
  }
}
[2026-05-18 09:15:11] [Reviewer] 第1524章审查失败
[2026-05-18 09:15:12] [Reviewer] 正在审查第1525章...
[2026-05-18 09:15:48] [Reviewer] 第1525章审查完成，评分: 8.0， verdict: 通过
[2026-05-18 09:15:50] [Reviewer] 正在审查第1526章...
[2026-05-18 09:15:50] [ERROR] mmx call failed (rc=4): {
  "error": {
    "code": 4,
    "message": "Rate limit or quota exceeded. Token Plan 主要面向个人开发者的交互式使用场景。当前请求量较高，请稍后重试；如需支持更高并发或自动化任务，建议升级至更高级别套餐，或使用按量付费 API。 (2062)",
    "hint": "Check usage: mmx quota show"
  }
}
[2026-05-18 09:15:50] [Reviewer] 第1526章审查失败
[2026-05-18 09:15:52] [Reviewer] 正在审查第1527章...
[2026-05-18 09:15:53] [ERROR] mmx call failed (rc=4): {
  "error": {
    "code": 4,
    "message": "Rate limit or quota exceeded. Token Plan 主要面向个人开发者的交互式使用场景。当前请求量较高，请稍后重试；如需支持更高并发或自动化任务，建议升级至更高级别套餐，或使用按量付费 API。 (2062)",
    "hint": "Check usage: mmx quota show"
  }
}
[2026-05-18 09:15:53] [Reviewer] 第1527章审查失败
[2026-05-18 09:15:54] [Reviewer] 正在审查第1528章...
[2026-05-18 09:15:57] [ERROR] mmx call failed (rc=4): {
  "error": {
    "code": 4,
    "message": "Rate limit or quota exceeded. Token Plan 主要面向个人开发者的交互式使用场景。当前请求量较高，请稍后重试；如需支持更高并发或自动化任务，建议升级至更高级别套餐，或使用按量付费 API。 (2062)",
    "hint": "Check usage: mmx quota show"
  }
}
[2026-05-18 09:15:57] [Reviewer] 第1528章审查失败
[2026-05-18 09:15:58] [Reviewer] 正在审查第1529章...
[2026-05-18 09:16:02] [ERROR] mmx call failed (rc=4): {
  "error": {
    "code": 4,
    "message": "Rate limit or quota exceeded. Token Plan 主要面向个人开发者的交互式使用场景。当前请求量较高，请稍后重试；如需支持更高并发或自动化任务，建议升级至更高级别套餐，或使用按量付费 API。 (2062)",
    "hint": "Check usage: mmx quota show"
  }
}
[2026-05-18 09:16:02] [Reviewer] 第1529章审查失败
[2026-05-18 09:16:04] [Reviewer] 正在审查第1530章...
[2026-05-18 09:16:08] [ERROR] mmx call failed (rc=4): {
  "error": {
    "code": 4,
    "message": "Rate limit or quota exceeded. Token Plan 主要面向个人开发者的交互式使用场景。当前请求量较高，请稍后重试；如需支持更高并发或自动化任务，建议升级至更高级别套餐，或使用按量付费 API。 (2062)",
    "hint": "Check usage: mmx quota show"
  }
}
[2026-05-18 09:16:08] [Reviewer] 第1530章审查失败
[2026-05-18 09:16:09] [Reviewer] 正在审查第1531章...
[2026-05-18 09:16:12] [ERROR] mmx call failed (rc=4): {
  "error": {
    "code": 4,
    "message": "Rate limit or quota exceeded. Token Plan 主要面向个人开发者的交互式使用场景。当前请求量较高，请稍后重试；如需支持更高并发或自动化任务，建议升级至更高级别套餐，或使用按量付费 API。 (2062)",
    "hint": "Check usage: mmx quota show"
  }
}
[2026-05-18 09:16:12] [Reviewer] 第1531章审查失败
[2026-05-18 09:16:14] [Reviewer] 正在审查第1532章...
[2026-05-18 09:17:04] [Reviewer] 第1532章审查完成，评分: 8.5， verdict: 通过
[2026-05-18 09:17:05] [Reviewer] 正在审查第1533章...
[2026-05-18 09:17:07] [ERROR] mmx call failed (rc=4): {
  "error": {
    "code": 4,
    "message": "Rate limit or quota exceeded. Token Plan 主要面向个人开发者的交互式使用场景。当前请求量较高，请稍后重试；如需支持更高并发或自动化任务，建议升级至更高级别套餐，或使用按量付费 API。 (2062)",
    "hint": "Check usage: mmx quota show"
  }
}
[2026-05-18 09:17:07] [Reviewer] 第1533章审查失败
[2026-05-18 09:17:08] [Reviewer] 正在审查第1534章...
[2026-05-18 09:17:11] [ERROR] mmx call failed (rc=4): {
  "error": {
    "code": 4,
    "message": "Rate limit or quota exceeded. Token Plan 主要面向个人开发者的交互式使用场景。当前请求量较高，请稍后重试；如需支持更高并发或自动化任务，建议升级至更高级别套餐，或使用按量付费 API。 (2062)",
    "hint": "Check usage: mmx quota show"
  }
}
[2026-05-18 09:17:11] [Reviewer] 第1534章审查失败
[2026-05-18 09:17:12] [Reviewer] 正在审查第1535章...
[2026-05-18 09:17:49] [Reviewer] 第1535章审查完成，评分: 7.5， verdict: 需修改
[2026-05-18 09:17:50] [Reviewer] 正在审查第1536章...
[2026-05-18 09:18:23] [Reviewer] 第1536章审查完成，评分: 7.8， verdict: 需修改
[2026-05-18 09:18:24] [Reviewer] 正在审查第1537章...
[2026-05-18 09:18:58] [Reviewer] 第1537章审查完成，评分: 8.0， verdict: 通过
[2026-05-18 09:18:59] [Reviewer] 正在审查第1538章...
[2026-05-18 09:19:31] [Reviewer] 第1538章审查完成，评分: 7.8， verdict: 通过
[2026-05-18 09:19:32] [Reviewer] 正在审查第1539章...
[2026-05-18 09:19:59] [Reviewer] 第1539章审查完成，评分: 7.2， verdict: 需修改
[2026-05-18 09:20:00] [Reviewer] 正在审查第1540章...
[2026-05-18 09:20:30] [Reviewer] 第1540章审查完成，评分: 8.0， verdict: 通过
[2026-05-18 09:20:31] [Reviewer] 全部完成
