============================================================
Reviewer Agent 启动
============================================================
[2026-05-18 09:14:18] [Reviewer] 第1707章已审查过，跳过
[2026-05-18 09:14:19] [Reviewer] 正在审查第1708章...
[2026-05-18 09:14:54] [Reviewer] 第1708章审查完成，评分: 8， verdict: 通过
[2026-05-18 09:14:55] [Reviewer] 正在审查第1709章...
[2026-05-18 09:14:56] [ERROR] mmx call failed (rc=4): {
  "error": {
    "code": 4,
    "message": "Rate limit or quota exceeded. Token Plan 主要面向个人开发者的交互式使用场景。当前请求量较高，请稍后重试；如需支持更高并发或自动化任务，建议升级至更高级别套餐，或使用按量付费 API。 (2062)",
    "hint": "Check usage: mmx quota show"
  }
}
[2026-05-18 09:14:56] [Reviewer] 第1709章审查失败
[2026-05-18 09:14:57] [Reviewer] 正在审查第1710章...
[2026-05-18 09:14:59] [ERROR] mmx call failed (rc=4): {
  "error": {
    "code": 4,
    "message": "Rate limit or quota exceeded. Token Plan 主要面向个人开发者的交互式使用场景。当前请求量较高，请稍后重试；如需支持更高并发或自动化任务，建议升级至更高级别套餐，或使用按量付费 API。 (2062)",
    "hint": "Check usage: mmx quota show"
  }
}
[2026-05-18 09:14:59] [Reviewer] 第1710章审查失败
[2026-05-18 09:15:00] [Reviewer] 正在审查第1711章...
[2026-05-18 09:15:04] [ERROR] mmx call failed (rc=4): {
  "error": {
    "code": 4,
    "message": "Rate limit or quota exceeded. Token Plan 主要面向个人开发者的交互式使用场景。当前请求量较高，请稍后重试；如需支持更高并发或自动化任务，建议升级至更高级别套餐，或使用按量付费 API。 (2062)",
    "hint": "Check usage: mmx quota show"
  }
}
[2026-05-18 09:15:04] [Reviewer] 第1711章审查失败
[2026-05-18 09:15:05] [Reviewer] 正在审查第1712章...
[2026-05-18 09:15:07] [ERROR] mmx call failed (rc=4): {
  "error": {
    "code": 4,
    "message": "Rate limit or quota exceeded. Token Plan 主要面向个人开发者的交互式使用场景。当前请求量较高，请稍后重试；如需支持更高并发或自动化任务，建议升级至更高级别套餐，或使用按量付费 API。 (2062)",
    "hint": "Check usage: mmx quota show"
  }
}
[2026-05-18 09:15:07] [Reviewer] 第1712章审查失败
[2026-05-18 09:15:08] [Reviewer] 正在审查第1713章...
[2026-05-18 09:15:11] [ERROR] mmx call failed (rc=4): {
  "error": {
    "code": 4,
    "message": "Rate limit or quota exceeded. Token Plan 主要面向个人开发者的交互式使用场景。当前请求量较高，请稍后重试；如需支持更高并发或自动化任务，建议升级至更高级别套餐，或使用按量付费 API。 (2062)",
    "hint": "Check usage: mmx quota show"
  }
}
[2026-05-18 09:15:11] [Reviewer] 第1713章审查失败
[2026-05-18 09:15:12] [Reviewer] 正在审查第1714章...
[2026-05-18 09:15:43] [Reviewer] 第1714章审查完成，评分: 7.8， verdict: 通过
[2026-05-18 09:15:44] [Reviewer] 正在审查第1715章...
[2026-05-18 09:15:44] [ERROR] mmx call failed (rc=4): {
  "error": {
    "code": 4,
    "message": "Rate limit or quota exceeded. Token Plan 主要面向个人开发者的交互式使用场景。当前请求量较高，请稍后重试；如需支持更高并发或自动化任务，建议升级至更高级别套餐，或使用按量付费 API。 (2062)",
    "hint": "Check usage: mmx quota show"
  }
}
[2026-05-18 09:15:44] [Reviewer] 第1715章审查失败
[2026-05-18 09:15:45] [Reviewer] 正在审查第1716章...
[2026-05-18 09:15:46] [ERROR] mmx call failed (rc=4): {
  "error": {
    "code": 4,
    "message": "Rate limit or quota exceeded. Token Plan 主要面向个人开发者的交互式使用场景。当前请求量较高，请稍后重试；如需支持更高并发或自动化任务，建议升级至更高级别套餐，或使用按量付费 API。 (2062)",
    "hint": "Check usage: mmx quota show"
  }
}
[2026-05-18 09:15:46] [Reviewer] 第1716章审查失败
[2026-05-18 09:15:47] [Reviewer] 正在审查第1717章...
[2026-05-18 09:15:47] [ERROR] mmx call failed (rc=4): {
  "error": {
    "code": 4,
    "message": "Rate limit or quota exceeded. Token Plan 主要面向个人开发者的交互式使用场景。当前请求量较高，请稍后重试；如需支持更高并发或自动化任务，建议升级至更高级别套餐，或使用按量付费 API。 (2062)",
    "hint": "Check usage: mmx quota show"
  }
}
[2026-05-18 09:15:47] [Reviewer] 第1717章审查失败
[2026-05-18 09:15:48] [Reviewer] 正在审查第1718章...
[2026-05-18 09:15:49] [ERROR] mmx call failed (rc=4): {
  "error": {
    "code": 4,
    "message": "Rate limit or quota exceeded. Token Plan 主要面向个人开发者的交互式使用场景。当前请求量较高，请稍后重试；如需支持更高并发或自动化任务，建议升级至更高级别套餐，或使用按量付费 API。 (2062)",
    "hint": "Check usage: mmx quota show"
  }
}
[2026-05-18 09:15:49] [Reviewer] 第1718章审查失败
[2026-05-18 09:15:50] [Reviewer] 正在审查第1719章...
[2026-05-18 09:15:51] [ERROR] mmx call failed (rc=4): {
  "error": {
    "code": 4,
    "message": "Rate limit or quota exceeded. Token Plan 主要面向个人开发者的交互式使用场景。当前请求量较高，请稍后重试；如需支持更高并发或自动化任务，建议升级至更高级别套餐，或使用按量付费 API。 (2062)",
    "hint": "Check usage: mmx quota show"
  }
}
[2026-05-18 09:15:51] [Reviewer] 第1719章审查失败
[2026-05-18 09:15:52] [Reviewer] 正在审查第1720章...
[2026-05-18 09:15:54] [ERROR] mmx call failed (rc=4): {
  "error": {
    "code": 4,
    "message": "Rate limit or quota exceeded. Token Plan 主要面向个人开发者的交互式使用场景。当前请求量较高，请稍后重试；如需支持更高并发或自动化任务，建议升级至更高级别套餐，或使用按量付费 API。 (2062)",
    "hint": "Check usage: mmx quota show"
  }
}
[2026-05-18 09:15:54] [Reviewer] 第1720章审查失败
[2026-05-18 09:15:55] [Reviewer] 全部完成
