============================================================
Reviewer Agent 启动
============================================================
[2026-05-18 09:10:02] [Reviewer] 正在审查第1101章...
[2026-05-18 09:10:36] [Reviewer] 第1101章审查完成，评分: 7.5， verdict: 需修改
[2026-05-18 09:10:37] [Reviewer] 正在审查第1102章...
[2026-05-18 09:11:17] [Reviewer] 第1102章审查完成，评分: 7.5， verdict: 需修改
[2026-05-18 09:11:18] [Reviewer] 正在审查第1103章...
[2026-05-18 09:11:52] [Reviewer] 第1103章审查完成，评分: 7.5， verdict: 需修改
[2026-05-18 09:11:53] [Reviewer] 正在审查第1104章...
[2026-05-18 09:12:35] [Reviewer] 第1104章审查完成，评分: 8.2， verdict: 通过
[2026-05-18 09:12:36] [Reviewer] 正在审查第1105章...
[2026-05-18 09:13:26] [Reviewer] 第1105章审查完成，评分: 7.8， verdict: 需修改
[2026-05-18 09:13:27] [Reviewer] 正在审查第1106章...
[2026-05-18 09:14:07] [Reviewer] 第1106章审查完成，评分: 8.5， verdict: 通过
[2026-05-18 09:14:08] [Reviewer] 正在审查第1107章...
[2026-05-18 09:14:38] [Reviewer] 第1107章审查完成，评分: 7.8， verdict: 通过
[2026-05-18 09:14:39] [Reviewer] 正在审查第1108章...
[2026-05-18 09:15:10] [Reviewer] 第1108章审查完成，评分: 8.5， verdict: 通过
[2026-05-18 09:15:11] [Reviewer] 正在审查第1109章...
[2026-05-18 09:15:14] [ERROR] mmx call failed (rc=4): {
  "error": {
    "code": 4,
    "message": "Rate limit or quota exceeded. Token Plan 主要面向个人开发者的交互式使用场景。当前请求量较高，请稍后重试；如需支持更高并发或自动化任务，建议升级至更高级别套餐，或使用按量付费 API。 (2062)",
    "hint": "Check usage: mmx quota show"
  }
}
[2026-05-18 09:15:14] [Reviewer] 第1109章审查失败
[2026-05-18 09:15:15] [Reviewer] 正在审查第1110章...
[2026-05-18 09:16:07] [Reviewer] 第1110章审查完成，评分: 8.5， verdict: 通过
[2026-05-18 09:16:08] [Reviewer] 正在审查第1111章...
[2026-05-18 09:16:12] [ERROR] mmx call failed (rc=4): {
  "error": {
    "code": 4,
    "message": "Rate limit or quota exceeded. Token Plan 主要面向个人开发者的交互式使用场景。当前请求量较高，请稍后重试；如需支持更高并发或自动化任务，建议升级至更高级别套餐，或使用按量付费 API。 (2062)",
    "hint": "Check usage: mmx quota show"
  }
}
[2026-05-18 09:16:12] [Reviewer] 第1111章审查失败
[2026-05-18 09:16:13] [Reviewer] 正在审查第1112章...
[2026-05-18 09:16:53] [Reviewer] 第1112章审查完成，评分: 7.8， verdict: 需修改
[2026-05-18 09:16:54] [Reviewer] 第1113章已审查过，跳过
[2026-05-18 09:16:55] [Reviewer] 正在审查第1114章...
[2026-05-18 09:16:56] [ERROR] mmx call failed (rc=4): {
  "error": {
    "code": 4,
    "message": "Rate limit or quota exceeded. Token Plan 主要面向个人开发者的交互式使用场景。当前请求量较高，请稍后重试；如需支持更高并发或自动化任务，建议升级至更高级别套餐，或使用按量付费 API。 (2062)",
    "hint": "Check usage: mmx quota show"
  }
}
[2026-05-18 09:16:56] [Reviewer] 第1114章审查失败
[2026-05-18 09:16:58] [Reviewer] 正在审查第1115章...
[2026-05-18 09:17:00] [ERROR] mmx call failed (rc=4): {
  "error": {
    "code": 4,
    "message": "Rate limit or quota exceeded. Token Plan 主要面向个人开发者的交互式使用场景。当前请求量较高，请稍后重试；如需支持更高并发或自动化任务，建议升级至更高级别套餐，或使用按量付费 API。 (2062)",
    "hint": "Check usage: mmx quota show"
  }
}
[2026-05-18 09:17:00] [Reviewer] 第1115章审查失败
[2026-05-18 09:17:01] [Reviewer] 正在审查第1116章...
[2026-05-18 09:17:04] [ERROR] mmx call failed (rc=4): {
  "error": {
    "code": 4,
    "message": "Rate limit or quota exceeded. Token Plan 主要面向个人开发者的交互式使用场景。当前请求量较高，请稍后重试；如需支持更高并发或自动化任务，建议升级至更高级别套餐，或使用按量付费 API。 (2062)",
    "hint": "Check usage: mmx quota show"
  }
}
[2026-05-18 09:17:04] [Reviewer] 第1116章审查失败
[2026-05-18 09:17:05] [Reviewer] 正在审查第1117章...
[2026-05-18 09:17:07] [ERROR] mmx call failed (rc=4): {
  "error": {
    "code": 4,
    "message": "Rate limit or quota exceeded. Token Plan 主要面向个人开发者的交互式使用场景。当前请求量较高，请稍后重试；如需支持更高并发或自动化任务，建议升级至更高级别套餐，或使用按量付费 API。 (2062)",
    "hint": "Check usage: mmx quota show"
  }
}
[2026-05-18 09:17:07] [Reviewer] 第1117章审查失败
[2026-05-18 09:17:08] [Reviewer] 正在审查第1118章...
[2026-05-18 09:17:11] [ERROR] mmx call failed (rc=4): {
  "error": {
    "code": 4,
    "message": "Rate limit or quota exceeded. Token Plan 主要面向个人开发者的交互式使用场景。当前请求量较高，请稍后重试；如需支持更高并发或自动化任务，建议升级至更高级别套餐，或使用按量付费 API。 (2062)",
    "hint": "Check usage: mmx quota show"
  }
}
[2026-05-18 09:17:11] [Reviewer] 第1118章审查失败
[2026-05-18 09:17:12] [Reviewer] 第1119章已审查过，跳过
[2026-05-18 09:17:13] [Reviewer] 正在审查第1120章...
[2026-05-18 09:17:58] [Reviewer] 第1120章审查完成，评分: 8.5， verdict: 通过
[2026-05-18 09:17:59] [Reviewer] 第1121章已审查过，跳过
[2026-05-18 09:18:00] [Reviewer] 正在审查第1122章...
[2026-05-18 09:18:01] [ERROR] mmx call failed (rc=4): {
  "error": {
    "code": 4,
    "message": "Rate limit or quota exceeded. Token Plan 主要面向个人开发者的交互式使用场景。当前请求量较高，请稍后重试；如需支持更高并发或自动化任务，建议升级至更高级别套餐，或使用按量付费 API。 (2062)",
    "hint": "Check usage: mmx quota show"
  }
}
[2026-05-18 09:18:01] [Reviewer] 第1122章审查失败
[2026-05-18 09:18:02] [Reviewer] 正在审查第1123章...
[2026-05-18 09:18:03] [ERROR] mmx call failed (rc=4): {
  "error": {
    "code": 4,
    "message": "Rate limit or quota exceeded. Token Plan 主要面向个人开发者的交互式使用场景。当前请求量较高，请稍后重试；如需支持更高并发或自动化任务，建议升级至更高级别套餐，或使用按量付费 API。 (2062)",
    "hint": "Check usage: mmx quota show"
  }
}
[2026-05-18 09:18:03] [Reviewer] 第1123章审查失败
[2026-05-18 09:18:04] [Reviewer] 正在审查第1124章...
[2026-05-18 09:18:05] [ERROR] mmx call failed (rc=4): {
  "error": {
    "code": 4,
    "message": "Rate limit or quota exceeded. Token Plan 主要面向个人开发者的交互式使用场景。当前请求量较高，请稍后重试；如需支持更高并发或自动化任务，建议升级至更高级别套餐，或使用按量付费 API。 (2062)",
    "hint": "Check usage: mmx quota show"
  }
}
[2026-05-18 09:18:05] [Reviewer] 第1124章审查失败
[2026-05-18 09:18:06] [Reviewer] 正在审查第1125章...
[2026-05-18 09:18:06] [ERROR] mmx call failed (rc=4): {
  "error": {
    "code": 4,
    "message": "Rate limit or quota exceeded. Token Plan 主要面向个人开发者的交互式使用场景。当前请求量较高，请稍后重试；如需支持更高并发或自动化任务，建议升级至更高级别套餐，或使用按量付费 API。 (2062)",
    "hint": "Check usage: mmx quota show"
  }
}
[2026-05-18 09:18:06] [Reviewer] 第1125章审查失败
[2026-05-18 09:18:07] [Reviewer] 正在审查第1126章...
[2026-05-18 09:18:09] [ERROR] mmx call failed (rc=4): {
  "error": {
    "code": 4,
    "message": "Rate limit or quota exceeded. Token Plan 主要面向个人开发者的交互式使用场景。当前请求量较高，请稍后重试；如需支持更高并发或自动化任务，建议升级至更高级别套餐，或使用按量付费 API。 (2062)",
    "hint": "Check usage: mmx quota show"
  }
}
[2026-05-18 09:18:09] [Reviewer] 第1126章审查失败
[2026-05-18 09:18:10] [Reviewer] 正在审查第1127章...
[2026-05-18 09:18:10] [ERROR] mmx call failed (rc=4): {
  "error": {
    "code": 4,
    "message": "Rate limit or quota exceeded. Token Plan 主要面向个人开发者的交互式使用场景。当前请求量较高，请稍后重试；如需支持更高并发或自动化任务，建议升级至更高级别套餐，或使用按量付费 API。 (2062)",
    "hint": "Check usage: mmx quota show"
  }
}
[2026-05-18 09:18:10] [Reviewer] 第1127章审查失败
[2026-05-18 09:18:11] [Reviewer] 第1128章已审查过，跳过
[2026-05-18 09:18:12] [Reviewer] 正在审查第1129章...
[2026-05-18 09:18:13] [ERROR] mmx call failed (rc=4): {
  "error": {
    "code": 4,
    "message": "Rate limit or quota exceeded. Token Plan 主要面向个人开发者的交互式使用场景。当前请求量较高，请稍后重试；如需支持更高并发或自动化任务，建议升级至更高级别套餐，或使用按量付费 API。 (2062)",
    "hint": "Check usage: mmx quota show"
  }
}
[2026-05-18 09:18:13] [Reviewer] 第1129章审查失败
[2026-05-18 09:18:14] [Reviewer] 正在审查第1130章...
[2026-05-18 09:18:49] [Reviewer] 第1130章审查完成，评分: 8.5， verdict: 通过
[2026-05-18 09:18:50] [Reviewer] 正在审查第1131章...
[2026-05-18 09:19:29] [Reviewer] 第1131章审查完成，评分: 6.5， verdict: 需修改
[2026-05-18 09:19:30] [Reviewer] 正在审查第1132章...
[2026-05-18 09:20:14] [Reviewer] 第1132章审查完成，评分: 7.5， verdict: 需修改
[2026-05-18 09:20:15] [Reviewer] 第1133章已审查过，跳过
[2026-05-18 09:20:16] [Reviewer] 正在审查第1134章...
[2026-05-18 09:20:46] [Reviewer] 第1134章审查完成，评分: 7.8， verdict: 需修改
[2026-05-18 09:20:47] [Reviewer] 正在审查第1135章...
[2026-05-18 09:21:27] [Reviewer] 第1135章审查完成，评分: 7.8， verdict: 通过（需小修）
[2026-05-18 09:21:28] [Reviewer] 正在审查第1136章...
[2026-05-18 09:22:01] [Reviewer] 第1136章审查完成，评分: 8.5， verdict: 通过
[2026-05-18 09:22:02] [Reviewer] 正在审查第1137章...
[2026-05-18 09:22:32] [Reviewer] 第1137章审查完成，评分: 8.2， verdict: 通过
[2026-05-18 09:22:33] [Reviewer] 正在审查第1138章...
[2026-05-18 09:23:09] [Reviewer] 第1138章审查完成，评分: 7.2， verdict: 需修改
[2026-05-18 09:23:10] [Reviewer] 正在审查第1139章...
[2026-05-18 09:23:48] [Reviewer] 第1139章审查完成，评分: 7.5， verdict: 需修改
[2026-05-18 09:23:49] [Reviewer] 正在审查第1140章...
[2026-05-18 09:24:24] [Reviewer] 第1140章审查完成，评分: 7.8， verdict: 需修改
[2026-05-18 09:24:25] [Reviewer] 第1141章已审查过，跳过
[2026-05-18 09:24:26] [Reviewer] 正在审查第1142章...
[2026-05-18 09:24:58] [Reviewer] 第1142章审查完成，评分: 8.5， verdict: 通过
[2026-05-18 09:24:59] [Reviewer] 正在审查第1143章...
[2026-05-18 09:25:39] [Reviewer] 第1143章审查完成，评分: 7.5， verdict: 需修改
[2026-05-18 09:25:40] [Reviewer] 正在审查第1144章...
[2026-05-18 09:26:13] [Reviewer] 第1144章审查完成，评分: 8.5， verdict: 通过
[2026-05-18 09:26:14] [Reviewer] 正在审查第1145章...
[2026-05-18 09:26:53] [Reviewer] 第1145章审查完成，评分: 8.0， verdict: 通过
[2026-05-18 09:26:54] [Reviewer] 第1146章已审查过，跳过
[2026-05-18 09:26:55] [Reviewer] 正在审查第1147章...
[2026-05-18 09:27:32] [Reviewer] 第1147章审查完成，评分: 7.5， verdict: 需修改
[2026-05-18 09:27:33] [Reviewer] 正在审查第1148章...
[2026-05-18 09:28:23] [Reviewer] JSON解析失败: Unterminated string starting at: line 30 column 5 (char 798)
[2026-05-18 09:28:23] [Reviewer] 第1148章审查完成，评分: N/A， verdict: N/A
[2026-05-18 09:28:24] [Reviewer] 正在审查第1149章...
[2026-05-18 09:29:07] [Reviewer] 第1149章审查完成，评分: 8.2， verdict: 通过
[2026-05-18 09:29:08] [Reviewer] 第1150章已审查过，跳过
[2026-05-18 09:29:09] [Reviewer] 正在审查第1151章...
[2026-05-18 09:29:43] [Reviewer] 第1151章审查完成，评分: 8.5， verdict: 通过
[2026-05-18 09:29:44] [Reviewer] 正在审查第1152章...
[2026-05-18 09:30:13] [Reviewer] 第1152章审查完成，评分: 7.5， verdict: 需修改
[2026-05-18 09:30:14] [Reviewer] 正在审查第1153章...
[2026-05-18 09:30:46] [Reviewer] 第1153章审查完成，评分: 4.5， verdict: 需重写
[2026-05-18 09:30:47] [Reviewer] 正在审查第1154章...
[2026-05-18 09:31:21] [Reviewer] 第1154章审查完成，评分: 7.5， verdict: 需修改
[2026-05-18 09:31:22] [Reviewer] 正在审查第1155章...
[2026-05-18 09:32:07] [Reviewer] 第1155章审查完成，评分: 7.5， verdict: 需修改
[2026-05-18 09:32:08] [Reviewer] 正在审查第1156章...
[2026-05-18 09:32:53] [Reviewer] 第1156章审查完成，评分: 7.6， verdict: 需修改
[2026-05-18 09:32:54] [Reviewer] 第1157章已审查过，跳过
[2026-05-18 09:32:55] [Reviewer] 正在审查第1158章...
[2026-05-18 09:33:25] [Reviewer] 第1158章审查完成，评分: 8.2， verdict: 通过
[2026-05-18 09:33:26] [Reviewer] 正在审查第1159章...
[2026-05-18 09:34:03] [Reviewer] 第1159章审查完成，评分: 8.5， verdict: 通过
[2026-05-18 09:34:04] [Reviewer] 正在审查第1160章...
[2026-05-18 09:34:50] [Reviewer] 第1160章审查完成，评分: 8， verdict: 通过
[2026-05-18 09:34:51] [Reviewer] 第1161章已审查过，跳过
[2026-05-18 09:34:52] [Reviewer] 正在审查第1162章...
[2026-05-18 09:35:29] [Reviewer] 第1162章审查完成，评分: 7.5， verdict: 需修改
[2026-05-18 09:35:30] [Reviewer] 正在审查第1163章...
[2026-05-18 09:36:01] [Reviewer] 第1163章审查完成，评分: 7.5， verdict: 需修改
[2026-05-18 09:36:02] [Reviewer] 正在审查第1164章...
[2026-05-18 09:36:45] [Reviewer] 第1164章审查完成，评分: 7.8， verdict: 需修改
[2026-05-18 09:36:46] [Reviewer] 第1165章已审查过，跳过
[2026-05-18 09:36:47] [Reviewer] 正在审查第1166章...
[2026-05-18 09:37:20] [Reviewer] 第1166章审查完成，评分: 8.5， verdict: 通过
[2026-05-18 09:37:21] [Reviewer] 正在审查第1167章...
[2026-05-18 09:38:09] [Reviewer] 第1167章审查完成，评分: 7.5， verdict: 需修改
[2026-05-18 09:38:10] [Reviewer] 正在审查第1168章...
[2026-05-18 09:38:48] [Reviewer] 第1168章审查完成，评分: 8.5， verdict: 通过
[2026-05-18 09:38:49] [Reviewer] 正在审查第1169章...
[2026-05-18 09:39:24] [Reviewer] 第1169章审查完成，评分: 7.8， verdict: 需修改
[2026-05-18 09:39:25] [Reviewer] 正在审查第1170章...
[2026-05-18 09:40:10] [Reviewer] 第1170章审查完成，评分: 8.5， verdict: 通过
[2026-05-18 09:40:11] [Reviewer] 第1171章已审查过，跳过
[2026-05-18 09:40:12] [Reviewer] 正在审查第1172章...
[2026-05-18 09:40:57] [Reviewer] 第1172章审查完成，评分: 7.5， verdict: 需修改
[2026-05-18 09:40:58] [Reviewer] 正在审查第1173章...
[2026-05-18 09:41:47] [Reviewer] 第1173章审查完成，评分: 7.5， verdict: 需修改
[2026-05-18 09:41:48] [Reviewer] 正在审查第1174章...
[2026-05-18 09:42:26] [Reviewer] 第1174章审查完成，评分: 7.8， verdict: 需修改
[2026-05-18 09:42:27] [Reviewer] 正在审查第1175章...
[2026-05-18 09:43:00] [Reviewer] 第1175章审查完成，评分: 8.5， verdict: 通过
[2026-05-18 09:43:01] [Reviewer] 第1176章已审查过，跳过
[2026-05-18 09:43:02] [Reviewer] 第1177章已审查过，跳过
[2026-05-18 09:43:03] [Reviewer] 第1178章已审查过，跳过
[2026-05-18 09:43:04] [Reviewer] 第1179章已审查过，跳过
[2026-05-18 09:43:05] [Reviewer] 第1180章已审查过，跳过
[2026-05-18 09:43:06] [Reviewer] 第1181章已审查过，跳过
[2026-05-18 09:43:07] [Reviewer] 正在审查第1182章...
[2026-05-18 09:44:05] [Reviewer] 第1182章审查完成，评分: 8.5， verdict: 通过
[2026-05-18 09:44:06] [Reviewer] 正在审查第1183章...
[2026-05-18 09:44:44] [Reviewer] 第1183章审查完成，评分: 7.8， verdict: 通过
[2026-05-18 09:44:45] [Reviewer] 正在审查第1184章...
[2026-05-18 09:45:19] [Reviewer] 第1184章审查完成，评分: 8.2， verdict: 通过
[2026-05-18 09:45:20] [Reviewer] 第1185章已审查过，跳过
[2026-05-18 09:45:21] [Reviewer] 正在审查第1186章...
[2026-05-18 09:46:12] [Reviewer] 第1186章审查完成，评分: 8.5， verdict: 通过
[2026-05-18 09:46:13] [Reviewer] 正在审查第1187章...
[2026-05-18 09:46:47] [Reviewer] 第1187章审查完成，评分: 7.5， verdict: 需修改
[2026-05-18 09:46:48] [Reviewer] 正在审查第1188章...
[2026-05-18 09:47:30] [Reviewer] 第1188章审查完成，评分: 7.5， verdict: 需修改
[2026-05-18 09:47:31] [Reviewer] 正在审查第1189章...
[2026-05-18 09:48:17] [Reviewer] 第1189章审查完成，评分: 7.2， verdict: 需修改
[2026-05-18 09:48:18] [Reviewer] 正在审查第1190章...
[2026-05-18 09:48:53] [Reviewer] 第1190章审查完成，评分: 7.5， verdict: 需修改
[2026-05-18 09:48:54] [Reviewer] 正在审查第1191章...
[2026-05-18 09:49:32] [Reviewer] 第1191章审查完成，评分: 7.2， verdict: 需修改
[2026-05-18 09:49:33] [Reviewer] 正在审查第1192章...
[2026-05-18 09:50:07] [Reviewer] 第1192章审查完成，评分: 7.8， verdict: 需修改
[2026-05-18 09:50:08] [Reviewer] 正在审查第1193章...
[2026-05-18 09:50:09] [ERROR] mmx call failed (rc=4): {
  "error": {
    "code": 4,
    "message": "Rate limit or quota exceeded. Token Plan 主要面向个人开发者的交互式使用场景。当前请求量较高，请稍后重试；如需支持更高并发或自动化任务，建议升级至更高级别套餐，或使用按量付费 API。 (2062)",
    "hint": "Check usage: mmx quota show"
  }
}
[2026-05-18 09:50:09] [Reviewer] 第1193章审查失败
[2026-05-18 09:50:10] [Reviewer] 正在审查第1194章...
[2026-05-18 09:50:10] [ERROR] mmx call failed (rc=4): {
  "error": {
    "code": 4,
    "message": "Rate limit or quota exceeded. Token Plan 主要面向个人开发者的交互式使用场景。当前请求量较高，请稍后重试；如需支持更高并发或自动化任务，建议升级至更高级别套餐，或使用按量付费 API。 (2062)",
    "hint": "Check usage: mmx quota show"
  }
}
[2026-05-18 09:50:10] [Reviewer] 第1194章审查失败
[2026-05-18 09:50:11] [Reviewer] 正在审查第1195章...
[2026-05-18 09:50:12] [ERROR] mmx call failed (rc=4): {
  "error": {
    "code": 4,
    "message": "Rate limit or quota exceeded. Token Plan 主要面向个人开发者的交互式使用场景。当前请求量较高，请稍后重试；如需支持更高并发或自动化任务，建议升级至更高级别套餐，或使用按量付费 API。 (2062)",
    "hint": "Check usage: mmx quota show"
  }
}
[2026-05-18 09:50:12] [Reviewer] 第1195章审查失败
[2026-05-18 09:50:13] [Reviewer] 第1196章已审查过，跳过
[2026-05-18 09:50:14] [Reviewer] 正在审查第1197章...
[2026-05-18 09:50:14] [ERROR] mmx call failed (rc=4): {
  "error": {
    "code": 4,
    "message": "Rate limit or quota exceeded. usage limit exceeded, 5-hour usage limit reached for Token Plan Hs_max (4500/4500 used), resets at 2026-05-18T10:00:00+08:00 (2056)",
    "hint": "Check usage: mmx quota show"
  }
}
[2026-05-18 09:50:14] [Reviewer] 第1197章审查失败
[2026-05-18 09:50:15] [Reviewer] 正在审查第1198章...
[2026-05-18 09:50:16] [ERROR] mmx call failed (rc=4): {
  "error": {
    "code": 4,
    "message": "Rate limit or quota exceeded. usage limit exceeded, 5-hour usage limit reached for Token Plan Hs_max (4500/4500 used), resets at 2026-05-18T10:00:00+08:00 (2056)",
    "hint": "Check usage: mmx quota show"
  }
}
[2026-05-18 09:50:16] [Reviewer] 第1198章审查失败
[2026-05-18 09:50:17] [Reviewer] 正在审查第1199章...
[2026-05-18 09:50:17] [ERROR] mmx call failed (rc=4): {
  "error": {
    "code": 4,
    "message": "Rate limit or quota exceeded. usage limit exceeded, 5-hour usage limit reached for Token Plan Hs_max (4500/4500 used), resets at 2026-05-18T10:00:00+08:00 (2056)",
    "hint": "Check usage: mmx quota show"
  }
}
[2026-05-18 09:50:17] [Reviewer] 第1199章审查失败
[2026-05-18 09:50:18] [Reviewer] 正在审查第1200章...
[2026-05-18 09:50:19] [ERROR] mmx call failed (rc=4): {
  "error": {
    "code": 4,
    "message": "Rate limit or quota exceeded. usage limit exceeded, 5-hour usage limit reached for Token Plan Hs_max (4500/4500 used), resets at 2026-05-18T10:00:00+08:00 (2056)",
    "hint": "Check usage: mmx quota show"
  }
}
[2026-05-18 09:50:19] [Reviewer] 第1200章审查失败
[2026-05-18 09:50:20] [Reviewer] 全部完成
