============================================================
Reviewer Agent 启动
============================================================
[2026-05-18 08:51:35] [Reviewer] 正在审查第248章...
[2026-05-18 08:52:35] [Reviewer] 第248章审查完成，评分: 8.5， verdict: 通过
[2026-05-18 08:52:36] [Reviewer] 第249章已审查过，跳过
[2026-05-18 08:52:37] [Reviewer] 第250章已审查过，跳过
[2026-05-18 08:52:38] [Reviewer] 第251章已审查过，跳过
[2026-05-18 08:52:39] [Reviewer] 第252章已审查过，跳过
[2026-05-18 08:52:40] [Reviewer] 第253章已审查过，跳过
[2026-05-18 08:52:41] [Reviewer] 第254章已审查过，跳过
[2026-05-18 08:52:42] [Reviewer] 第255章已审查过，跳过
[2026-05-18 08:52:43] [Reviewer] 第256章已审查过，跳过
[2026-05-18 08:52:44] [Reviewer] 第257章已审查过，跳过
[2026-05-18 08:52:45] [Reviewer] 第258章已审查过，跳过
[2026-05-18 08:52:46] [Reviewer] 第259章已审查过，跳过
[2026-05-18 08:52:47] [Reviewer] 第260章已审查过，跳过
[2026-05-18 08:52:48] [Reviewer] 第261章已审查过，跳过
[2026-05-18 08:52:49] [Reviewer] 第262章已审查过，跳过
[2026-05-18 08:52:50] [Reviewer] 第263章已审查过，跳过
[2026-05-18 08:52:51] [Reviewer] 第264章已审查过，跳过
[2026-05-18 08:52:52] [Reviewer] 第265章已审查过，跳过
[2026-05-18 08:52:53] [Reviewer] 第266章已审查过，跳过
[2026-05-18 08:52:54] [Reviewer] 第267章已审查过，跳过
[2026-05-18 08:52:55] [Reviewer] 第268章已审查过，跳过
[2026-05-18 08:52:56] [Reviewer] 第269章已审查过，跳过
[2026-05-18 08:52:57] [Reviewer] 第270章已审查过，跳过
[2026-05-18 08:52:58] [Reviewer] 第271章已审查过，跳过
[2026-05-18 08:52:59] [Reviewer] 第272章已审查过，跳过
[2026-05-18 08:53:00] [Reviewer] 第273章已审查过，跳过
[2026-05-18 08:53:01] [Reviewer] 第274章已审查过，跳过
[2026-05-18 08:53:02] [Reviewer] 第275章已审查过，跳过
[2026-05-18 08:53:03] [Reviewer] 第276章已审查过，跳过
[2026-05-18 08:53:04] [Reviewer] 第277章已审查过，跳过
[2026-05-18 08:53:05] [Reviewer] 第278章已审查过，跳过
[2026-05-18 08:53:06] [Reviewer] 第279章已审查过，跳过
[2026-05-18 08:53:07] [Reviewer] 第280章已审查过，跳过
[2026-05-18 08:53:08] [Reviewer] 第281章已审查过，跳过
[2026-05-18 08:53:09] [Reviewer] 第282章已审查过，跳过
[2026-05-18 08:53:10] [Reviewer] 第283章已审查过，跳过
[2026-05-18 08:53:11] [Reviewer] 第284章已审查过，跳过
[2026-05-18 08:53:12] [Reviewer] 第285章已审查过，跳过
[2026-05-18 08:53:13] [Reviewer] 第286章已审查过，跳过
[2026-05-18 08:53:14] [Reviewer] 第287章已审查过，跳过
[2026-05-18 08:53:15] [Reviewer] 第288章已审查过，跳过
[2026-05-18 08:53:16] [Reviewer] 第289章已审查过，跳过
[2026-05-18 08:53:17] [Reviewer] 第290章已审查过，跳过
[2026-05-18 08:53:18] [Reviewer] 第291章已审查过，跳过
[2026-05-18 08:53:19] [Reviewer] 第292章已审查过，跳过
[2026-05-18 08:53:20] [Reviewer] 第293章已审查过，跳过
[2026-05-18 08:53:21] [Reviewer] 第294章已审查过，跳过
[2026-05-18 08:53:22] [Reviewer] 第295章已审查过，跳过
[2026-05-18 08:53:23] [Reviewer] 第296章已审查过，跳过
[2026-05-18 08:53:24] [Reviewer] 第297章已审查过，跳过
[2026-05-18 08:53:25] [Reviewer] 第298章已审查过，跳过
[2026-05-18 08:53:26] [Reviewer] 第299章已审查过，跳过
[2026-05-18 08:53:27] [Reviewer] 第300章已审查过，跳过
[2026-05-18 08:53:28] [Reviewer] 第301章已审查过，跳过
[2026-05-18 08:53:29] [Reviewer] 第302章已审查过，跳过
[2026-05-18 08:53:30] [Reviewer] 第303章已审查过，跳过
[2026-05-18 08:53:31] [Reviewer] 第304章已审查过，跳过
[2026-05-18 08:53:32] [Reviewer] 第305章已审查过，跳过
[2026-05-18 08:53:33] [Reviewer] 第306章已审查过，跳过
[2026-05-18 08:53:34] [Reviewer] 第307章已审查过，跳过
[2026-05-18 08:53:35] [Reviewer] 第308章已审查过，跳过
[2026-05-18 08:53:36] [Reviewer] 第309章已审查过，跳过
[2026-05-18 08:53:37] [Reviewer] 第310章已审查过，跳过
[2026-05-18 08:53:38] [Reviewer] 第311章已审查过，跳过
[2026-05-18 08:53:39] [Reviewer] 第312章已审查过，跳过
[2026-05-18 08:53:40] [Reviewer] 第313章已审查过，跳过
[2026-05-18 08:53:41] [Reviewer] 第314章已审查过，跳过
[2026-05-18 08:53:42] [Reviewer] 第315章已审查过，跳过
[2026-05-18 08:53:43] [Reviewer] 第316章已审查过，跳过
[2026-05-18 08:53:44] [Reviewer] 第317章已审查过，跳过
[2026-05-18 08:53:45] [Reviewer] 第318章已审查过，跳过
[2026-05-18 08:53:46] [Reviewer] 第319章已审查过，跳过
[2026-05-18 08:53:47] [Reviewer] 第320章已审查过，跳过
[2026-05-18 08:53:48] [Reviewer] 第321章已审查过，跳过
[2026-05-18 08:53:49] [Reviewer] 第322章已审查过，跳过
[2026-05-18 08:53:50] [Reviewer] 第323章已审查过，跳过
[2026-05-18 08:53:51] [Reviewer] 第324章已审查过，跳过
[2026-05-18 08:53:52] [Reviewer] 第325章已审查过，跳过
[2026-05-18 08:53:53] [Reviewer] 第326章已审查过，跳过
[2026-05-18 08:53:54] [Reviewer] 第327章已审查过，跳过
[2026-05-18 08:53:55] [Reviewer] 第328章已审查过，跳过
[2026-05-18 08:53:56] [Reviewer] 第329章已审查过，跳过
[2026-05-18 08:53:57] [Reviewer] 第330章已审查过，跳过
[2026-05-18 08:53:58] [Reviewer] 第331章已审查过，跳过
[2026-05-18 08:53:59] [Reviewer] 第332章已审查过，跳过
[2026-05-18 08:54:00] [Reviewer] 第333章已审查过，跳过
[2026-05-18 08:54:01] [Reviewer] 第334章已审查过，跳过
[2026-05-18 08:54:02] [Reviewer] 第335章已审查过，跳过
[2026-05-18 08:54:03] [Reviewer] 第336章已审查过，跳过
[2026-05-18 08:54:04] [Reviewer] 第337章已审查过，跳过
[2026-05-18 08:54:05] [Reviewer] 第338章已审查过，跳过
[2026-05-18 08:54:06] [Reviewer] 第339章已审查过，跳过
[2026-05-18 08:54:07] [Reviewer] 第340章已审查过，跳过
[2026-05-18 08:54:08] [Reviewer] 第341章已审查过，跳过
[2026-05-18 08:54:09] [Reviewer] 第342章已审查过，跳过
[2026-05-18 08:54:10] [Reviewer] 第343章已审查过，跳过
[2026-05-18 08:54:11] [Reviewer] 第344章已审查过，跳过
[2026-05-18 08:54:12] [Reviewer] 第345章已审查过，跳过
[2026-05-18 08:54:13] [Reviewer] 第346章已审查过，跳过
[2026-05-18 08:54:14] [Reviewer] 第347章已审查过，跳过
[2026-05-18 08:54:15] [Reviewer] 第348章已审查过，跳过
[2026-05-18 08:54:16] [Reviewer] 第349章已审查过，跳过
[2026-05-18 08:54:17] [Reviewer] 第350章已审查过，跳过
[2026-05-18 08:54:18] [Reviewer] 第351章已审查过，跳过
[2026-05-18 08:54:19] [Reviewer] 第352章已审查过，跳过
[2026-05-18 08:54:20] [Reviewer] 第353章已审查过，跳过
[2026-05-18 08:54:21] [Reviewer] 第354章已审查过，跳过
[2026-05-18 08:54:22] [Reviewer] 第355章已审查过，跳过
[2026-05-18 08:54:23] [Reviewer] 第356章已审查过，跳过
[2026-05-18 08:54:24] [Reviewer] 第357章已审查过，跳过
[2026-05-18 08:54:25] [Reviewer] 第358章已审查过，跳过
[2026-05-18 08:54:26] [Reviewer] 第359章已审查过，跳过
[2026-05-18 08:54:27] [Reviewer] 第360章已审查过，跳过
[2026-05-18 08:54:28] [Reviewer] 第361章已审查过，跳过
[2026-05-18 08:54:29] [Reviewer] 第362章已审查过，跳过
[2026-05-18 08:54:30] [Reviewer] 第363章已审查过，跳过
[2026-05-18 08:54:31] [Reviewer] 第364章已审查过，跳过
[2026-05-18 08:54:32] [Reviewer] 第365章已审查过，跳过
[2026-05-18 08:54:33] [Reviewer] 第366章已审查过，跳过
[2026-05-18 08:54:34] [Reviewer] 第367章已审查过，跳过
[2026-05-18 08:54:35] [Reviewer] 第368章已审查过，跳过
[2026-05-18 08:54:36] [Reviewer] 第369章已审查过，跳过
[2026-05-18 08:54:37] [Reviewer] 第370章已审查过，跳过
[2026-05-18 08:54:38] [Reviewer] 第371章已审查过，跳过
[2026-05-18 08:54:39] [Reviewer] 第372章已审查过，跳过
[2026-05-18 08:54:40] [Reviewer] 第373章已审查过，跳过
[2026-05-18 08:54:41] [Reviewer] 第374章已审查过，跳过
[2026-05-18 08:54:42] [Reviewer] 第375章已审查过，跳过
[2026-05-18 08:54:43] [Reviewer] 第376章已审查过，跳过
[2026-05-18 08:54:44] [Reviewer] 第377章已审查过，跳过
[2026-05-18 08:54:45] [Reviewer] 第378章已审查过，跳过
[2026-05-18 08:54:46] [Reviewer] 第379章已审查过，跳过
[2026-05-18 08:54:47] [Reviewer] 第380章已审查过，跳过
[2026-05-18 08:54:48] [Reviewer] 第381章已审查过，跳过
[2026-05-18 08:54:49] [Reviewer] 第382章已审查过，跳过
[2026-05-18 08:54:50] [Reviewer] 第383章已审查过，跳过
[2026-05-18 08:54:51] [Reviewer] 第384章已审查过，跳过
[2026-05-18 08:54:52] [Reviewer] 第385章已审查过，跳过
[2026-05-18 08:54:53] [Reviewer] 第386章已审查过，跳过
[2026-05-18 08:54:54] [Reviewer] 第387章已审查过，跳过
[2026-05-18 08:54:55] [Reviewer] 第388章已审查过，跳过
[2026-05-18 08:54:56] [Reviewer] 第389章已审查过，跳过
[2026-05-18 08:54:57] [Reviewer] 第390章已审查过，跳过
[2026-05-18 08:54:58] [Reviewer] 第391章已审查过，跳过
[2026-05-18 08:54:59] [Reviewer] 第392章已审查过，跳过
[2026-05-18 08:55:00] [Reviewer] 第393章已审查过，跳过
[2026-05-18 08:55:02] [Reviewer] 第394章已审查过，跳过
[2026-05-18 08:55:03] [Reviewer] 第395章已审查过，跳过
[2026-05-18 08:55:04] [Reviewer] 第396章已审查过，跳过
[2026-05-18 08:55:05] [Reviewer] 第397章已审查过，跳过
[2026-05-18 08:55:06] [Reviewer] 第398章已审查过，跳过
[2026-05-18 08:55:07] [Reviewer] 第399章已审查过，跳过
[2026-05-18 08:55:08] [Reviewer] 第400章已审查过，跳过
[2026-05-18 08:55:09] [Reviewer] 第401章已审查过，跳过
[2026-05-18 08:55:10] [Reviewer] 第402章已审查过，跳过
[2026-05-18 08:55:11] [Reviewer] 第403章已审查过，跳过
[2026-05-18 08:55:12] [Reviewer] 第404章已审查过，跳过
[2026-05-18 08:55:13] [Reviewer] 第405章已审查过，跳过
[2026-05-18 08:55:14] [Reviewer] 第406章已审查过，跳过
[2026-05-18 08:55:15] [Reviewer] 第407章已审查过，跳过
[2026-05-18 08:55:16] [Reviewer] 第408章已审查过，跳过
[2026-05-18 08:55:17] [Reviewer] 第409章已审查过，跳过
[2026-05-18 08:55:18] [Reviewer] 第410章已审查过，跳过
[2026-05-18 08:55:19] [Reviewer] 第411章已审查过，跳过
[2026-05-18 08:55:20] [Reviewer] 第412章已审查过，跳过
[2026-05-18 08:55:21] [Reviewer] 第413章已审查过，跳过
[2026-05-18 08:55:22] [Reviewer] 第414章已审查过，跳过
[2026-05-18 08:55:23] [Reviewer] 第415章已审查过，跳过
[2026-05-18 08:55:24] [Reviewer] 第416章已审查过，跳过
[2026-05-18 08:55:25] [Reviewer] 第417章已审查过，跳过
[2026-05-18 08:55:26] [Reviewer] 第418章已审查过，跳过
[2026-05-18 08:55:27] [Reviewer] 第419章已审查过，跳过
[2026-05-18 08:55:28] [Reviewer] 第420章已审查过，跳过
[2026-05-18 08:55:29] [Reviewer] 第421章已审查过，跳过
[2026-05-18 08:55:30] [Reviewer] 第422章已审查过，跳过
[2026-05-18 08:55:31] [Reviewer] 第423章已审查过，跳过
[2026-05-18 08:55:32] [Reviewer] 第424章已审查过，跳过
[2026-05-18 08:55:33] [Reviewer] 第425章已审查过，跳过
[2026-05-18 08:55:34] [Reviewer] 第426章已审查过，跳过
[2026-05-18 08:55:35] [Reviewer] 第427章已审查过，跳过
[2026-05-18 08:55:36] [Reviewer] 第428章已审查过，跳过
[2026-05-18 08:55:37] [Reviewer] 第429章已审查过，跳过
[2026-05-18 08:55:38] [Reviewer] 第430章已审查过，跳过
[2026-05-18 08:55:39] [Reviewer] 第431章已审查过，跳过
[2026-05-18 08:55:40] [Reviewer] 第432章已审查过，跳过
[2026-05-18 08:55:41] [Reviewer] 第433章已审查过，跳过
[2026-05-18 08:55:42] [Reviewer] 第434章已审查过，跳过
[2026-05-18 08:55:43] [Reviewer] 第435章已审查过，跳过
[2026-05-18 08:55:44] [Reviewer] 第436章已审查过，跳过
[2026-05-18 08:55:45] [Reviewer] 第437章已审查过，跳过
[2026-05-18 08:55:46] [Reviewer] 第438章已审查过，跳过
[2026-05-18 08:55:47] [Reviewer] 第439章已审查过，跳过
[2026-05-18 08:55:48] [Reviewer] 第440章已审查过，跳过
[2026-05-18 08:55:49] [Reviewer] 第441章已审查过，跳过
[2026-05-18 08:55:50] [Reviewer] 第442章已审查过，跳过
[2026-05-18 08:55:51] [Reviewer] 第443章已审查过，跳过
[2026-05-18 08:55:52] [Reviewer] 第444章已审查过，跳过
[2026-05-18 08:55:53] [Reviewer] 第445章已审查过，跳过
[2026-05-18 08:55:54] [Reviewer] 第446章已审查过，跳过
[2026-05-18 08:55:55] [Reviewer] 第447章已审查过，跳过
[2026-05-18 08:55:56] [Reviewer] 第448章已审查过，跳过
[2026-05-18 08:55:57] [Reviewer] 第449章已审查过，跳过
[2026-05-18 08:55:58] [Reviewer] 第450章已审查过，跳过
[2026-05-18 08:55:59] [Reviewer] 第451章已审查过，跳过
[2026-05-18 08:56:00] [Reviewer] 第452章已审查过，跳过
[2026-05-18 08:56:01] [Reviewer] 第453章已审查过，跳过
[2026-05-18 08:56:02] [Reviewer] 第454章已审查过，跳过
[2026-05-18 08:56:03] [Reviewer] 第455章已审查过，跳过
[2026-05-18 08:56:04] [Reviewer] 第456章已审查过，跳过
[2026-05-18 08:56:05] [Reviewer] 第457章已审查过，跳过
[2026-05-18 08:56:06] [Reviewer] 第458章已审查过，跳过
[2026-05-18 08:56:07] [Reviewer] 第459章已审查过，跳过
[2026-05-18 08:56:08] [Reviewer] 第460章已审查过，跳过
[2026-05-18 08:56:09] [Reviewer] 第461章已审查过，跳过
[2026-05-18 08:56:10] [Reviewer] 第462章已审查过，跳过
[2026-05-18 08:56:11] [Reviewer] 第463章已审查过，跳过
[2026-05-18 08:56:12] [Reviewer] 第464章已审查过，跳过
[2026-05-18 08:56:13] [Reviewer] 第465章已审查过，跳过
[2026-05-18 08:56:14] [Reviewer] 第466章已审查过，跳过
[2026-05-18 08:56:15] [Reviewer] 第467章已审查过，跳过
[2026-05-18 08:56:16] [Reviewer] 第468章已审查过，跳过
[2026-05-18 08:56:17] [Reviewer] 第469章已审查过，跳过
[2026-05-18 08:56:18] [Reviewer] 第470章已审查过，跳过
[2026-05-18 08:56:19] [Reviewer] 第471章已审查过，跳过
[2026-05-18 08:56:20] [Reviewer] 第472章已审查过，跳过
[2026-05-18 08:56:21] [Reviewer] 第473章已审查过，跳过
[2026-05-18 08:56:22] [Reviewer] 第474章已审查过，跳过
[2026-05-18 08:56:23] [Reviewer] 第475章已审查过，跳过
[2026-05-18 08:56:24] [Reviewer] 第476章已审查过，跳过
[2026-05-18 08:56:25] [Reviewer] 第477章已审查过，跳过
[2026-05-18 08:56:26] [Reviewer] 第478章已审查过，跳过
[2026-05-18 08:56:27] [Reviewer] 第479章已审查过，跳过
[2026-05-18 08:56:28] [Reviewer] 第480章已审查过，跳过
[2026-05-18 08:56:29] [Reviewer] 第481章已审查过，跳过
[2026-05-18 08:56:30] [Reviewer] 第482章已审查过，跳过
[2026-05-18 08:56:31] [Reviewer] 第483章已审查过，跳过
[2026-05-18 08:56:32] [Reviewer] 第484章已审查过，跳过
[2026-05-18 08:56:33] [Reviewer] 第485章已审查过，跳过
[2026-05-18 08:56:34] [Reviewer] 第486章已审查过，跳过
[2026-05-18 08:56:35] [Reviewer] 第487章已审查过，跳过
[2026-05-18 08:56:36] [Reviewer] 第488章已审查过，跳过
[2026-05-18 08:56:37] [Reviewer] 第489章已审查过，跳过
[2026-05-18 08:56:38] [Reviewer] 第490章已审查过，跳过
[2026-05-18 08:56:39] [Reviewer] 第491章已审查过，跳过
[2026-05-18 08:56:40] [Reviewer] 第492章已审查过，跳过
[2026-05-18 08:56:41] [Reviewer] 第493章已审查过，跳过
[2026-05-18 08:56:42] [Reviewer] 第494章已审查过，跳过
[2026-05-18 08:56:43] [Reviewer] 第495章已审查过，跳过
[2026-05-18 08:56:44] [Reviewer] 第496章已审查过，跳过
[2026-05-18 08:56:45] [Reviewer] 第497章已审查过，跳过
[2026-05-18 08:56:46] [Reviewer] 第498章已审查过，跳过
[2026-05-18 08:56:47] [Reviewer] 第499章已审查过，跳过
[2026-05-18 08:56:48] [Reviewer] 第500章已审查过，跳过
[2026-05-18 08:56:49] [Reviewer] 第501章已审查过，跳过
[2026-05-18 08:56:50] [Reviewer] 第502章已审查过，跳过
[2026-05-18 08:56:51] [Reviewer] 第503章已审查过，跳过
[2026-05-18 08:56:52] [Reviewer] 第504章已审查过，跳过
[2026-05-18 08:56:53] [Reviewer] 第505章已审查过，跳过
[2026-05-18 08:56:54] [Reviewer] 第506章已审查过，跳过
[2026-05-18 08:56:55] [Reviewer] 第507章已审查过，跳过
[2026-05-18 08:56:56] [Reviewer] 第508章已审查过，跳过
[2026-05-18 08:56:57] [Reviewer] 第509章已审查过，跳过
[2026-05-18 08:56:58] [Reviewer] 第510章已审查过，跳过
[2026-05-18 08:56:59] [Reviewer] 第511章已审查过，跳过
[2026-05-18 08:57:00] [Reviewer] 第512章已审查过，跳过
[2026-05-18 08:57:01] [Reviewer] 第513章已审查过，跳过
[2026-05-18 08:57:02] [Reviewer] 第514章已审查过，跳过
[2026-05-18 08:57:03] [Reviewer] 第515章已审查过，跳过
[2026-05-18 08:57:04] [Reviewer] 第516章已审查过，跳过
[2026-05-18 08:57:05] [Reviewer] 第517章已审查过，跳过
[2026-05-18 08:57:06] [Reviewer] 第518章已审查过，跳过
[2026-05-18 08:57:07] [Reviewer] 第519章已审查过，跳过
[2026-05-18 08:57:08] [Reviewer] 第520章已审查过，跳过
[2026-05-18 08:57:09] [Reviewer] 第521章已审查过，跳过
[2026-05-18 08:57:10] [Reviewer] 第522章已审查过，跳过
[2026-05-18 08:57:11] [Reviewer] 第523章已审查过，跳过
[2026-05-18 08:57:12] [Reviewer] 第524章已审查过，跳过
[2026-05-18 08:57:13] [Reviewer] 第525章已审查过，跳过
[2026-05-18 08:57:14] [Reviewer] 第526章已审查过，跳过
[2026-05-18 08:57:15] [Reviewer] 第527章已审查过，跳过
[2026-05-18 08:57:16] [Reviewer] 第528章已审查过，跳过
[2026-05-18 08:57:17] [Reviewer] 第529章已审查过，跳过
[2026-05-18 08:57:18] [Reviewer] 第530章已审查过，跳过
[2026-05-18 08:57:19] [Reviewer] 第531章已审查过，跳过
[2026-05-18 08:57:20] [Reviewer] 第532章已审查过，跳过
[2026-05-18 08:57:21] [Reviewer] 第533章已审查过，跳过
[2026-05-18 08:57:22] [Reviewer] 第534章已审查过，跳过
[2026-05-18 08:57:23] [Reviewer] 第535章已审查过，跳过
[2026-05-18 08:57:24] [Reviewer] 第536章已审查过，跳过
[2026-05-18 08:57:25] [Reviewer] 第537章已审查过，跳过
[2026-05-18 08:57:26] [Reviewer] 第538章已审查过，跳过
[2026-05-18 08:57:27] [Reviewer] 第539章已审查过，跳过
[2026-05-18 08:57:28] [Reviewer] 第540章已审查过，跳过
[2026-05-18 08:57:29] [Reviewer] 第541章已审查过，跳过
[2026-05-18 08:57:30] [Reviewer] 第542章已审查过，跳过
[2026-05-18 08:57:31] [Reviewer] 第543章已审查过，跳过
[2026-05-18 08:57:32] [Reviewer] 第544章已审查过，跳过
[2026-05-18 08:57:33] [Reviewer] 第545章已审查过，跳过
[2026-05-18 08:57:34] [Reviewer] 第546章已审查过，跳过
[2026-05-18 08:57:35] [Reviewer] 第547章已审查过，跳过
[2026-05-18 08:57:36] [Reviewer] 第548章已审查过，跳过
[2026-05-18 08:57:37] [Reviewer] 第549章已审查过，跳过
[2026-05-18 08:57:38] [Reviewer] 第550章已审查过，跳过
[2026-05-18 08:57:39] [Reviewer] 第551章已审查过，跳过
[2026-05-18 08:57:40] [Reviewer] 第552章已审查过，跳过
[2026-05-18 08:57:41] [Reviewer] 第553章已审查过，跳过
[2026-05-18 08:57:42] [Reviewer] 第554章已审查过，跳过
[2026-05-18 08:57:43] [Reviewer] 第555章已审查过，跳过
[2026-05-18 08:57:44] [Reviewer] 第556章已审查过，跳过
[2026-05-18 08:57:45] [Reviewer] 第557章已审查过，跳过
[2026-05-18 08:57:46] [Reviewer] 第558章已审查过，跳过
[2026-05-18 08:57:47] [Reviewer] 第559章已审查过，跳过
[2026-05-18 08:57:48] [Reviewer] 第560章已审查过，跳过
[2026-05-18 08:57:49] [Reviewer] 第561章已审查过，跳过
[2026-05-18 08:57:50] [Reviewer] 第562章已审查过，跳过
[2026-05-18 08:57:51] [Reviewer] 第563章已审查过，跳过
[2026-05-18 08:57:52] [Reviewer] 第564章已审查过，跳过
[2026-05-18 08:57:53] [Reviewer] 第565章已审查过，跳过
[2026-05-18 08:57:54] [Reviewer] 第566章已审查过，跳过
[2026-05-18 08:57:55] [Reviewer] 第567章已审查过，跳过
[2026-05-18 08:57:56] [Reviewer] 第568章已审查过，跳过
[2026-05-18 08:57:57] [Reviewer] 第569章已审查过，跳过
[2026-05-18 08:57:58] [Reviewer] 第570章已审查过，跳过
[2026-05-18 08:57:59] [Reviewer] 第571章已审查过，跳过
[2026-05-18 08:58:00] [Reviewer] 第572章已审查过，跳过
[2026-05-18 08:58:01] [Reviewer] 第573章已审查过，跳过
[2026-05-18 08:58:02] [Reviewer] 第574章已审查过，跳过
[2026-05-18 08:58:03] [Reviewer] 第575章已审查过，跳过
[2026-05-18 08:58:04] [Reviewer] 第576章已审查过，跳过
[2026-05-18 08:58:05] [Reviewer] 第577章已审查过，跳过
[2026-05-18 08:58:06] [Reviewer] 第578章已审查过，跳过
[2026-05-18 08:58:07] [Reviewer] 第579章已审查过，跳过
[2026-05-18 08:58:08] [Reviewer] 第580章已审查过，跳过
[2026-05-18 08:58:09] [Reviewer] 正在审查第581章...
[2026-05-18 08:58:43] [Reviewer] 第581章审查完成，评分: 7.8， verdict: 需修改
[2026-05-18 08:58:44] [Reviewer] 正在审查第582章...
[2026-05-18 08:59:18] [Reviewer] 第582章审查完成，评分: 7.8， verdict: 通过
[2026-05-18 08:59:19] [Reviewer] 第583章已审查过，跳过
[2026-05-18 08:59:20] [Reviewer] 第584章已审查过，跳过
[2026-05-18 08:59:21] [Reviewer] 正在审查第585章...
[2026-05-18 08:59:55] [Reviewer] 第585章审查完成，评分: 8.5， verdict: 通过
[2026-05-18 08:59:56] [Reviewer] 第586章已审查过，跳过
[2026-05-18 08:59:57] [Reviewer] 第587章已审查过，跳过
[2026-05-18 08:59:58] [Reviewer] 第588章已审查过，跳过
[2026-05-18 08:59:59] [Reviewer] 第589章已审查过，跳过
[2026-05-18 09:00:00] [Reviewer] 第590章已审查过，跳过
[2026-05-18 09:00:01] [Reviewer] 正在审查第591章...
[2026-05-18 09:00:31] [Reviewer] 第591章审查完成，评分: 8.5， verdict: 通过
[2026-05-18 09:00:32] [Reviewer] 第592章已审查过，跳过
[2026-05-18 09:00:33] [Reviewer] 第593章已审查过，跳过
[2026-05-18 09:00:34] [Reviewer] 第594章已审查过，跳过
[2026-05-18 09:00:35] [Reviewer] 正在审查第595章...
[2026-05-18 09:01:09] [Reviewer] 第595章审查完成，评分: 8.2， verdict: 通过
[2026-05-18 09:01:10] [Reviewer] 正在审查第596章...
[2026-05-18 09:01:48] [Reviewer] 第596章审查完成，评分: 7.5， verdict: 需修改
[2026-05-18 09:01:49] [Reviewer] 第597章已审查过，跳过
[2026-05-18 09:01:50] [Reviewer] 正在审查第598章...
[2026-05-18 09:02:30] [Reviewer] 第598章审查完成，评分: 7.5， verdict: 需修改
[2026-05-18 09:02:31] [Reviewer] 正在审查第599章...
[2026-05-18 09:03:08] [Reviewer] 第599章审查完成，评分: 8.0， verdict: 需修改
[2026-05-18 09:03:09] [Reviewer] 正在审查第600章...
[2026-05-18 09:03:47] [Reviewer] 第600章审查完成，评分: 8.5， verdict: 通过
[2026-05-18 09:03:48] [Reviewer] 全部完成
