============================================================
Reviewer Agent 启动
============================================================
[2026-05-18 09:14:18] [Reviewer] 正在审查第1681章...
[2026-05-18 09:14:59] [Reviewer] 第1681章审查完成，评分: 8.2， verdict: 通过
[2026-05-18 09:15:00] [Reviewer] 正在审查第1682章...
[2026-05-18 09:15:03] [ERROR] mmx call failed (rc=4): {
  "error": {
    "code": 4,
    "message": "Rate limit or quota exceeded. Token Plan 主要面向个人开发者的交互式使用场景。当前请求量较高，请稍后重试；如需支持更高并发或自动化任务，建议升级至更高级别套餐，或使用按量付费 API。 (2062)",
    "hint": "Check usage: mmx quota show"
  }
}
[2026-05-18 09:15:03] [Reviewer] 第1682章审查失败
[2026-05-18 09:15:04] [Reviewer] 正在审查第1683章...
[2026-05-18 09:15:06] [ERROR] mmx call failed (rc=4): {
  "error": {
    "code": 4,
    "message": "Rate limit or quota exceeded. Token Plan 主要面向个人开发者的交互式使用场景。当前请求量较高，请稍后重试；如需支持更高并发或自动化任务，建议升级至更高级别套餐，或使用按量付费 API。 (2062)",
    "hint": "Check usage: mmx quota show"
  }
}
[2026-05-18 09:15:06] [Reviewer] 第1683章审查失败
[2026-05-18 09:15:07] [Reviewer] 正在审查第1684章...
[2026-05-18 09:15:11] [ERROR] mmx call failed (rc=4): {
  "error": {
    "code": 4,
    "message": "Rate limit or quota exceeded. Token Plan 主要面向个人开发者的交互式使用场景。当前请求量较高，请稍后重试；如需支持更高并发或自动化任务，建议升级至更高级别套餐，或使用按量付费 API。 (2062)",
    "hint": "Check usage: mmx quota show"
  }
}
[2026-05-18 09:15:11] [Reviewer] 第1684章审查失败
[2026-05-18 09:15:12] [Reviewer] 正在审查第1685章...
[2026-05-18 09:15:50] [Reviewer] 第1685章审查完成，评分: 8.5， verdict: 通过
[2026-05-18 09:15:51] [Reviewer] 正在审查第1686章...
[2026-05-18 09:15:53] [ERROR] mmx call failed (rc=4): {
  "error": {
    "code": 4,
    "message": "Rate limit or quota exceeded. Token Plan 主要面向个人开发者的交互式使用场景。当前请求量较高，请稍后重试；如需支持更高并发或自动化任务，建议升级至更高级别套餐，或使用按量付费 API。 (2062)",
    "hint": "Check usage: mmx quota show"
  }
}
[2026-05-18 09:15:53] [Reviewer] 第1686章审查失败
[2026-05-18 09:15:54] [Reviewer] 正在审查第1687章...
[2026-05-18 09:15:57] [ERROR] mmx call failed (rc=4): {
  "error": {
    "code": 4,
    "message": "Rate limit or quota exceeded. Token Plan 主要面向个人开发者的交互式使用场景。当前请求量较高，请稍后重试；如需支持更高并发或自动化任务，建议升级至更高级别套餐，或使用按量付费 API。 (2062)",
    "hint": "Check usage: mmx quota show"
  }
}
[2026-05-18 09:15:57] [Reviewer] 第1687章审查失败
[2026-05-18 09:15:58] [Reviewer] 正在审查第1688章...
[2026-05-18 09:16:02] [ERROR] mmx call failed (rc=4): {
  "error": {
    "code": 4,
    "message": "Rate limit or quota exceeded. Token Plan 主要面向个人开发者的交互式使用场景。当前请求量较高，请稍后重试；如需支持更高并发或自动化任务，建议升级至更高级别套餐，或使用按量付费 API。 (2062)",
    "hint": "Check usage: mmx quota show"
  }
}
[2026-05-18 09:16:02] [Reviewer] 第1688章审查失败
[2026-05-18 09:16:03] [Reviewer] 正在审查第1689章...
[2026-05-18 09:16:05] [ERROR] mmx call failed (rc=4): {
  "error": {
    "code": 4,
    "message": "Rate limit or quota exceeded. Token Plan 主要面向个人开发者的交互式使用场景。当前请求量较高，请稍后重试；如需支持更高并发或自动化任务，建议升级至更高级别套餐，或使用按量付费 API。 (2062)",
    "hint": "Check usage: mmx quota show"
  }
}
[2026-05-18 09:16:05] [Reviewer] 第1689章审查失败
[2026-05-18 09:16:06] [Reviewer] 正在审查第1690章...
[2026-05-18 09:16:11] [ERROR] mmx call failed (rc=4): {
  "error": {
    "code": 4,
    "message": "Rate limit or quota exceeded. Token Plan 主要面向个人开发者的交互式使用场景。当前请求量较高，请稍后重试；如需支持更高并发或自动化任务，建议升级至更高级别套餐，或使用按量付费 API。 (2062)",
    "hint": "Check usage: mmx quota show"
  }
}
[2026-05-18 09:16:11] [Reviewer] 第1690章审查失败
[2026-05-18 09:16:12] [Reviewer] 正在审查第1691章...
[2026-05-18 09:16:46] [Reviewer] 第1691章审查完成，评分: 7.8， verdict: 通过
[2026-05-18 09:16:47] [Reviewer] 正在审查第1692章...
[2026-05-18 09:16:47] [ERROR] mmx call failed (rc=4): {
  "error": {
    "code": 4,
    "message": "Rate limit or quota exceeded. Token Plan 主要面向个人开发者的交互式使用场景。当前请求量较高，请稍后重试；如需支持更高并发或自动化任务，建议升级至更高级别套餐，或使用按量付费 API。 (2062)",
    "hint": "Check usage: mmx quota show"
  }
}
[2026-05-18 09:16:47] [Reviewer] 第1692章审查失败
[2026-05-18 09:16:48] [Reviewer] 正在审查第1693章...
[2026-05-18 09:16:49] [ERROR] mmx call failed (rc=4): {
  "error": {
    "code": 4,
    "message": "Rate limit or quota exceeded. Token Plan 主要面向个人开发者的交互式使用场景。当前请求量较高，请稍后重试；如需支持更高并发或自动化任务，建议升级至更高级别套餐，或使用按量付费 API。 (2062)",
    "hint": "Check usage: mmx quota show"
  }
}
[2026-05-18 09:16:49] [Reviewer] 第1693章审查失败
[2026-05-18 09:16:50] [Reviewer] 正在审查第1694章...
[2026-05-18 09:16:51] [ERROR] mmx call failed (rc=4): {
  "error": {
    "code": 4,
    "message": "Rate limit or quota exceeded. Token Plan 主要面向个人开发者的交互式使用场景。当前请求量较高，请稍后重试；如需支持更高并发或自动化任务，建议升级至更高级别套餐，或使用按量付费 API。 (2062)",
    "hint": "Check usage: mmx quota show"
  }
}
[2026-05-18 09:16:51] [Reviewer] 第1694章审查失败
[2026-05-18 09:16:52] [Reviewer] 正在审查第1695章...
[2026-05-18 09:16:53] [ERROR] mmx call failed (rc=4): {
  "error": {
    "code": 4,
    "message": "Rate limit or quota exceeded. Token Plan 主要面向个人开发者的交互式使用场景。当前请求量较高，请稍后重试；如需支持更高并发或自动化任务，建议升级至更高级别套餐，或使用按量付费 API。 (2062)",
    "hint": "Check usage: mmx quota show"
  }
}
[2026-05-18 09:16:53] [Reviewer] 第1695章审查失败
[2026-05-18 09:16:54] [Reviewer] 正在审查第1696章...
[2026-05-18 09:16:56] [ERROR] mmx call failed (rc=4): {
  "error": {
    "code": 4,
    "message": "Rate limit or quota exceeded. Token Plan 主要面向个人开发者的交互式使用场景。当前请求量较高，请稍后重试；如需支持更高并发或自动化任务，建议升级至更高级别套餐，或使用按量付费 API。 (2062)",
    "hint": "Check usage: mmx quota show"
  }
}
[2026-05-18 09:16:56] [Reviewer] 第1696章审查失败
[2026-05-18 09:16:57] [Reviewer] 正在审查第1697章...
[2026-05-18 09:17:00] [ERROR] mmx call failed (rc=4): {
  "error": {
    "code": 4,
    "message": "Rate limit or quota exceeded. Token Plan 主要面向个人开发者的交互式使用场景。当前请求量较高，请稍后重试；如需支持更高并发或自动化任务，建议升级至更高级别套餐，或使用按量付费 API。 (2062)",
    "hint": "Check usage: mmx quota show"
  }
}
[2026-05-18 09:17:00] [Reviewer] 第1697章审查失败
[2026-05-18 09:17:01] [Reviewer] 正在审查第1698章...
[2026-05-18 09:17:04] [ERROR] mmx call failed (rc=4): {
  "error": {
    "code": 4,
    "message": "Rate limit or quota exceeded. Token Plan 主要面向个人开发者的交互式使用场景。当前请求量较高，请稍后重试；如需支持更高并发或自动化任务，建议升级至更高级别套餐，或使用按量付费 API。 (2062)",
    "hint": "Check usage: mmx quota show"
  }
}
[2026-05-18 09:17:04] [Reviewer] 第1698章审查失败
[2026-05-18 09:17:05] [Reviewer] 正在审查第1699章...
[2026-05-18 09:17:07] [ERROR] mmx call failed (rc=4): {
  "error": {
    "code": 4,
    "message": "Rate limit or quota exceeded. Token Plan 主要面向个人开发者的交互式使用场景。当前请求量较高，请稍后重试；如需支持更高并发或自动化任务，建议升级至更高级别套餐，或使用按量付费 API。 (2062)",
    "hint": "Check usage: mmx quota show"
  }
}
[2026-05-18 09:17:07] [Reviewer] 第1699章审查失败
[2026-05-18 09:17:08] [Reviewer] 正在审查第1700章...
[2026-05-18 09:17:11] [ERROR] mmx call failed (rc=4): {
  "error": {
    "code": 4,
    "message": "Rate limit or quota exceeded. Token Plan 主要面向个人开发者的交互式使用场景。当前请求量较高，请稍后重试；如需支持更高并发或自动化任务，建议升级至更高级别套餐，或使用按量付费 API。 (2062)",
    "hint": "Check usage: mmx quota show"
  }
}
[2026-05-18 09:17:11] [Reviewer] 第1700章审查失败
[2026-05-18 09:17:12] [Reviewer] 全部完成
