============================================================
Reviewer Agent 启动
============================================================
[2026-05-18 09:14:18] [Reviewer] 正在审查第1621章...
[2026-05-18 09:14:59] [Reviewer] 第1621章审查完成，评分: 8.0， verdict: 需修改
[2026-05-18 09:15:00] [Reviewer] 正在审查第1622章...
[2026-05-18 09:15:05] [ERROR] mmx call failed (rc=4): {
  "error": {
    "code": 4,
    "message": "Rate limit or quota exceeded. Token Plan 主要面向个人开发者的交互式使用场景。当前请求量较高，请稍后重试；如需支持更高并发或自动化任务，建议升级至更高级别套餐，或使用按量付费 API。 (2062)",
    "hint": "Check usage: mmx quota show"
  }
}
[2026-05-18 09:15:05] [Reviewer] 第1622章审查失败
[2026-05-18 09:15:06] [Reviewer] 正在审查第1623章...
[2026-05-18 09:15:09] [ERROR] mmx call failed (rc=4): {
  "error": {
    "code": 4,
    "message": "Rate limit or quota exceeded. Token Plan 主要面向个人开发者的交互式使用场景。当前请求量较高，请稍后重试；如需支持更高并发或自动化任务，建议升级至更高级别套餐，或使用按量付费 API。 (2062)",
    "hint": "Check usage: mmx quota show"
  }
}
[2026-05-18 09:15:09] [Reviewer] 第1623章审查失败
[2026-05-18 09:15:10] [Reviewer] 正在审查第1624章...
[2026-05-18 09:15:15] [ERROR] mmx call failed (rc=4): {
  "error": {
    "code": 4,
    "message": "Rate limit or quota exceeded. Token Plan 主要面向个人开发者的交互式使用场景。当前请求量较高，请稍后重试；如需支持更高并发或自动化任务，建议升级至更高级别套餐，或使用按量付费 API。 (2062)",
    "hint": "Check usage: mmx quota show"
  }
}
[2026-05-18 09:15:15] [Reviewer] 第1624章审查失败
[2026-05-18 09:15:16] [Reviewer] 正在审查第1625章...
[2026-05-18 09:15:54] [Reviewer] 第1625章审查完成，评分: 7.5， verdict: 需修改
[2026-05-18 09:15:55] [Reviewer] 正在审查第1626章...
[2026-05-18 09:15:59] [ERROR] mmx call failed (rc=4): {
  "error": {
    "code": 4,
    "message": "Rate limit or quota exceeded. Token Plan 主要面向个人开发者的交互式使用场景。当前请求量较高，请稍后重试；如需支持更高并发或自动化任务，建议升级至更高级别套餐，或使用按量付费 API。 (2062)",
    "hint": "Check usage: mmx quota show"
  }
}
[2026-05-18 09:15:59] [Reviewer] 第1626章审查失败
[2026-05-18 09:16:00] [Reviewer] 正在审查第1627章...
[2026-05-18 09:16:02] [ERROR] mmx call failed (rc=4): {
  "error": {
    "code": 4,
    "message": "Rate limit or quota exceeded. Token Plan 主要面向个人开发者的交互式使用场景。当前请求量较高，请稍后重试；如需支持更高并发或自动化任务，建议升级至更高级别套餐，或使用按量付费 API。 (2062)",
    "hint": "Check usage: mmx quota show"
  }
}
[2026-05-18 09:16:02] [Reviewer] 第1627章审查失败
[2026-05-18 09:16:04] [Reviewer] 正在审查第1628章...
[2026-05-18 09:16:08] [ERROR] mmx call failed (rc=4): {
  "error": {
    "code": 4,
    "message": "Rate limit or quota exceeded. Token Plan 主要面向个人开发者的交互式使用场景。当前请求量较高，请稍后重试；如需支持更高并发或自动化任务，建议升级至更高级别套餐，或使用按量付费 API。 (2062)",
    "hint": "Check usage: mmx quota show"
  }
}
[2026-05-18 09:16:08] [Reviewer] 第1628章审查失败
[2026-05-18 09:16:09] [Reviewer] 正在审查第1629章...
[2026-05-18 09:16:12] [ERROR] mmx call failed (rc=4): {
  "error": {
    "code": 4,
    "message": "Rate limit or quota exceeded. Token Plan 主要面向个人开发者的交互式使用场景。当前请求量较高，请稍后重试；如需支持更高并发或自动化任务，建议升级至更高级别套餐，或使用按量付费 API。 (2062)",
    "hint": "Check usage: mmx quota show"
  }
}
[2026-05-18 09:16:12] [Reviewer] 第1629章审查失败
[2026-05-18 09:16:14] [Reviewer] 正在审查第1630章...
[2026-05-18 09:16:55] [Reviewer] 第1630章审查完成，评分: 8.0， verdict: 通过
[2026-05-18 09:16:56] [Reviewer] 正在审查第1631章...
[2026-05-18 09:16:58] [ERROR] mmx call failed (rc=4): {
  "error": {
    "code": 4,
    "message": "Rate limit or quota exceeded. Token Plan 主要面向个人开发者的交互式使用场景。当前请求量较高，请稍后重试；如需支持更高并发或自动化任务，建议升级至更高级别套餐，或使用按量付费 API。 (2062)",
    "hint": "Check usage: mmx quota show"
  }
}
[2026-05-18 09:16:58] [Reviewer] 第1631章审查失败
[2026-05-18 09:16:59] [Reviewer] 正在审查第1632章...
[2026-05-18 09:17:02] [ERROR] mmx call failed (rc=4): {
  "error": {
    "code": 4,
    "message": "Rate limit or quota exceeded. Token Plan 主要面向个人开发者的交互式使用场景。当前请求量较高，请稍后重试；如需支持更高并发或自动化任务，建议升级至更高级别套餐，或使用按量付费 API。 (2062)",
    "hint": "Check usage: mmx quota show"
  }
}
[2026-05-18 09:17:02] [Reviewer] 第1632章审查失败
[2026-05-18 09:17:03] [Reviewer] 正在审查第1633章...
[2026-05-18 09:17:05] [ERROR] mmx call failed (rc=4): {
  "error": {
    "code": 4,
    "message": "Rate limit or quota exceeded. Token Plan 主要面向个人开发者的交互式使用场景。当前请求量较高，请稍后重试；如需支持更高并发或自动化任务，建议升级至更高级别套餐，或使用按量付费 API。 (2062)",
    "hint": "Check usage: mmx quota show"
  }
}
[2026-05-18 09:17:05] [Reviewer] 第1633章审查失败
[2026-05-18 09:17:06] [Reviewer] 正在审查第1634章...
[2026-05-18 09:17:07] [ERROR] mmx call failed (rc=4): {
  "error": {
    "code": 4,
    "message": "Rate limit or quota exceeded. Token Plan 主要面向个人开发者的交互式使用场景。当前请求量较高，请稍后重试；如需支持更高并发或自动化任务，建议升级至更高级别套餐，或使用按量付费 API。 (2062)",
    "hint": "Check usage: mmx quota show"
  }
}
[2026-05-18 09:17:07] [Reviewer] 第1634章审查失败
[2026-05-18 09:17:08] [Reviewer] 正在审查第1635章...
[2026-05-18 09:17:11] [ERROR] mmx call failed (rc=4): {
  "error": {
    "code": 4,
    "message": "Rate limit or quota exceeded. Token Plan 主要面向个人开发者的交互式使用场景。当前请求量较高，请稍后重试；如需支持更高并发或自动化任务，建议升级至更高级别套餐，或使用按量付费 API。 (2062)",
    "hint": "Check usage: mmx quota show"
  }
}
[2026-05-18 09:17:11] [Reviewer] 第1635章审查失败
[2026-05-18 09:17:12] [Reviewer] 正在审查第1636章...
[2026-05-18 09:17:56] [Reviewer] 第1636章审查完成，评分: 8.5， verdict: 通过
[2026-05-18 09:17:57] [Reviewer] 正在审查第1637章...
[2026-05-18 09:18:23] [Reviewer] 第1637章审查完成，评分: 7.5， verdict: 需修改
[2026-05-18 09:18:24] [Reviewer] 正在审查第1638章...
[2026-05-18 09:18:54] [Reviewer] 第1638章审查完成，评分: 8.5， verdict: 通过
[2026-05-18 09:18:55] [Reviewer] 正在审查第1639章...
[2026-05-18 09:19:30] [Reviewer] 第1639章审查完成，评分: 8.5， verdict: 通过
[2026-05-18 09:19:31] [Reviewer] 正在审查第1640章...
[2026-05-18 09:20:05] [Reviewer] 第1640章审查完成，评分: 8.5， verdict: 需修改
[2026-05-18 09:20:06] [Reviewer] 全部完成
