============================================================
Reviewer Agent 启动
============================================================
[2026-05-18 09:10:02] [Reviewer] 正在审查第1401章...
[2026-05-18 09:10:33] [Reviewer] 第1401章审查完成，评分: 7.8， verdict: 需修改
[2026-05-18 09:10:34] [Reviewer] 正在审查第1402章...
[2026-05-18 09:11:06] [Reviewer] 第1402章审查完成，评分: 8.2， verdict: 通过
[2026-05-18 09:11:07] [Reviewer] 正在审查第1403章...
[2026-05-18 09:11:41] [Reviewer] 第1403章审查完成，评分: 7.5， verdict: 需修改
[2026-05-18 09:11:42] [Reviewer] 正在审查第1404章...
[2026-05-18 09:12:09] [Reviewer] 第1404章审查完成，评分: 8.0， verdict: 通过
[2026-05-18 09:12:10] [Reviewer] 正在审查第1405章...
[2026-05-18 09:12:46] [Reviewer] 第1405章审查完成，评分: 7.8， verdict: 需修改
[2026-05-18 09:12:47] [Reviewer] 正在审查第1406章...
[2026-05-18 09:13:17] [Reviewer] 第1406章审查完成，评分: 8.0， verdict: 通过
[2026-05-18 09:13:18] [Reviewer] 正在审查第1407章...
[2026-05-18 09:13:52] [Reviewer] 第1407章审查完成，评分: 8.5， verdict: 需修改
[2026-05-18 09:13:53] [Reviewer] 正在审查第1408章...
[2026-05-18 09:14:23] [Reviewer] 第1408章审查完成，评分: 8， verdict: 通过
[2026-05-18 09:14:24] [Reviewer] 正在审查第1409章...
[2026-05-18 09:14:59] [Reviewer] 第1409章审查完成，评分: 7.8， verdict: 需修改
[2026-05-18 09:15:00] [Reviewer] 正在审查第1410章...
[2026-05-18 09:15:02] [ERROR] mmx call failed (rc=4): {
  "error": {
    "code": 4,
    "message": "Rate limit or quota exceeded. Token Plan 主要面向个人开发者的交互式使用场景。当前请求量较高，请稍后重试；如需支持更高并发或自动化任务，建议升级至更高级别套餐，或使用按量付费 API。 (2062)",
    "hint": "Check usage: mmx quota show"
  }
}
[2026-05-18 09:15:02] [Reviewer] 第1410章审查失败
[2026-05-18 09:15:03] [Reviewer] 正在审查第1411章...
[2026-05-18 09:15:06] [ERROR] mmx call failed (rc=4): {
  "error": {
    "code": 4,
    "message": "Rate limit or quota exceeded. Token Plan 主要面向个人开发者的交互式使用场景。当前请求量较高，请稍后重试；如需支持更高并发或自动化任务，建议升级至更高级别套餐，或使用按量付费 API。 (2062)",
    "hint": "Check usage: mmx quota show"
  }
}
[2026-05-18 09:15:06] [Reviewer] 第1411章审查失败
[2026-05-18 09:15:07] [Reviewer] 正在审查第1412章...
[2026-05-18 09:15:11] [ERROR] mmx call failed (rc=4): {
  "error": {
    "code": 4,
    "message": "Rate limit or quota exceeded. Token Plan 主要面向个人开发者的交互式使用场景。当前请求量较高，请稍后重试；如需支持更高并发或自动化任务，建议升级至更高级别套餐，或使用按量付费 API。 (2062)",
    "hint": "Check usage: mmx quota show"
  }
}
[2026-05-18 09:15:11] [Reviewer] 第1412章审查失败
[2026-05-18 09:15:12] [Reviewer] 正在审查第1413章...
[2026-05-18 09:15:57] [Reviewer] 第1413章审查完成，评分: 8.5， verdict: 需修改
[2026-05-18 09:15:58] [Reviewer] 正在审查第1414章...
[2026-05-18 09:16:02] [ERROR] mmx call failed (rc=4): {
  "error": {
    "code": 4,
    "message": "Rate limit or quota exceeded. Token Plan 主要面向个人开发者的交互式使用场景。当前请求量较高，请稍后重试；如需支持更高并发或自动化任务，建议升级至更高级别套餐，或使用按量付费 API。 (2062)",
    "hint": "Check usage: mmx quota show"
  }
}
[2026-05-18 09:16:02] [Reviewer] 第1414章审查失败
[2026-05-18 09:16:03] [Reviewer] 正在审查第1415章...
[2026-05-18 09:16:07] [ERROR] mmx call failed (rc=4): {
  "error": {
    "code": 4,
    "message": "Rate limit or quota exceeded. Token Plan 主要面向个人开发者的交互式使用场景。当前请求量较高，请稍后重试；如需支持更高并发或自动化任务，建议升级至更高级别套餐，或使用按量付费 API。 (2062)",
    "hint": "Check usage: mmx quota show"
  }
}
[2026-05-18 09:16:07] [Reviewer] 第1415章审查失败
[2026-05-18 09:16:08] [Reviewer] 正在审查第1416章...
[2026-05-18 09:16:12] [ERROR] mmx call failed (rc=4): {
  "error": {
    "code": 4,
    "message": "Rate limit or quota exceeded. Token Plan 主要面向个人开发者的交互式使用场景。当前请求量较高，请稍后重试；如需支持更高并发或自动化任务，建议升级至更高级别套餐，或使用按量付费 API。 (2062)",
    "hint": "Check usage: mmx quota show"
  }
}
[2026-05-18 09:16:12] [Reviewer] 第1416章审查失败
[2026-05-18 09:16:13] [Reviewer] 正在审查第1417章...
[2026-05-18 09:16:42] [Reviewer] 第1417章审查完成，评分: 8.0， verdict: 通过
[2026-05-18 09:16:43] [Reviewer] 正在审查第1418章...
[2026-05-18 09:17:15] [Reviewer] 第1418章审查完成，评分: 7.8， verdict: 通过
[2026-05-18 09:17:16] [Reviewer] 正在审查第1419章...
[2026-05-18 09:17:56] [Reviewer] 第1419章审查完成，评分: 8.0， verdict: 通过
[2026-05-18 09:17:57] [Reviewer] 正在审查第1420章...
[2026-05-18 09:18:35] [Reviewer] 第1420章审查完成，评分: 7.5， verdict: 需修改
[2026-05-18 09:18:36] [Reviewer] 第1421章已审查过，跳过
[2026-05-18 09:18:37] [Reviewer] 正在审查第1422章...
[2026-05-18 09:19:10] [Reviewer] 第1422章审查完成，评分: 8.5， verdict: 通过
[2026-05-18 09:19:11] [Reviewer] 正在审查第1423章...
[2026-05-18 09:19:52] [Reviewer] 第1423章审查完成，评分: 7.8， verdict: 需修改
[2026-05-18 09:19:53] [Reviewer] 正在审查第1424章...
[2026-05-18 09:20:39] [Reviewer] 第1424章审查完成，评分: 7.8， verdict: 需修改
[2026-05-18 09:20:40] [Reviewer] 正在审查第1425章...
[2026-05-18 09:21:12] [Reviewer] 第1425章审查完成，评分: 8.5， verdict: 通过
[2026-05-18 09:21:13] [Reviewer] 正在审查第1426章...
[2026-05-18 09:21:54] [Reviewer] 第1426章审查完成，评分: 8.5， verdict: 通过
[2026-05-18 09:21:55] [Reviewer] 正在审查第1427章...
[2026-05-18 09:22:29] [Reviewer] 第1427章审查完成，评分: 7.8， verdict: 需修改
[2026-05-18 09:22:30] [Reviewer] 第1428章已审查过，跳过
[2026-05-18 09:22:31] [Reviewer] 正在审查第1429章...
[2026-05-18 09:22:59] [Reviewer] 第1429章审查完成，评分: 7.8， verdict: 通过
[2026-05-18 09:23:00] [Reviewer] 正在审查第1430章...
[2026-05-18 09:23:32] [Reviewer] 第1430章审查完成，评分: 7.5， verdict: 需修改
[2026-05-18 09:23:33] [Reviewer] 正在审查第1431章...
[2026-05-18 09:24:23] [Reviewer] 第1431章审查完成，评分: 8.2， verdict: 通过
[2026-05-18 09:24:24] [Reviewer] 正在审查第1432章...
[2026-05-18 09:25:03] [Reviewer] JSON解析失败: Expecting ',' delimiter: line 22 column 20 (char 477)
[2026-05-18 09:25:03] [Reviewer] 第1432章审查完成，评分: N/A， verdict: N/A
[2026-05-18 09:25:04] [Reviewer] 第1433章已审查过，跳过
[2026-05-18 09:25:05] [Reviewer] 正在审查第1434章...
[2026-05-18 09:25:44] [Reviewer] 第1434章审查完成，评分: 8.5， verdict: 通过
[2026-05-18 09:25:45] [Reviewer] 正在审查第1435章...
[2026-05-18 09:26:16] [Reviewer] 第1435章审查完成，评分: 8.0， verdict: 需修改
[2026-05-18 09:26:17] [Reviewer] 正在审查第1436章...
[2026-05-18 09:26:52] [Reviewer] 第1436章审查完成，评分: 8.5， verdict: 通过
[2026-05-18 09:26:53] [Reviewer] 正在审查第1437章...
[2026-05-18 09:27:31] [Reviewer] 第1437章审查完成，评分: 8.2， verdict: 需修改
[2026-05-18 09:27:32] [Reviewer] 第1438章已审查过，跳过
[2026-05-18 09:27:33] [Reviewer] 第1439章已审查过，跳过
[2026-05-18 09:27:34] [Reviewer] 第1440章已审查过，跳过
[2026-05-18 09:27:35] [Reviewer] 第1441章已审查过，跳过
[2026-05-18 09:27:36] [Reviewer] 正在审查第1442章...
[2026-05-18 09:28:12] [Reviewer] 第1442章审查完成，评分: 8.0， verdict: 需修改
[2026-05-18 09:28:13] [Reviewer] 正在审查第1443章...
[2026-05-18 09:28:46] [Reviewer] 第1443章审查完成，评分: 8.5， verdict: 通过
[2026-05-18 09:28:47] [Reviewer] 正在审查第1444章...
[2026-05-18 09:29:27] [Reviewer] 第1444章审查完成，评分: 8.0， verdict: 通过
[2026-05-18 09:29:28] [Reviewer] 正在审查第1445章...
[2026-05-18 09:30:10] [Reviewer] 第1445章审查完成，评分: 8.0， verdict: 需修改
[2026-05-18 09:30:11] [Reviewer] 第1446章已审查过，跳过
[2026-05-18 09:30:12] [Reviewer] 正在审查第1447章...
[2026-05-18 09:30:53] [Reviewer] 第1447章审查完成，评分: 7.8， verdict: 需修改
[2026-05-18 09:30:54] [Reviewer] 正在审查第1448章...
[2026-05-18 09:31:27] [Reviewer] 第1448章审查完成，评分: 8.2， verdict: 通过
[2026-05-18 09:31:28] [Reviewer] 正在审查第1449章...
[2026-05-18 09:32:10] [Reviewer] 第1449章审查完成，评分: 8.5， verdict: 通过
[2026-05-18 09:32:11] [Reviewer] 正在审查第1450章...
[2026-05-18 09:32:51] [Reviewer] 第1450章审查完成，评分: 7.8， verdict: 通过
[2026-05-18 09:32:52] [Reviewer] 正在审查第1451章...
[2026-05-18 09:33:32] [Reviewer] 第1451章审查完成，评分: 8.5， verdict: 通过
[2026-05-18 09:33:33] [Reviewer] 正在审查第1452章...
[2026-05-18 09:34:03] [Reviewer] 第1452章审查完成，评分: 8.5， verdict: 通过
[2026-05-18 09:34:04] [Reviewer] 第1453章已审查过，跳过
[2026-05-18 09:34:05] [Reviewer] 正在审查第1454章...
[2026-05-18 09:34:41] [Reviewer] 第1454章审查完成，评分: 7.2， verdict: 需修改
[2026-05-18 09:34:42] [Reviewer] 正在审查第1455章...
[2026-05-18 09:35:25] [Reviewer] JSON解析失败: Invalid control character at: line 36 column 81 (char 1156)
[2026-05-18 09:35:25] [Reviewer] 第1455章审查完成，评分: N/A， verdict: N/A
[2026-05-18 09:35:26] [Reviewer] 正在审查第1456章...
[2026-05-18 09:36:02] [Reviewer] 第1456章审查完成，评分: 8.0， verdict: 通过
[2026-05-18 09:36:03] [Reviewer] 正在审查第1457章...
[2026-05-18 09:36:36] [Reviewer] 第1457章审查完成，评分: 8.2， verdict: 通过
[2026-05-18 09:36:37] [Reviewer] 第1458章已审查过，跳过
[2026-05-18 09:36:38] [Reviewer] 第1459章已审查过，跳过
[2026-05-18 09:36:39] [Reviewer] 第1460章已审查过，跳过
[2026-05-18 09:36:40] [Reviewer] 第1461章已审查过，跳过
[2026-05-18 09:36:41] [Reviewer] 正在审查第1462章...
[2026-05-18 09:37:30] [Reviewer] 第1462章审查完成，评分: 8.5， verdict: 通过
[2026-05-18 09:37:31] [Reviewer] 正在审查第1463章...
[2026-05-18 09:38:14] [Reviewer] 第1463章审查完成，评分: 7.5， verdict: 需修改
[2026-05-18 09:38:15] [Reviewer] 正在审查第1464章...
[2026-05-18 09:38:46] [Reviewer] 第1464章审查完成，评分: 8.3， verdict: 通过
[2026-05-18 09:38:47] [Reviewer] 正在审查第1465章...
[2026-05-18 09:39:22] [Reviewer] 第1465章审查完成，评分: 7.8， verdict: 通过
[2026-05-18 09:39:23] [Reviewer] 正在审查第1466章...
[2026-05-18 09:40:02] [Reviewer] 第1466章审查完成，评分: 8.2， verdict: 通过
[2026-05-18 09:40:03] [Reviewer] 正在审查第1467章...
[2026-05-18 09:40:32] [Reviewer] 第1467章审查完成，评分: 7.8， verdict: 通过
[2026-05-18 09:40:33] [Reviewer] 第1468章已审查过，跳过
[2026-05-18 09:40:34] [Reviewer] 正在审查第1469章...
[2026-05-18 09:41:19] [Reviewer] 第1469章审查完成，评分: 8.0， verdict: 通过
[2026-05-18 09:41:20] [Reviewer] 正在审查第1470章...
[2026-05-18 09:41:53] [Reviewer] 第1470章审查完成，评分: 7.8， verdict: 需修改
[2026-05-18 09:41:54] [Reviewer] 正在审查第1471章...
[2026-05-18 09:42:30] [Reviewer] 第1471章审查完成，评分: 7.5， verdict: 需修改
[2026-05-18 09:42:32] [Reviewer] 正在审查第1472章...
[2026-05-18 09:43:11] [Reviewer] JSON解析失败: Invalid control character at: line 35 column 90 (char 1073)
[2026-05-18 09:43:11] [Reviewer] 第1472章审查完成，评分: N/A， verdict: N/A
[2026-05-18 09:43:12] [Reviewer] 第1473章已审查过，跳过
[2026-05-18 09:43:13] [Reviewer] 正在审查第1474章...
[2026-05-18 09:43:49] [Reviewer] 第1474章审查完成，评分: 8.5， verdict: 通过
[2026-05-18 09:43:50] [Reviewer] 正在审查第1475章...
[2026-05-18 09:44:34] [Reviewer] 第1475章审查完成，评分: 7.5， verdict: 通过
[2026-05-18 09:44:35] [Reviewer] 正在审查第1476章...
[2026-05-18 09:45:23] [Reviewer] 第1476章审查完成，评分: 8.5， verdict: 通过
[2026-05-18 09:45:24] [Reviewer] 正在审查第1477章...
[2026-05-18 09:46:12] [Reviewer] 第1477章审查完成，评分: 7.5， verdict: 需修改
[2026-05-18 09:46:13] [Reviewer] 第1478章已审查过，跳过
[2026-05-18 09:46:14] [Reviewer] 第1479章已审查过，跳过
[2026-05-18 09:46:15] [Reviewer] 第1480章已审查过，跳过
[2026-05-18 09:46:16] [Reviewer] 第1481章已审查过，跳过
[2026-05-18 09:46:17] [Reviewer] 正在审查第1482章...
[2026-05-18 09:47:01] [Reviewer] 第1482章审查完成，评分: 8.5， verdict: 通过
[2026-05-18 09:47:02] [Reviewer] 正在审查第1483章...
[2026-05-18 09:47:45] [Reviewer] 第1483章审查完成，评分: 7.5， verdict: 需修改
[2026-05-18 09:47:46] [Reviewer] 正在审查第1484章...
[2026-05-18 09:48:31] [Reviewer] 第1484章审查完成，评分: 8.0， verdict: 通过
[2026-05-18 09:48:32] [Reviewer] 正在审查第1485章...
[2026-05-18 09:49:07] [Reviewer] 第1485章审查完成，评分: 7.5， verdict: 需修改
[2026-05-18 09:49:08] [Reviewer] 正在审查第1486章...
[2026-05-18 09:49:40] [Reviewer] 第1486章审查完成，评分: 8， verdict: 通过
[2026-05-18 09:49:41] [Reviewer] 正在审查第1487章...
[2026-05-18 09:49:42] [ERROR] mmx call failed (rc=4): {
  "error": {
    "code": 4,
    "message": "Rate limit or quota exceeded. usage limit exceeded, 5-hour usage limit reached for Token Plan Hs_max (4500/4500 used), resets at 2026-05-18T10:00:00+08:00 (2056)",
    "hint": "Check usage: mmx quota show"
  }
}
[2026-05-18 09:49:42] [Reviewer] 第1487章审查失败
[2026-05-18 09:49:43] [Reviewer] 第1488章已审查过，跳过
[2026-05-18 09:49:44] [Reviewer] 正在审查第1489章...
[2026-05-18 09:49:44] [ERROR] mmx call failed (rc=4): {
  "error": {
    "code": 4,
    "message": "Rate limit or quota exceeded. usage limit exceeded, 5-hour usage limit reached for Token Plan Hs_max (4500/4500 used), resets at 2026-05-18T10:00:00+08:00 (2056)",
    "hint": "Check usage: mmx quota show"
  }
}
[2026-05-18 09:49:44] [Reviewer] 第1489章审查失败
[2026-05-18 09:49:45] [Reviewer] 正在审查第1490章...
[2026-05-18 09:49:46] [ERROR] mmx call failed (rc=4): {
  "error": {
    "code": 4,
    "message": "Rate limit or quota exceeded. usage limit exceeded, 5-hour usage limit reached for Token Plan Hs_max (4500/4500 used), resets at 2026-05-18T10:00:00+08:00 (2056)",
    "hint": "Check usage: mmx quota show"
  }
}
[2026-05-18 09:49:46] [Reviewer] 第1490章审查失败
[2026-05-18 09:49:47] [Reviewer] 正在审查第1491章...
[2026-05-18 09:49:47] [ERROR] mmx call failed (rc=4): {
  "error": {
    "code": 4,
    "message": "Rate limit or quota exceeded. usage limit exceeded, 5-hour usage limit reached for Token Plan Hs_max (4500/4500 used), resets at 2026-05-18T10:00:00+08:00 (2056)",
    "hint": "Check usage: mmx quota show"
  }
}
[2026-05-18 09:49:47] [Reviewer] 第1491章审查失败
[2026-05-18 09:49:48] [Reviewer] 正在审查第1492章...
[2026-05-18 09:49:49] [ERROR] mmx call failed (rc=4): {
  "error": {
    "code": 4,
    "message": "Rate limit or quota exceeded. usage limit exceeded, 5-hour usage limit reached for Token Plan Hs_max (4500/4500 used), resets at 2026-05-18T10:00:00+08:00 (2056)",
    "hint": "Check usage: mmx quota show"
  }
}
[2026-05-18 09:49:49] [Reviewer] 第1492章审查失败
[2026-05-18 09:49:50] [Reviewer] 正在审查第1493章...
[2026-05-18 09:49:50] [ERROR] mmx call failed (rc=4): {
  "error": {
    "code": 4,
    "message": "Rate limit or quota exceeded. usage limit exceeded, 5-hour usage limit reached for Token Plan Hs_max (4500/4500 used), resets at 2026-05-18T10:00:00+08:00 (2056)",
    "hint": "Check usage: mmx quota show"
  }
}
[2026-05-18 09:49:50] [Reviewer] 第1493章审查失败
[2026-05-18 09:49:51] [Reviewer] 第1494章已审查过，跳过
[2026-05-18 09:49:52] [Reviewer] 正在审查第1495章...
[2026-05-18 09:49:53] [ERROR] mmx call failed (rc=4): {
  "error": {
    "code": 4,
    "message": "Rate limit or quota exceeded. usage limit exceeded, 5-hour usage limit reached for Token Plan Hs_max (4500/4500 used), resets at 2026-05-18T10:00:00+08:00 (2056)",
    "hint": "Check usage: mmx quota show"
  }
}
[2026-05-18 09:49:53] [Reviewer] 第1495章审查失败
[2026-05-18 09:49:54] [Reviewer] 正在审查第1496章...
[2026-05-18 09:49:54] [ERROR] mmx call failed (rc=4): {
  "error": {
    "code": 4,
    "message": "Rate limit or quota exceeded. usage limit exceeded, 5-hour usage limit reached for Token Plan Hs_max (4500/4500 used), resets at 2026-05-18T10:00:00+08:00 (2056)",
    "hint": "Check usage: mmx quota show"
  }
}
[2026-05-18 09:49:54] [Reviewer] 第1496章审查失败
[2026-05-18 09:49:55] [Reviewer] 正在审查第1497章...
[2026-05-18 09:49:55] [ERROR] mmx call failed (rc=4): {
  "error": {
    "code": 4,
    "message": "Rate limit or quota exceeded. usage limit exceeded, 5-hour usage limit reached for Token Plan Hs_max (4500/4500 used), resets at 2026-05-18T10:00:00+08:00 (2056)",
    "hint": "Check usage: mmx quota show"
  }
}
[2026-05-18 09:49:55] [Reviewer] 第1497章审查失败
[2026-05-18 09:49:56] [Reviewer] 正在审查第1498章...
[2026-05-18 09:49:57] [ERROR] mmx call failed (rc=4): {
  "error": {
    "code": 4,
    "message": "Rate limit or quota exceeded. usage limit exceeded, 5-hour usage limit reached for Token Plan Hs_max (4500/4500 used), resets at 2026-05-18T10:00:00+08:00 (2056)",
    "hint": "Check usage: mmx quota show"
  }
}
[2026-05-18 09:49:57] [Reviewer] 第1498章审查失败
[2026-05-18 09:49:58] [Reviewer] 正在审查第1499章...
[2026-05-18 09:49:58] [ERROR] mmx call failed (rc=4): {
  "error": {
    "code": 4,
    "message": "Rate limit or quota exceeded. usage limit exceeded, 5-hour usage limit reached for Token Plan Hs_max (4500/4500 used), resets at 2026-05-18T10:00:00+08:00 (2056)",
    "hint": "Check usage: mmx quota show"
  }
}
[2026-05-18 09:49:58] [Reviewer] 第1499章审查失败
[2026-05-18 09:49:59] [Reviewer] 正在审查第1500章...
[2026-05-18 09:50:00] [ERROR] mmx call failed (rc=4): {
  "error": {
    "code": 4,
    "message": "Rate limit or quota exceeded. usage limit exceeded, 5-hour usage limit reached for Token Plan Hs_max (4500/4500 used), resets at 2026-05-18T10:00:00+08:00 (2056)",
    "hint": "Check usage: mmx quota show"
  }
}
[2026-05-18 09:50:00] [Reviewer] 第1500章审查失败
[2026-05-18 09:50:01] [Reviewer] 全部完成
