============================================================
Reviewer Agent 启动
============================================================
[2026-05-18 09:14:18] [Reviewer] 正在审查第1781章...
[2026-05-18 09:15:01] [Reviewer] 第1781章审查完成，评分: 8.2， verdict: 通过
[2026-05-18 09:15:03] [Reviewer] 正在审查第1782章...
[2026-05-18 09:15:05] [ERROR] mmx call failed (rc=4): {
  "error": {
    "code": 4,
    "message": "Rate limit or quota exceeded. Token Plan 主要面向个人开发者的交互式使用场景。当前请求量较高，请稍后重试；如需支持更高并发或自动化任务，建议升级至更高级别套餐，或使用按量付费 API。 (2062)",
    "hint": "Check usage: mmx quota show"
  }
}
[2026-05-18 09:15:05] [Reviewer] 第1782章审查失败
[2026-05-18 09:15:06] [Reviewer] 正在审查第1783章...
[2026-05-18 09:15:10] [ERROR] mmx call failed (rc=4): {
  "error": {
    "code": 4,
    "message": "Rate limit or quota exceeded. Token Plan 主要面向个人开发者的交互式使用场景。当前请求量较高，请稍后重试；如需支持更高并发或自动化任务，建议升级至更高级别套餐，或使用按量付费 API。 (2062)",
    "hint": "Check usage: mmx quota show"
  }
}
[2026-05-18 09:15:10] [Reviewer] 第1783章审查失败
[2026-05-18 09:15:11] [Reviewer] 正在审查第1784章...
[2026-05-18 09:15:53] [Reviewer] 第1784章审查完成，评分: 8.5， verdict: 通过
[2026-05-18 09:15:54] [Reviewer] 正在审查第1785章...
[2026-05-18 09:15:57] [ERROR] mmx call failed (rc=4): {
  "error": {
    "code": 4,
    "message": "Rate limit or quota exceeded. Token Plan 主要面向个人开发者的交互式使用场景。当前请求量较高，请稍后重试；如需支持更高并发或自动化任务，建议升级至更高级别套餐，或使用按量付费 API。 (2062)",
    "hint": "Check usage: mmx quota show"
  }
}
[2026-05-18 09:15:57] [Reviewer] 第1785章审查失败
[2026-05-18 09:15:58] [Reviewer] 正在审查第1786章...
[2026-05-18 09:16:01] [ERROR] mmx call failed (rc=4): {
  "error": {
    "code": 4,
    "message": "Rate limit or quota exceeded. Token Plan 主要面向个人开发者的交互式使用场景。当前请求量较高，请稍后重试；如需支持更高并发或自动化任务，建议升级至更高级别套餐，或使用按量付费 API。 (2062)",
    "hint": "Check usage: mmx quota show"
  }
}
[2026-05-18 09:16:01] [Reviewer] 第1786章审查失败
[2026-05-18 09:16:02] [Reviewer] 正在审查第1787章...
[2026-05-18 09:16:05] [ERROR] mmx call failed (rc=4): {
  "error": {
    "code": 4,
    "message": "Rate limit or quota exceeded. Token Plan 主要面向个人开发者的交互式使用场景。当前请求量较高，请稍后重试；如需支持更高并发或自动化任务，建议升级至更高级别套餐，或使用按量付费 API。 (2062)",
    "hint": "Check usage: mmx quota show"
  }
}
[2026-05-18 09:16:05] [Reviewer] 第1787章审查失败
[2026-05-18 09:16:06] [Reviewer] 正在审查第1788章...
[2026-05-18 09:16:09] [ERROR] mmx call failed (rc=4): {
  "error": {
    "code": 4,
    "message": "Rate limit or quota exceeded. Token Plan 主要面向个人开发者的交互式使用场景。当前请求量较高，请稍后重试；如需支持更高并发或自动化任务，建议升级至更高级别套餐，或使用按量付费 API。 (2062)",
    "hint": "Check usage: mmx quota show"
  }
}
[2026-05-18 09:16:09] [Reviewer] 第1788章审查失败
[2026-05-18 09:16:11] [Reviewer] 正在审查第1789章...
[2026-05-18 09:16:51] [Reviewer] 第1789章审查完成，评分: 8.2， verdict: 通过
[2026-05-18 09:16:52] [Reviewer] 正在审查第1790章...
[2026-05-18 09:16:52] [ERROR] mmx call failed (rc=4): {
  "error": {
    "code": 4,
    "message": "Rate limit or quota exceeded. Token Plan 主要面向个人开发者的交互式使用场景。当前请求量较高，请稍后重试；如需支持更高并发或自动化任务，建议升级至更高级别套餐，或使用按量付费 API。 (2062)",
    "hint": "Check usage: mmx quota show"
  }
}
[2026-05-18 09:16:52] [Reviewer] 第1790章审查失败
[2026-05-18 09:16:53] [Reviewer] 正在审查第1791章...
[2026-05-18 09:16:55] [ERROR] mmx call failed (rc=4): {
  "error": {
    "code": 4,
    "message": "Rate limit or quota exceeded. Token Plan 主要面向个人开发者的交互式使用场景。当前请求量较高，请稍后重试；如需支持更高并发或自动化任务，建议升级至更高级别套餐，或使用按量付费 API。 (2062)",
    "hint": "Check usage: mmx quota show"
  }
}
[2026-05-18 09:16:55] [Reviewer] 第1791章审查失败
[2026-05-18 09:16:56] [Reviewer] 正在审查第1792章...
[2026-05-18 09:16:59] [ERROR] mmx call failed (rc=4): {
  "error": {
    "code": 4,
    "message": "Rate limit or quota exceeded. Token Plan 主要面向个人开发者的交互式使用场景。当前请求量较高，请稍后重试；如需支持更高并发或自动化任务，建议升级至更高级别套餐，或使用按量付费 API。 (2062)",
    "hint": "Check usage: mmx quota show"
  }
}
[2026-05-18 09:16:59] [Reviewer] 第1792章审查失败
[2026-05-18 09:17:00] [Reviewer] 正在审查第1793章...
[2026-05-18 09:17:02] [ERROR] mmx call failed (rc=4): {
  "error": {
    "code": 4,
    "message": "Rate limit or quota exceeded. Token Plan 主要面向个人开发者的交互式使用场景。当前请求量较高，请稍后重试；如需支持更高并发或自动化任务，建议升级至更高级别套餐，或使用按量付费 API。 (2062)",
    "hint": "Check usage: mmx quota show"
  }
}
[2026-05-18 09:17:02] [Reviewer] 第1793章审查失败
[2026-05-18 09:17:03] [Reviewer] 正在审查第1794章...
[2026-05-18 09:17:06] [ERROR] mmx call failed (rc=4): {
  "error": {
    "code": 4,
    "message": "Rate limit or quota exceeded. Token Plan 主要面向个人开发者的交互式使用场景。当前请求量较高，请稍后重试；如需支持更高并发或自动化任务，建议升级至更高级别套餐，或使用按量付费 API。 (2062)",
    "hint": "Check usage: mmx quota show"
  }
}
[2026-05-18 09:17:06] [Reviewer] 第1794章审查失败
[2026-05-18 09:17:08] [Reviewer] 正在审查第1795章...
[2026-05-18 09:17:09] [ERROR] mmx call failed (rc=4): {
  "error": {
    "code": 4,
    "message": "Rate limit or quota exceeded. Token Plan 主要面向个人开发者的交互式使用场景。当前请求量较高，请稍后重试；如需支持更高并发或自动化任务，建议升级至更高级别套餐，或使用按量付费 API。 (2062)",
    "hint": "Check usage: mmx quota show"
  }
}
[2026-05-18 09:17:09] [Reviewer] 第1795章审查失败
[2026-05-18 09:17:10] [Reviewer] 正在审查第1796章...
[2026-05-18 09:17:12] [ERROR] mmx call failed (rc=4): {
  "error": {
    "code": 4,
    "message": "Rate limit or quota exceeded. Token Plan 主要面向个人开发者的交互式使用场景。当前请求量较高，请稍后重试；如需支持更高并发或自动化任务，建议升级至更高级别套餐，或使用按量付费 API。 (2062)",
    "hint": "Check usage: mmx quota show"
  }
}
[2026-05-18 09:17:12] [Reviewer] 第1796章审查失败
[2026-05-18 09:17:13] [Reviewer] 正在审查第1797章...
[2026-05-18 09:17:48] [Reviewer] 第1797章审查完成，评分: 6.3， verdict: 需修改
[2026-05-18 09:17:49] [Reviewer] 正在审查第1798章...
[2026-05-18 09:18:30] [Reviewer] 第1798章审查完成，评分: 7.5， verdict: 通过
[2026-05-18 09:18:31] [Reviewer] 正在审查第1799章...
[2026-05-18 09:19:08] [Reviewer] 第1799章审查完成，评分: 7.8， verdict: 需修改
[2026-05-18 09:19:09] [Reviewer] 正在审查第1800章...
[2026-05-18 09:19:49] [Reviewer] 第1800章审查完成，评分: 6.5， verdict: 需修改
[2026-05-18 09:19:50] [Reviewer] 全部完成
