============================================================
Reviewer Agent 启动
============================================================
[2026-05-18 09:14:17] [Reviewer] 正在审查第1121章...
[2026-05-18 09:14:52] [Reviewer] 第1121章审查完成，评分: 8.5， verdict: 通过
[2026-05-18 09:14:53] [Reviewer] 正在审查第1122章...
[2026-05-18 09:14:54] [ERROR] mmx call failed (rc=4): {
  "error": {
    "code": 4,
    "message": "Rate limit or quota exceeded. Token Plan 主要面向个人开发者的交互式使用场景。当前请求量较高，请稍后重试；如需支持更高并发或自动化任务，建议升级至更高级别套餐，或使用按量付费 API。 (2062)",
    "hint": "Check usage: mmx quota show"
  }
}
[2026-05-18 09:14:54] [Reviewer] 第1122章审查失败
[2026-05-18 09:14:55] [Reviewer] 正在审查第1123章...
[2026-05-18 09:14:56] [ERROR] mmx call failed (rc=4): {
  "error": {
    "code": 4,
    "message": "Rate limit or quota exceeded. Token Plan 主要面向个人开发者的交互式使用场景。当前请求量较高，请稍后重试；如需支持更高并发或自动化任务，建议升级至更高级别套餐，或使用按量付费 API。 (2062)",
    "hint": "Check usage: mmx quota show"
  }
}
[2026-05-18 09:14:56] [Reviewer] 第1123章审查失败
[2026-05-18 09:14:57] [Reviewer] 正在审查第1124章...
[2026-05-18 09:14:59] [ERROR] mmx call failed (rc=4): {
  "error": {
    "code": 4,
    "message": "Rate limit or quota exceeded. Token Plan 主要面向个人开发者的交互式使用场景。当前请求量较高，请稍后重试；如需支持更高并发或自动化任务，建议升级至更高级别套餐，或使用按量付费 API。 (2062)",
    "hint": "Check usage: mmx quota show"
  }
}
[2026-05-18 09:14:59] [Reviewer] 第1124章审查失败
[2026-05-18 09:15:00] [Reviewer] 正在审查第1125章...
[2026-05-18 09:15:05] [ERROR] mmx call failed (rc=4): {
  "error": {
    "code": 4,
    "message": "Rate limit or quota exceeded. Token Plan 主要面向个人开发者的交互式使用场景。当前请求量较高，请稍后重试；如需支持更高并发或自动化任务，建议升级至更高级别套餐，或使用按量付费 API。 (2062)",
    "hint": "Check usage: mmx quota show"
  }
}
[2026-05-18 09:15:05] [Reviewer] 第1125章审查失败
[2026-05-18 09:15:06] [Reviewer] 正在审查第1126章...
[2026-05-18 09:15:08] [ERROR] mmx call failed (rc=4): {
  "error": {
    "code": 4,
    "message": "Rate limit or quota exceeded. Token Plan 主要面向个人开发者的交互式使用场景。当前请求量较高，请稍后重试；如需支持更高并发或自动化任务，建议升级至更高级别套餐，或使用按量付费 API。 (2062)",
    "hint": "Check usage: mmx quota show"
  }
}
[2026-05-18 09:15:08] [Reviewer] 第1126章审查失败
[2026-05-18 09:15:09] [Reviewer] 正在审查第1127章...
[2026-05-18 09:15:13] [ERROR] mmx call failed (rc=4): {
  "error": {
    "code": 4,
    "message": "Rate limit or quota exceeded. Token Plan 主要面向个人开发者的交互式使用场景。当前请求量较高，请稍后重试；如需支持更高并发或自动化任务，建议升级至更高级别套餐，或使用按量付费 API。 (2062)",
    "hint": "Check usage: mmx quota show"
  }
}
[2026-05-18 09:15:13] [Reviewer] 第1127章审查失败
[2026-05-18 09:15:14] [Reviewer] 正在审查第1128章...
[2026-05-18 09:15:53] [Reviewer] 第1128章审查完成，评分: 7.5， verdict: 需修改
[2026-05-18 09:15:54] [Reviewer] 正在审查第1129章...
[2026-05-18 09:15:57] [ERROR] mmx call failed (rc=4): {
  "error": {
    "code": 4,
    "message": "Rate limit or quota exceeded. Token Plan 主要面向个人开发者的交互式使用场景。当前请求量较高，请稍后重试；如需支持更高并发或自动化任务，建议升级至更高级别套餐，或使用按量付费 API。 (2062)",
    "hint": "Check usage: mmx quota show"
  }
}
[2026-05-18 09:15:57] [Reviewer] 第1129章审查失败
[2026-05-18 09:15:58] [Reviewer] 正在审查第1130章...
[2026-05-18 09:16:01] [ERROR] mmx call failed (rc=4): {
  "error": {
    "code": 4,
    "message": "Rate limit or quota exceeded. Token Plan 主要面向个人开发者的交互式使用场景。当前请求量较高，请稍后重试；如需支持更高并发或自动化任务，建议升级至更高级别套餐，或使用按量付费 API。 (2062)",
    "hint": "Check usage: mmx quota show"
  }
}
[2026-05-18 09:16:01] [Reviewer] 第1130章审查失败
[2026-05-18 09:16:02] [Reviewer] 正在审查第1131章...
[2026-05-18 09:16:05] [ERROR] mmx call failed (rc=4): {
  "error": {
    "code": 4,
    "message": "Rate limit or quota exceeded. Token Plan 主要面向个人开发者的交互式使用场景。当前请求量较高，请稍后重试；如需支持更高并发或自动化任务，建议升级至更高级别套餐，或使用按量付费 API。 (2062)",
    "hint": "Check usage: mmx quota show"
  }
}
[2026-05-18 09:16:05] [Reviewer] 第1131章审查失败
[2026-05-18 09:16:06] [Reviewer] 正在审查第1132章...
[2026-05-18 09:16:12] [ERROR] mmx call failed (rc=4): {
  "error": {
    "code": 4,
    "message": "Rate limit or quota exceeded. Token Plan 主要面向个人开发者的交互式使用场景。当前请求量较高，请稍后重试；如需支持更高并发或自动化任务，建议升级至更高级别套餐，或使用按量付费 API。 (2062)",
    "hint": "Check usage: mmx quota show"
  }
}
[2026-05-18 09:16:12] [Reviewer] 第1132章审查失败
[2026-05-18 09:16:13] [Reviewer] 正在审查第1133章...
[2026-05-18 09:16:44] [Reviewer] 第1133章审查完成，评分: 8.5， verdict: 通过
[2026-05-18 09:16:45] [Reviewer] 正在审查第1134章...
[2026-05-18 09:16:45] [ERROR] mmx call failed (rc=4): {
  "error": {
    "code": 4,
    "message": "Rate limit or quota exceeded. Token Plan 主要面向个人开发者的交互式使用场景。当前请求量较高，请稍后重试；如需支持更高并发或自动化任务，建议升级至更高级别套餐，或使用按量付费 API。 (2062)",
    "hint": "Check usage: mmx quota show"
  }
}
[2026-05-18 09:16:45] [Reviewer] 第1134章审查失败
[2026-05-18 09:16:46] [Reviewer] 正在审查第1135章...
[2026-05-18 09:16:47] [ERROR] mmx call failed (rc=4): {
  "error": {
    "code": 4,
    "message": "Rate limit or quota exceeded. Token Plan 主要面向个人开发者的交互式使用场景。当前请求量较高，请稍后重试；如需支持更高并发或自动化任务，建议升级至更高级别套餐，或使用按量付费 API。 (2062)",
    "hint": "Check usage: mmx quota show"
  }
}
[2026-05-18 09:16:47] [Reviewer] 第1135章审查失败
[2026-05-18 09:16:48] [Reviewer] 正在审查第1136章...
[2026-05-18 09:16:49] [ERROR] mmx call failed (rc=4): {
  "error": {
    "code": 4,
    "message": "Rate limit or quota exceeded. Token Plan 主要面向个人开发者的交互式使用场景。当前请求量较高，请稍后重试；如需支持更高并发或自动化任务，建议升级至更高级别套餐，或使用按量付费 API。 (2062)",
    "hint": "Check usage: mmx quota show"
  }
}
[2026-05-18 09:16:49] [Reviewer] 第1136章审查失败
[2026-05-18 09:16:50] [Reviewer] 正在审查第1137章...
[2026-05-18 09:16:51] [ERROR] mmx call failed (rc=4): {
  "error": {
    "code": 4,
    "message": "Rate limit or quota exceeded. Token Plan 主要面向个人开发者的交互式使用场景。当前请求量较高，请稍后重试；如需支持更高并发或自动化任务，建议升级至更高级别套餐，或使用按量付费 API。 (2062)",
    "hint": "Check usage: mmx quota show"
  }
}
[2026-05-18 09:16:51] [Reviewer] 第1137章审查失败
[2026-05-18 09:16:52] [Reviewer] 正在审查第1138章...
[2026-05-18 09:16:53] [ERROR] mmx call failed (rc=4): {
  "error": {
    "code": 4,
    "message": "Rate limit or quota exceeded. Token Plan 主要面向个人开发者的交互式使用场景。当前请求量较高，请稍后重试；如需支持更高并发或自动化任务，建议升级至更高级别套餐，或使用按量付费 API。 (2062)",
    "hint": "Check usage: mmx quota show"
  }
}
[2026-05-18 09:16:53] [Reviewer] 第1138章审查失败
[2026-05-18 09:16:54] [Reviewer] 正在审查第1139章...
[2026-05-18 09:16:55] [ERROR] mmx call failed (rc=4): {
  "error": {
    "code": 4,
    "message": "Rate limit or quota exceeded. Token Plan 主要面向个人开发者的交互式使用场景。当前请求量较高，请稍后重试；如需支持更高并发或自动化任务，建议升级至更高级别套餐，或使用按量付费 API。 (2062)",
    "hint": "Check usage: mmx quota show"
  }
}
[2026-05-18 09:16:55] [Reviewer] 第1139章审查失败
[2026-05-18 09:16:56] [Reviewer] 正在审查第1140章...
[2026-05-18 09:16:58] [ERROR] mmx call failed (rc=4): {
  "error": {
    "code": 4,
    "message": "Rate limit or quota exceeded. Token Plan 主要面向个人开发者的交互式使用场景。当前请求量较高，请稍后重试；如需支持更高并发或自动化任务，建议升级至更高级别套餐，或使用按量付费 API。 (2062)",
    "hint": "Check usage: mmx quota show"
  }
}
[2026-05-18 09:16:58] [Reviewer] 第1140章审查失败
[2026-05-18 09:16:59] [Reviewer] 全部完成
