============================================================
Reviewer Agent 启动
============================================================
[2026-05-18 09:14:17] [Reviewer] 正在审查第1421章...
[2026-05-18 09:14:51] [Reviewer] 第1421章审查完成，评分: 8.0， verdict: 通过
[2026-05-18 09:14:52] [Reviewer] 正在审查第1422章...
[2026-05-18 09:14:53] [ERROR] mmx call failed (rc=4): {
  "error": {
    "code": 4,
    "message": "Rate limit or quota exceeded. Token Plan 主要面向个人开发者的交互式使用场景。当前请求量较高，请稍后重试；如需支持更高并发或自动化任务，建议升级至更高级别套餐，或使用按量付费 API。 (2062)",
    "hint": "Check usage: mmx quota show"
  }
}
[2026-05-18 09:14:53] [Reviewer] 第1422章审查失败
[2026-05-18 09:14:54] [Reviewer] 正在审查第1423章...
[2026-05-18 09:14:55] [ERROR] mmx call failed (rc=4): {
  "error": {
    "code": 4,
    "message": "Rate limit or quota exceeded. Token Plan 主要面向个人开发者的交互式使用场景。当前请求量较高，请稍后重试；如需支持更高并发或自动化任务，建议升级至更高级别套餐，或使用按量付费 API。 (2062)",
    "hint": "Check usage: mmx quota show"
  }
}
[2026-05-18 09:14:55] [Reviewer] 第1423章审查失败
[2026-05-18 09:14:56] [Reviewer] 正在审查第1424章...
[2026-05-18 09:14:58] [ERROR] mmx call failed (rc=4): {
  "error": {
    "code": 4,
    "message": "Rate limit or quota exceeded. Token Plan 主要面向个人开发者的交互式使用场景。当前请求量较高，请稍后重试；如需支持更高并发或自动化任务，建议升级至更高级别套餐，或使用按量付费 API。 (2062)",
    "hint": "Check usage: mmx quota show"
  }
}
[2026-05-18 09:14:58] [Reviewer] 第1424章审查失败
[2026-05-18 09:15:00] [Reviewer] 正在审查第1425章...
[2026-05-18 09:15:01] [ERROR] mmx call failed (rc=4): {
  "error": {
    "code": 4,
    "message": "Rate limit or quota exceeded. Token Plan 主要面向个人开发者的交互式使用场景。当前请求量较高，请稍后重试；如需支持更高并发或自动化任务，建议升级至更高级别套餐，或使用按量付费 API。 (2062)",
    "hint": "Check usage: mmx quota show"
  }
}
[2026-05-18 09:15:01] [Reviewer] 第1425章审查失败
[2026-05-18 09:15:03] [Reviewer] 正在审查第1426章...
[2026-05-18 09:15:05] [ERROR] mmx call failed (rc=4): {
  "error": {
    "code": 4,
    "message": "Rate limit or quota exceeded. Token Plan 主要面向个人开发者的交互式使用场景。当前请求量较高，请稍后重试；如需支持更高并发或自动化任务，建议升级至更高级别套餐，或使用按量付费 API。 (2062)",
    "hint": "Check usage: mmx quota show"
  }
}
[2026-05-18 09:15:05] [Reviewer] 第1426章审查失败
[2026-05-18 09:15:06] [Reviewer] 正在审查第1427章...
[2026-05-18 09:15:10] [ERROR] mmx call failed (rc=4): {
  "error": {
    "code": 4,
    "message": "Rate limit or quota exceeded. Token Plan 主要面向个人开发者的交互式使用场景。当前请求量较高，请稍后重试；如需支持更高并发或自动化任务，建议升级至更高级别套餐，或使用按量付费 API。 (2062)",
    "hint": "Check usage: mmx quota show"
  }
}
[2026-05-18 09:15:10] [Reviewer] 第1427章审查失败
[2026-05-18 09:15:12] [Reviewer] 正在审查第1428章...
[2026-05-18 09:15:55] [Reviewer] 第1428章审查完成，评分: 8.5， verdict: 通过
[2026-05-18 09:15:56] [Reviewer] 正在审查第1429章...
[2026-05-18 09:15:59] [ERROR] mmx call failed (rc=4): {
  "error": {
    "code": 4,
    "message": "Rate limit or quota exceeded. Token Plan 主要面向个人开发者的交互式使用场景。当前请求量较高，请稍后重试；如需支持更高并发或自动化任务，建议升级至更高级别套餐，或使用按量付费 API。 (2062)",
    "hint": "Check usage: mmx quota show"
  }
}
[2026-05-18 09:15:59] [Reviewer] 第1429章审查失败
[2026-05-18 09:16:00] [Reviewer] 正在审查第1430章...
[2026-05-18 09:16:03] [ERROR] mmx call failed (rc=4): {
  "error": {
    "code": 4,
    "message": "Rate limit or quota exceeded. Token Plan 主要面向个人开发者的交互式使用场景。当前请求量较高，请稍后重试；如需支持更高并发或自动化任务，建议升级至更高级别套餐，或使用按量付费 API。 (2062)",
    "hint": "Check usage: mmx quota show"
  }
}
[2026-05-18 09:16:03] [Reviewer] 第1430章审查失败
[2026-05-18 09:16:04] [Reviewer] 正在审查第1431章...
[2026-05-18 09:16:08] [ERROR] mmx call failed (rc=4): {
  "error": {
    "code": 4,
    "message": "Rate limit or quota exceeded. Token Plan 主要面向个人开发者的交互式使用场景。当前请求量较高，请稍后重试；如需支持更高并发或自动化任务，建议升级至更高级别套餐，或使用按量付费 API。 (2062)",
    "hint": "Check usage: mmx quota show"
  }
}
[2026-05-18 09:16:08] [Reviewer] 第1431章审查失败
[2026-05-18 09:16:09] [Reviewer] 正在审查第1432章...
[2026-05-18 09:16:12] [ERROR] mmx call failed (rc=4): {
  "error": {
    "code": 4,
    "message": "Rate limit or quota exceeded. Token Plan 主要面向个人开发者的交互式使用场景。当前请求量较高，请稍后重试；如需支持更高并发或自动化任务，建议升级至更高级别套餐，或使用按量付费 API。 (2062)",
    "hint": "Check usage: mmx quota show"
  }
}
[2026-05-18 09:16:12] [Reviewer] 第1432章审查失败
[2026-05-18 09:16:14] [Reviewer] 正在审查第1433章...
[2026-05-18 09:16:58] [Reviewer] 第1433章审查完成，评分: 7.8， verdict: 通过
[2026-05-18 09:16:59] [Reviewer] 正在审查第1434章...
[2026-05-18 09:17:02] [ERROR] mmx call failed (rc=4): {
  "error": {
    "code": 4,
    "message": "Rate limit or quota exceeded. Token Plan 主要面向个人开发者的交互式使用场景。当前请求量较高，请稍后重试；如需支持更高并发或自动化任务，建议升级至更高级别套餐，或使用按量付费 API。 (2062)",
    "hint": "Check usage: mmx quota show"
  }
}
[2026-05-18 09:17:02] [Reviewer] 第1434章审查失败
[2026-05-18 09:17:03] [Reviewer] 正在审查第1435章...
[2026-05-18 09:17:06] [ERROR] mmx call failed (rc=4): {
  "error": {
    "code": 4,
    "message": "Rate limit or quota exceeded. Token Plan 主要面向个人开发者的交互式使用场景。当前请求量较高，请稍后重试；如需支持更高并发或自动化任务，建议升级至更高级别套餐，或使用按量付费 API。 (2062)",
    "hint": "Check usage: mmx quota show"
  }
}
[2026-05-18 09:17:06] [Reviewer] 第1435章审查失败
[2026-05-18 09:17:08] [Reviewer] 正在审查第1436章...
[2026-05-18 09:17:09] [ERROR] mmx call failed (rc=4): {
  "error": {
    "code": 4,
    "message": "Rate limit or quota exceeded. Token Plan 主要面向个人开发者的交互式使用场景。当前请求量较高，请稍后重试；如需支持更高并发或自动化任务，建议升级至更高级别套餐，或使用按量付费 API。 (2062)",
    "hint": "Check usage: mmx quota show"
  }
}
[2026-05-18 09:17:09] [Reviewer] 第1436章审查失败
[2026-05-18 09:17:10] [Reviewer] 正在审查第1437章...
[2026-05-18 09:17:12] [ERROR] mmx call failed (rc=4): {
  "error": {
    "code": 4,
    "message": "Rate limit or quota exceeded. Token Plan 主要面向个人开发者的交互式使用场景。当前请求量较高，请稍后重试；如需支持更高并发或自动化任务，建议升级至更高级别套餐，或使用按量付费 API。 (2062)",
    "hint": "Check usage: mmx quota show"
  }
}
[2026-05-18 09:17:12] [Reviewer] 第1437章审查失败
[2026-05-18 09:17:13] [Reviewer] 正在审查第1438章...
[2026-05-18 09:17:55] [Reviewer] 第1438章审查完成，评分: 7.8， verdict: 需修改
[2026-05-18 09:17:56] [Reviewer] 正在审查第1439章...
[2026-05-18 09:18:38] [Reviewer] 第1439章审查完成，评分: 7.5， verdict: 需修改
[2026-05-18 09:18:39] [Reviewer] 正在审查第1440章...
[2026-05-18 09:19:17] [Reviewer] 第1440章审查完成，评分: 7.3， verdict: 需修改
[2026-05-18 09:19:18] [Reviewer] 全部完成
