======================================================================
  2000章玄幻小说Agent系统 - Coordinator (60 Agent 版本)
======================================================================
[2026-05-18 08:04:30] [Coordinator] 企业微信进度推送已启动（每2分钟）
[2026-05-18 08:04:30] [Coordinator] 当前进度: 已生成 1774 章，已审查 720 章
[2026-05-18 08:04:30] [Coordinator] 世界观、大纲(2000章)、角色档案已存在
[2026-05-18 08:04:30] [Coordinator] 生成范围: 第1775-2000章（大纲共2000章），批次大小: 40
[2026-05-18 08:04:31] [Coordinator] 配额 MiniMax-M*: 1764/4500, 剩余 2736
[2026-05-18 08:04:31] [Coordinator] 配额 speech-hd: 0/19000, 剩余 19000
[2026-05-18 08:04:31] [Coordinator] 配额 MiniMax-Hailuo-2.3-Fast-6s-768p: 0/3, 剩余 3
[2026-05-18 08:04:31] [Coordinator] 配额 MiniMax-Hailuo-2.3-6s-768p: 0/3, 剩余 3
[2026-05-18 08:04:31] [Coordinator] 配额 music-2.5: 0/7, 剩余 7
[2026-05-18 08:04:31] [Coordinator] 配额 music-2.6: 0/100, 剩余 100
[2026-05-18 08:04:31] [Coordinator] 配额 music-cover: 0/100, 剩余 100
[2026-05-18 08:04:31] [Coordinator] 配额 lyrics_generation: 0/100, 剩余 100
[2026-05-18 08:04:31] [Coordinator] 配额 image-01: 0/200, 剩余 200
[2026-05-18 08:04:31] [Coordinator] 配额 coding-plan-vlm: 0/450, 剩余 450
[2026-05-18 08:04:31] [Coordinator] 配额 coding-plan-search: 0/450, 剩余 450
[2026-05-18 08:04:31] [Coordinator] ===== 开始第 1775-1814 章 =====
[2026-05-18 08:04:31] [Coordinator] 并行启动 5 个 writer.py 实例
[2026-05-18 08:04:31] [Coordinator] 执行: D:\soft\py\python.exe D:\AiProject\Node\novels5\scripts\writer.py --start 1775 --end 1782
[2026-05-18 08:04:31] [Coordinator] 执行: D:\soft\py\python.exe D:\AiProject\Node\novels5\scripts\writer.py --start 1783 --end 1790
[2026-05-18 08:04:31] [Coordinator] 执行: D:\soft\py\python.exe D:\AiProject\Node\novels5\scripts\writer.py --start 1791 --end 1798
[2026-05-18 08:04:31] [Coordinator] 执行: D:\soft\py\python.exe D:\AiProject\Node\novels5\scripts\writer.py --start 1799 --end 1806
[2026-05-18 08:04:31] [Coordinator] 执行: D:\soft\py\python.exe D:\AiProject\Node\novels5\scripts\writer.py --start 1807 --end 1814
[2026-05-18 08:06:31] [WeChat] 进度已推送: 初稿1745/2000, 审查713/2000
[2026-05-18 08:08:31] [WeChat] 进度已推送: 初稿1774/2000, 审查713/2000
[2026-05-18 08:10:32] [WeChat] 进度已推送: 初稿1801/2000, 审查713/2000
[2026-05-18 08:12:33] [WeChat] 进度已推送: 初稿1835/2000, 审查713/2000
[2026-05-18 08:12:55] [Coordinator] writer.py 1775-1782 完成 (rc=0)
[2026-05-18 08:14:25] [Coordinator] writer.py 1783-1790 完成 (rc=0)
[2026-05-18 08:14:25] [Coordinator] writer.py 1791-1798 完成 (rc=0)
[2026-05-18 08:14:33] [WeChat] 进度已推送: 初稿1867/2000, 审查713/2000
[2026-05-18 08:15:04] [Coordinator] writer.py 1807-1814 完成 (rc=0)
[2026-05-18 08:15:22] [Coordinator] writer.py 1799-1806 完成 (rc=0)
[2026-05-18 08:15:22] [Coordinator] 第 1775-1814 章完成，暂停3秒...
[2026-05-18 08:15:25] [Coordinator] 配额 MiniMax-M*: 2224/4500, 剩余 2276
[2026-05-18 08:15:25] [Coordinator] 配额 speech-hd: 0/19000, 剩余 19000
[2026-05-18 08:15:25] [Coordinator] 配额 MiniMax-Hailuo-2.3-Fast-6s-768p: 0/3, 剩余 3
[2026-05-18 08:15:25] [Coordinator] 配额 MiniMax-Hailuo-2.3-6s-768p: 0/3, 剩余 3
[2026-05-18 08:15:25] [Coordinator] 配额 music-2.5: 0/7, 剩余 7
[2026-05-18 08:15:25] [Coordinator] 配额 music-2.6: 0/100, 剩余 100
[2026-05-18 08:15:25] [Coordinator] 配额 music-cover: 0/100, 剩余 100
[2026-05-18 08:15:25] [Coordinator] 配额 lyrics_generation: 0/100, 剩余 100
[2026-05-18 08:15:25] [Coordinator] 配额 image-01: 0/200, 剩余 200
[2026-05-18 08:15:25] [Coordinator] 配额 coding-plan-vlm: 0/450, 剩余 450
[2026-05-18 08:15:25] [Coordinator] 配额 coding-plan-search: 0/450, 剩余 450
[2026-05-18 08:15:25] [Coordinator] ===== 开始第 1815-1854 章 =====
[2026-05-18 08:15:25] [Coordinator] 并行启动 5 个 writer.py 实例
[2026-05-18 08:15:25] [Coordinator] 执行: D:\soft\py\python.exe D:\AiProject\Node\novels5\scripts\writer.py --start 1815 --end 1822
[2026-05-18 08:15:25] [Coordinator] 执行: D:\soft\py\python.exe D:\AiProject\Node\novels5\scripts\writer.py --start 1823 --end 1830
[2026-05-18 08:15:25] [Coordinator] 执行: D:\soft\py\python.exe D:\AiProject\Node\novels5\scripts\writer.py --start 1831 --end 1838
[2026-05-18 08:15:25] [Coordinator] 执行: D:\soft\py\python.exe D:\AiProject\Node\novels5\scripts\writer.py --start 1839 --end 1846
[2026-05-18 08:15:25] [Coordinator] 执行: D:\soft\py\python.exe D:\AiProject\Node\novels5\scripts\writer.py --start 1847 --end 1854
[2026-05-18 08:15:43] [Coordinator] writer.py 1815-1822 完成 (rc=0)
[2026-05-18 08:16:34] [WeChat] 进度已推送: 初稿1898/2000, 审查713/2000
[2026-05-18 08:16:49] [Coordinator] writer.py 1831-1838 完成 (rc=0)
[2026-05-18 08:17:07] [Coordinator] writer.py 1823-1830 完成 (rc=0)
[2026-05-18 08:17:07] [Coordinator] writer.py 1839-1846 完成 (rc=0)
[2026-05-18 08:17:22] [Coordinator] writer.py 1847-1854 完成 (rc=0)
[2026-05-18 08:17:22] [Coordinator] 第 1815-1854 章完成，暂停3秒...
[2026-05-18 08:17:26] [Coordinator] 配额 MiniMax-M*: 2321/4500, 剩余 2179
[2026-05-18 08:17:26] [Coordinator] 配额 speech-hd: 0/19000, 剩余 19000
[2026-05-18 08:17:26] [Coordinator] 配额 MiniMax-Hailuo-2.3-Fast-6s-768p: 0/3, 剩余 3
[2026-05-18 08:17:26] [Coordinator] 配额 MiniMax-Hailuo-2.3-6s-768p: 0/3, 剩余 3
[2026-05-18 08:17:26] [Coordinator] 配额 music-2.5: 0/7, 剩余 7
[2026-05-18 08:17:26] [Coordinator] 配额 music-2.6: 0/100, 剩余 100
[2026-05-18 08:17:26] [Coordinator] 配额 music-cover: 0/100, 剩余 100
[2026-05-18 08:17:26] [Coordinator] 配额 lyrics_generation: 0/100, 剩余 100
[2026-05-18 08:17:26] [Coordinator] 配额 image-01: 0/200, 剩余 200
[2026-05-18 08:17:26] [Coordinator] 配额 coding-plan-vlm: 0/450, 剩余 450
[2026-05-18 08:17:26] [Coordinator] 配额 coding-plan-search: 0/450, 剩余 450
[2026-05-18 08:17:26] [Coordinator] ===== 开始第 1855-1894 章 =====
[2026-05-18 08:17:26] [Coordinator] 并行启动 5 个 writer.py 实例
[2026-05-18 08:17:26] [Coordinator] 执行: D:\soft\py\python.exe D:\AiProject\Node\novels5\scripts\writer.py --start 1855 --end 1862
[2026-05-18 08:17:26] [Coordinator] 执行: D:\soft\py\python.exe D:\AiProject\Node\novels5\scripts\writer.py --start 1863 --end 1870
[2026-05-18 08:17:26] [Coordinator] 执行: D:\soft\py\python.exe D:\AiProject\Node\novels5\scripts\writer.py --start 1871 --end 1878
[2026-05-18 08:17:26] [Coordinator] 执行: D:\soft\py\python.exe D:\AiProject\Node\novels5\scripts\writer.py --start 1879 --end 1886
[2026-05-18 08:17:26] [Coordinator] 执行: D:\soft\py\python.exe D:\AiProject\Node\novels5\scripts\writer.py --start 1887 --end 1894
[2026-05-18 08:18:34] [WeChat] 进度已推送: 初稿1932/2000, 审查713/2000
[2026-05-18 08:18:44] [Coordinator] writer.py 1855-1862 完成 (rc=0)
[2026-05-18 08:19:08] [Coordinator] writer.py 1871-1878 完成 (rc=0)
[2026-05-18 08:19:11] [Coordinator] writer.py 1863-1870 完成 (rc=0)
[2026-05-18 08:20:35] [WeChat] 进度已推送: 初稿1967/2000, 审查713/2000
[2026-05-18 08:20:50] [Coordinator] writer.py 1879-1886 完成 (rc=0)
[2026-05-18 08:21:35] [Coordinator] writer.py 1887-1894 完成 (rc=0)
[2026-05-18 08:21:35] [Coordinator] 第 1855-1894 章完成，暂停3秒...
[2026-05-18 08:21:38] [Coordinator] 配额 MiniMax-M*: 2538/4500, 剩余 1962
[2026-05-18 08:21:38] [Coordinator] 配额 speech-hd: 0/19000, 剩余 19000
[2026-05-18 08:21:38] [Coordinator] 配额 MiniMax-Hailuo-2.3-Fast-6s-768p: 0/3, 剩余 3
[2026-05-18 08:21:38] [Coordinator] 配额 MiniMax-Hailuo-2.3-6s-768p: 0/3, 剩余 3
[2026-05-18 08:21:38] [Coordinator] 配额 music-2.5: 0/7, 剩余 7
[2026-05-18 08:21:38] [Coordinator] 配额 music-2.6: 0/100, 剩余 100
[2026-05-18 08:21:38] [Coordinator] 配额 music-cover: 0/100, 剩余 100
[2026-05-18 08:21:38] [Coordinator] 配额 lyrics_generation: 0/100, 剩余 100
[2026-05-18 08:21:38] [Coordinator] 配额 image-01: 0/200, 剩余 200
[2026-05-18 08:21:38] [Coordinator] 配额 coding-plan-vlm: 0/450, 剩余 450
[2026-05-18 08:21:38] [Coordinator] 配额 coding-plan-search: 0/450, 剩余 450
[2026-05-18 08:21:38] [Coordinator] ===== 开始第 1895-1934 章 =====
[2026-05-18 08:21:38] [Coordinator] 并行启动 5 个 writer.py 实例
[2026-05-18 08:21:38] [Coordinator] 执行: D:\soft\py\python.exe D:\AiProject\Node\novels5\scripts\writer.py --start 1895 --end 1902============================================================
Rewrite Agent 启动
============================================================
需要重写的章节: 7 个
  第84章: 评分6.5 [需修改]
  第257章: 评分6.5 [需修改]
  第291章: 评分6.5 [需修改]
  第473章: 评分5.5 [需修改]
  第530章: 评分6.8 [需修改]
  第584章: 评分6.5 [需修改]
  第658章: 评分6.5 [需修改]
[2026-05-18 08:25:52] [Rewrite] 第84章终稿已存在，跳过
[2026-05-18 08:25:52] [Rewrite] 第257章终稿已存在，跳过
[2026-05-18 08:25:52] [Rewrite] 第291章终稿已存在，跳过
[2026-05-18 08:25:52] [Rewrite] 第473章终稿已存在，跳过
[2026-05-18 08:25:52] [Rewrite] 第530章终稿已存在，跳过
[2026-05-18 08:25:52] [Rewrite] 第584章终稿已存在，跳过
[2026-05-18 08:25:52] [Rewrite] 第658章终稿已存在，跳过
[2026-05-18 08:25:52] [Rewrite] 完成: 成功0章, 失败0章

[2026-05-18 08:21:38] [Coordinator] 执行: D:\soft\py\python.exe D:\AiProject\Node\novels5\scripts\writer.py --start 1903 --end 1910
[2026-05-18 08:21:38] [Coordinator] 执行: D:\soft\py\python.exe D:\AiProject\Node\novels5\scripts\writer.py --start 1911 --end 1918
[2026-05-18 08:21:38] [Coordinator] 执行: D:\soft\py\python.exe D:\AiProject\Node\novels5\scripts\writer.py --start 1919 --end 1926
[2026-05-18 08:21:38] [Coordinator] 执行: D:\soft\py\python.exe D:\AiProject\Node\novels5\scripts\writer.py --start 1927 --end 1934
[2026-05-18 08:21:57] [Coordinator] writer.py 1895-1902 完成 (rc=0)
[2026-05-18 08:21:57] [Coordinator] writer.py 1903-1910 完成 (rc=0)
[2026-05-18 08:21:57] [Coordinator] writer.py 1911-1918 完成 (rc=0)
[2026-05-18 08:21:57] [Coordinator] writer.py 1927-1934 完成 (rc=0)
[2026-05-18 08:22:36] [WeChat] 进度已推送: 初稿1990/2000, 审查713/2000
[2026-05-18 08:23:39] [Coordinator] writer.py 1919-1926 完成 (rc=0)
[2026-05-18 08:23:39] [Coordinator] 第 1895-1934 章完成，暂停3秒...
[2026-05-18 08:23:42] [Coordinator] 配额 MiniMax-M*: 2621/4500, 剩余 1879
[2026-05-18 08:23:42] [Coordinator] 配额 speech-hd: 0/19000, 剩余 19000
[2026-05-18 08:23:42] [Coordinator] 配额 MiniMax-Hailuo-2.3-Fast-6s-768p: 0/3, 剩余 3
[2026-05-18 08:23:42] [Coordinator] 配额 MiniMax-Hailuo-2.3-6s-768p: 0/3, 剩余 3
[2026-05-18 08:23:42] [Coordinator] 配额 music-2.5: 0/7, 剩余 7
[2026-05-18 08:23:42] [Coordinator] 配额 music-2.6: 0/100, 剩余 100
[2026-05-18 08:23:42] [Coordinator] 配额 music-cover: 0/100, 剩余 100
[2026-05-18 08:23:42] [Coordinator] 配额 lyrics_generation: 0/100, 剩余 100
[2026-05-18 08:23:42] [Coordinator] 配额 image-01: 0/200, 剩余 200
[2026-05-18 08:23:42] [Coordinator] 配额 coding-plan-vlm: 0/450, 剩余 450
[2026-05-18 08:23:42] [Coordinator] 配额 coding-plan-search: 0/450, 剩余 450
[2026-05-18 08:23:42] [Coordinator] ===== 开始第 1935-1974 章 =====
[2026-05-18 08:23:42] [Coordinator] 并行启动 5 个 writer.py 实例
[2026-05-18 08:23:42] [Coordinator] 执行: D:\soft\py\python.exe D:\AiProject\Node\novels5\scripts\writer.py --start 1935 --end 1942
[2026-05-18 08:23:42] [Coordinator] 执行: D:\soft\py\python.exe D:\AiProject\Node\novels5\scripts\writer.py --start 1943 --end 1950
[2026-05-18 08:23:42] [Coordinator] 执行: D:\soft\py\python.exe D:\AiProject\Node\novels5\scripts\writer.py --start 1951 --end 1958
[2026-05-18 08:23:42] [Coordinator] 执行: D:\soft\py\python.exe D:\AiProject\Node\novels5\scripts\writer.py --start 1959 --end 1966
[2026-05-18 08:23:42] [Coordinator] 执行: D:\soft\py\python.exe D:\AiProject\Node\novels5\scripts\writer.py --start 1967 --end 1974
[2026-05-18 08:24:00] [Coordinator] writer.py 1935-1942 完成 (rc=0)
[2026-05-18 08:24:00] [Coordinator] writer.py 1943-1950 完成 (rc=0)
[2026-05-18 08:24:00] [Coordinator] writer.py 1959-1966 完成 (rc=0)
[2026-05-18 08:24:36] [WeChat] 进度已推送: 初稿1997/2000, 审查713/2000
[2026-05-18 08:25:09] [Coordinator] writer.py 1951-1958 完成 (rc=0)
[2026-05-18 08:25:33] [Coordinator] writer.py 1967-1974 完成 (rc=0)
[2026-05-18 08:25:33] [Coordinator] 第 1935-1974 章完成，暂停3秒...
[2026-05-18 08:25:36] [Coordinator] 配额 MiniMax-M*: 2676/4500, 剩余 1824
[2026-05-18 08:25:36] [Coordinator] 配额 speech-hd: 0/19000, 剩余 19000
[2026-05-18 08:25:36] [Coordinator] 配额 MiniMax-Hailuo-2.3-Fast-6s-768p: 0/3, 剩余 3
[2026-05-18 08:25:36] [Coordinator] 配额 MiniMax-Hailuo-2.3-6s-768p: 0/3, 剩余 3
[2026-05-18 08:25:36] [Coordinator] 配额 music-2.5: 0/7, 剩余 7
[2026-05-18 08:25:36] [Coordinator] 配额 music-2.6: 0/100, 剩余 100
[2026-05-18 08:25:36] [Coordinator] 配额 music-cover: 0/100, 剩余 100
[2026-05-18 08:25:36] [Coordinator] 配额 lyrics_generation: 0/100, 剩余 100
[2026-05-18 08:25:36] [Coordinator] 配额 image-01: 0/200, 剩余 200
[2026-05-18 08:25:36] [Coordinator] 配额 coding-plan-vlm: 0/450, 剩余 450
[2026-05-18 08:25:36] [Coordinator] 配额 coding-plan-search: 0/450, 剩余 450
[2026-05-18 08:25:36] [Coordinator] ===== 开始第 1975-2000 章 =====
[2026-05-18 08:25:36] [Coordinator] 并行启动 5 个 writer.py 实例
[2026-05-18 08:25:36] [Coordinator] 执行: D:\soft\py\python.exe D:\AiProject\Node\novels5\scripts\writer.py --start 1975 --end 1979
[2026-05-18 08:25:36] [Coordinator] 执行: D:\soft\py\python.exe D:\AiProject\Node\novels5\scripts\writer.py --start 1980 --end 1984
[2026-05-18 08:25:36] [Coordinator] 执行: D:\soft\py\python.exe D:\AiProject\Node\novels5\scripts\writer.py --start 1985 --end 1989
[2026-05-18 08:25:36] [Coordinator] 执行: D:\soft\py\python.exe D:\AiProject\Node\novels5\scripts\writer.py --start 1990 --end 1994
[2026-05-18 08:25:36] [Coordinator] 执行: D:\soft\py\python.exe D:\AiProject\Node\novels5\scripts\writer.py --start 1995 --end 1999
[2026-05-18 08:25:49] [Coordinator] writer.py 1975-1979 完成 (rc=0)
[2026-05-18 08:25:49] [Coordinator] writer.py 1980-1984 完成 (rc=0)
[2026-05-18 08:25:49] [Coordinator] writer.py 1985-1989 完成 (rc=0)
[2026-05-18 08:25:49] [Coordinator] writer.py 1990-1994 完成 (rc=0)
[2026-05-18 08:25:49] [Coordinator] writer.py 1995-1999 完成 (rc=0)
[2026-05-18 08:25:49] ============================================================
[2026-05-18 08:25:49] [Coordinator] 生成总结报告
[2026-05-18 08:25:49] ============================================================
[2026-05-18 08:25:49] [Coordinator] 总结报告: 已完成 2000/2000 章
[2026-05-18 08:25:49] [Coordinator] 总字数: 11,138,626 字
[2026-05-18 08:25:49] [Coordinator] 平均评分: 7.68
[2026-05-18 08:25:49] [Coordinator] 需重写: 32 章
[2026-05-18 08:25:49] [Coordinator] 第 1975-2000 章完成，暂停3秒...
[2026-05-18 08:25:52] ============================================================
[2026-05-18 08:25:52] [Coordinator] 处理重写队列: 7 章
[2026-05-18 08:25:52] ============================================================
[2026-05-18 08:25:52] [Coordinator] 执行: D:\soft\py\python.exe D:\AiProject\Node\novels5\scripts\rewrite_agent.py
[2026-05-18 08:25:52] [Coordinator] Rewrite Agent 完成 (rc=0)
[2026-05-18 08:25:52] ============================================================
[2026-05-18 08:25:52] [Coordinator] 生成总结报告
[2026-05-18 08:25:52] ============================================================
[2026-05-18 08:25:52] [Coordinator] 总结报告: 已完成 2000/2000 章
[2026-05-18 08:25:52] [Coordinator] 总字数: 11,138,850 字
[2026-05-18 08:25:52] [Coordinator] 平均评分: 7.68
[2026-05-18 08:25:52] [Coordinator] 需重写: 32 章
[2026-05-18 08:25:52] ============================================================
[2026-05-18 08:25:52] [Coordinator] 全部任务完成
[2026-05-18 08:25:52] [Coordinator] 总进度: 2000/2000 章
[2026-05-18 08:25:52] [Coordinator] 总字数: 11,138,850 字
[2026-05-18 08:25:52] ============================================================
