======================================================================
  2000章玄幻小说Agent系统 - Coordinator (60 Agent 版本)
======================================================================
[2026-05-18 08:08:31] [Coordinator] 企业微信进度推送已启动（每2分钟）
[2026-05-18 08:08:31] [Coordinator] 当前进度: 已生成 1840 章，已审查 720 章
[2026-05-18 08:08:31] [Coordinator] 世界观、大纲(2000章)、角色档案已存在
[2026-05-18 08:08:31] [Coordinator] 生成范围: 第1841-2000章（大纲共2000章），批次大小: 40
[2026-05-18 08:08:32] [Coordinator] 配额 MiniMax-M*: 1915/4500, 剩余 2585
[2026-05-18 08:08:32] [Coordinator] 配额 speech-hd: 0/19000, 剩余 19000
[2026-05-18 08:08:32] [Coordinator] 配额 MiniMax-Hailuo-2.3-Fast-6s-768p: 0/3, 剩余 3
[2026-05-18 08:08:32] [Coordinator] 配额 MiniMax-Hailuo-2.3-6s-768p: 0/3, 剩余 3
[2026-05-18 08:08:32] [Coordinator] 配额 music-2.5: 0/7, 剩余 7
[2026-05-18 08:08:32] [Coordinator] 配额 music-2.6: 0/100, 剩余 100
[2026-05-18 08:08:32] [Coordinator] 配额 music-cover: 0/100, 剩余 100
[2026-05-18 08:08:32] [Coordinator] 配额 lyrics_generation: 0/100, 剩余 100
[2026-05-18 08:08:32] [Coordinator] 配额 image-01: 0/200, 剩余 200
[2026-05-18 08:08:32] [Coordinator] 配额 coding-plan-vlm: 0/450, 剩余 450
[2026-05-18 08:08:32] [Coordinator] 配额 coding-plan-search: 0/450, 剩余 450
[2026-05-18 08:08:32] [Coordinator] ===== 开始第 1841-1880 章 =====
[2026-05-18 08:08:32] [Coordinator] 并行启动 5 个 writer.py 实例
[2026-05-18 08:08:32] [Coordinator] 执行: D:\soft\py\python.exe D:\AiProject\Node\novels5\scripts\writer.py --start 1841 --end 1848
[2026-05-18 08:08:32] [Coordinator] 执行: D:\soft\py\python.exe D:\AiProject\Node\novels5\scripts\writer.py --start 1849 --end 1856
[2026-05-18 08:08:32] [Coordinator] 执行: D:\soft\py\python.exe D:\AiProject\Node\novels5\scripts\writer.py --start 1857 --end 1864
[2026-05-18 08:08:32] [Coordinator] 执行: D:\soft\py\python.exe D:\AiProject\Node\novels5\scripts\writer.py --start 1865 --end 1872
[2026-05-18 08:08:32] [Coordinator] 执行: D:\soft\py\python.exe D:\AiProject\Node\novels5\scripts\writer.py --start 1873 --end 1880
[2026-05-18 08:10:32] [WeChat] 进度已推送: 初稿1801/2000, 审查713/2000
[2026-05-18 08:12:32] [WeChat] 进度已推送: 初稿1835/2000, 审查713/2000
[2026-05-18 08:14:33] [WeChat] 进度已推送: 初稿1867/2000, 审查713/2000
[2026-05-18 08:16:34] [WeChat] 进度已推送: 初稿1898/2000, 审查713/2000
[2026-05-18 08:17:02] [Coordinator] writer.py 1841-1848 完成 (rc=0)
[2026-05-18 08:18:08] [Coordinator] writer.py 1873-1880 完成 (rc=0)
[2026-05-18 08:18:34] [WeChat] 进度已推送: 初稿1932/2000, 审查713/2000
[2026-05-18 08:18:41] [Coordinator] writer.py 1849-1856 完成 (rc=0)
[2026-05-18 08:19:02] [Coordinator] writer.py 1857-1864 完成 (rc=0)
[2026-05-18 08:19:38] [Coordinator] writer.py 1865-1872 完成 (rc=0)
[2026-05-18 08:19:38] [Coordinator] 第 1841-1880 章完成，暂停3秒...
[2026-05-18 08:19:41] [Coordinator] 配额 MiniMax-M*: 2448/4500, 剩余 2052
[2026-05-18 08:19:41] [Coordinator] 配额 speech-hd: 0/19000, 剩余 19000
[2026-05-18 08:19:41] [Coordinator] 配额 MiniMax-Hailuo-2.3-Fast-6s-768p: 0/3, 剩余 3
[2026-05-18 08:19:41] [Coordinator] 配额 MiniMax-Hailuo-2.3-6s-768p: 0/3, 剩余 3
[2026-05-18 08:19:41] [Coordinator] 配额 music-2.5: 0/7, 剩余 7
[2026-05-18 08:19:41] [Coordinator] 配额 music-2.6: 0/100, 剩余 100
[2026-05-18 08:19:41] [Coordinator] 配额 music-cover: 0/100, 剩余 100
[2026-05-18 08:19:41] [Coordinator] 配额 lyrics_generation: 0/100, 剩余 100
[2026-05-18 08:19:41] [Coordinator] 配额 image-01: 0/200, 剩余 200
[2026-05-18 08:19:41] [Coordinator] 配额 coding-plan-vlm: 0/450, 剩余 450
[2026-05-18 08:19:41] [Coordinator] 配额 coding-plan-search: 0/450, 剩余 450
[2026-05-18 08:19:41] [Coordinator] ===== 开始第 1881-1920 章 =====
[2026-05-18 08:19:41] [Coordinator] 并行启动 5 个 writer.py 实例
[2026-05-18 08:19:41] [Coordinator] 执行: D:\soft\py\python.exe D:\AiProject\Node\novels5\scripts\writer.py --start 1881 --end 1888
[2026-05-18 08:19:41] [Coordinator] 执行: D:\soft\py\python.exe D:\AiProject\Node\novels5\scripts\writer.py --start 1889 --end 1896
[2026-05-18 08:19:41] [Coordinator] 执行: D:\soft\py\python.exe D:\AiProject\Node\novels5\scripts\writer.py --start 1897 --end 1904
[2026-05-18 08:19:41] [Coordinator] 执行: D:\soft\py\python.exe D:\AiProject\Node\novels5\scripts\writer.py --start 1905 --end 1912
[2026-05-18 08:19:41] [Coordinator] 执行: D:\soft\py\python.exe D:\AiProject\Node\novels5\scripts\writer.py --start 1913 --end 1920
[2026-05-18 08:19:59] [Coordinator] writer.py 1881-1888 完成 (rc=0)
[2026-05-18 08:20:35] [WeChat] 进度已推送: 初稿1967/2000, 审查713/2000
[2026-05-18 08:21:11] [Coordinator] writer.py 1905-1912 完成 (rc=0)
[2026-05-18 08:21:17] [Coordinator] writer.py 1897-1904 完成 (rc=0)
[2026-05-18 08:21:35] [Coordinator] writer.py 1889-1896 完成 (rc=0)
[2026-05-18 08:22:11] [Coordinator] writer.py 1913-1920 完成 (rc=0)
[2026-05-18 08:22:11] [Coordinator] 第 1881-1920 章完成，暂停3秒...
[2026-05-18 08:22:15] [Coordinator] 配额 MiniMax-M*: 2568/4500, 剩余 1932
[2026-05-18 08:22:15] [Coordinator] 配额 speech-hd: 0/19000, 剩余 19000
[2026-05-18 08:22:15] [Coordinator] 配额 MiniMax-Hailuo-2.3-Fast-6s-768p: 0/3, 剩余 3
[2026-05-18 08:22:15] [Coordinator] 配额 MiniMax-Hailuo-2.3-6s-768p: 0/3, 剩余 3
[2026-05-18 08:22:15] [Coordinator] 配额 music-2.5: 0/7, 剩余 7
[2026-05-18 08:22:15] [Coordinator] 配额 music-2.6: 0/100, 剩余 100
[2026-05-18 08:22:15] [Coordinator] 配额 music-cover: 0/100, 剩余 100
[2026-05-18 08:22:15] [Coordinator] 配额 lyrics_generation: 0/100, 剩余 100
[2026-05-18 08:22:15] [Coordinator] 配额 image-01: 0/200, 剩余 200
[2026-05-18 08:22:15] [Coordinator] 配额 coding-plan-vlm: 0/450, 剩余 450
[2026-05-18 08:22:15] [Coordinator] 配额 coding-plan-search: 0/450, 剩余 450
[2026-05-18 08:22:15] [Coordinator] ===== 开始第 1921-1960 章 =====
[2026-05-18 08:22:15] [Coordinator] 并行启动 5 个 writer.py 实例
[2026-05-18 08:22:15] [Coordinator] 执行: D:\soft\py\python.exe D:\AiProject\Node\novels5\scripts\writer.py --start 1921 --end 1928
[2026-05-18 08:22:15] [Coordinator] 执行: D:\soft\py\python.exe D:\AiProject\Node\novels5\scripts\writer.py --start 1929 --end 1936
[2026-05-18 08:22:15] [Coordinator] 执行: D:\soft\py\python.exe D:\AiProject\Node\novels5\scripts\writer.py --start 1937 --end 1944
[2026-05-18 08:22:15] [Coordinator] 执行: D:\soft\py\python.exe D:\AiProject\Node\novels5\scripts\writer.py --start 1945 --end 1952
[2026-05-18 08:22:15] [Coordinator] 执行: D:\soft\py\python.exe D:\AiProject\Node\novels5\scripts\writer.py --start 1953 --end 1960
[2026-05-18 08:22:33] [Coordinator] writer.py 1929-1936 完成 (rc=0)
[2026-05-18 08:22:35] [WeChat] 进度已推送: 初稿1990/2000, 审查713/2000
[2026-05-18 08:23:45] [Coordinator] writer.py 1937-1944 完成 (rc=0)
[2026-05-18 08:23:48] [Coordinator] writer.py 1945-1952 完成 (rc=0)
[2026-05-18 08:24:12] [Coordinator] writer.py 1921-1928 完成 (rc=0)
[2026-05-18 08:24:36] [WeChat] 进度已推送: 初稿1997/2000, 审查713/2000
[2026-05-18 08:26:00] [Coordinator] writer.py 1953-1960 完成 (rc=0)
[2026-05-18 08:26:00] [Coordinator] 第 1921-1960 章完成，暂停3秒...
[2026-05-18 08:26:04] [Coordinator] 配额 MiniMax-M*: 2691/4500, 剩余 1809
[2026-05-18 08:26:04] [Coordinator] 配额 speech-hd: 0/19000, 剩余 19000
[2026-05-18 08:26:04] [Coordinator] 配额 MiniMax-Hailuo-2.3-Fast-6s-768p: 0/3, 剩余 3
[2026-05-18 08:26:04] [Coordinator] 配额 MiniMax-Hailuo-2.3-6s-768p: 0/3, 剩余 3
[2026-05-18 08:26:04] [Coordinator] 配额 music-2.5: 0/7, 剩余 7
[2026-05-18 08:26:04] [Coordinator] 配额 music-2.6: 0/100, 剩余 100
[2026-05-18 08:26:04] [Coordinator] 配额 music-cover: 0/100, 剩余 100
[2026-05-18 08:26:04] [Coordinator] 配额 lyrics_generation: 0/100, 剩余 100
[2026-05-18 08:26:04] [Coordinator] 配额 image-01: 0/200, 剩余 200
[2026-05-18 08:26:04] [Coordinator] 配额 coding-plan-vlm: 0/450, 剩余 450
[2026-05-18 08:26:04] [Coordinator] 配额 coding-plan-search: 0/450, 剩余 450
[2026-05-18 08:26:04] [Coordinator] ===== 开始第 1961-2000 章 =====
[2026-05-18 08:26:04] [Coordinator] 并行启动 5 个 writer.py 实例
[2026-05-18 08:26:04] [Coordinator] 执行: D:\soft\py\python.exe D:\AiProject\Node\novels5\scripts\writer.py --start 1961 --end 1968============================================================
Rewrite Agent 启动
============================================================
需要重写的章节: 7 个
  第84章: 评分6.5 [需修改]
  第257章: 评分6.5 [需修改]
  第291章: 评分6.5 [需修改]
  第473章: 评分5.5 [需修改]
  第530章: 评分6.8 [需修改]
  第584章: 评分6.5 [需修改]
  第658章: 评分6.5 [需修改]
[2026-05-18 08:26:25] [Rewrite] 第84章终稿已存在，跳过
[2026-05-18 08:26:25] [Rewrite] 第291章终稿已存在，跳过
[2026-05-18 08:26:25] [Rewrite] 第257章终稿已存在，跳过
[2026-05-18 08:26:25] [Rewrite] 第530章终稿已存在，跳过
[2026-05-18 08:26:25] [Rewrite] 第473章终稿已存在，跳过
[2026-05-18 08:26:25] [Rewrite] 第658章终稿已存在，跳过
[2026-05-18 08:26:25] [Rewrite] 第584章终稿已存在，跳过
[2026-05-18 08:26:25] [Rewrite] 完成: 成功0章, 失败0章

[2026-05-18 08:26:04] [Coordinator] 执行: D:\soft\py\python.exe D:\AiProject\Node\novels5\scripts\writer.py --start 1969 --end 1976
[2026-05-18 08:26:04] [Coordinator] 执行: D:\soft\py\python.exe D:\AiProject\Node\novels5\scripts\writer.py --start 1977 --end 1984
[2026-05-18 08:26:04] [Coordinator] 执行: D:\soft\py\python.exe D:\AiProject\Node\novels5\scripts\writer.py --start 1985 --end 1992
[2026-05-18 08:26:04] [Coordinator] 执行: D:\soft\py\python.exe D:\AiProject\Node\novels5\scripts\writer.py --start 1993 --end 2000
[2026-05-18 08:26:22] [Coordinator] writer.py 1961-1968 完成 (rc=0)
[2026-05-18 08:26:22] [Coordinator] writer.py 1969-1976 完成 (rc=0)
[2026-05-18 08:26:22] [Coordinator] writer.py 1977-1984 完成 (rc=0)
[2026-05-18 08:26:22] [Coordinator] writer.py 1985-1992 完成 (rc=0)
[2026-05-18 08:26:22] [Coordinator] writer.py 1993-2000 完成 (rc=0)
[2026-05-18 08:26:22] ============================================================
[2026-05-18 08:26:22] [Coordinator] 生成总结报告
[2026-05-18 08:26:22] ============================================================
[2026-05-18 08:26:22] [Coordinator] 总结报告: 已完成 2000/2000 章
[2026-05-18 08:26:22] [Coordinator] 总字数: 11,146,943 字
[2026-05-18 08:26:22] [Coordinator] 平均评分: 7.68
[2026-05-18 08:26:22] [Coordinator] 需重写: 32 章
[2026-05-18 08:26:22] [Coordinator] 第 1961-2000 章完成，暂停3秒...
[2026-05-18 08:26:25] ============================================================
[2026-05-18 08:26:25] [Coordinator] 处理重写队列: 7 章
[2026-05-18 08:26:25] ============================================================
[2026-05-18 08:26:25] [Coordinator] 执行: D:\soft\py\python.exe D:\AiProject\Node\novels5\scripts\rewrite_agent.py
[2026-05-18 08:26:25] [Coordinator] Rewrite Agent 完成 (rc=0)
[2026-05-18 08:26:25] ============================================================
[2026-05-18 08:26:25] [Coordinator] 生成总结报告
[2026-05-18 08:26:25] ============================================================
[2026-05-18 08:26:25] [Coordinator] 总结报告: 已完成 2000/2000 章
[2026-05-18 08:26:25] [Coordinator] 总字数: 11,148,434 字
[2026-05-18 08:26:25] [Coordinator] 平均评分: 7.68
[2026-05-18 08:26:25] [Coordinator] 需重写: 32 章
[2026-05-18 08:26:25] ============================================================
[2026-05-18 08:26:25] [Coordinator] 全部任务完成
[2026-05-18 08:26:25] [Coordinator] 总进度: 2000/2000 章
[2026-05-18 08:26:25] [Coordinator] 总字数: 11,148,434 字
[2026-05-18 08:26:25] ============================================================
