======================================================================
  2000章玄幻小说Agent系统 - Coordinator (60 Agent 版本)
======================================================================
[2026-05-18 07:32:23] [Coordinator] 企业微信进度推送已启动（每2分钟）
[2026-05-18 07:32:23] [Coordinator] 当前进度: 已生成 1427 章，已审查 720 章
[2026-05-18 07:32:23] [Coordinator] 世界观、大纲(2000章)、角色档案已存在
[2026-05-18 07:32:23] [Coordinator] 生成范围: 第1428-2000章（大纲共2000章），批次大小: 40
[2026-05-18 07:32:24] [Coordinator] 配额 MiniMax-M*: 1005/4500, 剩余 3495
[2026-05-18 07:32:24] [Coordinator] 配额 speech-hd: 0/19000, 剩余 19000
[2026-05-18 07:32:24] [Coordinator] 配额 MiniMax-Hailuo-2.3-Fast-6s-768p: 0/3, 剩余 3
[2026-05-18 07:32:24] [Coordinator] 配额 MiniMax-Hailuo-2.3-6s-768p: 0/3, 剩余 3
[2026-05-18 07:32:24] [Coordinator] 配额 music-2.5: 0/7, 剩余 7
[2026-05-18 07:32:24] [Coordinator] 配额 music-2.6: 0/100, 剩余 100
[2026-05-18 07:32:24] [Coordinator] 配额 music-cover: 0/100, 剩余 100
[2026-05-18 07:32:24] [Coordinator] 配额 lyrics_generation: 0/100, 剩余 100
[2026-05-18 07:32:24] [Coordinator] 配额 image-01: 0/200, 剩余 200
[2026-05-18 07:32:24] [Coordinator] 配额 coding-plan-vlm: 0/450, 剩余 450
[2026-05-18 07:32:24] [Coordinator] 配额 coding-plan-search: 0/450, 剩余 450
[2026-05-18 07:32:24] [Coordinator] ===== 开始第 1428-1467 章 =====
[2026-05-18 07:32:24] [Coordinator] 并行启动 5 个 writer.py 实例
[2026-05-18 07:32:24] [Coordinator] 执行: D:\soft\py\python.exe D:\AiProject\Node\novels5\scripts\writer.py --start 1428 --end 1435
[2026-05-18 07:32:24] [Coordinator] 执行: D:\soft\py\python.exe D:\AiProject\Node\novels5\scripts\writer.py --start 1436 --end 1443
[2026-05-18 07:32:24] [Coordinator] 执行: D:\soft\py\python.exe D:\AiProject\Node\novels5\scripts\writer.py --start 1444 --end 1451
[2026-05-18 07:32:24] [Coordinator] 执行: D:\soft\py\python.exe D:\AiProject\Node\novels5\scripts\writer.py --start 1452 --end 1459
[2026-05-18 07:32:24] [Coordinator] 执行: D:\soft\py\python.exe D:\AiProject\Node\novels5\scripts\writer.py --start 1460 --end 1467
[2026-05-18 07:34:24] [WeChat] 进度已推送: 初稿1435/2000, 审查713/2000
[2026-05-18 07:36:24] [WeChat] 进度已推送: 初稿1442/2000, 审查713/2000
[2026-05-18 07:37:33] [Coordinator] writer.py 1428-1435 完成 (rc=0)
[2026-05-18 07:38:25] [WeChat] 进度已推送: 初稿1459/2000, 审查713/2000
[2026-05-18 07:39:33] [Coordinator] writer.py 1436-1443 完成 (rc=0)
[2026-05-18 07:39:36] [Coordinator] writer.py 1444-1451 完成 (rc=0)
[2026-05-18 07:40:03] [Coordinator] writer.py 1460-1467 完成 (rc=0)
[2026-05-18 07:40:12] [Coordinator] writer.py 1452-1459 完成 (rc=0)
[2026-05-18 07:40:12] [Coordinator] 第 1428-1467 章完成，暂停3秒...
[2026-05-18 07:40:16] [Coordinator] 配额 MiniMax-M*: 1125/4500, 剩余 3375
[2026-05-18 07:40:16] [Coordinator] 配额 speech-hd: 0/19000, 剩余 19000
[2026-05-18 07:40:16] [Coordinator] 配额 MiniMax-Hailuo-2.3-Fast-6s-768p: 0/3, 剩余 3
[2026-05-18 07:40:16] [Coordinator] 配额 MiniMax-Hailuo-2.3-6s-768p: 0/3, 剩余 3
[2026-05-18 07:40:16] [Coordinator] 配额 music-2.5: 0/7, 剩余 7
[2026-05-18 07:40:16] [Coordinator] 配额 music-2.6: 0/100, 剩余 100
[2026-05-18 07:40:16] [Coordinator] 配额 music-cover: 0/100, 剩余 100
[2026-05-18 07:40:16] [Coordinator] 配额 lyrics_generation: 0/100, 剩余 100
[2026-05-18 07:40:16] [Coordinator] 配额 image-01: 0/200, 剩余 200
[2026-05-18 07:40:16] [Coordinator] 配额 coding-plan-vlm: 0/450, 剩余 450
[2026-05-18 07:40:16] [Coordinator] 配额 coding-plan-search: 0/450, 剩余 450
[2026-05-18 07:40:16] [Coordinator] ===== 开始第 1468-1507 章 =====
[2026-05-18 07:40:16] [Coordinator] 并行启动 5 个 writer.py 实例
[2026-05-18 07:40:16] [Coordinator] 执行: D:\soft\py\python.exe D:\AiProject\Node\novels5\scripts\writer.py --start 1468 --end 1475
[2026-05-18 07:40:16] [Coordinator] 执行: D:\soft\py\python.exe D:\AiProject\Node\novels5\scripts\writer.py --start 1476 --end 1483
[2026-05-18 07:40:16] [Coordinator] 执行: D:\soft\py\python.exe D:\AiProject\Node\novels5\scripts\writer.py --start 1484 --end 1491
[2026-05-18 07:40:16] [Coordinator] 执行: D:\soft\py\python.exe D:\AiProject\Node\novels5\scripts\writer.py --start 1492 --end 1499
[2026-05-18 07:40:16] [Coordinator] 执行: D:\soft\py\python.exe D:\AiProject\Node\novels5\scripts\writer.py --start 1500 --end 1507
[2026-05-18 07:40:25] [WeChat] 进度已推送: 初稿1469/2000, 审查713/2000
[2026-05-18 07:42:25] [WeChat] 进度已推送: 初稿1479/2000, 审查713/2000
[2026-05-18 07:44:26] [WeChat] 进度已推送: 初稿1493/2000, 审查713/2000
[2026-05-18 07:45:01] [Coordinator] writer.py 1468-1475 完成 (rc=0)
[2026-05-18 07:46:16] [Coordinator] writer.py 1500-1507 完成 (rc=0)
[2026-05-18 07:46:26] [WeChat] 进度已推送: 初稿1506/2000, 审查713/2000
[2026-05-18 07:46:49] [Coordinator] writer.py 1484-1491 完成 (rc=0)
[2026-05-18 07:47:52] [Coordinator] writer.py 1492-1499 完成 (rc=0)
[2026-05-18 07:48:13] [Coordinator] writer.py 1476-1483 完成 (rc=0)
[2026-05-18 07:48:13] [Coordinator] 第 1468-1507 章完成，暂停3秒...
[2026-05-18 07:48:16] [Coordinator] 配额 MiniMax-M*: 1276/4500, 剩余 3224
[2026-05-18 07:48:16] [Coordinator] 配额 speech-hd: 0/19000, 剩余 19000
[2026-05-18 07:48:16] [Coordinator] 配额 MiniMax-Hailuo-2.3-Fast-6s-768p: 0/3, 剩余 3
[2026-05-18 07:48:16] [Coordinator] 配额 MiniMax-Hailuo-2.3-6s-768p: 0/3, 剩余 3
[2026-05-18 07:48:16] [Coordinator] 配额 music-2.5: 0/7, 剩余 7
[2026-05-18 07:48:16] [Coordinator] 配额 music-2.6: 0/100, 剩余 100
[2026-05-18 07:48:16] [Coordinator] 配额 music-cover: 0/100, 剩余 100
[2026-05-18 07:48:16] [Coordinator] 配额 lyrics_generation: 0/100, 剩余 100
[2026-05-18 07:48:16] [Coordinator] 配额 image-01: 0/200, 剩余 200
[2026-05-18 07:48:16] [Coordinator] 配额 coding-plan-vlm: 0/450, 剩余 450
[2026-05-18 07:48:16] [Coordinator] 配额 coding-plan-search: 0/450, 剩余 450
[2026-05-18 07:48:16] [Coordinator] ===== 开始第 1508-1547 章 =====
[2026-05-18 07:48:16] [Coordinator] 并行启动 5 个 writer.py 实例
[2026-05-18 07:48:16] [Coordinator] 执行: D:\soft\py\python.exe D:\AiProject\Node\novels5\scripts\writer.py --start 1508 --end 1515
[2026-05-18 07:48:16] [Coordinator] 执行: D:\soft\py\python.exe D:\AiProject\Node\novels5\scripts\writer.py --start 1516 --end 1523
[2026-05-18 07:48:16] [Coordinator] 执行: D:\soft\py\python.exe D:\AiProject\Node\novels5\scripts\writer.py --start 1524 --end 1531
[2026-05-18 07:48:16] [Coordinator] 执行: D:\soft\py\python.exe D:\AiProject\Node\novels5\scripts\writer.py --start 1532 --end 1539
[2026-05-18 07:48:16] [Coordinator] 执行: D:\soft\py\python.exe D:\AiProject\Node\novels5\scripts\writer.py --start 1540 --end 1547
[2026-05-18 07:48:27] [WeChat] 进度已推送: 初稿1515/2000, 审查713/2000
[2026-05-18 07:50:27] [WeChat] 进度已推送: 初稿1529/2000, 审查713/2000
[2026-05-18 07:52:27] [WeChat] 进度已推送: 初稿1553/2000, 审查713/2000
[2026-05-18 07:53:46] [Coordinator] writer.py 1516-1523 完成 (rc=0)
[2026-05-18 07:54:07] [Coordinator] writer.py 1540-1547 完成 (rc=0)
[2026-05-18 07:54:16] [Coordinator] writer.py 1532-1539 完成 (rc=0)
[2026-05-18 07:54:19] [Coordinator] writer.py 1508-1515 完成 (rc=0)
[2026-05-18 07:54:28] [WeChat] 进度已推送: 初稿1579/2000, 审查713/2000
[2026-05-18 07:54:43] [Coordinator] writer.py 1524-1531 完成 (rc=0)
[2026-05-18 07:54:43] [Coordinator] 第 1508-1547 章完成，暂停3秒...
[2026-05-18 07:54:47] [Coordinator] 配额 MiniMax-M*: 1447/4500, 剩余 3053
[2026-05-18 07:54:47] [Coordinator] 配额 speech-hd: 0/19000, 剩余 19000
[2026-05-18 07:54:47] [Coordinator] 配额 MiniMax-Hailuo-2.3-Fast-6s-768p: 0/3, 剩余 3
[2026-05-18 07:54:47] [Coordinator] 配额 MiniMax-Hailuo-2.3-6s-768p: 0/3, 剩余 3
[2026-05-18 07:54:47] [Coordinator] 配额 music-2.5: 0/7, 剩余 7
[2026-05-18 07:54:47] [Coordinator] 配额 music-2.6: 0/100, 剩余 100
[2026-05-18 07:54:47] [Coordinator] 配额 music-cover: 0/100, 剩余 100
[2026-05-18 07:54:47] [Coordinator] 配额 lyrics_generation: 0/100, 剩余 100
[2026-05-18 07:54:47] [Coordinator] 配额 image-01: 0/200, 剩余 200
[2026-05-18 07:54:47] [Coordinator] 配额 coding-plan-vlm: 0/450, 剩余 450
[2026-05-18 07:54:47] [Coordinator] 配额 coding-plan-search: 0/450, 剩余 450
[2026-05-18 07:54:47] [Coordinator] ===== 开始第 1548-1587 章 =====
[2026-05-18 07:54:47] [Coordinator] 并行启动 5 个 writer.py 实例
[2026-05-18 07:54:47] [Coordinator] 执行: D:\soft\py\python.exe D:\AiProject\Node\novels5\scripts\writer.py --start 1548 --end 1555
[2026-05-18 07:54:47] [Coordinator] 执行: D:\soft\py\python.exe D:\AiProject\Node\novels5\scripts\writer.py --start 1556 --end 1563
[2026-05-18 07:54:47] [Coordinator] 执行: D:\soft\py\python.exe D:\AiProject\Node\novels5\scripts\writer.py --start 1564 --end 1571
[2026-05-18 07:54:47] [Coordinator] 执行: D:\soft\py\python.exe D:\AiProject\Node\novels5\scripts\writer.py --start 1572 --end 1579
[2026-05-18 07:54:47] [Coordinator] 执行: D:\soft\py\python.exe D:\AiProject\Node\novels5\scripts\writer.py --start 1580 --end 1587
[2026-05-18 07:56:28] [WeChat] 进度已推送: 初稿1613/2000, 审查713/2000
[2026-05-18 07:56:56] [Coordinator] writer.py 1564-1571 完成 (rc=0)
[2026-05-18 07:57:02] [Coordinator] writer.py 1556-1563 完成 (rc=0)
[2026-05-18 07:57:26] [Coordinator] writer.py 1548-1555 完成 (rc=0)
[2026-05-18 07:57:29] [Coordinator] writer.py 1572-1579 完成 (rc=0)
[2026-05-18 07:58:26] [Coordinator] writer.py 1580-1587 完成 (rc=0)
[2026-05-18 07:58:26] [Coordinator] 第 1548-1587 章完成，暂停3秒...
[2026-05-18 07:58:29] [WeChat] 进度已推送: 初稿1640/2000, 审查713/2000
[2026-05-18 07:58:29] [Coordinator] 配额 MiniMax-M*: 1581/4500, 剩余 2919
[2026-05-18 07:58:29] [Coordinator] 配额 speech-hd: 0/19000, 剩余 19000
[2026-05-18 07:58:29] [Coordinator] 配额 MiniMax-Hailuo-2.3-Fast-6s-768p: 0/3, 剩余 3
[2026-05-18 07:58:29] [Coordinator] 配额 MiniMax-Hailuo-2.3-6s-768p: 0/3, 剩余 3
[2026-05-18 07:58:29] [Coordinator] 配额 music-2.5: 0/7, 剩余 7
[2026-05-18 07:58:29] [Coordinator] 配额 music-2.6: 0/100, 剩余 100
[2026-05-18 07:58:29] [Coordinator] 配额 music-cover: 0/100, 剩余 100
[2026-05-18 07:58:29] [Coordinator] 配额 lyrics_generation: 0/100, 剩余 100
[2026-05-18 07:58:29] [Coordinator] 配额 image-01: 0/200, 剩余 200
[2026-05-18 07:58:29] [Coordinator] 配额 coding-plan-vlm: 0/450, 剩余 450
[2026-05-18 07:58:29] [Coordinator] 配额 coding-plan-search: 0/450, 剩余 450
[2026-05-18 07:58:29] [Coordinator] ===== 开始第 1588-1627 章 =====
[2026-05-18 07:58:29] [Coordinator] 并行启动 5 个 writer.py 实例
[2026-05-18 07:58:29] [Coordinator] 执行: D:\soft\py\python.exe D:\AiProject\Node\novels5\scripts\writer.py --start 1588 --end 1595
[2026-05-18 07:58:29] [Coordinator] 执行: D:\soft\py\python.exe D:\AiProject\Node\novels5\scripts\writer.py --start 1596 --end 1603
[2026-05-18 07:58:29] [Coordinator] 执行: D:\soft\py\python.exe D:\AiProject\Node\novels5\scripts\writer.py --start 1604 --end 1611
[2026-05-18 07:58:30] [Coordinator] 执行: D:\soft\py\python.exe D:\AiProject\Node\novels5\scripts\writer.py --start 1612 --end 1619
[2026-05-18 07:58:30] [Coordinator] 执行: D:\soft\py\python.exe D:\AiProject\Node\novels5\scripts\writer.py --start 1620 --end 1627
[2026-05-18 07:59:45] [Coordinator] writer.py 1596-1603 完成 (rc=0)
[2026-05-18 07:59:51] [Coordinator] writer.py 1588-1595 完成 (rc=0)
[2026-05-18 08:00:29] [WeChat] 进度已推送: 初稿1677/2000, 审查713/2000
[2026-05-18 08:00:45] [Coordinator] writer.py 1612-1619 完成 (rc=0)
[2026-05-18 08:01:42] [Coordinator] writer.py 1604-1611 完成 (rc=0)
[2026-05-18 08:02:30] [WeChat] 进度已推送: 初稿1700/2000, 审查713/2000
[2026-05-18 08:02:42] [Coordinator] writer.py 1620-1627 完成 (rc=0)
[2026-05-18 08:02:42] [Coordinator] 第 1588-1627 章完成，暂停3秒...
[2026-05-18 08:02:45] [Coordinator] 配额 MiniMax-M*: 1715/4500, 剩余 2785
[2026-05-18 08:02:45] [Coordinator] 配额 speech-hd: 0/19000, 剩余 19000
[2026-05-18 08:02:45] [Coordinator] 配额 MiniMax-Hailuo-2.3-Fast-6s-768p: 0/3, 剩余 3
[2026-05-18 08:02:45] [Coordinator] 配额 MiniMax-Hailuo-2.3-6s-768p: 0/3, 剩余 3
[2026-05-18 08:02:45] [Coordinator] 配额 music-2.5: 0/7, 剩余 7
[2026-05-18 08:02:45] [Coordinator] 配额 music-2.6: 0/100, 剩余 100
[2026-05-18 08:02:45] [Coordinator] 配额 music-cover: 0/100, 剩余 100
[2026-05-18 08:02:45] [Coordinator] 配额 lyrics_generation: 0/100, 剩余 100
[2026-05-18 08:02:45] [Coordinator] 配额 image-01: 0/200, 剩余 200
[2026-05-18 08:02:45] [Coordinator] 配额 coding-plan-vlm: 0/450, 剩余 450
[2026-05-18 08:02:45] [Coordinator] 配额 coding-plan-search: 0/450, 剩余 450
[2026-05-18 08:02:45] [Coordinator] ===== 开始第 1628-1667 章 =====
[2026-05-18 08:02:45] [Coordinator] 并行启动 5 个 writer.py 实例
[2026-05-18 08:02:45] [Coordinator] 执行: D:\soft\py\python.exe D:\AiProject\Node\novels5\scripts\writer.py --start 1628 --end 1635
[2026-05-18 08:02:45] [Coordinator] 执行: D:\soft\py\python.exe D:\AiProject\Node\novels5\scripts\writer.py --start 1636 --end 1643
[2026-05-18 08:02:45] [Coordinator] 执行: D:\soft\py\python.exe D:\AiProject\Node\novels5\scripts\writer.py --start 1644 --end 1651
[2026-05-18 08:02:45] [Coordinator] 执行: D:\soft\py\python.exe D:\AiProject\Node\novels5\scripts\writer.py --start 1652 --end 1659
[2026-05-18 08:02:45] [Coordinator] 执行: D:\soft\py\python.exe D:\AiProject\Node\novels5\scripts\writer.py --start 1660 --end 1667
[2026-05-18 08:03:03] [Coordinator] writer.py 1628-1635 完成 (rc=0)
[2026-05-18 08:03:03] [Coordinator] writer.py 1636-1643 完成 (rc=0)
[2026-05-18 08:04:24] [Coordinator] writer.py 1660-1667 完成 (rc=0)
[2026-05-18 08:04:27] [Coordinator] writer.py 1644-1651 完成 (rc=0)
[2026-05-18 08:04:27] [Coordinator] writer.py 1652-1659 完成 (rc=0)
[2026-05-18 08:04:27] [Coordinator] 第 1628-1667 章完成，暂停3秒...
[2026-05-18 08:04:30] [WeChat] 进度已推送: 初稿1720/2000, 审查713/2000
[2026-05-18 08:04:31] [Coordinator] 配额 MiniMax-M*: 1764/4500, 剩余 2736
[2026-05-18 08:04:31] [Coordinator] 配额 speech-hd: 0/19000, 剩余 19000
[2026-05-18 08:04:31] [Coordinator] 配额 MiniMax-Hailuo-2.3-Fast-6s-768p: 0/3, 剩余 3
[2026-05-18 08:04:31] [Coordinator] 配额 MiniMax-Hailuo-2.3-6s-768p: 0/3, 剩余 3
[2026-05-18 08:04:31] [Coordinator] 配额 music-2.5: 0/7, 剩余 7
[2026-05-18 08:04:31] [Coordinator] 配额 music-2.6: 0/100, 剩余 100
[2026-05-18 08:04:31] [Coordinator] 配额 music-cover: 0/100, 剩余 100
[2026-05-18 08:04:31] [Coordinator] 配额 lyrics_generation: 0/100, 剩余 100
[2026-05-18 08:04:31] [Coordinator] 配额 image-01: 0/200, 剩余 200
[2026-05-18 08:04:31] [Coordinator] 配额 coding-plan-vlm: 0/450, 剩余 450
[2026-05-18 08:04:31] [Coordinator] 配额 coding-plan-search: 0/450, 剩余 450
[2026-05-18 08:04:31] [Coordinator] ===== 开始第 1668-1707 章 =====
[2026-05-18 08:04:31] [Coordinator] 并行启动 5 个 writer.py 实例
[2026-05-18 08:04:31] [Coordinator] 执行: D:\soft\py\python.exe D:\AiProject\Node\novels5\scripts\writer.py --start 1668 --end 1675
[2026-05-18 08:04:31] [Coordinator] 执行: D:\soft\py\python.exe D:\AiProject\Node\novels5\scripts\writer.py --start 1676 --end 1683
[2026-05-18 08:04:31] [Coordinator] 执行: D:\soft\py\python.exe D:\AiProject\Node\novels5\scripts\writer.py --start 1684 --end 1691
[2026-05-18 08:04:31] [Coordinator] 执行: D:\soft\py\python.exe D:\AiProject\Node\novels5\scripts\writer.py --start 1692 --end 1699
[2026-05-18 08:04:31] [Coordinator] 执行: D:\soft\py\python.exe D:\AiProject\Node\novels5\scripts\writer.py --start 1700 --end 1707
[2026-05-18 08:04:49] [Coordinator] writer.py 1668-1675 完成 (rc=0)
[2026-05-18 08:06:16] [Coordinator] writer.py 1692-1699 完成 (rc=0)
[2026-05-18 08:06:31] [WeChat] 进度已推送: 初稿1745/2000, 审查713/2000
[2026-05-18 08:07:46] [Coordinator] writer.py 1700-1707 完成 (rc=0)
[2026-05-18 08:08:01] [Coordinator] writer.py 1676-1683 完成 (rc=0)
[2026-05-18 08:08:13] [Coordinator] writer.py 1684-1691 完成 (rc=0)
[2026-05-18 08:08:13] [Coordinator] 第 1668-1707 章完成，暂停3秒...
[2026-05-18 08:08:16] [Coordinator] 配额 MiniMax-M*: 1909/4500, 剩余 2591
[2026-05-18 08:08:16] [Coordinator] 配额 speech-hd: 0/19000, 剩余 19000
[2026-05-18 08:08:16] [Coordinator] 配额 MiniMax-Hailuo-2.3-Fast-6s-768p: 0/3, 剩余 3
[2026-05-18 08:08:16] [Coordinator] 配额 MiniMax-Hailuo-2.3-6s-768p: 0/3, 剩余 3
[2026-05-18 08:08:16] [Coordinator] 配额 music-2.5: 0/7, 剩余 7
[2026-05-18 08:08:16] [Coordinator] 配额 music-2.6: 0/100, 剩余 100
[2026-05-18 08:08:16] [Coordinator] 配额 music-cover: 0/100, 剩余 100
[2026-05-18 08:08:16] [Coordinator] 配额 lyrics_generation: 0/100, 剩余 100
[2026-05-18 08:08:16] [Coordinator] 配额 image-01: 0/200, 剩余 200
[2026-05-18 08:08:16] [Coordinator] 配额 coding-plan-vlm: 0/450, 剩余 450
[2026-05-18 08:08:16] [Coordinator] 配额 coding-plan-search: 0/450, 剩余 450
[2026-05-18 08:08:16] [Coordinator] ===== 开始第 1708-1747 章 =====
[2026-05-18 08:08:16] [Coordinator] 并行启动 5 个 writer.py 实例
[2026-05-18 08:08:16] [Coordinator] 执行: D:\soft\py\python.exe D:\AiProject\Node\novels5\scripts\writer.py --start 1708 --end 1715
[2026-05-18 08:08:16] [Coordinator] 执行: D:\soft\py\python.exe D:\AiProject\Node\novels5\scripts\writer.py --start 1716 --end 1723
[2026-05-18 08:08:16] [Coordinator] 执行: D:\soft\py\python.exe D:\AiProject\Node\novels5\scripts\writer.py --start 1724 --end 1731
[2026-05-18 08:08:16] [Coordinator] 执行: D:\soft\py\python.exe D:\AiProject\Node\novels5\scripts\writer.py --start 1732 --end 1739
[2026-05-18 08:08:16] [Coordinator] 执行: D:\soft\py\python.exe D:\AiProject\Node\novels5\scripts\writer.py --start 1740 --end 1747
[2026-05-18 08:08:31] [WeChat] 进度已推送: 初稿1774/2000, 审查713/2000
[2026-05-18 08:08:34] [Coordinator] writer.py 1708-1715 完成 (rc=0)
[2026-05-18 08:08:34] [Coordinator] writer.py 1716-1723 完成 (rc=0)
[2026-05-18 08:08:34] [Coordinator] writer.py 1724-1731 完成 (rc=0)
[2026-05-18 08:08:34] [Coordinator] writer.py 1732-1739 完成 (rc=0)
[2026-05-18 08:08:34] [Coordinator] writer.py 1740-1747 完成 (rc=0)
[2026-05-18 08:08:34] [Coordinator] 第 1708-1747 章完成，暂停3秒...
[2026-05-18 08:08:38] [Coordinator] 配额 MiniMax-M*: 1918/4500, 剩余 2582
[2026-05-18 08:08:38] [Coordinator] 配额 speech-hd: 0/19000, 剩余 19000
[2026-05-18 08:08:38] [Coordinator] 配额 MiniMax-Hailuo-2.3-Fast-6s-768p: 0/3, 剩余 3
[2026-05-18 08:08:38] [Coordinator] 配额 MiniMax-Hailuo-2.3-6s-768p: 0/3, 剩余 3
[2026-05-18 08:08:38] [Coordinator] 配额 music-2.5: 0/7, 剩余 7
[2026-05-18 08:08:38] [Coordinator] 配额 music-2.6: 0/100, 剩余 100
[2026-05-18 08:08:38] [Coordinator] 配额 music-cover: 0/100, 剩余 100
[2026-05-18 08:08:38] [Coordinator] 配额 lyrics_generation: 0/100, 剩余 100
[2026-05-18 08:08:38] [Coordinator] 配额 image-01: 0/200, 剩余 200
[2026-05-18 08:08:38] [Coordinator] 配额 coding-plan-vlm: 0/450, 剩余 450
[2026-05-18 08:08:38] [Coordinator] 配额 coding-plan-search: 0/450, 剩余 450
[2026-05-18 08:08:38] [Coordinator] ===== 开始第 1748-1787 章 =====
[2026-05-18 08:08:38] [Coordinator] 并行启动 5 个 writer.py 实例
[2026-05-18 08:08:38] [Coordinator] 执行: D:\soft\py\python.exe D:\AiProject\Node\novels5\scripts\writer.py --start 1748 --end 1755
[2026-05-18 08:08:38] [Coordinator] 执行: D:\soft\py\python.exe D:\AiProject\Node\novels5\scripts\writer.py --start 1756 --end 1763
[2026-05-18 08:08:38] [Coordinator] 执行: D:\soft\py\python.exe D:\AiProject\Node\novels5\scripts\writer.py --start 1764 --end 1771
[2026-05-18 08:08:38] [Coordinator] 执行: D:\soft\py\python.exe D:\AiProject\Node\novels5\scripts\writer.py --start 1772 --end 1779
[2026-05-18 08:08:38] [Coordinator] 执行: D:\soft\py\python.exe D:\AiProject\Node\novels5\scripts\writer.py --start 1780 --end 1787
[2026-05-18 08:10:32] [WeChat] 进度已推送: 初稿1801/2000, 审查713/2000
[2026-05-18 08:11:08] [Coordinator] writer.py 1764-1771 完成 (rc=0)
[2026-05-18 08:11:35] [Coordinator] writer.py 1748-1755 完成 (rc=0)
[2026-05-18 08:12:08] [Coordinator] writer.py 1780-1787 完成 (rc=0)
[2026-05-18 08:12:17] [Coordinator] writer.py 1772-1779 完成 (rc=0)
[2026-05-18 08:12:20] [Coordinator] writer.py 1756-1763 完成 (rc=0)
[2026-05-18 08:12:20] [Coordinator] 第 1748-1787 章完成，暂停3秒...
[2026-05-18 08:12:23] [Coordinator] 配额 MiniMax-M*: 2083/4500, 剩余 2417
[2026-05-18 08:12:23] [Coordinator] 配额 speech-hd: 0/19000, 剩余 19000
[2026-05-18 08:12:23] [Coordinator] 配额 MiniMax-Hailuo-2.3-Fast-6s-768p: 0/3, 剩余 3
[2026-05-18 08:12:23] [Coordinator] 配额 MiniMax-Hailuo-2.3-6s-768p: 0/3, 剩余 3
[2026-05-18 08:12:23] [Coordinator] 配额 music-2.5: 0/7, 剩余 7
[2026-05-18 08:12:23] [Coordinator] 配额 music-2.6: 0/100, 剩余 100
[2026-05-18 08:12:23] [Coordinator] 配额 music-cover: 0/100, 剩余 100
[2026-05-18 08:12:23] [Coordinator] 配额 lyrics_generation: 0/100, 剩余 100
[2026-05-18 08:12:23] [Coordinator] 配额 image-01: 0/200, 剩余 200
[2026-05-18 08:12:23] [Coordinator] 配额 coding-plan-vlm: 0/450, 剩余 450
[2026-05-18 08:12:23] [Coordinator] 配额 coding-plan-search: 0/450, 剩余 450
[2026-05-18 08:12:23] [Coordinator] ===== 开始第 1788-1827 章 =====
[2026-05-18 08:12:23] [Coordinator] 并行启动 5 个 writer.py 实例
[2026-05-18 08:12:23] [Coordinator] 执行: D:\soft\py\python.exe D:\AiProject\Node\novels5\scripts\writer.py --start 1788 --end 1795
[2026-05-18 08:12:23] [Coordinator] 执行: D:\soft\py\python.exe D:\AiProject\Node\novels5\scripts\writer.py --start 1796 --end 1803
[2026-05-18 08:12:23] [Coordinator] 执行: D:\soft\py\python.exe D:\AiProject\Node\novels5\scripts\writer.py --start 1804 --end 1811
[2026-05-18 08:12:23] [Coordinator] 执行: D:\soft\py\python.exe D:\AiProject\Node\novels5\scripts\writer.py --start 1812 --end 1819
[2026-05-18 08:12:23] [Coordinator] 执行: D:\soft\py\python.exe D:\AiProject\Node\novels5\scripts\writer.py --start 1820 --end 1827
[2026-05-18 08:12:32] [WeChat] 进度已推送: 初稿1835/2000, 审查713/2000
[2026-05-18 08:14:15] [Coordinator] writer.py 1788-1795 完成 (rc=0)
[2026-05-18 08:14:33] [WeChat] 进度已推送: 初稿1867/2000, 审查713/2000
[2026-05-18 08:14:48] [Coordinator] writer.py 1804-1811 完成 (rc=0)
[2026-05-18 08:15:21] [Coordinator] writer.py 1796-1803 完成 (rc=0)
[2026-05-18 08:15:21] [Coordinator] writer.py 1812-1819 完成 (rc=0)
[2026-05-18 08:16:33] [WeChat] 进度已推送: 初稿1898/2000, 审查713/2000
[2026-05-18 08:16:36] [Coordinator] writer.py 1820-1827 完成 (rc=0)
[2026-05-18 08:16:36] [Coordinator] 第 1788-1827 章完成，暂停3秒...
[2026-05-18 08:16:39] [Coordinator] 配额 MiniMax-M*: 2284/4500, 剩余 2216
[2026-05-18 08:16:39] [Coordinator] 配额 speech-hd: 0/19000, 剩余 19000
[2026-05-18 08:16:39] [Coordinator] 配额 MiniMax-Hailuo-2.3-Fast-6s-768p: 0/3, 剩余 3
[2026-05-18 08:16:39] [Coordinator] 配额 MiniMax-Hailuo-2.3-6s-768p: 0/3, 剩余 3
[2026-05-18 08:16:39] [Coordinator] 配额 music-2.5: 0/7, 剩余 7
[2026-05-18 08:16:39] [Coordinator] 配额 music-2.6: 0/100, 剩余 100
[2026-05-18 08:16:39] [Coordinator] 配额 music-cover: 0/100, 剩余 100
[2026-05-18 08:16:39] [Coordinator] 配额 lyrics_generation: 0/100, 剩余 100
[2026-05-18 08:16:39] [Coordinator] 配额 image-01: 0/200, 剩余 200
[2026-05-18 08:16:39] [Coordinator] 配额 coding-plan-vlm: 0/450, 剩余 450
[2026-05-18 08:16:39] [Coordinator] 配额 coding-plan-search: 0/450, 剩余 450
[2026-05-18 08:16:39] [Coordinator] ===== 开始第 1828-1867 章 =====
[2026-05-18 08:16:39] [Coordinator] 并行启动 5 个 writer.py 实例
[2026-05-18 08:16:39] [Coordinator] 执行: D:\soft\py\python.exe D:\AiProject\Node\novels5\scripts\writer.py --start 1828 --end 1835
[2026-05-18 08:16:39] [Coordinator] 执行: D:\soft\py\python.exe D:\AiProject\Node\novels5\scripts\writer.py --start 1836 --end 1843
[2026-05-18 08:16:39] [Coordinator] 执行: D:\soft\py\python.exe D:\AiProject\Node\novels5\scripts\writer.py --start 1844 --end 1851
[2026-05-18 08:16:39] [Coordinator] 执行: D:\soft\py\python.exe D:\AiProject\Node\novels5\scripts\writer.py --start 1852 --end 1859
[2026-05-18 08:16:39] [Coordinator] 执行: D:\soft\py\python.exe D:\AiProject\Node\novels5\scripts\writer.py --start 1860 --end 1867
[2026-05-18 08:16:57] [Coordinator] writer.py 1828-1835 完成 (rc=0)
[2026-05-18 08:18:21] [Coordinator] writer.py 1844-1851 完成 (rc=0)
[2026-05-18 08:18:30] [Coordinator] writer.py 1836-1843 完成 (rc=0)
[2026-05-18 08:18:34] [WeChat] 进度已推送: 初稿1932/2000, 审查713/2000
[2026-05-18 08:19:12] [Coordinator] writer.py 1860-1867 完成 (rc=0)
[2026-05-18 08:19:24] [Coordinator] writer.py 1852-1859 完成 (rc=0)
[2026-05-18 08:19:24] [Coordinator] 第 1828-1867 章完成，暂停3秒...
[2026-05-18 08:19:28] [Coordinator] 配额 MiniMax-M*: 2430/4500, 剩余 2070
[2026-05-18 08:19:28] [Coordinator] 配额 speech-hd: 0/19000, 剩余 19000
[2026-05-18 08:19:28] [Coordinator] 配额 MiniMax-Hailuo-2.3-Fast-6s-768p: 0/3, 剩余 3
[2026-05-18 08:19:28] [Coordinator] 配额 MiniMax-Hailuo-2.3-6s-768p: 0/3, 剩余 3
[2026-05-18 08:19:28] [Coordinator] 配额 music-2.5: 0/7, 剩余 7
[2026-05-18 08:19:28] [Coordinator] 配额 music-2.6: 0/100, 剩余 100
[2026-05-18 08:19:28] [Coordinator] 配额 music-cover: 0/100, 剩余 100
[2026-05-18 08:19:28] [Coordinator] 配额 lyrics_generation: 0/100, 剩余 100
[2026-05-18 08:19:28] [Coordinator] 配额 image-01: 0/200, 剩余 200
[2026-05-18 08:19:28] [Coordinator] 配额 coding-plan-vlm: 0/450, 剩余 450
[2026-05-18 08:19:28] [Coordinator] 配额 coding-plan-search: 0/450, 剩余 450
[2026-05-18 08:19:28] [Coordinator] ===== 开始第 1868-1907 章 =====
[2026-05-18 08:19:28] [Coordinator] 并行启动 5 个 writer.py 实例
[2026-05-18 08:19:28] [Coordinator] 执行: D:\soft\py\python.exe D:\AiProject\Node\novels5\scripts\writer.py --start 1868 --end 1875
[2026-05-18 08:19:28] [Coordinator] 执行: D:\soft\py\python.exe D:\AiProject\Node\novels5\scripts\writer.py --start 1876 --end 1883
[2026-05-18 08:19:28] [Coordinator] 执行: D:\soft\py\python.exe D:\AiProject\Node\novels5\scripts\writer.py --start 1884 --end 1891
[2026-05-18 08:19:28] [Coordinator] 执行: D:\soft\py\python.exe D:\AiProject\Node\novels5\scripts\writer.py --start 1892 --end 1899
[2026-05-18 08:19:28] [Coordinator] 执行: D:\soft\py\python.exe D:\AiProject\Node\novels5\scripts\writer.py --start 1900 --end 1907
[2026-05-18 08:19:46] [Coordinator] writer.py 1868-1875 完成 (rc=0)
[2026-05-18 08:19:46] [Coordinator] writer.py 1876-1883 完成 (rc=0)
[2026-05-18 08:20:34] [WeChat] 进度已推送: 初稿1967/2000, 审查713/2000
[2026-05-18 08:20:58] [Coordinator] writer.py 1884-1891 完成 (rc=0)
[2026-05-18 08:20:58] [Coordinator] writer.py 1892-1899 完成 (rc=0)
[2026-05-18 08:22:04] [Coordinator] writer.py 1900-1907 完成 (rc=0)
[2026-05-18 08:22:04] [Coordinator] 第 1868-1907 章完成，暂停3秒...
[2026-05-18 08:22:07] [Coordinator] 配额 MiniMax-M*: 2566/4500, 剩余 1934
[2026-05-18 08:22:07] [Coordinator] 配额 speech-hd: 0/19000, 剩余 19000
[2026-05-18 08:22:07] [Coordinator] 配额 MiniMax-Hailuo-2.3-Fast-6s-768p: 0/3, 剩余 3
[2026-05-18 08:22:07] [Coordinator] 配额 MiniMax-Hailuo-2.3-6s-768p: 0/3, 剩余 3
[2026-05-18 08:22:07] [Coordinator] 配额 music-2.5: 0/7, 剩余 7
[2026-05-18 08:22:07] [Coordinator] 配额 music-2.6: 0/100, 剩余 100
[2026-05-18 08:22:07] [Coordinator] 配额 music-cover: 0/100, 剩余 100
[2026-05-18 08:22:07] [Coordinator] 配额 lyrics_generation: 0/100, 剩余 100
[2026-05-18 08:22:07] [Coordinator] 配额 image-01: 0/200, 剩余 200
[2026-05-18 08:22:07] [Coordinator] 配额 coding-plan-vlm: 0/450, 剩余 450
[2026-05-18 08:22:07] [Coordinator] 配额 coding-plan-search: 0/450, 剩余 450
[2026-05-18 08:22:07] [Coordinator] ===== 开始第 1908-1947 章 =====
[2026-05-18 08:22:07] [Coordinator] 并行启动 5 个 writer.py 实例
[2026-05-18 08:22:07] [Coordinator] 执行: D:\soft\py\python.exe D:\AiProject\Node\novels5\scripts\writer.py --start 1908 --end 1915
[2026-05-18 08:22:07] [Coordinator] 执行: D:\soft\py\python.exe D:\AiProject\Node\novels5\scripts\writer.py --start 1916 --end 1923
[2026-05-18 08:22:07] [Coordinator] 执行: D:\soft\py\python.exe D:\AiProject\Node\novels5\scripts\writer.py --start 1924 --end 1931
[2026-05-18 08:22:07] [Coordinator] 执行: D:\soft\py\python.exe D:\AiProject\Node\novels5\scripts\writer.py --start 1932 --end 1939
[2026-05-18 08:22:07] [Coordinator] 执行: D:\soft\py\python.exe D:\AiProject\Node\novels5\scripts\writer.py --start 1940 --end 1947
[2026-05-18 08:22:25] [Coordinator] writer.py 1908-1915 完成 (rc=0)
[2026-05-18 08:22:25] [Coordinator] writer.py 1924-1931 完成 (rc=0)
[2026-05-18 08:22:35] [WeChat] 进度已推送: 初稿1990/2000, 审查713/2000
[2026-05-18 08:23:52] [Coordinator] writer.py 1940-1947 完成 (rc=0)
[2026-05-18 08:23:55] [Coordinator] writer.py 1916-1923 完成 (rc=0)
[2026-05-18 08:23:55] [Coordinator] writer.py 1932-1939 完成 (rc=0)
[2026-05-18 08:23:55] [Coordinator] 第 1908-1947 章完成，暂停3秒...
[2026-05-18 08:23:59] [Coordinator] 配额 MiniMax-M*: 2634/4500, 剩余 1866
[2026-05-18 08:23:59] [Coordinator] 配额 speech-hd: 0/19000, 剩余 19000
[2026-05-18 08:23:59] [Coordinator] 配额 MiniMax-Hailuo-2.3-Fast-6s-768p: 0/3, 剩余 3
[2026-05-18 08:23:59] [Coordinator] 配额 MiniMax-Hailuo-2.3-6s-768p: 0/3, 剩余 3
[2026-05-18 08:23:59] [Coordinator] 配额 music-2.5: 0/7, 剩余 7
[2026-05-18 08:23:59] [Coordinator] 配额 music-2.6: 0/100, 剩余 100
[2026-05-18 08:23:59] [Coordinator] 配额 music-cover: 0/100, 剩余 100
[2026-05-18 08:23:59] [Coordinator] 配额 lyrics_generation: 0/100, 剩余 100
[2026-05-18 08:23:59] [Coordinator] 配额 image-01: 0/200, 剩余 200
[2026-05-18 08:23:59] [Coordinator] 配额 coding-plan-vlm: 0/450, 剩余 450
[2026-05-18 08:23:59] [Coordinator] 配额 coding-plan-search: 0/450, 剩余 450
[2026-05-18 08:23:59] [Coordinator] ===== 开始第 1948-1987 章 =====
[2026-05-18 08:23:59] [Coordinator] 并行启动 5 个 writer.py 实例
[2026-05-18 08:23:59] [Coordinator] 执行: D:\soft\py\python.exe D:\AiProject\Node\novels5\scripts\writer.py --start 1948 --end 1955
[2026-05-18 08:23:59] [Coordinator] 执行: D:\soft\py\python.exe D:\AiProject\Node\novels5\scripts\writer.py --start 1956 --end 1963
[2026-05-18 08:23:59] [Coordinator] 执行: D:\soft\py\python.exe D:\AiProject\Node\novels5\scripts\writer.py --start 1964 --end 1971
[2026-05-18 08:23:59] [Coordinator] 执行: D:\soft\py\python.exe D:\AiProject\Node\novels5\scripts\writer.py --start 1972 --end 1979
[2026-05-18 08:23:59] [Coordinator] 执行: D:\soft\py\python.exe D:\AiProject\Node\novels5\scripts\writer.py --start 1980 --end 1987
[2026-05-18 08:24:17] [Coordinator] writer.py 1956-1963 完成 (rc=0)
[2026-05-18 08:24:17] [Coordinator] writer.py 1972-1979 完成 (rc=0)
[2026-05-18 08:24:17] [Coordinator] writer.py 1980-1987 完成 (rc=0)
[2026-05-18 08:24:35] [WeChat] 进度已推送: 初稿1997/2000, 审查713/2000
[2026-05-18 08:25:20] [Coordinator] writer.py 1948-1955 完成 (rc=0)
[2026-05-18 08:25:47] [Coordinator] writer.py 1964-1971 完成 (rc=0)
[2026-05-18 08:25:47] [Coordinator] 第 1948-1987 章完成，暂停3秒...
[2026-05-18 08:25:50] [Coordinator] 配额 MiniMax-M*: 2686/4500, 剩余 1814
[2026-05-18 08:25:50] [Coordinator] 配额 speech-hd: 0/19000, 剩余 19000
[2026-05-18 08:25:50] [Coordinator] 配额 MiniMax-Hailuo-2.3-Fast-6s-768p: 0/3, 剩余 3
[2026-05-18 08:25:50] [Coordinator] 配额 MiniMax-Hailuo-2.3-6s-768p: 0/3, 剩余 3
[2026-05-18 08:25:50] [Coordinator] 配额 music-2.5: 0/7, 剩余 7
[2026-05-18 08:25:50] [Coordinator] 配额 music-2.6: 0/100, 剩余 100
[2026-05-18 08:25:50] [Coordinator] 配额 music-cover: 0/100, 剩余 100
[2026-05-18 08:25:50] [Coordinator] 配额 lyrics_generation: 0/100, 剩余 100
[2026-05-18 08:25:50] [Coordinator] 配额 image-01: 0/200, 剩余 200
[2026-05-18 08:25:50] [Coordinator] 配额 coding-plan-vlm: 0/450, 剩余 450
[2026-05-18 08:25:50] [Coordinator] 配额 coding-plan-search: 0/450, 剩余 450
[2026-05-18 08:25:50] [Coordinator] ===== 开始第 1988-2000 章 =====
[2026-05-18 08:25:50] [Coordinator] 并行启动 5 个 writer.py 实例
[2026-05-18 08:25:50] [Coordinator] 执行: D:\soft\py\python.exe D:\AiProject\Node\novels5\scripts\writer.py --start 1988 --end 1989
[2026-05-18 08:25:50] [Coordinator] 执行: D:\soft\py\python.exe D:\AiProject\Node\novels5\scripts\writer.py --start 1990 --end 1991
[2026-05-18 08:25:50] [Coordinator] 执行: D:\soft\py\python.exe D:\AiProject\Node\novels5\scripts\writer.py --start 1992 --end 1993
[2026-05-18 08:25:50] [Coordinator] 执行: D:\soft\py\python.exe D:\AiProject\Node\novels5\scripts\writer.py --start 1994 --end 1995
[2026-05-18 08:25:50] [Coordinator] 执行: D:\soft\py\python.exe D:\AiProject\Node\novels5\scripts\writer.py --start 1996 --end 1997
[2026-05-18 08:25:56] [Coordinator] writer.py 1988-1989 完成 (rc=0)
[2026-05-18 08:25:57] [Coordinator] writer.py 1990-1991 完成 (rc=0)
[2026-05-18 08:25:57] [Coordinator] writer.py 1992-1993 完成 (rc=0)
[2026-05-18 08:25:57] [Coordinator] writer.py 1994-1995 完成 (rc=0)
[2026-05-18 08:25:57] [Coordinator] writer.py 1996-1997 完成 (rc=0)============================================================
Rewrite Agent 启动
============================================================
需要重写的章节: 7 个
  第84章: 评分6.5 [需修改]
  第257章: 评分6.5 [需修改]
  第291章: 评分6.5 [需修改]
  第473章: 评分5.5 [需修改]
  第530章: 评分6.8 [需修改]
  第584章: 评分6.5 [需修改]
  第658章: 评分6.5 [需修改]
[2026-05-18 08:26:00] [Rewrite] 第84章终稿已存在，跳过
[2026-05-18 08:26:00] [Rewrite] 第257章终稿已存在，跳过
[2026-05-18 08:26:00] [Rewrite] 第291章终稿已存在，跳过
[2026-05-18 08:26:00] [Rewrite] 第473章终稿已存在，跳过
[2026-05-18 08:26:00] [Rewrite] 第530章终稿已存在，跳过
[2026-05-18 08:26:00] [Rewrite] 第658章终稿已存在，跳过
[2026-05-18 08:26:00] [Rewrite] 第584章终稿已存在，跳过
[2026-05-18 08:26:00] [Rewrite] 完成: 成功0章, 失败0章

[2026-05-18 08:25:57] ============================================================
[2026-05-18 08:25:57] [Coordinator] 生成总结报告
[2026-05-18 08:25:57] ============================================================
[2026-05-18 08:25:57] [Coordinator] 总结报告: 已完成 2000/2000 章
[2026-05-18 08:25:57] [Coordinator] 总字数: 11,143,726 字
[2026-05-18 08:25:57] [Coordinator] 平均评分: 7.68
[2026-05-18 08:25:57] [Coordinator] 需重写: 32 章
[2026-05-18 08:25:57] [Coordinator] 第 1988-2000 章完成，暂停3秒...
[2026-05-18 08:26:00] ============================================================
[2026-05-18 08:26:00] [Coordinator] 处理重写队列: 7 章
[2026-05-18 08:26:00] ============================================================
[2026-05-18 08:26:00] [Coordinator] 执行: D:\soft\py\python.exe D:\AiProject\Node\novels5\scripts\rewrite_agent.py
[2026-05-18 08:26:00] [Coordinator] Rewrite Agent 完成 (rc=0)
[2026-05-18 08:26:00] ============================================================
[2026-05-18 08:26:00] [Coordinator] 生成总结报告
[2026-05-18 08:26:00] ============================================================
[2026-05-18 08:26:01] [Coordinator] 总结报告: 已完成 2000/2000 章
[2026-05-18 08:26:01] [Coordinator] 总字数: 11,146,794 字
[2026-05-18 08:26:01] [Coordinator] 平均评分: 7.68
[2026-05-18 08:26:01] [Coordinator] 需重写: 32 章
[2026-05-18 08:26:01] ============================================================
[2026-05-18 08:26:01] [Coordinator] 全部任务完成
[2026-05-18 08:26:01] [Coordinator] 总进度: 2000/2000 章
[2026-05-18 08:26:01] [Coordinator] 总字数: 11,146,794 字
[2026-05-18 08:26:01] ============================================================
