======================================================================
  2000章玄幻小说Agent系统 - Coordinator (60 Agent 版本)
======================================================================
[2026-05-18 07:58:29] [Coordinator] 企业微信进度推送已启动（每2分钟）
[2026-05-18 07:58:29] [Coordinator] 当前进度: 已生成 1707 章，已审查 720 章
[2026-05-18 07:58:29] [Coordinator] 世界观、大纲(2000章)、角色档案已存在
[2026-05-18 07:58:29] [Coordinator] 生成范围: 第1708-2000章（大纲共2000章），批次大小: 40
[2026-05-18 07:58:29] [Coordinator] 配额 MiniMax-M*: 1581/4500, 剩余 2919
[2026-05-18 07:58:29] [Coordinator] 配额 speech-hd: 0/19000, 剩余 19000
[2026-05-18 07:58:29] [Coordinator] 配额 MiniMax-Hailuo-2.3-Fast-6s-768p: 0/3, 剩余 3
[2026-05-18 07:58:29] [Coordinator] 配额 MiniMax-Hailuo-2.3-6s-768p: 0/3, 剩余 3
[2026-05-18 07:58:29] [Coordinator] 配额 music-2.5: 0/7, 剩余 7
[2026-05-18 07:58:29] [Coordinator] 配额 music-2.6: 0/100, 剩余 100
[2026-05-18 07:58:29] [Coordinator] 配额 music-cover: 0/100, 剩余 100
[2026-05-18 07:58:29] [Coordinator] 配额 lyrics_generation: 0/100, 剩余 100
[2026-05-18 07:58:29] [Coordinator] 配额 image-01: 0/200, 剩余 200
[2026-05-18 07:58:29] [Coordinator] 配额 coding-plan-vlm: 0/450, 剩余 450
[2026-05-18 07:58:29] [Coordinator] 配额 coding-plan-search: 0/450, 剩余 450
[2026-05-18 07:58:29] [Coordinator] ===== 开始第 1708-1747 章 =====
[2026-05-18 07:58:29] [Coordinator] 并行启动 5 个 writer.py 实例
[2026-05-18 07:58:29] [Coordinator] 执行: D:\soft\py\python.exe D:\AiProject\Node\novels5\scripts\writer.py --start 1708 --end 1715
[2026-05-18 07:58:29] [Coordinator] 执行: D:\soft\py\python.exe D:\AiProject\Node\novels5\scripts\writer.py --start 1716 --end 1723
[2026-05-18 07:58:29] [Coordinator] 执行: D:\soft\py\python.exe D:\AiProject\Node\novels5\scripts\writer.py --start 1724 --end 1731
[2026-05-18 07:58:29] [Coordinator] 执行: D:\soft\py\python.exe D:\AiProject\Node\novels5\scripts\writer.py --start 1732 --end 1739
[2026-05-18 07:58:29] [Coordinator] 执行: D:\soft\py\python.exe D:\AiProject\Node\novels5\scripts\writer.py --start 1740 --end 1747
[2026-05-18 08:00:29] [WeChat] 进度已推送: 初稿1677/2000, 审查713/2000
[2026-05-18 08:02:30] [WeChat] 进度已推送: 初稿1700/2000, 审查713/2000
[2026-05-18 08:04:30] [WeChat] 进度已推送: 初稿1720/2000, 审查713/2000
[2026-05-18 08:06:31] [WeChat] 进度已推送: 初稿1745/2000, 审查713/2000
[2026-05-18 08:07:32] [Coordinator] writer.py 1708-1715 完成 (rc=0)
[2026-05-18 08:08:31] [WeChat] 进度已推送: 初稿1774/2000, 审查713/2000
[2026-05-18 08:08:59] [Coordinator] writer.py 1724-1731 完成 (rc=0)
[2026-05-18 08:09:05] [Coordinator] writer.py 1716-1723 完成 (rc=0)
[2026-05-18 08:09:20] [Coordinator] writer.py 1732-1739 完成 (rc=0)
[2026-05-18 08:09:59] [Coordinator] writer.py 1740-1747 完成 (rc=0)
[2026-05-18 08:09:59] [Coordinator] 第 1708-1747 章完成，暂停3秒...
[2026-05-18 08:10:03] [Coordinator] 配额 MiniMax-M*: 1976/4500, 剩余 2524
[2026-05-18 08:10:03] [Coordinator] 配额 speech-hd: 0/19000, 剩余 19000
[2026-05-18 08:10:03] [Coordinator] 配额 MiniMax-Hailuo-2.3-Fast-6s-768p: 0/3, 剩余 3
[2026-05-18 08:10:03] [Coordinator] 配额 MiniMax-Hailuo-2.3-6s-768p: 0/3, 剩余 3
[2026-05-18 08:10:03] [Coordinator] 配额 music-2.5: 0/7, 剩余 7
[2026-05-18 08:10:03] [Coordinator] 配额 music-2.6: 0/100, 剩余 100
[2026-05-18 08:10:03] [Coordinator] 配额 music-cover: 0/100, 剩余 100
[2026-05-18 08:10:03] [Coordinator] 配额 lyrics_generation: 0/100, 剩余 100
[2026-05-18 08:10:03] [Coordinator] 配额 image-01: 0/200, 剩余 200
[2026-05-18 08:10:03] [Coordinator] 配额 coding-plan-vlm: 0/450, 剩余 450
[2026-05-18 08:10:03] [Coordinator] 配额 coding-plan-search: 0/450, 剩余 450
[2026-05-18 08:10:03] [Coordinator] ===== 开始第 1748-1787 章 =====
[2026-05-18 08:10:03] [Coordinator] 并行启动 5 个 writer.py 实例
[2026-05-18 08:10:03] [Coordinator] 执行: D:\soft\py\python.exe D:\AiProject\Node\novels5\scripts\writer.py --start 1748 --end 1755
[2026-05-18 08:10:03] [Coordinator] 执行: D:\soft\py\python.exe D:\AiProject\Node\novels5\scripts\writer.py --start 1756 --end 1763
[2026-05-18 08:10:03] [Coordinator] 执行: D:\soft\py\python.exe D:\AiProject\Node\novels5\scripts\writer.py --start 1764 --end 1771
[2026-05-18 08:10:03] [Coordinator] 执行: D:\soft\py\python.exe D:\AiProject\Node\novels5\scripts\writer.py --start 1772 --end 1779
[2026-05-18 08:10:03] [Coordinator] 执行: D:\soft\py\python.exe D:\AiProject\Node\novels5\scripts\writer.py --start 1780 --end 1787
[2026-05-18 08:10:32] [WeChat] 进度已推送: 初稿1801/2000, 审查713/2000
[2026-05-18 08:11:30] [Coordinator] writer.py 1764-1771 完成 (rc=0)
[2026-05-18 08:11:39] [Coordinator] writer.py 1748-1755 完成 (rc=0)
[2026-05-18 08:12:24] [Coordinator] writer.py 1772-1779 完成 (rc=0)
[2026-05-18 08:12:33] [WeChat] 进度已推送: 初稿1835/2000, 审查713/2000
[2026-05-18 08:12:51] [Coordinator] writer.py 1756-1763 完成 (rc=0)
[2026-05-18 08:13:12] [Coordinator] writer.py 1780-1787 完成 (rc=0)
[2026-05-18 08:13:12] [Coordinator] 第 1748-1787 章完成，暂停3秒...
[2026-05-18 08:13:15] [Coordinator] 配额 MiniMax-M*: 2127/4500, 剩余 2373
[2026-05-18 08:13:15] [Coordinator] 配额 speech-hd: 0/19000, 剩余 19000
[2026-05-18 08:13:15] [Coordinator] 配额 MiniMax-Hailuo-2.3-Fast-6s-768p: 0/3, 剩余 3
[2026-05-18 08:13:15] [Coordinator] 配额 MiniMax-Hailuo-2.3-6s-768p: 0/3, 剩余 3
[2026-05-18 08:13:15] [Coordinator] 配额 music-2.5: 0/7, 剩余 7
[2026-05-18 08:13:15] [Coordinator] 配额 music-2.6: 0/100, 剩余 100
[2026-05-18 08:13:15] [Coordinator] 配额 music-cover: 0/100, 剩余 100
[2026-05-18 08:13:15] [Coordinator] 配额 lyrics_generation: 0/100, 剩余 100
[2026-05-18 08:13:15] [Coordinator] 配额 image-01: 0/200, 剩余 200
[2026-05-18 08:13:15] [Coordinator] 配额 coding-plan-vlm: 0/450, 剩余 450
[2026-05-18 08:13:15] [Coordinator] 配额 coding-plan-search: 0/450, 剩余 450
[2026-05-18 08:13:15] [Coordinator] ===== 开始第 1788-1827 章 =====
[2026-05-18 08:13:15] [Coordinator] 并行启动 5 个 writer.py 实例
[2026-05-18 08:13:15] [Coordinator] 执行: D:\soft\py\python.exe D:\AiProject\Node\novels5\scripts\writer.py --start 1788 --end 1795
[2026-05-18 08:13:15] [Coordinator] 执行: D:\soft\py\python.exe D:\AiProject\Node\novels5\scripts\writer.py --start 1796 --end 1803
[2026-05-18 08:13:15] [Coordinator] 执行: D:\soft\py\python.exe D:\AiProject\Node\novels5\scripts\writer.py --start 1804 --end 1811
[2026-05-18 08:13:15] [Coordinator] 执行: D:\soft\py\python.exe D:\AiProject\Node\novels5\scripts\writer.py --start 1812 --end 1819
[2026-05-18 08:13:15] [Coordinator] 执行: D:\soft\py\python.exe D:\AiProject\Node\novels5\scripts\writer.py --start 1820 --end 1827
[2026-05-18 08:14:33] [WeChat] 进度已推送: 初稿1867/2000, 审查713/2000
[2026-05-18 08:14:42] [Coordinator] writer.py 1788-1795 完成 (rc=0)
[2026-05-18 08:14:51] [Coordinator] writer.py 1796-1803 完成 (rc=0)
[2026-05-18 08:15:48] [Coordinator] writer.py 1804-1811 完成 (rc=0)
[2026-05-18 08:15:54] [Coordinator] writer.py 1812-1819 完成 (rc=0)
[2026-05-18 08:16:06] [Coordinator] writer.py 1820-1827 完成 (rc=0)
[2026-05-18 08:16:06] [Coordinator] 第 1788-1827 章完成，暂停3秒...
[2026-05-18 08:16:10] [Coordinator] 配额 MiniMax-M*: 2259/4500, 剩余 2241
[2026-05-18 08:16:10] [Coordinator] 配额 speech-hd: 0/19000, 剩余 19000
[2026-05-18 08:16:10] [Coordinator] 配额 MiniMax-Hailuo-2.3-Fast-6s-768p: 0/3, 剩余 3
[2026-05-18 08:16:10] [Coordinator] 配额 MiniMax-Hailuo-2.3-6s-768p: 0/3, 剩余 3
[2026-05-18 08:16:10] [Coordinator] 配额 music-2.5: 0/7, 剩余 7
[2026-05-18 08:16:10] [Coordinator] 配额 music-2.6: 0/100, 剩余 100
[2026-05-18 08:16:10] [Coordinator] 配额 music-cover: 0/100, 剩余 100
[2026-05-18 08:16:10] [Coordinator] 配额 lyrics_generation: 0/100, 剩余 100
[2026-05-18 08:16:10] [Coordinator] 配额 image-01: 0/200, 剩余 200
[2026-05-18 08:16:10] [Coordinator] 配额 coding-plan-vlm: 0/450, 剩余 450
[2026-05-18 08:16:10] [Coordinator] 配额 coding-plan-search: 0/450, 剩余 450
[2026-05-18 08:16:10] [Coordinator] ===== 开始第 1828-1867 章 =====
[2026-05-18 08:16:10] [Coordinator] 并行启动 5 个 writer.py 实例
[2026-05-18 08:16:10] [Coordinator] 执行: D:\soft\py\python.exe D:\AiProject\Node\novels5\scripts\writer.py --start 1828 --end 1835
[2026-05-18 08:16:10] [Coordinator] 执行: D:\soft\py\python.exe D:\AiProject\Node\novels5\scripts\writer.py --start 1836 --end 1843
[2026-05-18 08:16:10] [Coordinator] 执行: D:\soft\py\python.exe D:\AiProject\Node\novels5\scripts\writer.py --start 1844 --end 1851
[2026-05-18 08:16:10] [Coordinator] 执行: D:\soft\py\python.exe D:\AiProject\Node\novels5\scripts\writer.py --start 1852 --end 1859
[2026-05-18 08:16:10] [Coordinator] 执行: D:\soft\py\python.exe D:\AiProject\Node\novels5\scripts\writer.py --start 1860 --end 1867
[2026-05-18 08:16:34] [WeChat] 进度已推送: 初稿1898/2000, 审查713/2000
[2026-05-18 08:17:43] [Coordinator] writer.py 1836-1843 完成 (rc=0)
[2026-05-18 08:17:46] [Coordinator] writer.py 1828-1835 完成 (rc=0)
[2026-05-18 08:18:04] [Coordinator] writer.py 1844-1851 完成 (rc=0)
[2026-05-18 08:18:34] [WeChat] 进度已推送: 初稿1932/2000, 审查713/2000
[2026-05-18 08:18:55] [Coordinator] writer.py 1852-1859 完成 (rc=0)
[2026-05-18 08:19:40] [Coordinator] writer.py 1860-1867 完成 (rc=0)
[2026-05-18 08:19:40] [Coordinator] 第 1828-1867 章完成，暂停3秒...
[2026-05-18 08:19:44] [Coordinator] 配额 MiniMax-M*: 2448/4500, 剩余 2052
[2026-05-18 08:19:44] [Coordinator] 配额 speech-hd: 0/19000, 剩余 19000
[2026-05-18 08:19:44] [Coordinator] 配额 MiniMax-Hailuo-2.3-Fast-6s-768p: 0/3, 剩余 3
[2026-05-18 08:19:44] [Coordinator] 配额 MiniMax-Hailuo-2.3-6s-768p: 0/3, 剩余 3
[2026-05-18 08:19:44] [Coordinator] 配额 music-2.5: 0/7, 剩余 7
[2026-05-18 08:19:44] [Coordinator] 配额 music-2.6: 0/100, 剩余 100
[2026-05-18 08:19:44] [Coordinator] 配额 music-cover: 0/100, 剩余 100
[2026-05-18 08:19:44] [Coordinator] 配额 lyrics_generation: 0/100, 剩余 100
[2026-05-18 08:19:44] [Coordinator] 配额 image-01: 0/200, 剩余 200
[2026-05-18 08:19:44] [Coordinator] 配额 coding-plan-vlm: 0/450, 剩余 450
[2026-05-18 08:19:44] [Coordinator] 配额 coding-plan-search: 0/450, 剩余 450
[2026-05-18 08:19:44] [Coordinator] ===== 开始第 1868-1907 章 =====
[2026-05-18 08:19:44] [Coordinator] 并行启动 5 个 writer.py 实例
[2026-05-18 08:19:44] [Coordinator] 执行: D:\soft\py\python.exe D:\AiProject\Node\novels5\scripts\writer.py --start 1868 --end 1875
[2026-05-18 08:19:44] [Coordinator] 执行: D:\soft\py\python.exe D:\AiProject\Node\novels5\scripts\writer.py --start 1876 --end 1883
[2026-05-18 08:19:44] [Coordinator] 执行: D:\soft\py\python.exe D:\AiProject\Node\novels5\scripts\writer.py --start 1884 --end 1891
[2026-05-18 08:19:44] [Coordinator] 执行: D:\soft\py\python.exe D:\AiProject\Node\novels5\scripts\writer.py --start 1892 --end 1899
[2026-05-18 08:19:44] [Coordinator] 执行: D:\soft\py\python.exe D:\AiProject\Node\novels5\scripts\writer.py --start 1900 --end 1907
[2026-05-18 08:20:02] [Coordinator] writer.py 1868-1875 完成 (rc=0)
[2026-05-18 08:20:02] [Coordinator] writer.py 1876-1883 完成 (rc=0)
[2026-05-18 08:20:35] [WeChat] 进度已推送: 初稿1967/2000, 审查713/2000
[2026-05-18 08:21:08] [Coordinator] writer.py 1884-1891 完成 (rc=0)
[2026-05-18 08:21:14] [Coordinator] writer.py 1892-1899 完成 (rc=0)
[2026-05-18 08:21:20] [Coordinator] writer.py 1900-1907 完成 (rc=0)
[2026-05-18 08:21:20] [Coordinator] 第 1868-1907 章完成，暂停3秒...
[2026-05-18 08:21:23] [Coordinator] 配额 MiniMax-M*: 2525/4500, 剩余 1975
[2026-05-18 08:21:23] [Coordinator] 配额 speech-hd: 0/19000, 剩余 19000
[2026-05-18 08:21:23] [Coordinator] 配额 MiniMax-Hailuo-2.3-Fast-6s-768p: 0/3, 剩余 3
[2026-05-18 08:21:23] [Coordinator] 配额 MiniMax-Hailuo-2.3-6s-768p: 0/3, 剩余 3
[2026-05-18 08:21:23] [Coordinator] 配额 music-2.5: 0/7, 剩余 7
[2026-05-18 08:21:23] [Coordinator] 配额 music-2.6: 0/100, 剩余 100
[2026-05-18 08:21:23] [Coordinator] 配额 music-cover: 0/100, 剩余 100
[2026-05-18 08:21:23] [Coordinator] 配额 lyrics_generation: 0/100, 剩余 100
[2026-05-18 08:21:23] [Coordinator] 配额 image-01: 0/200, 剩余 200
[2026-05-18 08:21:23] [Coordinator] 配额 coding-plan-vlm: 0/450, 剩余 450
[2026-05-18 08:21:23] [Coordinator] 配额 coding-plan-search: 0/450, 剩余 450
[2026-05-18 08:21:23] [Coordinator] ===== 开始第 1908-1947 章 =====
[2026-05-18 08:21:23] [Coordinator] 并行启动 5 个 writer.py 实例
[2026-05-18 08:21:23] [Coordinator] 执行: D:\soft\py\python.exe D:\AiProject\Node\novels5\scripts\writer.py --start 1908 --end 1915
[2026-05-18 08:21:23] [Coordinator] 执行: D:\soft\py\python.exe D:\AiProject\Node\novels5\scripts\writer.py --start 1916 --end 1923
[2026-05-18 08:21:23] [Coordinator] 执行: D:\soft\py\python.exe D:\AiProject\Node\novels5\scripts\writer.py --start 1924 --end 1931
[2026-05-18 08:21:23] [Coordinator] 执行: D:\soft\py\python.exe D:\AiProject\Node\novels5\scripts\writer.py --start 1932 --end 1939
[2026-05-18 08:21:23] [Coordinator] 执行: D:\soft\py\python.exe D:\AiProject\Node\novels5\scripts\writer.py --start 1940 --end 1947
[2026-05-18 08:21:41] [Coordinator] writer.py 1908-1915 完成 (rc=0)
[2026-05-18 08:21:41] [Coordinator] writer.py 1924-1931 完成 (rc=0)
[2026-05-18 08:22:36] [WeChat] 进度已推送: 初稿1990/2000, 审查713/2000
[2026-05-18 08:23:11] [Coordinator] writer.py 1916-1923 完成 (rc=0)
[2026-05-18 08:23:41] [Coordinator] writer.py 1932-1939 完成 (rc=0)
[2026-05-18 08:23:59] [Coordinator] writer.py 1940-1947 完成 (rc=0)
[2026-05-18 08:23:59] [Coordinator] 第 1908-1947 章完成，暂停3秒...
[2026-05-18 08:24:03] [Coordinator] 配额 MiniMax-M*: 2635/4500, 剩余 1865
[2026-05-18 08:24:03] [Coordinator] 配额 speech-hd: 0/19000, 剩余 19000
[2026-05-18 08:24:03] [Coordinator] 配额 MiniMax-Hailuo-2.3-Fast-6s-768p: 0/3, 剩余 3
[2026-05-18 08:24:03] [Coordinator] 配额 MiniMax-Hailuo-2.3-6s-768p: 0/3, 剩余 3
[2026-05-18 08:24:03] [Coordinator] 配额 music-2.5: 0/7, 剩余 7
[2026-05-18 08:24:03] [Coordinator] 配额 music-2.6: 0/100, 剩余 100
[2026-05-18 08:24:03] [Coordinator] 配额 music-cover: 0/100, 剩余 100
[2026-05-18 08:24:03] [Coordinator] 配额 lyrics_generation: 0/100, 剩余 100
[2026-05-18 08:24:03] [Coordinator] 配额 image-01: 0/200, 剩余 200
[2026-05-18 08:24:03] [Coordinator] 配额 coding-plan-vlm: 0/450, 剩余 450
[2026-05-18 08:24:03] [Coordinator] 配额 coding-plan-search: 0/450, 剩余 450
[2026-05-18 08:24:03] [Coordinator] ===== 开始第 1948-1987 章 =====
[2026-05-18 08:24:03] [Coordinator] 并行启动 5 个 writer.py 实例
[2026-05-18 08:24:03] [Coordinator] 执行: D:\soft\py\python.exe D:\AiProject\Node\novels5\scripts\writer.py --start 1948 --end 1955
[2026-05-18 08:24:03] [Coordinator] 执行: D:\soft\py\python.exe D:\AiProject\Node\novels5\scripts\writer.py --start 1956 --end 1963
[2026-05-18 08:24:03] [Coordinator] 执行: D:\soft\py\python.exe D:\AiProject\Node\novels5\scripts\writer.py --start 1964 --end 1971
[2026-05-18 08:24:03] [Coordinator] 执行: D:\soft\py\python.exe D:\AiProject\Node\novels5\scripts\writer.py --start 1972 --end 1979
[2026-05-18 08:24:03] [Coordinator] 执行: D:\soft\py\python.exe D:\AiProject\Node\novels5\scripts\writer.py --start 1980 --end 1987
[2026-05-18 08:24:21] [Coordinator] writer.py 1956-1963 完成 (rc=0)
[2026-05-18 08:24:21] [Coordinator] writer.py 1972-1979 完成 (rc=0)
[2026-05-18 08:24:21] [Coordinator] writer.py 1980-1987 完成 (rc=0)
[2026-05-18 08:24:36] [WeChat] 进度已推送: 初稿1997/2000, 审查713/2000
[2026-05-18 08:25:30] [Coordinator] writer.py 1948-1955 完成 (rc=0)
[2026-05-18 08:25:54] [Coordinator] writer.py 1964-1971 完成 (rc=0)
[2026-05-18 08:25:54] [Coordinator] 第 1948-1987 章完成，暂停3秒...
[2026-05-18 08:25:57] [Coordinator] 配额 MiniMax-M*: 2688/4500, 剩余 1812
[2026-05-18 08:25:57] [Coordinator] 配额 speech-hd: 0/19000, 剩余 19000
[2026-05-18 08:25:57] [Coordinator] 配额 MiniMax-Hailuo-2.3-Fast-6s-768p: 0/3, 剩余 3
[2026-05-18 08:25:57] [Coordinator] 配额 MiniMax-Hailuo-2.3-6s-768p: 0/3, 剩余 3
[2026-05-18 08:25:57] [Coordinator] 配额 music-2.5: 0/7, 剩余 7
[2026-05-18 08:25:57] [Coordinator] 配额 music-2.6: 0/100, 剩余 100
[2026-05-18 08:25:57] [Coordinator] 配额 music-cover: 0/100, 剩余 100
[2026-05-18 08:25:57] [Coordinator] 配额 lyrics_generation: 0/100, 剩余 100
[2026-05-18 08:25:57] [Coordinator] 配额 image-01: 0/200, 剩余 200
[2026-05-18 08:25:57] [Coordinator] 配额 coding-plan-vlm: 0/450, 剩余 450
[2026-05-18 08:25:57] [Coordinator] 配额 coding-plan-search: 0/450, 剩余 450============================================================
Rewrite Agent 启动
============================================================
需要重写的章节: 7 个
  第84章: 评分6.5 [需修改]
  第257章: 评分6.5 [需修改]
  第291章: 评分6.5 [需修改]
  第473章: 评分5.5 [需修改]
  第530章: 评分6.8 [需修改]
  第584章: 评分6.5 [需修改]
  第658章: 评分6.5 [需修改]
[2026-05-18 08:26:07] [Rewrite] 第84章终稿已存在，跳过
[2026-05-18 08:26:07] [Rewrite] 第257章终稿已存在，跳过
[2026-05-18 08:26:07] [Rewrite] 第291章终稿已存在，跳过
[2026-05-18 08:26:07] [Rewrite] 第473章终稿已存在，跳过
[2026-05-18 08:26:07] [Rewrite] 第530章终稿已存在，跳过
[2026-05-18 08:26:07] [Rewrite] 第584章终稿已存在，跳过
[2026-05-18 08:26:07] [Rewrite] 第658章终稿已存在，跳过
[2026-05-18 08:26:07] [Rewrite] 完成: 成功0章, 失败0章

[2026-05-18 08:25:57] [Coordinator] ===== 开始第 1988-2000 章 =====
[2026-05-18 08:25:57] [Coordinator] 并行启动 5 个 writer.py 实例
[2026-05-18 08:25:57] [Coordinator] 执行: D:\soft\py\python.exe D:\AiProject\Node\novels5\scripts\writer.py --start 1988 --end 1989
[2026-05-18 08:25:57] [Coordinator] 执行: D:\soft\py\python.exe D:\AiProject\Node\novels5\scripts\writer.py --start 1990 --end 1991
[2026-05-18 08:25:57] [Coordinator] 执行: D:\soft\py\python.exe D:\AiProject\Node\novels5\scripts\writer.py --start 1992 --end 1993
[2026-05-18 08:25:57] [Coordinator] 执行: D:\soft\py\python.exe D:\AiProject\Node\novels5\scripts\writer.py --start 1994 --end 1995
[2026-05-18 08:25:57] [Coordinator] 执行: D:\soft\py\python.exe D:\AiProject\Node\novels5\scripts\writer.py --start 1996 --end 1997
[2026-05-18 08:26:03] [Coordinator] writer.py 1988-1989 完成 (rc=0)
[2026-05-18 08:26:03] [Coordinator] writer.py 1990-1991 完成 (rc=0)
[2026-05-18 08:26:03] [Coordinator] writer.py 1992-1993 完成 (rc=0)
[2026-05-18 08:26:03] [Coordinator] writer.py 1994-1995 完成 (rc=0)
[2026-05-18 08:26:03] [Coordinator] writer.py 1996-1997 完成 (rc=0)
[2026-05-18 08:26:03] ============================================================
[2026-05-18 08:26:03] [Coordinator] 生成总结报告
[2026-05-18 08:26:03] ============================================================
[2026-05-18 08:26:04] [Coordinator] 总结报告: 已完成 2000/2000 章
[2026-05-18 08:26:04] [Coordinator] 总字数: 11,145,347 字
[2026-05-18 08:26:04] [Coordinator] 平均评分: 7.68
[2026-05-18 08:26:04] [Coordinator] 需重写: 32 章
[2026-05-18 08:26:04] [Coordinator] 第 1988-2000 章完成，暂停3秒...
[2026-05-18 08:26:07] ============================================================
[2026-05-18 08:26:07] [Coordinator] 处理重写队列: 7 章
[2026-05-18 08:26:07] ============================================================
[2026-05-18 08:26:07] [Coordinator] 执行: D:\soft\py\python.exe D:\AiProject\Node\novels5\scripts\rewrite_agent.py
[2026-05-18 08:26:07] [Coordinator] Rewrite Agent 完成 (rc=0)
[2026-05-18 08:26:07] ============================================================
[2026-05-18 08:26:07] [Coordinator] 生成总结报告
[2026-05-18 08:26:07] ============================================================
[2026-05-18 08:26:07] [Coordinator] 总结报告: 已完成 2000/2000 章
[2026-05-18 08:26:07] [Coordinator] 总字数: 11,144,850 字
[2026-05-18 08:26:07] [Coordinator] 平均评分: 7.68
[2026-05-18 08:26:07] [Coordinator] 需重写: 32 章
[2026-05-18 08:26:07] ============================================================
[2026-05-18 08:26:07] [Coordinator] 全部任务完成
[2026-05-18 08:26:07] [Coordinator] 总进度: 2000/2000 章
[2026-05-18 08:26:07] [Coordinator] 总字数: 11,144,850 字
[2026-05-18 08:26:07] ============================================================
