============================================================
Rewrite Agent 启动
============================================================
需要重写的章节: 7 个
  第84章: 评分6.5 [需修改]
  第257章: 评分6.5 [需修改]
  第291章: 评分6.5 [需修改]
  第473章: 评分5.5 [需修改]
  第530章: 评分6.8 [需修改]
  第584章: 评分6.5 [需修改]
  第658章: 评分6.5 [需修改]
[2026-05-18 08:19:53] [Rewrite] 正在重写第84章（初稿5873字，评分6.5）...
[2026-05-18 08:19:53] [Rewrite] 正在重写第473章（初稿1397字，评分5.5）...
[2026-05-18 08:19:53] [Rewrite] 正在重写第530章（初稿3442字，评分6.8）...
[2026-05-18 08:19:53] [Rewrite] 正在重写第584章（初稿2266字，评分6.5）...
[2026-05-18 08:19:53] [Rewrite] 正在重写第257章（初稿2511字，评分6.5）...
[2026-05-18 08:19:53] [Rewrite] 正在重写第291章（初稿7010字，评分6.5）...
[2026-05-18 08:19:53] [Rewrite] 正在重写第658章（初稿2052字，评分6.5）...
[2026-05-18 08:21:04] [Rewrite] 第658章字数不足(2153字)，尝试补充...
[2026-05-18 08:21:05] [Rewrite] 第584章字数不足(2605字)，尝试补充...
[2026-05-18 08:21:17] [Rewrite] 第473章终稿已保存（5673字） -> D:\AiProject\Node\novels5\chapters\final\chapter_0473.txt
[2026-05-18 08:21:29] [Rewrite] 第291章终稿已保存（6907字） -> D:\AiProject\Node\novels5\chapters\final\chapter_0291.txt
[2026-05-18 08:21:30] [Rewrite] 第257章字数不足(2734字)，尝试补充...
[2026-05-18 08:21:43] [Rewrite] 第530章终稿已保存（8294字） -> D:\AiProject\Node\novels5\chapters\final\chapter_0530.txt
[2026-05-18 08:21:53] [Rewrite] 第84章终稿已保存（7986字） -> D:\AiProject\Node\novels5\chapters\final\chapter_0084.txt
[2026-05-18 08:22:04] [Rewrite] 第658章终稿已保存（2153字） -> D:\AiProject\Node\novels5\chapters\final\chapter_0658.txt
[2026-05-18 08:22:29] [Rewrite] 第257章扩充后4937字
[2026-05-18 08:22:29] [Rewrite] 第257章终稿已保存（4937字） -> D:\AiProject\Node\novels5\chapters\final\chapter_0257.txt
[2026-05-18 08:22:49] [Rewrite] 第584章扩充后8099字
[2026-05-18 08:22:49] [Rewrite] 第584章终稿已保存（8099字） -> D:\AiProject\Node\novels5\chapters\final\chapter_0584.txt
[2026-05-18 08:22:49] [Rewrite] 完成: 成功7章, 失败0章
======================================================================
  2000章玄幻小说Agent系统 - Coordinator (60 Agent 版本)
======================================================================
[2026-05-18 08:18:31] [Coordinator] 企业微信进度推送已启动（每2分钟）
[2026-05-18 08:18:31] [Coordinator] 当前进度: 已生成 1993 章，已审查 720 章
[2026-05-18 08:18:31] [Coordinator] 世界观、大纲(2000章)、角色档案已存在
[2026-05-18 08:18:31] [Coordinator] 生成范围: 第1994-2000章（大纲共2000章），批次大小: 40
[2026-05-18 08:18:32] [Coordinator] 配额 MiniMax-M*: 2381/4500, 剩余 2119
[2026-05-18 08:18:32] [Coordinator] 配额 speech-hd: 0/19000, 剩余 19000
[2026-05-18 08:18:32] [Coordinator] 配额 MiniMax-Hailuo-2.3-Fast-6s-768p: 0/3, 剩余 3
[2026-05-18 08:18:32] [Coordinator] 配额 MiniMax-Hailuo-2.3-6s-768p: 0/3, 剩余 3
[2026-05-18 08:18:32] [Coordinator] 配额 music-2.5: 0/7, 剩余 7
[2026-05-18 08:18:32] [Coordinator] 配额 music-2.6: 0/100, 剩余 100
[2026-05-18 08:18:32] [Coordinator] 配额 music-cover: 0/100, 剩余 100
[2026-05-18 08:18:32] [Coordinator] 配额 lyrics_generation: 0/100, 剩余 100
[2026-05-18 08:18:32] [Coordinator] 配额 image-01: 0/200, 剩余 200
[2026-05-18 08:18:32] [Coordinator] 配额 coding-plan-vlm: 0/450, 剩余 450
[2026-05-18 08:18:32] [Coordinator] 配额 coding-plan-search: 0/450, 剩余 450
[2026-05-18 08:18:32] [Coordinator] ===== 开始第 1994-2000 章 =====
[2026-05-18 08:18:32] [Coordinator] 并行启动 5 个 writer.py 实例
[2026-05-18 08:18:32] [Coordinator] 执行: D:\soft\py\python.exe D:\AiProject\Node\novels5\scripts\writer.py --start 1994 --end 1994
[2026-05-18 08:18:32] [Coordinator] 执行: D:\soft\py\python.exe D:\AiProject\Node\novels5\scripts\writer.py --start 1995 --end 1995
[2026-05-18 08:18:32] [Coordinator] 执行: D:\soft\py\python.exe D:\AiProject\Node\novels5\scripts\writer.py --start 1996 --end 1996
[2026-05-18 08:18:32] [Coordinator] 执行: D:\soft\py\python.exe D:\AiProject\Node\novels5\scripts\writer.py --start 1997 --end 1997
[2026-05-18 08:18:32] [Coordinator] 执行: D:\soft\py\python.exe D:\AiProject\Node\novels5\scripts\writer.py --start 1998 --end 1998
[2026-05-18 08:19:38] [Coordinator] writer.py 1998-1998 完成 (rc=0)
[2026-05-18 08:19:41] [Coordinator] writer.py 1995-1995 完成 (rc=0)
[2026-05-18 08:19:41] [Coordinator] writer.py 1997-1997 完成 (rc=0)
[2026-05-18 08:19:47] [Coordinator] writer.py 1996-1996 完成 (rc=0)
[2026-05-18 08:19:50] [Coordinator] writer.py 1994-1994 完成 (rc=0)
[2026-05-18 08:19:50] ============================================================
[2026-05-18 08:19:50] [Coordinator] 生成总结报告
[2026-05-18 08:19:50] ============================================================
[2026-05-18 08:19:50] [Coordinator] 总结报告: 已完成 1955/2000 章
[2026-05-18 08:19:50] [Coordinator] 总字数: 10,868,781 字
[2026-05-18 08:19:50] [Coordinator] 平均评分: 7.68
[2026-05-18 08:19:50] [Coordinator] 需重写: 32 章
[2026-05-18 08:19:50] [Coordinator] 第 1994-2000 章完成，暂停3秒...
[2026-05-18 08:19:53] ============================================================
[2026-05-18 08:19:53] [Coordinator] 处理重写队列: 7 章
[2026-05-18 08:19:53] ============================================================
[2026-05-18 08:19:53] [Coordinator] 执行: D:\soft\py\python.exe D:\AiProject\Node\novels5\scripts\rewrite_agent.py
[2026-05-18 08:20:32] [WeChat] 进度已推送: 初稿1966/2000, 审查713/2000
[2026-05-18 08:22:32] [WeChat] 进度已推送: 初稿1990/2000, 审查713/2000
[2026-05-18 08:22:49] [Coordinator] Rewrite Agent 完成 (rc=0)
[2026-05-18 08:22:49] ============================================================
[2026-05-18 08:22:49] [Coordinator] 生成总结报告
[2026-05-18 08:22:49] ============================================================
[2026-05-18 08:22:49] [Coordinator] 总结报告: 已完成 1991/2000 章
[2026-05-18 08:22:49] [Coordinator] 总字数: 11,075,240 字
[2026-05-18 08:22:49] [Coordinator] 平均评分: 7.68
[2026-05-18 08:22:49] [Coordinator] 需重写: 32 章
[2026-05-18 08:22:49] ============================================================
[2026-05-18 08:22:49] [Coordinator] 全部任务完成
[2026-05-18 08:22:49] [Coordinator] 总进度: 1991/2000 章
[2026-05-18 08:22:49] [Coordinator] 总字数: 11,075,240 字
[2026-05-18 08:22:49] ============================================================
