======================================================================
  2000章玄幻小说Agent系统 - Coordinator (60 Agent 版本)
======================================================================
[2026-05-18 08:02:31] [Coordinator] 企业微信进度推送已启动（每2分钟）
[2026-05-18 08:02:31] [Coordinator] 当前进度: 已生成 1741 章，已审查 720 章
[2026-05-18 08:02:31] [Coordinator] 世界观、大纲(2000章)、角色档案已存在
[2026-05-18 08:02:31] [Coordinator] 生成范围: 第1742-2000章（大纲共2000章），批次大小: 40
[2026-05-18 08:02:32] [Coordinator] 配额 MiniMax-M*: 1711/4500, 剩余 2789
[2026-05-18 08:02:32] [Coordinator] 配额 speech-hd: 0/19000, 剩余 19000
[2026-05-18 08:02:32] [Coordinator] 配额 MiniMax-Hailuo-2.3-Fast-6s-768p: 0/3, 剩余 3
[2026-05-18 08:02:32] [Coordinator] 配额 MiniMax-Hailuo-2.3-6s-768p: 0/3, 剩余 3
[2026-05-18 08:02:32] [Coordinator] 配额 music-2.5: 0/7, 剩余 7
[2026-05-18 08:02:32] [Coordinator] 配额 music-2.6: 0/100, 剩余 100
[2026-05-18 08:02:32] [Coordinator] 配额 music-cover: 0/100, 剩余 100
[2026-05-18 08:02:32] [Coordinator] 配额 lyrics_generation: 0/100, 剩余 100
[2026-05-18 08:02:32] [Coordinator] 配额 image-01: 0/200, 剩余 200
[2026-05-18 08:02:32] [Coordinator] 配额 coding-plan-vlm: 0/450, 剩余 450
[2026-05-18 08:02:32] [Coordinator] 配额 coding-plan-search: 0/450, 剩余 450
[2026-05-18 08:02:32] [Coordinator] ===== 开始第 1742-1781 章 =====
[2026-05-18 08:02:32] [Coordinator] 并行启动 5 个 writer.py 实例
[2026-05-18 08:02:32] [Coordinator] 执行: D:\soft\py\python.exe D:\AiProject\Node\novels5\scripts\writer.py --start 1742 --end 1749
[2026-05-18 08:02:32] [Coordinator] 执行: D:\soft\py\python.exe D:\AiProject\Node\novels5\scripts\writer.py --start 1750 --end 1757
[2026-05-18 08:02:32] [Coordinator] 执行: D:\soft\py\python.exe D:\AiProject\Node\novels5\scripts\writer.py --start 1758 --end 1765
[2026-05-18 08:02:32] [Coordinator] 执行: D:\soft\py\python.exe D:\AiProject\Node\novels5\scripts\writer.py --start 1766 --end 1773
[2026-05-18 08:02:32] [Coordinator] 执行: D:\soft\py\python.exe D:\AiProject\Node\novels5\scripts\writer.py --start 1774 --end 1781
[2026-05-18 08:04:32] [WeChat] 进度已推送: 初稿1720/2000, 审查713/2000
[2026-05-18 08:06:32] [WeChat] 进度已推送: 初稿1745/2000, 审查713/2000
[2026-05-18 08:08:33] [WeChat] 进度已推送: 初稿1775/2000, 审查713/2000
[2026-05-18 08:10:14] [Coordinator] writer.py 1742-1749 完成 (rc=0)
[2026-05-18 08:10:33] [WeChat] 进度已推送: 初稿1801/2000, 审查713/2000
[2026-05-18 08:11:38] [Coordinator] writer.py 1758-1765 完成 (rc=0)
[2026-05-18 08:12:05] [Coordinator] writer.py 1766-1773 完成 (rc=0)
[2026-05-18 08:12:08] [Coordinator] writer.py 1774-1781 完成 (rc=0)
[2026-05-18 08:12:34] [WeChat] 进度已推送: 初稿1836/2000, 审查713/2000
[2026-05-18 08:12:56] [Coordinator] writer.py 1750-1757 完成 (rc=0)
[2026-05-18 08:12:56] [Coordinator] 第 1742-1781 章完成，暂停3秒...
[2026-05-18 08:12:59] [Coordinator] 配额 MiniMax-M*: 2113/4500, 剩余 2387
[2026-05-18 08:12:59] [Coordinator] 配额 speech-hd: 0/19000, 剩余 19000
[2026-05-18 08:12:59] [Coordinator] 配额 MiniMax-Hailuo-2.3-Fast-6s-768p: 0/3, 剩余 3
[2026-05-18 08:12:59] [Coordinator] 配额 MiniMax-Hailuo-2.3-6s-768p: 0/3, 剩余 3
[2026-05-18 08:12:59] [Coordinator] 配额 music-2.5: 0/7, 剩余 7
[2026-05-18 08:12:59] [Coordinator] 配额 music-2.6: 0/100, 剩余 100
[2026-05-18 08:12:59] [Coordinator] 配额 music-cover: 0/100, 剩余 100
[2026-05-18 08:12:59] [Coordinator] 配额 lyrics_generation: 0/100, 剩余 100
[2026-05-18 08:12:59] [Coordinator] 配额 image-01: 0/200, 剩余 200
[2026-05-18 08:12:59] [Coordinator] 配额 coding-plan-vlm: 0/450, 剩余 450
[2026-05-18 08:12:59] [Coordinator] 配额 coding-plan-search: 0/450, 剩余 450
[2026-05-18 08:12:59] [Coordinator] ===== 开始第 1782-1821 章 =====
[2026-05-18 08:12:59] [Coordinator] 并行启动 5 个 writer.py 实例
[2026-05-18 08:12:59] [Coordinator] 执行: D:\soft\py\python.exe D:\AiProject\Node\novels5\scripts\writer.py --start 1782 --end 1789
[2026-05-18 08:12:59] [Coordinator] 执行: D:\soft\py\python.exe D:\AiProject\Node\novels5\scripts\writer.py --start 1790 --end 1797
[2026-05-18 08:13:00] [Coordinator] 执行: D:\soft\py\python.exe D:\AiProject\Node\novels5\scripts\writer.py --start 1798 --end 1805
[2026-05-18 08:13:00] [Coordinator] 执行: D:\soft\py\python.exe D:\AiProject\Node\novels5\scripts\writer.py --start 1806 --end 1813
[2026-05-18 08:13:00] [Coordinator] 执行: D:\soft\py\python.exe D:\AiProject\Node\novels5\scripts\writer.py --start 1814 --end 1821
[2026-05-18 08:13:18] [Coordinator] writer.py 1782-1789 完成 (rc=0)
[2026-05-18 08:14:21] [Coordinator] writer.py 1790-1797 完成 (rc=0)
[2026-05-18 08:14:34] [WeChat] 进度已推送: 初稿1868/2000, 审查713/2000
[2026-05-18 08:14:51] [Coordinator] writer.py 1806-1813 完成 (rc=0)
[2026-05-18 08:14:57] [Coordinator] writer.py 1814-1821 完成 (rc=0)
[2026-05-18 08:15:21] [Coordinator] writer.py 1798-1805 完成 (rc=0)
[2026-05-18 08:15:21] [Coordinator] 第 1782-1821 章完成，暂停3秒...
[2026-05-18 08:15:24] [Coordinator] 配额 MiniMax-M*: 2224/4500, 剩余 2276
[2026-05-18 08:15:24] [Coordinator] 配额 speech-hd: 0/19000, 剩余 19000
[2026-05-18 08:15:24] [Coordinator] 配额 MiniMax-Hailuo-2.3-Fast-6s-768p: 0/3, 剩余 3
[2026-05-18 08:15:24] [Coordinator] 配额 MiniMax-Hailuo-2.3-6s-768p: 0/3, 剩余 3
[2026-05-18 08:15:24] [Coordinator] 配额 music-2.5: 0/7, 剩余 7
[2026-05-18 08:15:24] [Coordinator] 配额 music-2.6: 0/100, 剩余 100
[2026-05-18 08:15:24] [Coordinator] 配额 music-cover: 0/100, 剩余 100
[2026-05-18 08:15:24] [Coordinator] 配额 lyrics_generation: 0/100, 剩余 100
[2026-05-18 08:15:24] [Coordinator] 配额 image-01: 0/200, 剩余 200
[2026-05-18 08:15:24] [Coordinator] 配额 coding-plan-vlm: 0/450, 剩余 450
[2026-05-18 08:15:24] [Coordinator] 配额 coding-plan-search: 0/450, 剩余 450
[2026-05-18 08:15:24] [Coordinator] ===== 开始第 1822-1861 章 =====
[2026-05-18 08:15:24] [Coordinator] 并行启动 5 个 writer.py 实例
[2026-05-18 08:15:24] [Coordinator] 执行: D:\soft\py\python.exe D:\AiProject\Node\novels5\scripts\writer.py --start 1822 --end 1829
[2026-05-18 08:15:24] [Coordinator] 执行: D:\soft\py\python.exe D:\AiProject\Node\novels5\scripts\writer.py --start 1830 --end 1837
[2026-05-18 08:15:24] [Coordinator] 执行: D:\soft\py\python.exe D:\AiProject\Node\novels5\scripts\writer.py --start 1838 --end 1845
[2026-05-18 08:15:24] [Coordinator] 执行: D:\soft\py\python.exe D:\AiProject\Node\novels5\scripts\writer.py --start 1846 --end 1853
[2026-05-18 08:15:24] [Coordinator] 执行: D:\soft\py\python.exe D:\AiProject\Node\novels5\scripts\writer.py --start 1854 --end 1861
[2026-05-18 08:15:42] [Coordinator] writer.py 1822-1829 完成 (rc=0)
[2026-05-18 08:16:35] [WeChat] 进度已推送: 初稿1898/2000, 审查713/2000
[2026-05-18 08:18:00] [Coordinator] writer.py 1838-1845 完成 (rc=0)
[2026-05-18 08:18:06] [Coordinator] writer.py 1830-1837 完成 (rc=0)
[2026-05-18 08:18:36] [WeChat] 进度已推送: 初稿1932/2000, 审查713/2000
[2026-05-18 08:18:45] [Coordinator] writer.py 1846-1853 完成 (rc=0)
[2026-05-18 08:19:33] [Coordinator] writer.py 1854-1861 完成 (rc=0)
[2026-05-18 08:19:33] [Coordinator] 第 1822-1861 章完成，暂停3秒...
[2026-05-18 08:19:37] [Coordinator] 配额 MiniMax-M*: 2442/4500, 剩余 2058
[2026-05-18 08:19:37] [Coordinator] 配额 speech-hd: 0/19000, 剩余 19000
[2026-05-18 08:19:37] [Coordinator] 配额 MiniMax-Hailuo-2.3-Fast-6s-768p: 0/3, 剩余 3
[2026-05-18 08:19:37] [Coordinator] 配额 MiniMax-Hailuo-2.3-6s-768p: 0/3, 剩余 3
[2026-05-18 08:19:37] [Coordinator] 配额 music-2.5: 0/7, 剩余 7
[2026-05-18 08:19:37] [Coordinator] 配额 music-2.6: 0/100, 剩余 100
[2026-05-18 08:19:37] [Coordinator] 配额 music-cover: 0/100, 剩余 100
[2026-05-18 08:19:37] [Coordinator] 配额 lyrics_generation: 0/100, 剩余 100
[2026-05-18 08:19:37] [Coordinator] 配额 image-01: 0/200, 剩余 200
[2026-05-18 08:19:37] [Coordinator] 配额 coding-plan-vlm: 0/450, 剩余 450
[2026-05-18 08:19:37] [Coordinator] 配额 coding-plan-search: 0/450, 剩余 450
[2026-05-18 08:19:37] [Coordinator] ===== 开始第 1862-1901 章 =====
[2026-05-18 08:19:37] [Coordinator] 并行启动 5 个 writer.py 实例
[2026-05-18 08:19:37] [Coordinator] 执行: D:\soft\py\python.exe D:\AiProject\Node\novels5\scripts\writer.py --start 1862 --end 1869============================================================
Rewrite Agent 启动
============================================================
需要重写的章节: 7 个
  第84章: 评分6.5 [需修改]
  第257章: 评分6.5 [需修改]
  第291章: 评分6.5 [需修改]
  第473章: 评分5.5 [需修改]
  第530章: 评分6.8 [需修改]
  第584章: 评分6.5 [需修改]
  第658章: 评分6.5 [需修改]
[2026-05-18 08:26:33] [Rewrite] 第257章终稿已存在，跳过
[2026-05-18 08:26:33] [Rewrite] 第84章终稿已存在，跳过
[2026-05-18 08:26:33] [Rewrite] 第473章终稿已存在，跳过
[2026-05-18 08:26:33] [Rewrite] 第291章终稿已存在，跳过
[2026-05-18 08:26:33] [Rewrite] 第530章终稿已存在，跳过
[2026-05-18 08:26:33] [Rewrite] 第584章终稿已存在，跳过
[2026-05-18 08:26:33] [Rewrite] 第658章终稿已存在，跳过
[2026-05-18 08:26:33] [Rewrite] 完成: 成功0章, 失败0章

[2026-05-18 08:19:37] [Coordinator] 执行: D:\soft\py\python.exe D:\AiProject\Node\novels5\scripts\writer.py --start 1870 --end 1877
[2026-05-18 08:19:37] [Coordinator] 执行: D:\soft\py\python.exe D:\AiProject\Node\novels5\scripts\writer.py --start 1878 --end 1885
[2026-05-18 08:19:37] [Coordinator] 执行: D:\soft\py\python.exe D:\AiProject\Node\novels5\scripts\writer.py --start 1886 --end 1893
[2026-05-18 08:19:37] [Coordinator] 执行: D:\soft\py\python.exe D:\AiProject\Node\novels5\scripts\writer.py --start 1894 --end 1901
[2026-05-18 08:19:55] [Coordinator] writer.py 1862-1869 完成 (rc=0)
[2026-05-18 08:19:55] [Coordinator] writer.py 1870-1877 完成 (rc=0)
[2026-05-18 08:19:55] [Coordinator] writer.py 1878-1885 完成 (rc=0)
[2026-05-18 08:20:36] [WeChat] 进度已推送: 初稿1967/2000, 审查713/2000
[2026-05-18 08:21:01] [Coordinator] writer.py 1886-1893 完成 (rc=0)
[2026-05-18 08:21:19] [Coordinator] writer.py 1894-1901 完成 (rc=0)
[2026-05-18 08:21:19] [Coordinator] 第 1862-1901 章完成，暂停3秒...
[2026-05-18 08:21:22] [Coordinator] 配额 MiniMax-M*: 2525/4500, 剩余 1975
[2026-05-18 08:21:22] [Coordinator] 配额 speech-hd: 0/19000, 剩余 19000
[2026-05-18 08:21:22] [Coordinator] 配额 MiniMax-Hailuo-2.3-Fast-6s-768p: 0/3, 剩余 3
[2026-05-18 08:21:22] [Coordinator] 配额 MiniMax-Hailuo-2.3-6s-768p: 0/3, 剩余 3
[2026-05-18 08:21:22] [Coordinator] 配额 music-2.5: 0/7, 剩余 7
[2026-05-18 08:21:22] [Coordinator] 配额 music-2.6: 0/100, 剩余 100
[2026-05-18 08:21:22] [Coordinator] 配额 music-cover: 0/100, 剩余 100
[2026-05-18 08:21:22] [Coordinator] 配额 lyrics_generation: 0/100, 剩余 100
[2026-05-18 08:21:22] [Coordinator] 配额 image-01: 0/200, 剩余 200
[2026-05-18 08:21:22] [Coordinator] 配额 coding-plan-vlm: 0/450, 剩余 450
[2026-05-18 08:21:22] [Coordinator] 配额 coding-plan-search: 0/450, 剩余 450
[2026-05-18 08:21:22] [Coordinator] ===== 开始第 1902-1941 章 =====
[2026-05-18 08:21:22] [Coordinator] 并行启动 5 个 writer.py 实例
[2026-05-18 08:21:22] [Coordinator] 执行: D:\soft\py\python.exe D:\AiProject\Node\novels5\scripts\writer.py --start 1902 --end 1909
[2026-05-18 08:21:22] [Coordinator] 执行: D:\soft\py\python.exe D:\AiProject\Node\novels5\scripts\writer.py --start 1910 --end 1917
[2026-05-18 08:21:22] [Coordinator] 执行: D:\soft\py\python.exe D:\AiProject\Node\novels5\scripts\writer.py --start 1918 --end 1925
[2026-05-18 08:21:22] [Coordinator] 执行: D:\soft\py\python.exe D:\AiProject\Node\novels5\scripts\writer.py --start 1926 --end 1933
[2026-05-18 08:21:22] [Coordinator] 执行: D:\soft\py\python.exe D:\AiProject\Node\novels5\scripts\writer.py --start 1934 --end 1941
[2026-05-18 08:21:40] [Coordinator] writer.py 1902-1909 完成 (rc=0)
[2026-05-18 08:21:40] [Coordinator] writer.py 1910-1917 完成 (rc=0)
[2026-05-18 08:21:40] [Coordinator] writer.py 1926-1933 完成 (rc=0)
[2026-05-18 08:22:37] [WeChat] 进度已推送: 初稿1990/2000, 审查713/2000
[2026-05-18 08:22:52] [Coordinator] writer.py 1918-1925 完成 (rc=0)
[2026-05-18 08:22:58] [Coordinator] writer.py 1934-1941 完成 (rc=0)
[2026-05-18 08:22:58] [Coordinator] 第 1902-1941 章完成，暂停3秒...
[2026-05-18 08:23:02] [Coordinator] 配额 MiniMax-M*: 2586/4500, 剩余 1914
[2026-05-18 08:23:02] [Coordinator] 配额 speech-hd: 0/19000, 剩余 19000
[2026-05-18 08:23:02] [Coordinator] 配额 MiniMax-Hailuo-2.3-Fast-6s-768p: 0/3, 剩余 3
[2026-05-18 08:23:02] [Coordinator] 配额 MiniMax-Hailuo-2.3-6s-768p: 0/3, 剩余 3
[2026-05-18 08:23:02] [Coordinator] 配额 music-2.5: 0/7, 剩余 7
[2026-05-18 08:23:02] [Coordinator] 配额 music-2.6: 0/100, 剩余 100
[2026-05-18 08:23:02] [Coordinator] 配额 music-cover: 0/100, 剩余 100
[2026-05-18 08:23:02] [Coordinator] 配额 lyrics_generation: 0/100, 剩余 100
[2026-05-18 08:23:02] [Coordinator] 配额 image-01: 0/200, 剩余 200
[2026-05-18 08:23:02] [Coordinator] 配额 coding-plan-vlm: 0/450, 剩余 450
[2026-05-18 08:23:02] [Coordinator] 配额 coding-plan-search: 0/450, 剩余 450
[2026-05-18 08:23:02] [Coordinator] ===== 开始第 1942-1981 章 =====
[2026-05-18 08:23:02] [Coordinator] 并行启动 5 个 writer.py 实例
[2026-05-18 08:23:02] [Coordinator] 执行: D:\soft\py\python.exe D:\AiProject\Node\novels5\scripts\writer.py --start 1942 --end 1949
[2026-05-18 08:23:02] [Coordinator] 执行: D:\soft\py\python.exe D:\AiProject\Node\novels5\scripts\writer.py --start 1950 --end 1957
[2026-05-18 08:23:02] [Coordinator] 执行: D:\soft\py\python.exe D:\AiProject\Node\novels5\scripts\writer.py --start 1958 --end 1965
[2026-05-18 08:23:02] [Coordinator] 执行: D:\soft\py\python.exe D:\AiProject\Node\novels5\scripts\writer.py --start 1966 --end 1973
[2026-05-18 08:23:02] [Coordinator] 执行: D:\soft\py\python.exe D:\AiProject\Node\novels5\scripts\writer.py --start 1974 --end 1981
[2026-05-18 08:23:20] [Coordinator] writer.py 1958-1965 完成 (rc=0)
[2026-05-18 08:23:20] [Coordinator] writer.py 1974-1981 完成 (rc=0)
[2026-05-18 08:24:38] [WeChat] 进度已推送: 初稿1997/2000, 审查713/2000
[2026-05-18 08:24:41] [Coordinator] writer.py 1942-1949 完成 (rc=0)
[2026-05-18 08:26:05] [Coordinator] writer.py 1950-1957 完成 (rc=0)
[2026-05-18 08:26:17] [Coordinator] writer.py 1966-1973 完成 (rc=0)
[2026-05-18 08:26:17] [Coordinator] 第 1942-1981 章完成，暂停3秒...
[2026-05-18 08:26:20] [Coordinator] 配额 MiniMax-M*: 2694/4500, 剩余 1806
[2026-05-18 08:26:20] [Coordinator] 配额 speech-hd: 0/19000, 剩余 19000
[2026-05-18 08:26:20] [Coordinator] 配额 MiniMax-Hailuo-2.3-Fast-6s-768p: 0/3, 剩余 3
[2026-05-18 08:26:20] [Coordinator] 配额 MiniMax-Hailuo-2.3-6s-768p: 0/3, 剩余 3
[2026-05-18 08:26:20] [Coordinator] 配额 music-2.5: 0/7, 剩余 7
[2026-05-18 08:26:20] [Coordinator] 配额 music-2.6: 0/100, 剩余 100
[2026-05-18 08:26:20] [Coordinator] 配额 music-cover: 0/100, 剩余 100
[2026-05-18 08:26:20] [Coordinator] 配额 lyrics_generation: 0/100, 剩余 100
[2026-05-18 08:26:20] [Coordinator] 配额 image-01: 0/200, 剩余 200
[2026-05-18 08:26:20] [Coordinator] 配额 coding-plan-vlm: 0/450, 剩余 450
[2026-05-18 08:26:20] [Coordinator] 配额 coding-plan-search: 0/450, 剩余 450
[2026-05-18 08:26:20] [Coordinator] ===== 开始第 1982-2000 章 =====
[2026-05-18 08:26:20] [Coordinator] 并行启动 5 个 writer.py 实例
[2026-05-18 08:26:20] [Coordinator] 执行: D:\soft\py\python.exe D:\AiProject\Node\novels5\scripts\writer.py --start 1982 --end 1984
[2026-05-18 08:26:20] [Coordinator] 执行: D:\soft\py\python.exe D:\AiProject\Node\novels5\scripts\writer.py --start 1985 --end 1987
[2026-05-18 08:26:20] [Coordinator] 执行: D:\soft\py\python.exe D:\AiProject\Node\novels5\scripts\writer.py --start 1988 --end 1990
[2026-05-18 08:26:20] [Coordinator] 执行: D:\soft\py\python.exe D:\AiProject\Node\novels5\scripts\writer.py --start 1991 --end 1993
[2026-05-18 08:26:20] [Coordinator] 执行: D:\soft\py\python.exe D:\AiProject\Node\novels5\scripts\writer.py --start 1994 --end 1996
[2026-05-18 08:26:29] [Coordinator] writer.py 1982-1984 完成 (rc=0)
[2026-05-18 08:26:29] [Coordinator] writer.py 1985-1987 完成 (rc=0)
[2026-05-18 08:26:29] [Coordinator] writer.py 1988-1990 完成 (rc=0)
[2026-05-18 08:26:29] [Coordinator] writer.py 1991-1993 完成 (rc=0)
[2026-05-18 08:26:29] [Coordinator] writer.py 1994-1996 完成 (rc=0)
[2026-05-18 08:26:29] ============================================================
[2026-05-18 08:26:29] [Coordinator] 生成总结报告
[2026-05-18 08:26:29] ============================================================
[2026-05-18 08:26:30] [Coordinator] 总结报告: 已完成 2000/2000 章
[2026-05-18 08:26:30] [Coordinator] 总字数: 11,148,434 字
[2026-05-18 08:26:30] [Coordinator] 平均评分: 7.68
[2026-05-18 08:26:30] [Coordinator] 需重写: 32 章
[2026-05-18 08:26:30] [Coordinator] 第 1982-2000 章完成，暂停3秒...
[2026-05-18 08:26:33] ============================================================
[2026-05-18 08:26:33] [Coordinator] 处理重写队列: 7 章
[2026-05-18 08:26:33] ============================================================
[2026-05-18 08:26:33] [Coordinator] 执行: D:\soft\py\python.exe D:\AiProject\Node\novels5\scripts\rewrite_agent.py
[2026-05-18 08:26:33] [Coordinator] Rewrite Agent 完成 (rc=0)
[2026-05-18 08:26:33] ============================================================
[2026-05-18 08:26:33] [Coordinator] 生成总结报告
[2026-05-18 08:26:33] ============================================================
[2026-05-18 08:26:33] [Coordinator] 总结报告: 已完成 2000/2000 章
[2026-05-18 08:26:33] [Coordinator] 总字数: 11,148,434 字
[2026-05-18 08:26:33] [Coordinator] 平均评分: 7.68
[2026-05-18 08:26:33] [Coordinator] 需重写: 32 章
[2026-05-18 08:26:33] ============================================================
[2026-05-18 08:26:33] [Coordinator] 全部任务完成
[2026-05-18 08:26:33] [Coordinator] 总进度: 2000/2000 章
[2026-05-18 08:26:33] [Coordinator] 总字数: 11,148,434 字
[2026-05-18 08:26:33] ============================================================
