======================================================================
  2000章玄幻小说Agent系统 - Coordinator (60 Agent 版本)
======================================================================
[2026-05-18 07:52:29] [Coordinator] 企业微信进度推送已启动（每2分钟）
[2026-05-18 07:52:29] [Coordinator] 当前进度: 已生成 1608 章，已审查 720 章
[2026-05-18 07:52:29] [Coordinator] 世界观、大纲(2000章)、角色档案已存在
[2026-05-18 07:52:29] [Coordinator] 生成范围: 第1609-2000章（大纲共2000章），批次大小: 40
[2026-05-18 07:52:29] [Coordinator] 配额 MiniMax-M*: 1363/4500, 剩余 3137
[2026-05-18 07:52:29] [Coordinator] 配额 speech-hd: 0/19000, 剩余 19000
[2026-05-18 07:52:29] [Coordinator] 配额 MiniMax-Hailuo-2.3-Fast-6s-768p: 0/3, 剩余 3
[2026-05-18 07:52:29] [Coordinator] 配额 MiniMax-Hailuo-2.3-6s-768p: 0/3, 剩余 3
[2026-05-18 07:52:29] [Coordinator] 配额 music-2.5: 0/7, 剩余 7
[2026-05-18 07:52:29] [Coordinator] 配额 music-2.6: 0/100, 剩余 100
[2026-05-18 07:52:29] [Coordinator] 配额 music-cover: 0/100, 剩余 100
[2026-05-18 07:52:29] [Coordinator] 配额 lyrics_generation: 0/100, 剩余 100
[2026-05-18 07:52:29] [Coordinator] 配额 image-01: 0/200, 剩余 200
[2026-05-18 07:52:29] [Coordinator] 配额 coding-plan-vlm: 0/450, 剩余 450
[2026-05-18 07:52:29] [Coordinator] 配额 coding-plan-search: 0/450, 剩余 450
[2026-05-18 07:52:29] [Coordinator] ===== 开始第 1609-1648 章 =====
[2026-05-18 07:52:29] [Coordinator] 并行启动 5 个 writer.py 实例
[2026-05-18 07:52:29] [Coordinator] 执行: D:\soft\py\python.exe D:\AiProject\Node\novels5\scripts\writer.py --start 1609 --end 1616
[2026-05-18 07:52:29] [Coordinator] 执行: D:\soft\py\python.exe D:\AiProject\Node\novels5\scripts\writer.py --start 1617 --end 1624
[2026-05-18 07:52:29] [Coordinator] 执行: D:\soft\py\python.exe D:\AiProject\Node\novels5\scripts\writer.py --start 1625 --end 1632
[2026-05-18 07:52:29] [Coordinator] 执行: D:\soft\py\python.exe D:\AiProject\Node\novels5\scripts\writer.py --start 1633 --end 1640
[2026-05-18 07:52:29] [Coordinator] 执行: D:\soft\py\python.exe D:\AiProject\Node\novels5\scripts\writer.py --start 1641 --end 1648
[2026-05-18 07:54:29] [WeChat] 进度已推送: 初稿1579/2000, 审查713/2000
[2026-05-18 07:56:30] [WeChat] 进度已推送: 初稿1614/2000, 审查713/2000
[2026-05-18 07:58:30] [WeChat] 进度已推送: 初稿1642/2000, 审查713/2000
[2026-05-18 08:00:24] [Coordinator] writer.py 1609-1616 完成 (rc=0)
[2026-05-18 08:00:31] [WeChat] 进度已推送: 初稿1677/2000, 审查713/2000
[2026-05-18 08:01:54] [Coordinator] writer.py 1617-1624 完成 (rc=0)
[2026-05-18 08:01:54] [Coordinator] writer.py 1625-1632 完成 (rc=0)
[2026-05-18 08:02:12] [Coordinator] writer.py 1641-1648 完成 (rc=0)
[2026-05-18 08:02:31] [WeChat] 进度已推送: 初稿1701/2000, 审查713/2000
[2026-05-18 08:03:09] [Coordinator] writer.py 1633-1640 完成 (rc=0)
[2026-05-18 08:03:09] [Coordinator] 第 1609-1648 章完成，暂停3秒...
[2026-05-18 08:03:12] [Coordinator] 配额 MiniMax-M*: 1721/4500, 剩余 2779
[2026-05-18 08:03:12] [Coordinator] 配额 speech-hd: 0/19000, 剩余 19000
[2026-05-18 08:03:12] [Coordinator] 配额 MiniMax-Hailuo-2.3-Fast-6s-768p: 0/3, 剩余 3
[2026-05-18 08:03:12] [Coordinator] 配额 MiniMax-Hailuo-2.3-6s-768p: 0/3, 剩余 3
[2026-05-18 08:03:12] [Coordinator] 配额 music-2.5: 0/7, 剩余 7
[2026-05-18 08:03:12] [Coordinator] 配额 music-2.6: 0/100, 剩余 100
[2026-05-18 08:03:12] [Coordinator] 配额 music-cover: 0/100, 剩余 100
[2026-05-18 08:03:12] [Coordinator] 配额 lyrics_generation: 0/100, 剩余 100
[2026-05-18 08:03:12] [Coordinator] 配额 image-01: 0/200, 剩余 200
[2026-05-18 08:03:12] [Coordinator] 配额 coding-plan-vlm: 0/450, 剩余 450
[2026-05-18 08:03:12] [Coordinator] 配额 coding-plan-search: 0/450, 剩余 450
[2026-05-18 08:03:12] [Coordinator] ===== 开始第 1649-1688 章 =====
[2026-05-18 08:03:12] [Coordinator] 并行启动 5 个 writer.py 实例
[2026-05-18 08:03:12] [Coordinator] 执行: D:\soft\py\python.exe D:\AiProject\Node\novels5\scripts\writer.py --start 1649 --end 1656
[2026-05-18 08:03:12] [Coordinator] 执行: D:\soft\py\python.exe D:\AiProject\Node\novels5\scripts\writer.py --start 1657 --end 1664
[2026-05-18 08:03:12] [Coordinator] 执行: D:\soft\py\python.exe D:\AiProject\Node\novels5\scripts\writer.py --start 1665 --end 1672
[2026-05-18 08:03:12] [Coordinator] 执行: D:\soft\py\python.exe D:\AiProject\Node\novels5\scripts\writer.py --start 1673 --end 1680
[2026-05-18 08:03:12] [Coordinator] 执行: D:\soft\py\python.exe D:\AiProject\Node\novels5\scripts\writer.py --start 1681 --end 1688
[2026-05-18 08:04:32] [WeChat] 进度已推送: 初稿1720/2000, 审查713/2000
[2026-05-18 08:04:48] [Coordinator] writer.py 1665-1672 完成 (rc=0)
[2026-05-18 08:04:54] [Coordinator] writer.py 1657-1664 完成 (rc=0)
[2026-05-18 08:05:03] [Coordinator] writer.py 1649-1656 完成 (rc=0)
[2026-05-18 08:05:15] [Coordinator] writer.py 1673-1680 完成 (rc=0)
[2026-05-18 08:06:32] [WeChat] 进度已推送: 初稿1745/2000, 审查713/2000
[2026-05-18 08:07:03] [Coordinator] writer.py 1681-1688 完成 (rc=0)
[2026-05-18 08:07:03] [Coordinator] 第 1649-1688 章完成，暂停3秒...
[2026-05-18 08:07:07] [Coordinator] 配额 MiniMax-M*: 1861/4500, 剩余 2639
[2026-05-18 08:07:07] [Coordinator] 配额 speech-hd: 0/19000, 剩余 19000
[2026-05-18 08:07:07] [Coordinator] 配额 MiniMax-Hailuo-2.3-Fast-6s-768p: 0/3, 剩余 3
[2026-05-18 08:07:07] [Coordinator] 配额 MiniMax-Hailuo-2.3-6s-768p: 0/3, 剩余 3
[2026-05-18 08:07:07] [Coordinator] 配额 music-2.5: 0/7, 剩余 7
[2026-05-18 08:07:07] [Coordinator] 配额 music-2.6: 0/100, 剩余 100
[2026-05-18 08:07:07] [Coordinator] 配额 music-cover: 0/100, 剩余 100
[2026-05-18 08:07:07] [Coordinator] 配额 lyrics_generation: 0/100, 剩余 100
[2026-05-18 08:07:07] [Coordinator] 配额 image-01: 0/200, 剩余 200
[2026-05-18 08:07:07] [Coordinator] 配额 coding-plan-vlm: 0/450, 剩余 450
[2026-05-18 08:07:07] [Coordinator] 配额 coding-plan-search: 0/450, 剩余 450
[2026-05-18 08:07:07] [Coordinator] ===== 开始第 1689-1728 章 =====
[2026-05-18 08:07:07] [Coordinator] 并行启动 5 个 writer.py 实例
[2026-05-18 08:07:07] [Coordinator] 执行: D:\soft\py\python.exe D:\AiProject\Node\novels5\scripts\writer.py --start 1689 --end 1696
[2026-05-18 08:07:07] [Coordinator] 执行: D:\soft\py\python.exe D:\AiProject\Node\novels5\scripts\writer.py --start 1697 --end 1704
[2026-05-18 08:07:07] [Coordinator] 执行: D:\soft\py\python.exe D:\AiProject\Node\novels5\scripts\writer.py --start 1705 --end 1712
[2026-05-18 08:07:07] [Coordinator] 执行: D:\soft\py\python.exe D:\AiProject\Node\novels5\scripts\writer.py --start 1713 --end 1720
[2026-05-18 08:07:07] [Coordinator] 执行: D:\soft\py\python.exe D:\AiProject\Node\novels5\scripts\writer.py --start 1721 --end 1728
[2026-05-18 08:07:25] [Coordinator] writer.py 1689-1696 完成 (rc=0)
[2026-05-18 08:07:25] [Coordinator] writer.py 1697-1704 完成 (rc=0)
[2026-05-18 08:07:25] [Coordinator] writer.py 1705-1712 完成 (rc=0)
[2026-05-18 08:08:19] [Coordinator] writer.py 1713-1720 完成 (rc=0)
[2026-05-18 08:08:33] [WeChat] 进度已推送: 初稿1775/2000, 审查713/2000
[2026-05-18 08:09:19] [Coordinator] writer.py 1721-1728 完成 (rc=0)
[2026-05-18 08:09:19] [Coordinator] 第 1689-1728 章完成，暂停3秒...
[2026-05-18 08:09:22] [Coordinator] 配额 MiniMax-M*: 1946/4500, 剩余 2554
[2026-05-18 08:09:22] [Coordinator] 配额 speech-hd: 0/19000, 剩余 19000
[2026-05-18 08:09:22] [Coordinator] 配额 MiniMax-Hailuo-2.3-Fast-6s-768p: 0/3, 剩余 3
[2026-05-18 08:09:22] [Coordinator] 配额 MiniMax-Hailuo-2.3-6s-768p: 0/3, 剩余 3
[2026-05-18 08:09:22] [Coordinator] 配额 music-2.5: 0/7, 剩余 7
[2026-05-18 08:09:22] [Coordinator] 配额 music-2.6: 0/100, 剩余 100
[2026-05-18 08:09:22] [Coordinator] 配额 music-cover: 0/100, 剩余 100
[2026-05-18 08:09:22] [Coordinator] 配额 lyrics_generation: 0/100, 剩余 100
[2026-05-18 08:09:22] [Coordinator] 配额 image-01: 0/200, 剩余 200
[2026-05-18 08:09:22] [Coordinator] 配额 coding-plan-vlm: 0/450, 剩余 450
[2026-05-18 08:09:22] [Coordinator] 配额 coding-plan-search: 0/450, 剩余 450
[2026-05-18 08:09:22] [Coordinator] ===== 开始第 1729-1768 章 =====
[2026-05-18 08:09:22] [Coordinator] 并行启动 5 个 writer.py 实例
[2026-05-18 08:09:22] [Coordinator] 执行: D:\soft\py\python.exe D:\AiProject\Node\novels5\scripts\writer.py --start 1729 --end 1736
[2026-05-18 08:09:22] [Coordinator] 执行: D:\soft\py\python.exe D:\AiProject\Node\novels5\scripts\writer.py --start 1737 --end 1744
[2026-05-18 08:09:22] [Coordinator] 执行: D:\soft\py\python.exe D:\AiProject\Node\novels5\scripts\writer.py --start 1745 --end 1752
[2026-05-18 08:09:22] [Coordinator] 执行: D:\soft\py\python.exe D:\AiProject\Node\novels5\scripts\writer.py --start 1753 --end 1760
[2026-05-18 08:09:22] [Coordinator] 执行: D:\soft\py\python.exe D:\AiProject\Node\novels5\scripts\writer.py --start 1761 --end 1768
[2026-05-18 08:09:40] [Coordinator] writer.py 1729-1736 完成 (rc=0)
[2026-05-18 08:09:40] [Coordinator] writer.py 1737-1744 完成 (rc=0)
[2026-05-18 08:10:33] [WeChat] 进度已推送: 初稿1801/2000, 审查713/2000
[2026-05-18 08:10:52] [Coordinator] writer.py 1745-1752 完成 (rc=0)
[2026-05-18 08:11:19] [Coordinator] writer.py 1761-1768 完成 (rc=0)
[2026-05-18 08:12:34] [WeChat] 进度已推送: 初稿1836/2000, 审查713/2000
[2026-05-18 08:12:55] [Coordinator] writer.py 1753-1760 完成 (rc=0)
[2026-05-18 08:12:55] [Coordinator] 第 1729-1768 章完成，暂停3秒...
[2026-05-18 08:12:59] [Coordinator] 配额 MiniMax-M*: 2111/4500, 剩余 2389
[2026-05-18 08:12:59] [Coordinator] 配额 speech-hd: 0/19000, 剩余 19000
[2026-05-18 08:12:59] [Coordinator] 配额 MiniMax-Hailuo-2.3-Fast-6s-768p: 0/3, 剩余 3
[2026-05-18 08:12:59] [Coordinator] 配额 MiniMax-Hailuo-2.3-6s-768p: 0/3, 剩余 3
[2026-05-18 08:12:59] [Coordinator] 配额 music-2.5: 0/7, 剩余 7
[2026-05-18 08:12:59] [Coordinator] 配额 music-2.6: 0/100, 剩余 100
[2026-05-18 08:12:59] [Coordinator] 配额 music-cover: 0/100, 剩余 100
[2026-05-18 08:12:59] [Coordinator] 配额 lyrics_generation: 0/100, 剩余 100
[2026-05-18 08:12:59] [Coordinator] 配额 image-01: 0/200, 剩余 200
[2026-05-18 08:12:59] [Coordinator] 配额 coding-plan-vlm: 0/450, 剩余 450
[2026-05-18 08:12:59] [Coordinator] 配额 coding-plan-search: 0/450, 剩余 450
[2026-05-18 08:12:59] [Coordinator] ===== 开始第 1769-1808 章 =====
[2026-05-18 08:12:59] [Coordinator] 并行启动 5 个 writer.py 实例
[2026-05-18 08:12:59] [Coordinator] 执行: D:\soft\py\python.exe D:\AiProject\Node\novels5\scripts\writer.py --start 1769 --end 1776
[2026-05-18 08:12:59] [Coordinator] 执行: D:\soft\py\python.exe D:\AiProject\Node\novels5\scripts\writer.py --start 1777 --end 1784
[2026-05-18 08:12:59] [Coordinator] 执行: D:\soft\py\python.exe D:\AiProject\Node\novels5\scripts\writer.py --start 1785 --end 1792
[2026-05-18 08:12:59] [Coordinator] 执行: D:\soft\py\python.exe D:\AiProject\Node\novels5\scripts\writer.py --start 1793 --end 1800
[2026-05-18 08:12:59] [Coordinator] 执行: D:\soft\py\python.exe D:\AiProject\Node\novels5\scripts\writer.py --start 1801 --end 1808
[2026-05-18 08:13:17] [Coordinator] writer.py 1769-1776 完成 (rc=0)
[2026-05-18 08:13:17] [Coordinator] writer.py 1777-1784 完成 (rc=0)
[2026-05-18 08:14:34] [WeChat] 进度已推送: 初稿1868/2000, 审查713/2000
[2026-05-18 08:14:41] [Coordinator] writer.py 1785-1792 完成 (rc=0)
[2026-05-18 08:14:47] [Coordinator] writer.py 1801-1808 完成 (rc=0)
[2026-05-18 08:14:59] [Coordinator] writer.py 1793-1800 完成 (rc=0)
[2026-05-18 08:14:59] [Coordinator] 第 1769-1808 章完成，暂停3秒...
[2026-05-18 08:15:02] [Coordinator] 配额 MiniMax-M*: 2207/4500, 剩余 2293
[2026-05-18 08:15:02] [Coordinator] 配额 speech-hd: 0/19000, 剩余 19000
[2026-05-18 08:15:02] [Coordinator] 配额 MiniMax-Hailuo-2.3-Fast-6s-768p: 0/3, 剩余 3
[2026-05-18 08:15:02] [Coordinator] 配额 MiniMax-Hailuo-2.3-6s-768p: 0/3, 剩余 3
[2026-05-18 08:15:02] [Coordinator] 配额 music-2.5: 0/7, 剩余 7
[2026-05-18 08:15:02] [Coordinator] 配额 music-2.6: 0/100, 剩余 100
[2026-05-18 08:15:02] [Coordinator] 配额 music-cover: 0/100, 剩余 100
[2026-05-18 08:15:02] [Coordinator] 配额 lyrics_generation: 0/100, 剩余 100
[2026-05-18 08:15:02] [Coordinator] 配额 image-01: 0/200, 剩余 200
[2026-05-18 08:15:02] [Coordinator] 配额 coding-plan-vlm: 0/450, 剩余 450
[2026-05-18 08:15:02] [Coordinator] 配额 coding-plan-search: 0/450, 剩余 450
[2026-05-18 08:15:02] [Coordinator] ===== 开始第 1809-1848 章 =====
[2026-05-18 08:15:02] [Coordinator] 并行启动 5 个 writer.py 实例
[2026-05-18 08:15:02] [Coordinator] 执行: D:\soft\py\python.exe D:\AiProject\Node\novels5\scripts\writer.py --start 1809 --end 1816
[2026-05-18 08:15:02] [Coordinator] 执行: D:\soft\py\python.exe D:\AiProject\Node\novels5\scripts\writer.py --start 1817 --end 1824
[2026-05-18 08:15:02] [Coordinator] 执行: D:\soft\py\python.exe D:\AiProject\Node\novels5\scripts\writer.py --start 1825 --end 1832
[2026-05-18 08:15:02] [Coordinator] 执行: D:\soft\py\python.exe D:\AiProject\Node\novels5\scripts\writer.py --start 1833 --end 1840
[2026-05-18 08:15:02] [Coordinator] 执行: D:\soft\py\python.exe D:\AiProject\Node\novels5\scripts\writer.py --start 1841 --end 1848
[2026-05-18 08:15:20] [Coordinator] writer.py 1809-1816 完成 (rc=0)
[2026-05-18 08:16:34] [WeChat] 进度已推送: 初稿1898/2000, 审查713/2000
[2026-05-18 08:16:44] [Coordinator] writer.py 1817-1824 完成 (rc=0)
[2026-05-18 08:16:44] [Coordinator] writer.py 1825-1832 完成 (rc=0)
[2026-05-18 08:17:41] [Coordinator] writer.py 1833-1840 完成 (rc=0)
[2026-05-18 08:18:11] [Coordinator] writer.py 1841-1848 完成 (rc=0)
[2026-05-18 08:18:11] [Coordinator] 第 1809-1848 章完成，暂停3秒...
[2026-05-18 08:18:15] [Coordinator] 配额 MiniMax-M*: 2366/4500, 剩余 2134
[2026-05-18 08:18:15] [Coordinator] 配额 speech-hd: 0/19000, 剩余 19000
[2026-05-18 08:18:15] [Coordinator] 配额 MiniMax-Hailuo-2.3-Fast-6s-768p: 0/3, 剩余 3
[2026-05-18 08:18:15] [Coordinator] 配额 MiniMax-Hailuo-2.3-6s-768p: 0/3, 剩余 3
[2026-05-18 08:18:15] [Coordinator] 配额 music-2.5: 0/7, 剩余 7
[2026-05-18 08:18:15] [Coordinator] 配额 music-2.6: 0/100, 剩余 100
[2026-05-18 08:18:15] [Coordinator] 配额 music-cover: 0/100, 剩余 100
[2026-05-18 08:18:15] [Coordinator] 配额 lyrics_generation: 0/100, 剩余 100
[2026-05-18 08:18:15] [Coordinator] 配额 image-01: 0/200, 剩余 200
[2026-05-18 08:18:15] [Coordinator] 配额 coding-plan-vlm: 0/450, 剩余 450
[2026-05-18 08:18:15] [Coordinator] 配额 coding-plan-search: 0/450, 剩余 450
[2026-05-18 08:18:15] [Coordinator] ===== 开始第 1849-1888 章 =====
[2026-05-18 08:18:15] [Coordinator] 并行启动 5 个 writer.py 实例
[2026-05-18 08:18:15] [Coordinator] 执行: D:\soft\py\python.exe D:\AiProject\Node\novels5\scripts\writer.py --start 1849 --end 1856
[2026-05-18 08:18:15] [Coordinator] 执行: D:\soft\py\python.exe D:\AiProject\Node\novels5\scripts\writer.py --start 1857 --end 1864
[2026-05-18 08:18:15] [Coordinator] 执行: D:\soft\py\python.exe D:\AiProject\Node\novels5\scripts\writer.py --start 1865 --end 1872
[2026-05-18 08:18:15] [Coordinator] 执行: D:\soft\py\python.exe D:\AiProject\Node\novels5\scripts\writer.py --start 1873 --end 1880
[2026-05-18 08:18:15] [Coordinator] 执行: D:\soft\py\python.exe D:\AiProject\Node\novels5\scripts\writer.py --start 1881 --end 1888
[2026-05-18 08:18:33] [Coordinator] writer.py 1849-1856 完成 (rc=0)
[2026-05-18 08:18:33] [Coordinator] writer.py 1873-1880 完成 (rc=0)
[2026-05-18 08:18:35] [WeChat] 进度已推送: 初稿1932/2000, 审查713/2000
[2026-05-18 08:19:27] [Coordinator] writer.py 1865-1872 完成 (rc=0)
[2026-05-18 08:19:45] [Coordinator] writer.py 1857-1864 完成 (rc=0)
[2026-05-18 08:19:51] [Coordinator] writer.py 1881-1888 完成 (rc=0)
[2026-05-18 08:19:51] [Coordinator] 第 1849-1888 章完成，暂停3秒...
[2026-05-18 08:19:55] [Coordinator] 配额 MiniMax-M*: 2455/4500, 剩余 2045
[2026-05-18 08:19:55] [Coordinator] 配额 speech-hd: 0/19000, 剩余 19000
[2026-05-18 08:19:55] [Coordinator] 配额 MiniMax-Hailuo-2.3-Fast-6s-768p: 0/3, 剩余 3
[2026-05-18 08:19:55] [Coordinator] 配额 MiniMax-Hailuo-2.3-6s-768p: 0/3, 剩余 3
[2026-05-18 08:19:55] [Coordinator] 配额 music-2.5: 0/7, 剩余 7
[2026-05-18 08:19:55] [Coordinator] 配额 music-2.6: 0/100, 剩余 100
[2026-05-18 08:19:55] [Coordinator] 配额 music-cover: 0/100, 剩余 100
[2026-05-18 08:19:55] [Coordinator] 配额 lyrics_generation: 0/100, 剩余 100
[2026-05-18 08:19:55] [Coordinator] 配额 image-01: 0/200, 剩余 200
[2026-05-18 08:19:55] [Coordinator] 配额 coding-plan-vlm: 0/450, 剩余 450
[2026-05-18 08:19:55] [Coordinator] 配额 coding-plan-search: 0/450, 剩余 450============================================================
Rewrite Agent 启动
============================================================
需要重写的章节: 7 个
  第84章: 评分6.5 [需修改]
  第257章: 评分6.5 [需修改]
  第291章: 评分6.5 [需修改]
  第473章: 评分5.5 [需修改]
  第530章: 评分6.8 [需修改]
  第584章: 评分6.5 [需修改]
  第658章: 评分6.5 [需修改]
[2026-05-18 08:26:08] [Rewrite] 第257章终稿已存在，跳过
[2026-05-18 08:26:08] [Rewrite] 第291章终稿已存在，跳过
[2026-05-18 08:26:08] [Rewrite] 第473章终稿已存在，跳过
[2026-05-18 08:26:08] [Rewrite] 第84章终稿已存在，跳过
[2026-05-18 08:26:08] [Rewrite] 第530章终稿已存在，跳过
[2026-05-18 08:26:08] [Rewrite] 第584章终稿已存在，跳过
[2026-05-18 08:26:08] [Rewrite] 第658章终稿已存在，跳过
[2026-05-18 08:26:08] [Rewrite] 完成: 成功0章, 失败0章

[2026-05-18 08:19:55] [Coordinator] ===== 开始第 1889-1928 章 =====
[2026-05-18 08:19:55] [Coordinator] 并行启动 5 个 writer.py 实例
[2026-05-18 08:19:55] [Coordinator] 执行: D:\soft\py\python.exe D:\AiProject\Node\novels5\scripts\writer.py --start 1889 --end 1896
[2026-05-18 08:19:55] [Coordinator] 执行: D:\soft\py\python.exe D:\AiProject\Node\novels5\scripts\writer.py --start 1897 --end 1904
[2026-05-18 08:19:55] [Coordinator] 执行: D:\soft\py\python.exe D:\AiProject\Node\novels5\scripts\writer.py --start 1905 --end 1912
[2026-05-18 08:19:55] [Coordinator] 执行: D:\soft\py\python.exe D:\AiProject\Node\novels5\scripts\writer.py --start 1913 --end 1920
[2026-05-18 08:19:55] [Coordinator] 执行: D:\soft\py\python.exe D:\AiProject\Node\novels5\scripts\writer.py --start 1921 --end 1928
[2026-05-18 08:20:36] [WeChat] 进度已推送: 初稿1967/2000, 审查713/2000
[2026-05-18 08:21:19] [Coordinator] writer.py 1897-1904 完成 (rc=0)
[2026-05-18 08:21:19] [Coordinator] writer.py 1913-1920 完成 (rc=0)
[2026-05-18 08:21:22] [Coordinator] writer.py 1905-1912 完成 (rc=0)
[2026-05-18 08:21:31] [Coordinator] writer.py 1889-1896 完成 (rc=0)
[2026-05-18 08:22:36] [WeChat] 进度已推送: 初稿1990/2000, 审查713/2000
[2026-05-18 08:22:55] [Coordinator] writer.py 1921-1928 完成 (rc=0)
[2026-05-18 08:22:55] [Coordinator] 第 1889-1928 章完成，暂停3秒...
[2026-05-18 08:22:58] [Coordinator] 配额 MiniMax-M*: 2585/4500, 剩余 1915
[2026-05-18 08:22:58] [Coordinator] 配额 speech-hd: 0/19000, 剩余 19000
[2026-05-18 08:22:58] [Coordinator] 配额 MiniMax-Hailuo-2.3-Fast-6s-768p: 0/3, 剩余 3
[2026-05-18 08:22:58] [Coordinator] 配额 MiniMax-Hailuo-2.3-6s-768p: 0/3, 剩余 3
[2026-05-18 08:22:58] [Coordinator] 配额 music-2.5: 0/7, 剩余 7
[2026-05-18 08:22:58] [Coordinator] 配额 music-2.6: 0/100, 剩余 100
[2026-05-18 08:22:58] [Coordinator] 配额 music-cover: 0/100, 剩余 100
[2026-05-18 08:22:58] [Coordinator] 配额 lyrics_generation: 0/100, 剩余 100
[2026-05-18 08:22:58] [Coordinator] 配额 image-01: 0/200, 剩余 200
[2026-05-18 08:22:58] [Coordinator] 配额 coding-plan-vlm: 0/450, 剩余 450
[2026-05-18 08:22:58] [Coordinator] 配额 coding-plan-search: 0/450, 剩余 450
[2026-05-18 08:22:58] [Coordinator] ===== 开始第 1929-1968 章 =====
[2026-05-18 08:22:58] [Coordinator] 并行启动 5 个 writer.py 实例
[2026-05-18 08:22:58] [Coordinator] 执行: D:\soft\py\python.exe D:\AiProject\Node\novels5\scripts\writer.py --start 1929 --end 1936
[2026-05-18 08:22:58] [Coordinator] 执行: D:\soft\py\python.exe D:\AiProject\Node\novels5\scripts\writer.py --start 1937 --end 1944
[2026-05-18 08:22:58] [Coordinator] 执行: D:\soft\py\python.exe D:\AiProject\Node\novels5\scripts\writer.py --start 1945 --end 1952
[2026-05-18 08:22:58] [Coordinator] 执行: D:\soft\py\python.exe D:\AiProject\Node\novels5\scripts\writer.py --start 1953 --end 1960
[2026-05-18 08:22:58] [Coordinator] 执行: D:\soft\py\python.exe D:\AiProject\Node\novels5\scripts\writer.py --start 1961 --end 1968
[2026-05-18 08:23:16] [Coordinator] writer.py 1929-1936 完成 (rc=0)
[2026-05-18 08:23:16] [Coordinator] writer.py 1937-1944 完成 (rc=0)
[2026-05-18 08:23:16] [Coordinator] writer.py 1961-1968 完成 (rc=0)
[2026-05-18 08:24:28] [Coordinator] writer.py 1945-1952 完成 (rc=0)
[2026-05-18 08:24:37] [WeChat] 进度已推送: 初稿1997/2000, 审查713/2000
[2026-05-18 08:25:46] [Coordinator] writer.py 1953-1960 完成 (rc=0)
[2026-05-18 08:25:46] [Coordinator] 第 1929-1968 章完成，暂停3秒...
[2026-05-18 08:25:50] [Coordinator] 配额 MiniMax-M*: 2685/4500, 剩余 1815
[2026-05-18 08:25:50] [Coordinator] 配额 speech-hd: 0/19000, 剩余 19000
[2026-05-18 08:25:50] [Coordinator] 配额 MiniMax-Hailuo-2.3-Fast-6s-768p: 0/3, 剩余 3
[2026-05-18 08:25:50] [Coordinator] 配额 MiniMax-Hailuo-2.3-6s-768p: 0/3, 剩余 3
[2026-05-18 08:25:50] [Coordinator] 配额 music-2.5: 0/7, 剩余 7
[2026-05-18 08:25:50] [Coordinator] 配额 music-2.6: 0/100, 剩余 100
[2026-05-18 08:25:50] [Coordinator] 配额 music-cover: 0/100, 剩余 100
[2026-05-18 08:25:50] [Coordinator] 配额 lyrics_generation: 0/100, 剩余 100
[2026-05-18 08:25:50] [Coordinator] 配额 image-01: 0/200, 剩余 200
[2026-05-18 08:25:50] [Coordinator] 配额 coding-plan-vlm: 0/450, 剩余 450
[2026-05-18 08:25:50] [Coordinator] 配额 coding-plan-search: 0/450, 剩余 450
[2026-05-18 08:25:50] [Coordinator] ===== 开始第 1969-2000 章 =====
[2026-05-18 08:25:50] [Coordinator] 并行启动 5 个 writer.py 实例
[2026-05-18 08:25:50] [Coordinator] 执行: D:\soft\py\python.exe D:\AiProject\Node\novels5\scripts\writer.py --start 1969 --end 1974
[2026-05-18 08:25:50] [Coordinator] 执行: D:\soft\py\python.exe D:\AiProject\Node\novels5\scripts\writer.py --start 1975 --end 1980
[2026-05-18 08:25:50] [Coordinator] 执行: D:\soft\py\python.exe D:\AiProject\Node\novels5\scripts\writer.py --start 1981 --end 1986
[2026-05-18 08:25:50] [Coordinator] 执行: D:\soft\py\python.exe D:\AiProject\Node\novels5\scripts\writer.py --start 1987 --end 1992
[2026-05-18 08:25:50] [Coordinator] 执行: D:\soft\py\python.exe D:\AiProject\Node\novels5\scripts\writer.py --start 1993 --end 1998
[2026-05-18 08:26:05] [Coordinator] writer.py 1969-1974 完成 (rc=0)
[2026-05-18 08:26:05] [Coordinator] writer.py 1975-1980 完成 (rc=0)
[2026-05-18 08:26:05] [Coordinator] writer.py 1981-1986 完成 (rc=0)
[2026-05-18 08:26:05] [Coordinator] writer.py 1987-1992 完成 (rc=0)
[2026-05-18 08:26:05] [Coordinator] writer.py 1993-1998 完成 (rc=0)
[2026-05-18 08:26:05] ============================================================
[2026-05-18 08:26:05] [Coordinator] 生成总结报告
[2026-05-18 08:26:05] ============================================================
[2026-05-18 08:26:05] [Coordinator] 总结报告: 已完成 2000/2000 章
[2026-05-18 08:26:05] [Coordinator] 总字数: 11,145,347 字
[2026-05-18 08:26:05] [Coordinator] 平均评分: 7.68
[2026-05-18 08:26:05] [Coordinator] 需重写: 32 章
[2026-05-18 08:26:05] [Coordinator] 第 1969-2000 章完成，暂停3秒...
[2026-05-18 08:26:08] ============================================================
[2026-05-18 08:26:08] [Coordinator] 处理重写队列: 7 章
[2026-05-18 08:26:08] ============================================================
[2026-05-18 08:26:08] [Coordinator] 执行: D:\soft\py\python.exe D:\AiProject\Node\novels5\scripts\rewrite_agent.py
[2026-05-18 08:26:08] [Coordinator] Rewrite Agent 完成 (rc=0)
[2026-05-18 08:26:08] ============================================================
[2026-05-18 08:26:08] [Coordinator] 生成总结报告
[2026-05-18 08:26:08] ============================================================
[2026-05-18 08:26:09] [Coordinator] 总结报告: 已完成 2000/2000 章
[2026-05-18 08:26:09] [Coordinator] 总字数: 11,145,732 字
[2026-05-18 08:26:09] [Coordinator] 平均评分: 7.68
[2026-05-18 08:26:09] [Coordinator] 需重写: 32 章
[2026-05-18 08:26:09] ============================================================
[2026-05-18 08:26:09] [Coordinator] 全部任务完成
[2026-05-18 08:26:09] [Coordinator] 总进度: 2000/2000 章
[2026-05-18 08:26:09] [Coordinator] 总字数: 11,145,732 字
[2026-05-18 08:26:09] ============================================================
