============================================================
Rewrite Agent 启动
============================================================
需要重写的章节: 7 个
  第84章: 评分6.5 [需修改]
  第257章: 评分6.5 [需修改]
  第291章: 评分6.5 [需修改]
  第473章: 评分5.5 [需修改]
  第530章: 评分6.8 [需修改]
  第584章: 评分6.5 [需修改]
  第658章: 评分6.5 [需修改]
[2026-05-18 08:26:00] [Rewrite] 第84章终稿已存在，跳过
[2026-05-18 08:26:00] [Rewrite] 第257章终稿已存在，跳过
[2026-05-18 08:26:00] [Rewrite] 第291章终稿已存在，跳过
[2026-05-18 08:26:00] [Rewrite] 第473章终稿已存在，跳过
[2026-05-18 08:26:00] [Rewrite] 第530章终稿已存在，跳过
[2026-05-18 08:26:00] [Rewrite] 第584章终稿已存在，跳过
[2026-05-18 08:26:00] [Rewrite] 第658章终稿已存在，跳过
[2026-05-18 08:26:00] [Rewrite] 完成: 成功0章, 失败0章
======================================================================
  2000章玄幻小说Agent系统 - Coordinator (60 Agent 版本)
======================================================================
[2026-05-18 08:12:31] [Coordinator] 企业微信进度推送已启动（每2分钟）
[2026-05-18 08:12:31] [Coordinator] 当前进度: 已生成 1906 章，已审查 720 章
[2026-05-18 08:12:31] [Coordinator] 世界观、大纲(2000章)、角色档案已存在
[2026-05-18 08:12:31] [Coordinator] 生成范围: 第1907-2000章（大纲共2000章），批次大小: 40
[2026-05-18 08:12:31] [Coordinator] 配额 MiniMax-M*: 2089/4500, 剩余 2411
[2026-05-18 08:12:31] [Coordinator] 配额 speech-hd: 0/19000, 剩余 19000
[2026-05-18 08:12:31] [Coordinator] 配额 MiniMax-Hailuo-2.3-Fast-6s-768p: 0/3, 剩余 3
[2026-05-18 08:12:31] [Coordinator] 配额 MiniMax-Hailuo-2.3-6s-768p: 0/3, 剩余 3
[2026-05-18 08:12:31] [Coordinator] 配额 music-2.5: 0/7, 剩余 7
[2026-05-18 08:12:31] [Coordinator] 配额 music-2.6: 0/100, 剩余 100
[2026-05-18 08:12:31] [Coordinator] 配额 music-cover: 0/100, 剩余 100
[2026-05-18 08:12:31] [Coordinator] 配额 lyrics_generation: 0/100, 剩余 100
[2026-05-18 08:12:31] [Coordinator] 配额 image-01: 0/200, 剩余 200
[2026-05-18 08:12:31] [Coordinator] 配额 coding-plan-vlm: 0/450, 剩余 450
[2026-05-18 08:12:31] [Coordinator] 配额 coding-plan-search: 0/450, 剩余 450
[2026-05-18 08:12:31] [Coordinator] ===== 开始第 1907-1946 章 =====
[2026-05-18 08:12:31] [Coordinator] 并行启动 5 个 writer.py 实例
[2026-05-18 08:12:31] [Coordinator] 执行: D:\soft\py\python.exe D:\AiProject\Node\novels5\scripts\writer.py --start 1907 --end 1914
[2026-05-18 08:12:31] [Coordinator] 执行: D:\soft\py\python.exe D:\AiProject\Node\novels5\scripts\writer.py --start 1915 --end 1922
[2026-05-18 08:12:31] [Coordinator] 执行: D:\soft\py\python.exe D:\AiProject\Node\novels5\scripts\writer.py --start 1923 --end 1930
[2026-05-18 08:12:31] [Coordinator] 执行: D:\soft\py\python.exe D:\AiProject\Node\novels5\scripts\writer.py --start 1931 --end 1938
[2026-05-18 08:12:31] [Coordinator] 执行: D:\soft\py\python.exe D:\AiProject\Node\novels5\scripts\writer.py --start 1939 --end 1946
[2026-05-18 08:14:32] [WeChat] 进度已推送: 初稿1867/2000, 审查713/2000
[2026-05-18 08:16:32] [WeChat] 进度已推送: 初稿1897/2000, 审查713/2000
[2026-05-18 08:18:33] [WeChat] 进度已推送: 初稿1931/2000, 审查713/2000
[2026-05-18 08:20:33] [WeChat] 进度已推送: 初稿1967/2000, 审查713/2000
[2026-05-18 08:21:32] [Coordinator] writer.py 1923-1930 完成 (rc=0)
[2026-05-18 08:21:38] [Coordinator] writer.py 1907-1914 完成 (rc=0)
[2026-05-18 08:22:34] [WeChat] 进度已推送: 初稿1990/2000, 审查713/2000
[2026-05-18 08:22:56] [Coordinator] writer.py 1915-1922 完成 (rc=0)
[2026-05-18 08:23:05] [Coordinator] writer.py 1939-1946 完成 (rc=0)
[2026-05-18 08:23:35] [Coordinator] writer.py 1931-1938 完成 (rc=0)
[2026-05-18 08:23:35] [Coordinator] 第 1907-1946 章完成，暂停3秒...
[2026-05-18 08:23:38] [Coordinator] 配额 MiniMax-M*: 2611/4500, 剩余 1889
[2026-05-18 08:23:38] [Coordinator] 配额 speech-hd: 0/19000, 剩余 19000
[2026-05-18 08:23:38] [Coordinator] 配额 MiniMax-Hailuo-2.3-Fast-6s-768p: 0/3, 剩余 3
[2026-05-18 08:23:38] [Coordinator] 配额 MiniMax-Hailuo-2.3-6s-768p: 0/3, 剩余 3
[2026-05-18 08:23:38] [Coordinator] 配额 music-2.5: 0/7, 剩余 7
[2026-05-18 08:23:38] [Coordinator] 配额 music-2.6: 0/100, 剩余 100
[2026-05-18 08:23:38] [Coordinator] 配额 music-cover: 0/100, 剩余 100
[2026-05-18 08:23:38] [Coordinator] 配额 lyrics_generation: 0/100, 剩余 100
[2026-05-18 08:23:38] [Coordinator] 配额 image-01: 0/200, 剩余 200
[2026-05-18 08:23:38] [Coordinator] 配额 coding-plan-vlm: 0/450, 剩余 450
[2026-05-18 08:23:38] [Coordinator] 配额 coding-plan-search: 0/450, 剩余 450
[2026-05-18 08:23:38] [Coordinator] ===== 开始第 1947-1986 章 =====
[2026-05-18 08:23:38] [Coordinator] 并行启动 5 个 writer.py 实例
[2026-05-18 08:23:38] [Coordinator] 执行: D:\soft\py\python.exe D:\AiProject\Node\novels5\scripts\writer.py --start 1947 --end 1954
[2026-05-18 08:23:38] [Coordinator] 执行: D:\soft\py\python.exe D:\AiProject\Node\novels5\scripts\writer.py --start 1955 --end 1962
[2026-05-18 08:23:38] [Coordinator] 执行: D:\soft\py\python.exe D:\AiProject\Node\novels5\scripts\writer.py --start 1963 --end 1970
[2026-05-18 08:23:38] [Coordinator] 执行: D:\soft\py\python.exe D:\AiProject\Node\novels5\scripts\writer.py --start 1971 --end 1978
[2026-05-18 08:23:38] [Coordinator] 执行: D:\soft\py\python.exe D:\AiProject\Node\novels5\scripts\writer.py --start 1979 --end 1986
[2026-05-18 08:23:56] [Coordinator] writer.py 1947-1954 完成 (rc=0)
[2026-05-18 08:23:56] [Coordinator] writer.py 1979-1986 完成 (rc=0)
[2026-05-18 08:24:34] [WeChat] 进度已推送: 初稿1997/2000, 审查713/2000
[2026-05-18 08:25:11] [Coordinator] writer.py 1971-1978 完成 (rc=0)
[2026-05-18 08:25:26] [Coordinator] writer.py 1955-1962 完成 (rc=0)
[2026-05-18 08:25:47] [Coordinator] writer.py 1963-1970 完成 (rc=0)
[2026-05-18 08:25:47] [Coordinator] 第 1947-1986 章完成，暂停3秒...
[2026-05-18 08:25:51] [Coordinator] 配额 MiniMax-M*: 2686/4500, 剩余 1814
[2026-05-18 08:25:51] [Coordinator] 配额 speech-hd: 0/19000, 剩余 19000
[2026-05-18 08:25:51] [Coordinator] 配额 MiniMax-Hailuo-2.3-Fast-6s-768p: 0/3, 剩余 3
[2026-05-18 08:25:51] [Coordinator] 配额 MiniMax-Hailuo-2.3-6s-768p: 0/3, 剩余 3
[2026-05-18 08:25:51] [Coordinator] 配额 music-2.5: 0/7, 剩余 7
[2026-05-18 08:25:51] [Coordinator] 配额 music-2.6: 0/100, 剩余 100
[2026-05-18 08:25:51] [Coordinator] 配额 music-cover: 0/100, 剩余 100
[2026-05-18 08:25:51] [Coordinator] 配额 lyrics_generation: 0/100, 剩余 100
[2026-05-18 08:25:51] [Coordinator] 配额 image-01: 0/200, 剩余 200
[2026-05-18 08:25:51] [Coordinator] 配额 coding-plan-vlm: 0/450, 剩余 450
[2026-05-18 08:25:51] [Coordinator] 配额 coding-plan-search: 0/450, 剩余 450
[2026-05-18 08:25:51] [Coordinator] ===== 开始第 1987-2000 章 =====
[2026-05-18 08:25:51] [Coordinator] 并行启动 5 个 writer.py 实例
[2026-05-18 08:25:51] [Coordinator] 执行: D:\soft\py\python.exe D:\AiProject\Node\novels5\scripts\writer.py --start 1987 --end 1988
[2026-05-18 08:25:51] [Coordinator] 执行: D:\soft\py\python.exe D:\AiProject\Node\novels5\scripts\writer.py --start 1989 --end 1990
[2026-05-18 08:25:51] [Coordinator] 执行: D:\soft\py\python.exe D:\AiProject\Node\novels5\scripts\writer.py --start 1991 --end 1992
[2026-05-18 08:25:51] [Coordinator] 执行: D:\soft\py\python.exe D:\AiProject\Node\novels5\scripts\writer.py --start 1993 --end 1994
[2026-05-18 08:25:51] [Coordinator] 执行: D:\soft\py\python.exe D:\AiProject\Node\novels5\scripts\writer.py --start 1995 --end 1996
[2026-05-18 08:25:57] [Coordinator] writer.py 1987-1988 完成 (rc=0)
[2026-05-18 08:25:57] [Coordinator] writer.py 1989-1990 完成 (rc=0)
[2026-05-18 08:25:57] [Coordinator] writer.py 1991-1992 完成 (rc=0)
[2026-05-18 08:25:57] [Coordinator] writer.py 1993-1994 完成 (rc=0)
[2026-05-18 08:25:57] [Coordinator] writer.py 1995-1996 完成 (rc=0)
[2026-05-18 08:25:57] ============================================================
[2026-05-18 08:25:57] [Coordinator] 生成总结报告
[2026-05-18 08:25:57] ============================================================
[2026-05-18 08:25:57] [Coordinator] 总结报告: 已完成 2000/2000 章
[2026-05-18 08:25:57] [Coordinator] 总字数: 11,143,726 字
[2026-05-18 08:25:57] [Coordinator] 平均评分: 7.68
[2026-05-18 08:25:57] [Coordinator] 需重写: 32 章
[2026-05-18 08:25:57] [Coordinator] 第 1987-2000 章完成，暂停3秒...
[2026-05-18 08:26:00] ============================================================
[2026-05-18 08:26:00] [Coordinator] 处理重写队列: 7 章
[2026-05-18 08:26:00] ============================================================
[2026-05-18 08:26:00] [Coordinator] 执行: D:\soft\py\python.exe D:\AiProject\Node\novels5\scripts\rewrite_agent.py
[2026-05-18 08:26:00] [Coordinator] Rewrite Agent 完成 (rc=0)
[2026-05-18 08:26:00] ============================================================
[2026-05-18 08:26:00] [Coordinator] 生成总结报告
[2026-05-18 08:26:00] ============================================================
[2026-05-18 08:26:01] [Coordinator] 总结报告: 已完成 2000/2000 章
[2026-05-18 08:26:01] [Coordinator] 总字数: 11,146,794 字
[2026-05-18 08:26:01] [Coordinator] 平均评分: 7.68
[2026-05-18 08:26:01] [Coordinator] 需重写: 32 章
[2026-05-18 08:26:01] ============================================================
[2026-05-18 08:26:01] [Coordinator] 全部任务完成
[2026-05-18 08:26:01] [Coordinator] 总进度: 2000/2000 章
[2026-05-18 08:26:01] [Coordinator] 总字数: 11,146,794 字
[2026-05-18 08:26:01] ============================================================
