======================================================================
  2000章玄幻小说Agent系统 - Coordinator (60 Agent 版本)
======================================================================
[2026-05-18 07:56:28] [Coordinator] 企业微信进度推送已启动（每2分钟）
[2026-05-18 07:56:28] [Coordinator] 当前进度: 已生成 1674 章，已审查 720 章
[2026-05-18 07:56:28] [Coordinator] 世界观、大纲(2000章)、角色档案已存在
[2026-05-18 07:56:28] [Coordinator] 生成范围: 第1675-2000章（大纲共2000章），批次大小: 40
[2026-05-18 07:56:29] [Coordinator] 配额 MiniMax-M*: 1506/4500, 剩余 2994
[2026-05-18 07:56:29] [Coordinator] 配额 speech-hd: 0/19000, 剩余 19000
[2026-05-18 07:56:29] [Coordinator] 配额 MiniMax-Hailuo-2.3-Fast-6s-768p: 0/3, 剩余 3
[2026-05-18 07:56:29] [Coordinator] 配额 MiniMax-Hailuo-2.3-6s-768p: 0/3, 剩余 3
[2026-05-18 07:56:29] [Coordinator] 配额 music-2.5: 0/7, 剩余 7
[2026-05-18 07:56:29] [Coordinator] 配额 music-2.6: 0/100, 剩余 100
[2026-05-18 07:56:29] [Coordinator] 配额 music-cover: 0/100, 剩余 100
[2026-05-18 07:56:29] [Coordinator] 配额 lyrics_generation: 0/100, 剩余 100
[2026-05-18 07:56:29] [Coordinator] 配额 image-01: 0/200, 剩余 200
[2026-05-18 07:56:29] [Coordinator] 配额 coding-plan-vlm: 0/450, 剩余 450
[2026-05-18 07:56:29] [Coordinator] 配额 coding-plan-search: 0/450, 剩余 450
[2026-05-18 07:56:29] [Coordinator] ===== 开始第 1675-1714 章 =====
[2026-05-18 07:56:29] [Coordinator] 并行启动 5 个 writer.py 实例
[2026-05-18 07:56:29] [Coordinator] 执行: D:\soft\py\python.exe D:\AiProject\Node\novels5\scripts\writer.py --start 1675 --end 1682
[2026-05-18 07:56:29] [Coordinator] 执行: D:\soft\py\python.exe D:\AiProject\Node\novels5\scripts\writer.py --start 1683 --end 1690
[2026-05-18 07:56:29] [Coordinator] 执行: D:\soft\py\python.exe D:\AiProject\Node\novels5\scripts\writer.py --start 1691 --end 1698
[2026-05-18 07:56:29] [Coordinator] 执行: D:\soft\py\python.exe D:\AiProject\Node\novels5\scripts\writer.py --start 1699 --end 1706
[2026-05-18 07:56:29] [Coordinator] 执行: D:\soft\py\python.exe D:\AiProject\Node\novels5\scripts\writer.py --start 1707 --end 1714
[2026-05-18 07:58:28] [WeChat] 进度已推送: 初稿1640/2000, 审查713/2000
[2026-05-18 08:00:29] [WeChat] 进度已推送: 初稿1677/2000, 审查713/2000
[2026-05-18 08:02:29] [WeChat] 进度已推送: 初稿1700/2000, 审查713/2000
[2026-05-18 08:04:30] [WeChat] 进度已推送: 初稿1720/2000, 审查713/2000
[2026-05-18 08:06:30] [WeChat] 进度已推送: 初稿1743/2000, 审查713/2000
[2026-05-18 08:06:32] [Coordinator] writer.py 1699-1706 完成 (rc=0)
[2026-05-18 08:06:41] [Coordinator] writer.py 1707-1714 完成 (rc=0)
[2026-05-18 08:06:56] [Coordinator] writer.py 1683-1690 完成 (rc=0)
[2026-05-18 08:06:59] [Coordinator] writer.py 1675-1682 完成 (rc=0)
[2026-05-18 08:06:59] [Coordinator] writer.py 1691-1698 完成 (rc=0)
[2026-05-18 08:06:59] [Coordinator] 第 1675-1714 章完成，暂停3秒...
[2026-05-18 08:07:02] [Coordinator] 配额 MiniMax-M*: 1858/4500, 剩余 2642
[2026-05-18 08:07:02] [Coordinator] 配额 speech-hd: 0/19000, 剩余 19000
[2026-05-18 08:07:02] [Coordinator] 配额 MiniMax-Hailuo-2.3-Fast-6s-768p: 0/3, 剩余 3
[2026-05-18 08:07:02] [Coordinator] 配额 MiniMax-Hailuo-2.3-6s-768p: 0/3, 剩余 3
[2026-05-18 08:07:02] [Coordinator] 配额 music-2.5: 0/7, 剩余 7
[2026-05-18 08:07:02] [Coordinator] 配额 music-2.6: 0/100, 剩余 100
[2026-05-18 08:07:02] [Coordinator] 配额 music-cover: 0/100, 剩余 100
[2026-05-18 08:07:02] [Coordinator] 配额 lyrics_generation: 0/100, 剩余 100
[2026-05-18 08:07:02] [Coordinator] 配额 image-01: 0/200, 剩余 200
[2026-05-18 08:07:02] [Coordinator] 配额 coding-plan-vlm: 0/450, 剩余 450
[2026-05-18 08:07:02] [Coordinator] 配额 coding-plan-search: 0/450, 剩余 450
[2026-05-18 08:07:02] [Coordinator] ===== 开始第 1715-1754 章 =====
[2026-05-18 08:07:02] [Coordinator] 并行启动 5 个 writer.py 实例
[2026-05-18 08:07:02] [Coordinator] 执行: D:\soft\py\python.exe D:\AiProject\Node\novels5\scripts\writer.py --start 1715 --end 1722
[2026-05-18 08:07:02] [Coordinator] 执行: D:\soft\py\python.exe D:\AiProject\Node\novels5\scripts\writer.py --start 1723 --end 1730
[2026-05-18 08:07:02] [Coordinator] 执行: D:\soft\py\python.exe D:\AiProject\Node\novels5\scripts\writer.py --start 1731 --end 1738
[2026-05-18 08:07:02] [Coordinator] 执行: D:\soft\py\python.exe D:\AiProject\Node\novels5\scripts\writer.py --start 1739 --end 1746
[2026-05-18 08:07:02] [Coordinator] 执行: D:\soft\py\python.exe D:\AiProject\Node\novels5\scripts\writer.py --start 1747 --end 1754
[2026-05-18 08:08:26] [Coordinator] writer.py 1731-1738 完成 (rc=0)
[2026-05-18 08:08:29] [Coordinator] writer.py 1723-1730 完成 (rc=0)
[2026-05-18 08:08:31] [WeChat] 进度已推送: 初稿1774/2000, 审查713/2000
[2026-05-18 08:08:35] [Coordinator] writer.py 1739-1746 完成 (rc=0)
[2026-05-18 08:08:59] [Coordinator] writer.py 1715-1722 完成 (rc=0)
[2026-05-18 08:09:56] [Coordinator] writer.py 1747-1754 完成 (rc=0)
[2026-05-18 08:09:56] [Coordinator] 第 1715-1754 章完成，暂停3秒...
[2026-05-18 08:10:00] [Coordinator] 配额 MiniMax-M*: 1974/4500, 剩余 2526
[2026-05-18 08:10:00] [Coordinator] 配额 speech-hd: 0/19000, 剩余 19000
[2026-05-18 08:10:00] [Coordinator] 配额 MiniMax-Hailuo-2.3-Fast-6s-768p: 0/3, 剩余 3
[2026-05-18 08:10:00] [Coordinator] 配额 MiniMax-Hailuo-2.3-6s-768p: 0/3, 剩余 3
[2026-05-18 08:10:00] [Coordinator] 配额 music-2.5: 0/7, 剩余 7
[2026-05-18 08:10:00] [Coordinator] 配额 music-2.6: 0/100, 剩余 100
[2026-05-18 08:10:00] [Coordinator] 配额 music-cover: 0/100, 剩余 100
[2026-05-18 08:10:00] [Coordinator] 配额 lyrics_generation: 0/100, 剩余 100
[2026-05-18 08:10:00] [Coordinator] 配额 image-01: 0/200, 剩余 200
[2026-05-18 08:10:00] [Coordinator] 配额 coding-plan-vlm: 0/450, 剩余 450
[2026-05-18 08:10:00] [Coordinator] 配额 coding-plan-search: 0/450, 剩余 450
[2026-05-18 08:10:00] [Coordinator] ===== 开始第 1755-1794 章 =====
[2026-05-18 08:10:00] [Coordinator] 并行启动 5 个 writer.py 实例
[2026-05-18 08:10:00] [Coordinator] 执行: D:\soft\py\python.exe D:\AiProject\Node\novels5\scripts\writer.py --start 1755 --end 1762
[2026-05-18 08:10:00] [Coordinator] 执行: D:\soft\py\python.exe D:\AiProject\Node\novels5\scripts\writer.py --start 1763 --end 1770
[2026-05-18 08:10:00] [Coordinator] 执行: D:\soft\py\python.exe D:\AiProject\Node\novels5\scripts\writer.py --start 1771 --end 1778
[2026-05-18 08:10:00] [Coordinator] 执行: D:\soft\py\python.exe D:\AiProject\Node\novels5\scripts\writer.py --start 1779 --end 1786
[2026-05-18 08:10:00] [Coordinator] 执行: D:\soft\py\python.exe D:\AiProject\Node\novels5\scripts\writer.py --start 1787 --end 1794
[2026-05-18 08:10:31] [WeChat] 进度已推送: 初稿1801/2000, 审查713/2000
[2026-05-18 08:11:21] [Coordinator] writer.py 1763-1770 完成 (rc=0)
[2026-05-18 08:12:31] [WeChat] 进度已推送: 初稿1835/2000, 审查713/2000
[2026-05-18 08:12:42] [Coordinator] writer.py 1779-1786 完成 (rc=0)
[2026-05-18 08:13:06] [Coordinator] writer.py 1755-1762 完成 (rc=0)
[2026-05-18 08:13:15] [Coordinator] writer.py 1771-1778 完成 (rc=0)
[2026-05-18 08:14:03] [Coordinator] writer.py 1787-1794 完成 (rc=0)
[2026-05-18 08:14:03] [Coordinator] 第 1755-1794 章完成，暂停3秒...
[2026-05-18 08:14:06] [Coordinator] 配额 MiniMax-M*: 2154/4500, 剩余 2346
[2026-05-18 08:14:06] [Coordinator] 配额 speech-hd: 0/19000, 剩余 19000
[2026-05-18 08:14:06] [Coordinator] 配额 MiniMax-Hailuo-2.3-Fast-6s-768p: 0/3, 剩余 3
[2026-05-18 08:14:06] [Coordinator] 配额 MiniMax-Hailuo-2.3-6s-768p: 0/3, 剩余 3
[2026-05-18 08:14:06] [Coordinator] 配额 music-2.5: 0/7, 剩余 7
[2026-05-18 08:14:06] [Coordinator] 配额 music-2.6: 0/100, 剩余 100
[2026-05-18 08:14:06] [Coordinator] 配额 music-cover: 0/100, 剩余 100
[2026-05-18 08:14:06] [Coordinator] 配额 lyrics_generation: 0/100, 剩余 100
[2026-05-18 08:14:06] [Coordinator] 配额 image-01: 0/200, 剩余 200
[2026-05-18 08:14:06] [Coordinator] 配额 coding-plan-vlm: 0/450, 剩余 450
[2026-05-18 08:14:06] [Coordinator] 配额 coding-plan-search: 0/450, 剩余 450
[2026-05-18 08:14:06] [Coordinator] ===== 开始第 1795-1834 章 =====
[2026-05-18 08:14:06] [Coordinator] 并行启动 5 个 writer.py 实例
[2026-05-18 08:14:06] [Coordinator] 执行: D:\soft\py\python.exe D:\AiProject\Node\novels5\scripts\writer.py --start 1795 --end 1802
[2026-05-18 08:14:06] [Coordinator] 执行: D:\soft\py\python.exe D:\AiProject\Node\novels5\scripts\writer.py --start 1803 --end 1810
[2026-05-18 08:14:06] [Coordinator] 执行: D:\soft\py\python.exe D:\AiProject\Node\novels5\scripts\writer.py --start 1811 --end 1818
[2026-05-18 08:14:06] [Coordinator] 执行: D:\soft\py\python.exe D:\AiProject\Node\novels5\scripts\writer.py --start 1819 --end 1826
[2026-05-18 08:14:06] [Coordinator] 执行: D:\soft\py\python.exe D:\AiProject\Node\novels5\scripts\writer.py --start 1827 --end 1834
[2026-05-18 08:14:32] [WeChat] 进度已推送: 初稿1867/2000, 审查713/2000
[2026-05-18 08:15:36] [Coordinator] writer.py 1819-1826 完成 (rc=0)
[2026-05-18 08:15:39] [Coordinator] writer.py 1803-1810 完成 (rc=0)
[2026-05-18 08:15:42] [Coordinator] writer.py 1811-1818 完成 (rc=0)
[2026-05-18 08:16:06] [Coordinator] writer.py 1795-1802 完成 (rc=0)
[2026-05-18 08:16:32] [WeChat] 进度已推送: 初稿1898/2000, 审查713/2000
[2026-05-18 08:17:33] [Coordinator] writer.py 1827-1834 完成 (rc=0)
[2026-05-18 08:17:33] [Coordinator] 第 1795-1834 章完成，暂停3秒...
[2026-05-18 08:17:37] [Coordinator] 配额 MiniMax-M*: 2333/4500, 剩余 2167
[2026-05-18 08:17:37] [Coordinator] 配额 speech-hd: 0/19000, 剩余 19000
[2026-05-18 08:17:37] [Coordinator] 配额 MiniMax-Hailuo-2.3-Fast-6s-768p: 0/3, 剩余 3
[2026-05-18 08:17:37] [Coordinator] 配额 MiniMax-Hailuo-2.3-6s-768p: 0/3, 剩余 3
[2026-05-18 08:17:37] [Coordinator] 配额 music-2.5: 0/7, 剩余 7
[2026-05-18 08:17:37] [Coordinator] 配额 music-2.6: 0/100, 剩余 100
[2026-05-18 08:17:37] [Coordinator] 配额 music-cover: 0/100, 剩余 100
[2026-05-18 08:17:37] [Coordinator] 配额 lyrics_generation: 0/100, 剩余 100
[2026-05-18 08:17:37] [Coordinator] 配额 image-01: 0/200, 剩余 200
[2026-05-18 08:17:37] [Coordinator] 配额 coding-plan-vlm: 0/450, 剩余 450
[2026-05-18 08:17:37] [Coordinator] 配额 coding-plan-search: 0/450, 剩余 450
[2026-05-18 08:17:37] [Coordinator] ===== 开始第 1835-1874 章 =====
[2026-05-18 08:17:37] [Coordinator] 并行启动 5 个 writer.py 实例
[2026-05-18 08:17:37] [Coordinator] 执行: D:\soft\py\python.exe D:\AiProject\Node\novels5\scripts\writer.py --start 1835 --end 1842
[2026-05-18 08:17:37] [Coordinator] 执行: D:\soft\py\python.exe D:\AiProject\Node\novels5\scripts\writer.py --start 1843 --end 1850
[2026-05-18 08:17:37] [Coordinator] 执行: D:\soft\py\python.exe D:\AiProject\Node\novels5\scripts\writer.py --start 1851 --end 1858
[2026-05-18 08:17:37] [Coordinator] 执行: D:\soft\py\python.exe D:\AiProject\Node\novels5\scripts\writer.py --start 1859 --end 1866
[2026-05-18 08:17:37] [Coordinator] 执行: D:\soft\py\python.exe D:\AiProject\Node\novels5\scripts\writer.py --start 1867 --end 1874
[2026-05-18 08:17:55] [Coordinator] writer.py 1835-1842 完成 (rc=0)
[2026-05-18 08:17:55] [Coordinator] writer.py 1843-1850 完成 (rc=0)
[2026-05-18 08:18:33] [WeChat] 进度已推送: 初稿1931/2000, 审查713/2000
[2026-05-18 08:18:55] [Coordinator] writer.py 1867-1874 完成 (rc=0)
[2026-05-18 08:19:04] [Coordinator] writer.py 1851-1858 完成 (rc=0)
[2026-05-18 08:19:25] [Coordinator] writer.py 1859-1866 完成 (rc=0)
[2026-05-18 08:19:25] [Coordinator] 第 1835-1874 章完成，暂停3秒...
[2026-05-18 08:19:29] [Coordinator] 配额 MiniMax-M*: 2430/4500, 剩余 2070
[2026-05-18 08:19:29] [Coordinator] 配额 speech-hd: 0/19000, 剩余 19000
[2026-05-18 08:19:29] [Coordinator] 配额 MiniMax-Hailuo-2.3-Fast-6s-768p: 0/3, 剩余 3
[2026-05-18 08:19:29] [Coordinator] 配额 MiniMax-Hailuo-2.3-6s-768p: 0/3, 剩余 3
[2026-05-18 08:19:29] [Coordinator] 配额 music-2.5: 0/7, 剩余 7
[2026-05-18 08:19:29] [Coordinator] 配额 music-2.6: 0/100, 剩余 100
[2026-05-18 08:19:29] [Coordinator] 配额 music-cover: 0/100, 剩余 100
[2026-05-18 08:19:29] [Coordinator] 配额 lyrics_generation: 0/100, 剩余 100
[2026-05-18 08:19:29] [Coordinator] 配额 image-01: 0/200, 剩余 200
[2026-05-18 08:19:29] [Coordinator] 配额 coding-plan-vlm: 0/450, 剩余 450
[2026-05-18 08:19:29] [Coordinator] 配额 coding-plan-search: 0/450, 剩余 450
[2026-05-18 08:19:29] [Coordinator] ===== 开始第 1875-1914 章 =====
[2026-05-18 08:19:29] [Coordinator] 并行启动 5 个 writer.py 实例
[2026-05-18 08:19:29] [Coordinator] 执行: D:\soft\py\python.exe D:\AiProject\Node\novels5\scripts\writer.py --start 1875 --end 1882
[2026-05-18 08:19:29] [Coordinator] 执行: D:\soft\py\python.exe D:\AiProject\Node\novels5\scripts\writer.py --start 1883 --end 1890
[2026-05-18 08:19:29] [Coordinator] 执行: D:\soft\py\python.exe D:\AiProject\Node\novels5\scripts\writer.py --start 1891 --end 1898
[2026-05-18 08:19:29] [Coordinator] 执行: D:\soft\py\python.exe D:\AiProject\Node\novels5\scripts\writer.py --start 1899 --end 1906
[2026-05-18 08:19:29] [Coordinator] 执行: D:\soft\py\python.exe D:\AiProject\Node\novels5\scripts\writer.py --start 1907 --end 1914
[2026-05-18 08:19:47] [Coordinator] writer.py 1875-1882 完成 (rc=0)
[2026-05-18 08:20:33] [WeChat] 进度已推送: 初稿1967/2000, 审查713/2000
[2026-05-18 08:20:38] [Coordinator] writer.py 1883-1890 完成 (rc=0)
[2026-05-18 08:20:38] [Coordinator] writer.py 1891-1898 完成 (rc=0)
[2026-05-18 08:21:50] [Coordinator] writer.py 1907-1914 完成 (rc=0)
[2026-05-18 08:22:11] [Coordinator] writer.py 1899-1906 完成 (rc=0)
[2026-05-18 08:22:11] [Coordinator] 第 1875-1914 章完成，暂停3秒...
[2026-05-18 08:22:14] [Coordinator] 配额 MiniMax-M*: 2568/4500, 剩余 1932
[2026-05-18 08:22:14] [Coordinator] 配额 speech-hd: 0/19000, 剩余 19000
[2026-05-18 08:22:14] [Coordinator] 配额 MiniMax-Hailuo-2.3-Fast-6s-768p: 0/3, 剩余 3
[2026-05-18 08:22:14] [Coordinator] 配额 MiniMax-Hailuo-2.3-6s-768p: 0/3, 剩余 3
[2026-05-18 08:22:14] [Coordinator] 配额 music-2.5: 0/7, 剩余 7
[2026-05-18 08:22:14] [Coordinator] 配额 music-2.6: 0/100, 剩余 100
[2026-05-18 08:22:14] [Coordinator] 配额 music-cover: 0/100, 剩余 100
[2026-05-18 08:22:14] [Coordinator] 配额 lyrics_generation: 0/100, 剩余 100
[2026-05-18 08:22:14] [Coordinator] 配额 image-01: 0/200, 剩余 200
[2026-05-18 08:22:14] [Coordinator] 配额 coding-plan-vlm: 0/450, 剩余 450
[2026-05-18 08:22:14] [Coordinator] 配额 coding-plan-search: 0/450, 剩余 450
[2026-05-18 08:22:14] [Coordinator] ===== 开始第 1915-1954 章 =====
[2026-05-18 08:22:14] [Coordinator] 并行启动 5 个 writer.py 实例
[2026-05-18 08:22:14] [Coordinator] 执行: D:\soft\py\python.exe D:\AiProject\Node\novels5\scripts\writer.py --start 1915 --end 1922
[2026-05-18 08:22:14] [Coordinator] 执行: D:\soft\py\python.exe D:\AiProject\Node\novels5\scripts\writer.py --start 1923 --end 1930
[2026-05-18 08:22:14] [Coordinator] 执行: D:\soft\py\python.exe D:\AiProject\Node\novels5\scripts\writer.py --start 1931 --end 1938
[2026-05-18 08:22:14] [Coordinator] 执行: D:\soft\py\python.exe D:\AiProject\Node\novels5\scripts\writer.py --start 1939 --end 1946
[2026-05-18 08:22:14] [Coordinator] 执行: D:\soft\py\python.exe D:\AiProject\Node\novels5\scripts\writer.py --start 1947 --end 1954
[2026-05-18 08:22:32] [Coordinator] writer.py 1915-1922 完成 (rc=0)
[2026-05-18 08:22:32] [Coordinator] writer.py 1923-1930 完成 (rc=0)
[2026-05-18 08:22:32] [Coordinator] writer.py 1931-1938 完成 (rc=0)
[2026-05-18 08:22:34] [WeChat] 进度已推送: 初稿1990/2000, 审查713/2000
[2026-05-18 08:24:23] [Coordinator] writer.py 1947-1954 完成 (rc=0)
[2026-05-18 08:24:29] [Coordinator] writer.py 1939-1946 完成 (rc=0)
[2026-05-18 08:24:29] [Coordinator] 第 1915-1954 章完成，暂停3秒...
[2026-05-18 08:24:33] [Coordinator] 配额 MiniMax-M*: 2646/4500, 剩余 1854
[2026-05-18 08:24:33] [Coordinator] 配额 speech-hd: 0/19000, 剩余 19000
[2026-05-18 08:24:33] [Coordinator] 配额 MiniMax-Hailuo-2.3-Fast-6s-768p: 0/3, 剩余 3
[2026-05-18 08:24:33] [Coordinator] 配额 MiniMax-Hailuo-2.3-6s-768p: 0/3, 剩余 3
[2026-05-18 08:24:33] [Coordinator] 配额 music-2.5: 0/7, 剩余 7
[2026-05-18 08:24:33] [Coordinator] 配额 music-2.6: 0/100, 剩余 100
[2026-05-18 08:24:33] [Coordinator] 配额 music-cover: 0/100, 剩余 100
[2026-05-18 08:24:33] [Coordinator] 配额 lyrics_generation: 0/100, 剩余 100
[2026-05-18 08:24:33] [Coordinator] 配额 image-01: 0/200, 剩余 200
[2026-05-18 08:24:33] [Coordinator] 配额 coding-plan-vlm: 0/450, 剩余 450
[2026-05-18 08:24:33] [Coordinator] 配额 coding-plan-search: 0/450, 剩余 450============================================================
Rewrite Agent 启动
============================================================
需要重写的章节: 7 个
  第84章: 评分6.5 [需修改]
  第257章: 评分6.5 [需修改]
  第291章: 评分6.5 [需修改]
  第473章: 评分5.5 [需修改]
  第530章: 评分6.8 [需修改]
  第584章: 评分6.5 [需修改]
  第658章: 评分6.5 [需修改]
[2026-05-18 08:26:34] [Rewrite] 第84章终稿已存在，跳过
[2026-05-18 08:26:34] [Rewrite] 第257章终稿已存在，跳过
[2026-05-18 08:26:34] [Rewrite] 第291章终稿已存在，跳过
[2026-05-18 08:26:34] [Rewrite] 第473章终稿已存在，跳过
[2026-05-18 08:26:34] [Rewrite] 第530章终稿已存在，跳过
[2026-05-18 08:26:34] [Rewrite] 第584章终稿已存在，跳过
[2026-05-18 08:26:34] [Rewrite] 第658章终稿已存在，跳过
[2026-05-18 08:26:34] [Rewrite] 完成: 成功0章, 失败0章

[2026-05-18 08:24:33] [Coordinator] ===== 开始第 1955-1994 章 =====
[2026-05-18 08:24:33] [Coordinator] 并行启动 5 个 writer.py 实例
[2026-05-18 08:24:33] [Coordinator] 执行: D:\soft\py\python.exe D:\AiProject\Node\novels5\scripts\writer.py --start 1955 --end 1962
[2026-05-18 08:24:33] [Coordinator] 执行: D:\soft\py\python.exe D:\AiProject\Node\novels5\scripts\writer.py --start 1963 --end 1970
[2026-05-18 08:24:33] [Coordinator] 执行: D:\soft\py\python.exe D:\AiProject\Node\novels5\scripts\writer.py --start 1971 --end 1978
[2026-05-18 08:24:33] [Coordinator] 执行: D:\soft\py\python.exe D:\AiProject\Node\novels5\scripts\writer.py --start 1979 --end 1986
[2026-05-18 08:24:33] [Coordinator] 执行: D:\soft\py\python.exe D:\AiProject\Node\novels5\scripts\writer.py --start 1987 --end 1994
[2026-05-18 08:24:34] [WeChat] 进度已推送: 初稿1997/2000, 审查713/2000
[2026-05-18 08:24:51] [Coordinator] writer.py 1963-1970 完成 (rc=0)
[2026-05-18 08:24:51] [Coordinator] writer.py 1979-1986 完成 (rc=0)
[2026-05-18 08:24:51] [Coordinator] writer.py 1987-1994 完成 (rc=0)
[2026-05-18 08:25:57] [Coordinator] writer.py 1955-1962 完成 (rc=0)
[2026-05-18 08:26:24] [Coordinator] writer.py 1971-1978 完成 (rc=0)
[2026-05-18 08:26:24] [Coordinator] 第 1955-1994 章完成，暂停3秒...
[2026-05-18 08:26:27] [Coordinator] 配额 MiniMax-M*: 2696/4500, 剩余 1804
[2026-05-18 08:26:27] [Coordinator] 配额 speech-hd: 0/19000, 剩余 19000
[2026-05-18 08:26:27] [Coordinator] 配额 MiniMax-Hailuo-2.3-Fast-6s-768p: 0/3, 剩余 3
[2026-05-18 08:26:27] [Coordinator] 配额 MiniMax-Hailuo-2.3-6s-768p: 0/3, 剩余 3
[2026-05-18 08:26:27] [Coordinator] 配额 music-2.5: 0/7, 剩余 7
[2026-05-18 08:26:27] [Coordinator] 配额 music-2.6: 0/100, 剩余 100
[2026-05-18 08:26:27] [Coordinator] 配额 music-cover: 0/100, 剩余 100
[2026-05-18 08:26:27] [Coordinator] 配额 lyrics_generation: 0/100, 剩余 100
[2026-05-18 08:26:27] [Coordinator] 配额 image-01: 0/200, 剩余 200
[2026-05-18 08:26:27] [Coordinator] 配额 coding-plan-vlm: 0/450, 剩余 450
[2026-05-18 08:26:27] [Coordinator] 配额 coding-plan-search: 0/450, 剩余 450
[2026-05-18 08:26:27] [Coordinator] ===== 开始第 1995-2000 章 =====
[2026-05-18 08:26:27] [Coordinator] 并行启动 5 个 writer.py 实例
[2026-05-18 08:26:27] [Coordinator] 执行: D:\soft\py\python.exe D:\AiProject\Node\novels5\scripts\writer.py --start 1995 --end 1995
[2026-05-18 08:26:27] [Coordinator] 执行: D:\soft\py\python.exe D:\AiProject\Node\novels5\scripts\writer.py --start 1996 --end 1996
[2026-05-18 08:26:27] [Coordinator] 执行: D:\soft\py\python.exe D:\AiProject\Node\novels5\scripts\writer.py --start 1997 --end 1997
[2026-05-18 08:26:27] [Coordinator] 执行: D:\soft\py\python.exe D:\AiProject\Node\novels5\scripts\writer.py --start 1998 --end 1998
[2026-05-18 08:26:27] [Coordinator] 执行: D:\soft\py\python.exe D:\AiProject\Node\novels5\scripts\writer.py --start 1999 --end 1999
[2026-05-18 08:26:30] [Coordinator] writer.py 1995-1995 完成 (rc=0)
[2026-05-18 08:26:30] [Coordinator] writer.py 1996-1996 完成 (rc=0)
[2026-05-18 08:26:30] [Coordinator] writer.py 1997-1997 完成 (rc=0)
[2026-05-18 08:26:30] [Coordinator] writer.py 1998-1998 完成 (rc=0)
[2026-05-18 08:26:30] [Coordinator] writer.py 1999-1999 完成 (rc=0)
[2026-05-18 08:26:30] ============================================================
[2026-05-18 08:26:30] [Coordinator] 生成总结报告
[2026-05-18 08:26:30] ============================================================
[2026-05-18 08:26:31] [Coordinator] 总结报告: 已完成 2000/2000 章
[2026-05-18 08:26:31] [Coordinator] 总字数: 11,148,434 字
[2026-05-18 08:26:31] [Coordinator] 平均评分: 7.68
[2026-05-18 08:26:31] [Coordinator] 需重写: 32 章
[2026-05-18 08:26:31] [Coordinator] 第 1995-2000 章完成，暂停3秒...
[2026-05-18 08:26:34] ============================================================
[2026-05-18 08:26:34] [Coordinator] 处理重写队列: 7 章
[2026-05-18 08:26:34] ============================================================
[2026-05-18 08:26:34] [Coordinator] 执行: D:\soft\py\python.exe D:\AiProject\Node\novels5\scripts\rewrite_agent.py
[2026-05-18 08:26:34] [Coordinator] Rewrite Agent 完成 (rc=0)
[2026-05-18 08:26:34] ============================================================
[2026-05-18 08:26:34] [Coordinator] 生成总结报告
[2026-05-18 08:26:34] ============================================================
[2026-05-18 08:26:34] [Coordinator] 总结报告: 已完成 2000/2000 章
[2026-05-18 08:26:34] [Coordinator] 总字数: 11,148,434 字
[2026-05-18 08:26:34] [Coordinator] 平均评分: 7.68
[2026-05-18 08:26:34] [Coordinator] 需重写: 32 章
[2026-05-18 08:26:34] ============================================================
[2026-05-18 08:26:34] [Coordinator] 全部任务完成
[2026-05-18 08:26:34] [Coordinator] 总进度: 2000/2000 章
[2026-05-18 08:26:34] [Coordinator] 总字数: 11,148,434 字
[2026-05-18 08:26:34] ============================================================
