======================================================================
  2000章玄幻小说Agent系统 - Coordinator (60 Agent 版本)
======================================================================
[2026-05-18 07:48:29] [Coordinator] 企业微信进度推送已启动（每2分钟）
[2026-05-18 07:48:29] [Coordinator] 当前进度: 已生成 1542 章，已审查 720 章
[2026-05-18 07:48:29] [Coordinator] 世界观、大纲(2000章)、角色档案已存在
[2026-05-18 07:48:29] [Coordinator] 生成范围: 第1543-2000章（大纲共2000章），批次大小: 40
[2026-05-18 07:48:29] [Coordinator] 配额 MiniMax-M*: 1280/4500, 剩余 3220
[2026-05-18 07:48:29] [Coordinator] 配额 speech-hd: 0/19000, 剩余 19000
[2026-05-18 07:48:29] [Coordinator] 配额 MiniMax-Hailuo-2.3-Fast-6s-768p: 0/3, 剩余 3
[2026-05-18 07:48:29] [Coordinator] 配额 MiniMax-Hailuo-2.3-6s-768p: 0/3, 剩余 3
[2026-05-18 07:48:29] [Coordinator] 配额 music-2.5: 0/7, 剩余 7
[2026-05-18 07:48:29] [Coordinator] 配额 music-2.6: 0/100, 剩余 100
[2026-05-18 07:48:29] [Coordinator] 配额 music-cover: 0/100, 剩余 100
[2026-05-18 07:48:29] [Coordinator] 配额 lyrics_generation: 0/100, 剩余 100
[2026-05-18 07:48:29] [Coordinator] 配额 image-01: 0/200, 剩余 200
[2026-05-18 07:48:29] [Coordinator] 配额 coding-plan-vlm: 0/450, 剩余 450
[2026-05-18 07:48:29] [Coordinator] 配额 coding-plan-search: 0/450, 剩余 450
[2026-05-18 07:48:29] [Coordinator] ===== 开始第 1543-1582 章 =====
[2026-05-18 07:48:29] [Coordinator] 并行启动 5 个 writer.py 实例
[2026-05-18 07:48:29] [Coordinator] 执行: D:\soft\py\python.exe D:\AiProject\Node\novels5\scripts\writer.py --start 1543 --end 1550
[2026-05-18 07:48:29] [Coordinator] 执行: D:\soft\py\python.exe D:\AiProject\Node\novels5\scripts\writer.py --start 1551 --end 1558
[2026-05-18 07:48:29] [Coordinator] 执行: D:\soft\py\python.exe D:\AiProject\Node\novels5\scripts\writer.py --start 1559 --end 1566
[2026-05-18 07:48:29] [Coordinator] 执行: D:\soft\py\python.exe D:\AiProject\Node\novels5\scripts\writer.py --start 1567 --end 1574
[2026-05-18 07:48:29] [Coordinator] 执行: D:\soft\py\python.exe D:\AiProject\Node\novels5\scripts\writer.py --start 1575 --end 1582
[2026-05-18 07:50:29] [WeChat] 进度已推送: 初稿1529/2000, 审查713/2000
[2026-05-18 07:52:30] [WeChat] 进度已推送: 初稿1555/2000, 审查713/2000
[2026-05-18 07:54:30] [WeChat] 进度已推送: 初稿1579/2000, 审查713/2000
[2026-05-18 07:56:12] [Coordinator] writer.py 1543-1550 完成 (rc=0)
[2026-05-18 07:56:31] [WeChat] 进度已推送: 初稿1614/2000, 审查713/2000
[2026-05-18 07:56:48] [Coordinator] writer.py 1575-1582 完成 (rc=0)
[2026-05-18 07:57:09] [Coordinator] writer.py 1559-1566 完成 (rc=0)
[2026-05-18 07:57:36] [Coordinator] writer.py 1551-1558 完成 (rc=0)
[2026-05-18 07:57:45] [Coordinator] writer.py 1567-1574 完成 (rc=0)
[2026-05-18 07:57:45] [Coordinator] 第 1543-1582 章完成，暂停3秒...
[2026-05-18 07:57:48] [Coordinator] 配额 MiniMax-M*: 1561/4500, 剩余 2939
[2026-05-18 07:57:48] [Coordinator] 配额 speech-hd: 0/19000, 剩余 19000
[2026-05-18 07:57:48] [Coordinator] 配额 MiniMax-Hailuo-2.3-Fast-6s-768p: 0/3, 剩余 3
[2026-05-18 07:57:48] [Coordinator] 配额 MiniMax-Hailuo-2.3-6s-768p: 0/3, 剩余 3
[2026-05-18 07:57:48] [Coordinator] 配额 music-2.5: 0/7, 剩余 7
[2026-05-18 07:57:48] [Coordinator] 配额 music-2.6: 0/100, 剩余 100
[2026-05-18 07:57:48] [Coordinator] 配额 music-cover: 0/100, 剩余 100
[2026-05-18 07:57:48] [Coordinator] 配额 lyrics_generation: 0/100, 剩余 100
[2026-05-18 07:57:48] [Coordinator] 配额 image-01: 0/200, 剩余 200
[2026-05-18 07:57:48] [Coordinator] 配额 coding-plan-vlm: 0/450, 剩余 450
[2026-05-18 07:57:48] [Coordinator] 配额 coding-plan-search: 0/450, 剩余 450
[2026-05-18 07:57:48] [Coordinator] ===== 开始第 1583-1622 章 =====
[2026-05-18 07:57:48] [Coordinator] 并行启动 5 个 writer.py 实例
[2026-05-18 07:57:48] [Coordinator] 执行: D:\soft\py\python.exe D:\AiProject\Node\novels5\scripts\writer.py --start 1583 --end 1590
[2026-05-18 07:57:48] [Coordinator] 执行: D:\soft\py\python.exe D:\AiProject\Node\novels5\scripts\writer.py --start 1591 --end 1598
[2026-05-18 07:57:48] [Coordinator] 执行: D:\soft\py\python.exe D:\AiProject\Node\novels5\scripts\writer.py --start 1599 --end 1606
[2026-05-18 07:57:48] [Coordinator] 执行: D:\soft\py\python.exe D:\AiProject\Node\novels5\scripts\writer.py --start 1607 --end 1614
[2026-05-18 07:57:48] [Coordinator] 执行: D:\soft\py\python.exe D:\AiProject\Node\novels5\scripts\writer.py --start 1615 --end 1622
[2026-05-18 07:58:31] [WeChat] 进度已推送: 初稿1642/2000, 审查713/2000
[2026-05-18 07:59:06] [Coordinator] writer.py 1607-1614 完成 (rc=0)
[2026-05-18 07:59:15] [Coordinator] writer.py 1591-1598 完成 (rc=0)
[2026-05-18 07:59:36] [Coordinator] writer.py 1583-1590 完成 (rc=0)
[2026-05-18 08:00:06] [Coordinator] writer.py 1615-1622 完成 (rc=0)
[2026-05-18 08:00:31] [WeChat] 进度已推送: 初稿1677/2000, 审查713/2000
[2026-05-18 08:01:39] [Coordinator] writer.py 1599-1606 完成 (rc=0)
[2026-05-18 08:01:39] [Coordinator] 第 1583-1622 章完成，暂停3秒...
[2026-05-18 08:01:43] [Coordinator] 配额 MiniMax-M*: 1683/4500, 剩余 2817
[2026-05-18 08:01:43] [Coordinator] 配额 speech-hd: 0/19000, 剩余 19000
[2026-05-18 08:01:43] [Coordinator] 配额 MiniMax-Hailuo-2.3-Fast-6s-768p: 0/3, 剩余 3
[2026-05-18 08:01:43] [Coordinator] 配额 MiniMax-Hailuo-2.3-6s-768p: 0/3, 剩余 3
[2026-05-18 08:01:43] [Coordinator] 配额 music-2.5: 0/7, 剩余 7
[2026-05-18 08:01:43] [Coordinator] 配额 music-2.6: 0/100, 剩余 100
[2026-05-18 08:01:43] [Coordinator] 配额 music-cover: 0/100, 剩余 100
[2026-05-18 08:01:43] [Coordinator] 配额 lyrics_generation: 0/100, 剩余 100
[2026-05-18 08:01:43] [Coordinator] 配额 image-01: 0/200, 剩余 200
[2026-05-18 08:01:43] [Coordinator] 配额 coding-plan-vlm: 0/450, 剩余 450
[2026-05-18 08:01:43] [Coordinator] 配额 coding-plan-search: 0/450, 剩余 450
[2026-05-18 08:01:43] [Coordinator] ===== 开始第 1623-1662 章 =====
[2026-05-18 08:01:43] [Coordinator] 并行启动 5 个 writer.py 实例
[2026-05-18 08:01:43] [Coordinator] 执行: D:\soft\py\python.exe D:\AiProject\Node\novels5\scripts\writer.py --start 1623 --end 1630
[2026-05-18 08:01:43] [Coordinator] 执行: D:\soft\py\python.exe D:\AiProject\Node\novels5\scripts\writer.py --start 1631 --end 1638
[2026-05-18 08:01:43] [Coordinator] 执行: D:\soft\py\python.exe D:\AiProject\Node\novels5\scripts\writer.py --start 1639 --end 1646
[2026-05-18 08:01:43] [Coordinator] 执行: D:\soft\py\python.exe D:\AiProject\Node\novels5\scripts\writer.py --start 1647 --end 1654
[2026-05-18 08:01:43] [Coordinator] 执行: D:\soft\py\python.exe D:\AiProject\Node\novels5\scripts\writer.py --start 1655 --end 1662
[2026-05-18 08:02:01] [Coordinator] writer.py 1631-1638 完成 (rc=0)
[2026-05-18 08:02:32] [WeChat] 进度已推送: 初稿1701/2000, 审查713/2000
[2026-05-18 08:03:28] [Coordinator] writer.py 1639-1646 完成 (rc=0)
[2026-05-18 08:03:37] [Coordinator] writer.py 1623-1630 完成 (rc=0)
[2026-05-18 08:04:32] [WeChat] 进度已推送: 初稿1720/2000, 审查713/2000
[2026-05-18 08:05:04] [Coordinator] writer.py 1647-1654 完成 (rc=0)
[2026-05-18 08:05:10] [Coordinator] writer.py 1655-1662 完成 (rc=0)
[2026-05-18 08:05:10] [Coordinator] 第 1623-1662 章完成，暂停3秒...
[2026-05-18 08:05:13] [Coordinator] 配额 MiniMax-M*: 1786/4500, 剩余 2714
[2026-05-18 08:05:13] [Coordinator] 配额 speech-hd: 0/19000, 剩余 19000
[2026-05-18 08:05:13] [Coordinator] 配额 MiniMax-Hailuo-2.3-Fast-6s-768p: 0/3, 剩余 3
[2026-05-18 08:05:13] [Coordinator] 配额 MiniMax-Hailuo-2.3-6s-768p: 0/3, 剩余 3
[2026-05-18 08:05:13] [Coordinator] 配额 music-2.5: 0/7, 剩余 7
[2026-05-18 08:05:13] [Coordinator] 配额 music-2.6: 0/100, 剩余 100
[2026-05-18 08:05:13] [Coordinator] 配额 music-cover: 0/100, 剩余 100
[2026-05-18 08:05:13] [Coordinator] 配额 lyrics_generation: 0/100, 剩余 100
[2026-05-18 08:05:13] [Coordinator] 配额 image-01: 0/200, 剩余 200
[2026-05-18 08:05:13] [Coordinator] 配额 coding-plan-vlm: 0/450, 剩余 450
[2026-05-18 08:05:13] [Coordinator] 配额 coding-plan-search: 0/450, 剩余 450
[2026-05-18 08:05:13] [Coordinator] ===== 开始第 1663-1702 章 =====
[2026-05-18 08:05:13] [Coordinator] 并行启动 5 个 writer.py 实例
[2026-05-18 08:05:13] [Coordinator] 执行: D:\soft\py\python.exe D:\AiProject\Node\novels5\scripts\writer.py --start 1663 --end 1670
[2026-05-18 08:05:13] [Coordinator] 执行: D:\soft\py\python.exe D:\AiProject\Node\novels5\scripts\writer.py --start 1671 --end 1678
[2026-05-18 08:05:13] [Coordinator] 执行: D:\soft\py\python.exe D:\AiProject\Node\novels5\scripts\writer.py --start 1679 --end 1686
[2026-05-18 08:05:13] [Coordinator] 执行: D:\soft\py\python.exe D:\AiProject\Node\novels5\scripts\writer.py --start 1687 --end 1694
[2026-05-18 08:05:13] [Coordinator] 执行: D:\soft\py\python.exe D:\AiProject\Node\novels5\scripts\writer.py --start 1695 --end 1702
[2026-05-18 08:05:31] [Coordinator] writer.py 1663-1670 完成 (rc=0)
[2026-05-18 08:05:31] [Coordinator] writer.py 1671-1678 完成 (rc=0)
[2026-05-18 08:06:33] [WeChat] 进度已推送: 初稿1746/2000, 审查713/2000
[2026-05-18 08:06:43] [Coordinator] writer.py 1695-1702 完成 (rc=0)
[2026-05-18 08:07:04] [Coordinator] writer.py 1687-1694 完成 (rc=0)
[2026-05-18 08:07:10] [Coordinator] writer.py 1679-1686 完成 (rc=0)
[2026-05-18 08:07:10] [Coordinator] 第 1663-1702 章完成，暂停3秒...
[2026-05-18 08:07:14] [Coordinator] 配额 MiniMax-M*: 1869/4500, 剩余 2631
[2026-05-18 08:07:14] [Coordinator] 配额 speech-hd: 0/19000, 剩余 19000
[2026-05-18 08:07:14] [Coordinator] 配额 MiniMax-Hailuo-2.3-Fast-6s-768p: 0/3, 剩余 3
[2026-05-18 08:07:14] [Coordinator] 配额 MiniMax-Hailuo-2.3-6s-768p: 0/3, 剩余 3
[2026-05-18 08:07:14] [Coordinator] 配额 music-2.5: 0/7, 剩余 7
[2026-05-18 08:07:14] [Coordinator] 配额 music-2.6: 0/100, 剩余 100
[2026-05-18 08:07:14] [Coordinator] 配额 music-cover: 0/100, 剩余 100
[2026-05-18 08:07:14] [Coordinator] 配额 lyrics_generation: 0/100, 剩余 100
[2026-05-18 08:07:14] [Coordinator] 配额 image-01: 0/200, 剩余 200
[2026-05-18 08:07:14] [Coordinator] 配额 coding-plan-vlm: 0/450, 剩余 450
[2026-05-18 08:07:14] [Coordinator] 配额 coding-plan-search: 0/450, 剩余 450
[2026-05-18 08:07:14] [Coordinator] ===== 开始第 1703-1742 章 =====
[2026-05-18 08:07:14] [Coordinator] 并行启动 5 个 writer.py 实例
[2026-05-18 08:07:14] [Coordinator] 执行: D:\soft\py\python.exe D:\AiProject\Node\novels5\scripts\writer.py --start 1703 --end 1710
[2026-05-18 08:07:14] [Coordinator] 执行: D:\soft\py\python.exe D:\AiProject\Node\novels5\scripts\writer.py --start 1711 --end 1718
[2026-05-18 08:07:14] [Coordinator] 执行: D:\soft\py\python.exe D:\AiProject\Node\novels5\scripts\writer.py --start 1719 --end 1726
[2026-05-18 08:07:14] [Coordinator] 执行: D:\soft\py\python.exe D:\AiProject\Node\novels5\scripts\writer.py --start 1727 --end 1734
[2026-05-18 08:07:14] [Coordinator] 执行: D:\soft\py\python.exe D:\AiProject\Node\novels5\scripts\writer.py --start 1735 --end 1742
[2026-05-18 08:07:32] [Coordinator] writer.py 1703-1710 完成 (rc=0)
[2026-05-18 08:07:32] [Coordinator] writer.py 1711-1718 完成 (rc=0)
[2026-05-18 08:08:32] [Coordinator] writer.py 1719-1726 完成 (rc=0)
[2026-05-18 08:08:33] [WeChat] 进度已推送: 初稿1775/2000, 审查713/2000
[2026-05-18 08:08:44] [Coordinator] writer.py 1727-1734 完成 (rc=0)
[2026-05-18 08:08:50] [Coordinator] writer.py 1735-1742 完成 (rc=0)
[2026-05-18 08:08:50] [Coordinator] 第 1703-1742 章完成，暂停3秒...
[2026-05-18 08:08:53] [Coordinator] 配额 MiniMax-M*: 1924/4500, 剩余 2576
[2026-05-18 08:08:53] [Coordinator] 配额 speech-hd: 0/19000, 剩余 19000
[2026-05-18 08:08:53] [Coordinator] 配额 MiniMax-Hailuo-2.3-Fast-6s-768p: 0/3, 剩余 3
[2026-05-18 08:08:53] [Coordinator] 配额 MiniMax-Hailuo-2.3-6s-768p: 0/3, 剩余 3
[2026-05-18 08:08:53] [Coordinator] 配额 music-2.5: 0/7, 剩余 7
[2026-05-18 08:08:53] [Coordinator] 配额 music-2.6: 0/100, 剩余 100
[2026-05-18 08:08:53] [Coordinator] 配额 music-cover: 0/100, 剩余 100
[2026-05-18 08:08:53] [Coordinator] 配额 lyrics_generation: 0/100, 剩余 100
[2026-05-18 08:08:53] [Coordinator] 配额 image-01: 0/200, 剩余 200
[2026-05-18 08:08:53] [Coordinator] 配额 coding-plan-vlm: 0/450, 剩余 450
[2026-05-18 08:08:53] [Coordinator] 配额 coding-plan-search: 0/450, 剩余 450
[2026-05-18 08:08:53] [Coordinator] ===== 开始第 1743-1782 章 =====
[2026-05-18 08:08:53] [Coordinator] 并行启动 5 个 writer.py 实例
[2026-05-18 08:08:53] [Coordinator] 执行: D:\soft\py\python.exe D:\AiProject\Node\novels5\scripts\writer.py --start 1743 --end 1750
[2026-05-18 08:08:53] [Coordinator] 执行: D:\soft\py\python.exe D:\AiProject\Node\novels5\scripts\writer.py --start 1751 --end 1758
[2026-05-18 08:08:53] [Coordinator] 执行: D:\soft\py\python.exe D:\AiProject\Node\novels5\scripts\writer.py --start 1759 --end 1766
[2026-05-18 08:08:53] [Coordinator] 执行: D:\soft\py\python.exe D:\AiProject\Node\novels5\scripts\writer.py --start 1767 --end 1774
[2026-05-18 08:08:53] [Coordinator] 执行: D:\soft\py\python.exe D:\AiProject\Node\novels5\scripts\writer.py --start 1775 --end 1782
[2026-05-18 08:10:23] [Coordinator] writer.py 1743-1750 完成 (rc=0)
[2026-05-18 08:10:34] [WeChat] 进度已推送: 初稿1801/2000, 审查713/2000
[2026-05-18 08:11:29] [Coordinator] writer.py 1759-1766 完成 (rc=0)
[2026-05-18 08:12:29] [Coordinator] writer.py 1767-1774 完成 (rc=0)
[2026-05-18 08:12:34] [WeChat] 进度已推送: 初稿1836/2000, 审查713/2000
[2026-05-18 08:12:38] [Coordinator] writer.py 1751-1758 完成 (rc=0)
[2026-05-18 08:12:59] [Coordinator] writer.py 1775-1782 完成 (rc=0)
[2026-05-18 08:12:59] [Coordinator] 第 1743-1782 章完成，暂停3秒...
[2026-05-18 08:13:03] [Coordinator] 配额 MiniMax-M*: 2117/4500, 剩余 2383
[2026-05-18 08:13:03] [Coordinator] 配额 speech-hd: 0/19000, 剩余 19000
[2026-05-18 08:13:03] [Coordinator] 配额 MiniMax-Hailuo-2.3-Fast-6s-768p: 0/3, 剩余 3
[2026-05-18 08:13:03] [Coordinator] 配额 MiniMax-Hailuo-2.3-6s-768p: 0/3, 剩余 3
[2026-05-18 08:13:03] [Coordinator] 配额 music-2.5: 0/7, 剩余 7
[2026-05-18 08:13:03] [Coordinator] 配额 music-2.6: 0/100, 剩余 100
[2026-05-18 08:13:03] [Coordinator] 配额 music-cover: 0/100, 剩余 100
[2026-05-18 08:13:03] [Coordinator] 配额 lyrics_generation: 0/100, 剩余 100
[2026-05-18 08:13:03] [Coordinator] 配额 image-01: 0/200, 剩余 200
[2026-05-18 08:13:03] [Coordinator] 配额 coding-plan-vlm: 0/450, 剩余 450
[2026-05-18 08:13:03] [Coordinator] 配额 coding-plan-search: 0/450, 剩余 450
[2026-05-18 08:13:03] [Coordinator] ===== 开始第 1783-1822 章 =====
[2026-05-18 08:13:03] [Coordinator] 并行启动 5 个 writer.py 实例
[2026-05-18 08:13:03] [Coordinator] 执行: D:\soft\py\python.exe D:\AiProject\Node\novels5\scripts\writer.py --start 1783 --end 1790
[2026-05-18 08:13:03] [Coordinator] 执行: D:\soft\py\python.exe D:\AiProject\Node\novels5\scripts\writer.py --start 1791 --end 1798
[2026-05-18 08:13:03] [Coordinator] 执行: D:\soft\py\python.exe D:\AiProject\Node\novels5\scripts\writer.py --start 1799 --end 1806
[2026-05-18 08:13:03] [Coordinator] 执行: D:\soft\py\python.exe D:\AiProject\Node\novels5\scripts\writer.py --start 1807 --end 1814
[2026-05-18 08:13:03] [Coordinator] 执行: D:\soft\py\python.exe D:\AiProject\Node\novels5\scripts\writer.py --start 1815 --end 1822
[2026-05-18 08:14:33] [Coordinator] writer.py 1791-1798 完成 (rc=0)
[2026-05-18 08:14:35] [WeChat] 进度已推送: 初稿1868/2000, 审查713/2000
[2026-05-18 08:14:36] [Coordinator] writer.py 1783-1790 完成 (rc=0)
[2026-05-18 08:14:57] [Coordinator] writer.py 1815-1822 完成 (rc=0)
[2026-05-18 08:15:24] [Coordinator] writer.py 1807-1814 完成 (rc=0)
[2026-05-18 08:15:39] [Coordinator] writer.py 1799-1806 完成 (rc=0)
[2026-05-18 08:15:39] [Coordinator] 第 1783-1822 章完成，暂停3秒...
[2026-05-18 08:15:42] [Coordinator] 配额 MiniMax-M*: 2243/4500, 剩余 2257
[2026-05-18 08:15:42] [Coordinator] 配额 speech-hd: 0/19000, 剩余 19000
[2026-05-18 08:15:42] [Coordinator] 配额 MiniMax-Hailuo-2.3-Fast-6s-768p: 0/3, 剩余 3
[2026-05-18 08:15:42] [Coordinator] 配额 MiniMax-Hailuo-2.3-6s-768p: 0/3, 剩余 3
[2026-05-18 08:15:42] [Coordinator] 配额 music-2.5: 0/7, 剩余 7
[2026-05-18 08:15:42] [Coordinator] 配额 music-2.6: 0/100, 剩余 100
[2026-05-18 08:15:42] [Coordinator] 配额 music-cover: 0/100, 剩余 100
[2026-05-18 08:15:42] [Coordinator] 配额 lyrics_generation: 0/100, 剩余 100
[2026-05-18 08:15:42] [Coordinator] 配额 image-01: 0/200, 剩余 200
[2026-05-18 08:15:42] [Coordinator] 配额 coding-plan-vlm: 0/450, 剩余 450
[2026-05-18 08:15:42] [Coordinator] 配额 coding-plan-search: 0/450, 剩余 450
[2026-05-18 08:15:42] [Coordinator] ===== 开始第 1823-1862 章 =====
[2026-05-18 08:15:42] [Coordinator] 并行启动 5 个 writer.py 实例
[2026-05-18 08:15:42] [Coordinator] 执行: D:\soft\py\python.exe D:\AiProject\Node\novels5\scripts\writer.py --start 1823 --end 1830
[2026-05-18 08:15:43] [Coordinator] 执行: D:\soft\py\python.exe D:\AiProject\Node\novels5\scripts\writer.py --start 1831 --end 1838
[2026-05-18 08:15:43] [Coordinator] 执行: D:\soft\py\python.exe D:\AiProject\Node\novels5\scripts\writer.py --start 1839 --end 1846
[2026-05-18 08:15:43] [Coordinator] 执行: D:\soft\py\python.exe D:\AiProject\Node\novels5\scripts\writer.py --start 1847 --end 1854
[2026-05-18 08:15:43] [Coordinator] 执行: D:\soft\py\python.exe D:\AiProject\Node\novels5\scripts\writer.py --start 1855 --end 1862
[2026-05-18 08:16:35] [WeChat] 进度已推送: 初稿1898/2000, 审查713/2000
[2026-05-18 08:17:16] [Coordinator] writer.py 1839-1846 完成 (rc=0)
[2026-05-18 08:17:22] [Coordinator] writer.py 1823-1830 完成 (rc=0)
[2026-05-18 08:17:22] [Coordinator] writer.py 1847-1854 完成 (rc=0)
[2026-05-18 08:17:55] [Coordinator] writer.py 1831-1838 完成 (rc=0)
[2026-05-18 08:18:36] [WeChat] 进度已推送: 初稿1932/2000, 审查713/2000
[2026-05-18 08:18:49] [Coordinator] writer.py 1855-1862 完成 (rc=0)
[2026-05-18 08:18:49] [Coordinator] 第 1823-1862 章完成，暂停3秒...
[2026-05-18 08:18:52] [Coordinator] 配额 MiniMax-M*: 2401/4500, 剩余 2099
[2026-05-18 08:18:52] [Coordinator] 配额 speech-hd: 0/19000, 剩余 19000
[2026-05-18 08:18:52] [Coordinator] 配额 MiniMax-Hailuo-2.3-Fast-6s-768p: 0/3, 剩余 3
[2026-05-18 08:18:52] [Coordinator] 配额 MiniMax-Hailuo-2.3-6s-768p: 0/3, 剩余 3
[2026-05-18 08:18:52] [Coordinator] 配额 music-2.5: 0/7, 剩余 7
[2026-05-18 08:18:52] [Coordinator] 配额 music-2.6: 0/100, 剩余 100
[2026-05-18 08:18:52] [Coordinator] 配额 music-cover: 0/100, 剩余 100
[2026-05-18 08:18:52] [Coordinator] 配额 lyrics_generation: 0/100, 剩余 100
[2026-05-18 08:18:52] [Coordinator] 配额 image-01: 0/200, 剩余 200
[2026-05-18 08:18:52] [Coordinator] 配额 coding-plan-vlm: 0/450, 剩余 450
[2026-05-18 08:18:52] [Coordinator] 配额 coding-plan-search: 0/450, 剩余 450
[2026-05-18 08:18:52] [Coordinator] ===== 开始第 1863-1902 章 =====
[2026-05-18 08:18:52] [Coordinator] 并行启动 5 个 writer.py 实例
[2026-05-18 08:18:52] [Coordinator] 执行: D:\soft\py\python.exe D:\AiProject\Node\novels5\scripts\writer.py --start 1863 --end 1870
[2026-05-18 08:18:52] [Coordinator] 执行: D:\soft\py\python.exe D:\AiProject\Node\novels5\scripts\writer.py --start 1871 --end 1878
[2026-05-18 08:18:52] [Coordinator] 执行: D:\soft\py\python.exe D:\AiProject\Node\novels5\scripts\writer.py --start 1879 --end 1886
[2026-05-18 08:18:52] [Coordinator] 执行: D:\soft\py\python.exe D:\AiProject\Node\novels5\scripts\writer.py --start 1887 --end 1894
[2026-05-18 08:18:52] [Coordinator] 执行: D:\soft\py\python.exe D:\AiProject\Node\novels5\scripts\writer.py --start 1895 --end 1902
[2026-05-18 08:19:10] [Coordinator] writer.py 1871-1878 完成 (rc=0)
[2026-05-18 08:20:22] [Coordinator] writer.py 1879-1886 完成 (rc=0)
[2026-05-18 08:20:25] [Coordinator] writer.py 1863-1870 完成 (rc=0)
[2026-05-18 08:20:36] [WeChat] 进度已推送: 初稿1967/2000, 审查713/2000
[2026-05-18 08:20:55] [Coordinator] writer.py 1887-1894 完成 (rc=0)
[2026-05-18 08:21:34] [Coordinator] writer.py 1895-1902 完成 (rc=0)
[2026-05-18 08:21:34] [Coordinator] 第 1863-1902 章完成，暂停3秒...
[2026-05-18 08:21:38] [Coordinator] 配额 MiniMax-M*: 2535/4500, 剩余 1965
[2026-05-18 08:21:38] [Coordinator] 配额 speech-hd: 0/19000, 剩余 19000
[2026-05-18 08:21:38] [Coordinator] 配额 MiniMax-Hailuo-2.3-Fast-6s-768p: 0/3, 剩余 3
[2026-05-18 08:21:38] [Coordinator] 配额 MiniMax-Hailuo-2.3-6s-768p: 0/3, 剩余 3
[2026-05-18 08:21:38] [Coordinator] 配额 music-2.5: 0/7, 剩余 7
[2026-05-18 08:21:38] [Coordinator] 配额 music-2.6: 0/100, 剩余 100
[2026-05-18 08:21:38] [Coordinator] 配额 music-cover: 0/100, 剩余 100
[2026-05-18 08:21:38] [Coordinator] 配额 lyrics_generation: 0/100, 剩余 100
[2026-05-18 08:21:38] [Coordinator] 配额 image-01: 0/200, 剩余 200
[2026-05-18 08:21:38] [Coordinator] 配额 coding-plan-vlm: 0/450, 剩余 450
[2026-05-18 08:21:38] [Coordinator] 配额 coding-plan-search: 0/450, 剩余 450
[2026-05-18 08:21:38] [Coordinator] ===== 开始第 1903-1942 章 =====
[2026-05-18 08:21:38] [Coordinator] 并行启动 5 个 writer.py 实例
[2026-05-18 08:21:38] [Coordinator] 执行: D:\soft\py\python.exe D:\AiProject\Node\novels5\scripts\writer.py --start 1903 --end 1910
[2026-05-18 08:21:38] [Coordinator] 执行: D:\soft\py\python.exe D:\AiProject\Node\novels5\scripts\writer.py --start 1911 --end 1918
[2026-05-18 08:21:38] [Coordinator] 执行: D:\soft\py\python.exe D:\AiProject\Node\novels5\scripts\writer.py --start 1919 --end 1926
[2026-05-18 08:21:38] [Coordinator] 执行: D:\soft\py\python.exe D:\AiProject\Node\novels5\scripts\writer.py --start 1927 --end 1934
[2026-05-18 08:21:38] [Coordinator] 执行: D:\soft\py\python.exe D:\AiProject\Node\novels5\scripts\writer.py --start 1935 --end 1942
[2026-05-18 08:21:56] [Coordinator] writer.py 1903-1910 完成 (rc=0)
[2026-05-18 08:21:56] [Coordinator] writer.py 1911-1918 完成 (rc=0)
[2026-05-18 08:21:56] [Coordinator] writer.py 1927-1934 完成 (rc=0)
[2026-05-18 08:22:37] [WeChat] 进度已推送: 初稿1990/2000, 审查713/2000
[2026-05-18 08:23:17] [Coordinator] writer.py 1919-1926 完成 (rc=0)
[2026-05-18 08:23:20] [Coordinator] writer.py 1935-1942 完成 (rc=0)
[2026-05-18 08:23:20] [Coordinator] 第 1903-1942 章完成，暂停3秒...
[2026-05-18 08:23:23] [Coordinator] 配额 MiniMax-M*: 2597/4500, 剩余 1903
[2026-05-18 08:23:23] [Coordinator] 配额 speech-hd: 0/19000, 剩余 19000
[2026-05-18 08:23:23] [Coordinator] 配额 MiniMax-Hailuo-2.3-Fast-6s-768p: 0/3, 剩余 3
[2026-05-18 08:23:23] [Coordinator] 配额 MiniMax-Hailuo-2.3-6s-768p: 0/3, 剩余 3
[2026-05-18 08:23:23] [Coordinator] 配额 music-2.5: 0/7, 剩余 7
[2026-05-18 08:23:23] [Coordinator] 配额 music-2.6: 0/100, 剩余 100
[2026-05-18 08:23:23] [Coordinator] 配额 music-cover: 0/100, 剩余 100
[2026-05-18 08:23:23] [Coordinator] 配额 lyrics_generation: 0/100, 剩余 100
[2026-05-18 08:23:23] [Coordinator] 配额 image-01: 0/200, 剩余 200
[2026-05-18 08:23:23] [Coordinator] 配额 coding-plan-vlm: 0/450, 剩余 450
[2026-05-18 08:23:23] [Coordinator] 配额 coding-plan-search: 0/450, 剩余 450
[2026-05-18 08:23:23] [Coordinator] ===== 开始第 1943-1982 章 =====
[2026-05-18 08:23:23] [Coordinator] 并行启动 5 个 writer.py 实例
[2026-05-18 08:23:23] [Coordinator] 执行: D:\soft\py\python.exe D:\AiProject\Node\novels5\scripts\writer.py --start 1943 --end 1950
[2026-05-18 08:23:23] [Coordinator] 执行: D:\soft\py\python.exe D:\AiProject\Node\novels5\scripts\writer.py --start 1951 --end 1958
[2026-05-18 08:23:23] [Coordinator] 执行: D:\soft\py\python.exe D:\AiProject\Node\novels5\scripts\writer.py --start 1959 --end 1966
[2026-05-18 08:23:23] [Coordinator] 执行: D:\soft\py\python.exe D:\AiProject\Node\novels5\scripts\writer.py --start 1967 --end 1974
[2026-05-18 08:23:23] [Coordinator] 执行: D:\soft\py\python.exe D:\AiProject\Node\novels5\scripts\writer.py --start 1975 --end 1982
[2026-05-18 08:23:41] [Coordinator] writer.py 1943-1950 完成 (rc=0)
[2026-05-18 08:23:41] [Coordinator] writer.py 1959-1966 完成 (rc=0)
[2026-05-18 08:23:41] [Coordinator] writer.py 1975-1982 完成 (rc=0)
[2026-05-18 08:24:37] [WeChat] 进度已推送: 初稿1997/2000, 审查713/2000
[2026-05-18 08:25:14] [Coordinator] writer.py 1967-1974 完成 (rc=0)
[2026-05-18 08:25:59] [Coordinator] writer.py 1951-1958 完成 (rc=0)
[2026-05-18 08:25:59] [Coordinator] 第 1943-1982 章完成，暂停3秒...
[2026-05-18 08:26:03] [Coordinator] 配额 MiniMax-M*: 2690/4500, 剩余 1810
[2026-05-18 08:26:03] [Coordinator] 配额 speech-hd: 0/19000, 剩余 19000
[2026-05-18 08:26:03] [Coordinator] 配额 MiniMax-Hailuo-2.3-Fast-6s-768p: 0/3, 剩余 3
[2026-05-18 08:26:03] [Coordinator] 配额 MiniMax-Hailuo-2.3-6s-768p: 0/3, 剩余 3
[2026-05-18 08:26:03] [Coordinator] 配额 music-2.5: 0/7, 剩余 7
[2026-05-18 08:26:03] [Coordinator] 配额 music-2.6: 0/100, 剩余 100
[2026-05-18 08:26:03] [Coordinator] 配额 music-cover: 0/100, 剩余 100============================================================
Rewrite Agent 启动
============================================================
需要重写的章节: 7 个
  第84章: 评分6.5 [需修改]
  第257章: 评分6.5 [需修改]
  第291章: 评分6.5 [需修改]
  第473章: 评分5.5 [需修改]
  第530章: 评分6.8 [需修改]
  第584章: 评分6.5 [需修改]
  第658章: 评分6.5 [需修改]
[2026-05-18 08:26:16] [Rewrite] 第84章终稿已存在，跳过
[2026-05-18 08:26:16] [Rewrite] 第257章终稿已存在，跳过
[2026-05-18 08:26:16] [Rewrite] 第291章终稿已存在，跳过
[2026-05-18 08:26:16] [Rewrite] 第473章终稿已存在，跳过
[2026-05-18 08:26:16] [Rewrite] 第530章终稿已存在，跳过
[2026-05-18 08:26:16] [Rewrite] 第584章终稿已存在，跳过
[2026-05-18 08:26:16] [Rewrite] 第658章终稿已存在，跳过
[2026-05-18 08:26:16] [Rewrite] 完成: 成功0章, 失败0章

[2026-05-18 08:26:03] [Coordinator] 配额 lyrics_generation: 0/100, 剩余 100
[2026-05-18 08:26:03] [Coordinator] 配额 image-01: 0/200, 剩余 200
[2026-05-18 08:26:03] [Coordinator] 配额 coding-plan-vlm: 0/450, 剩余 450
[2026-05-18 08:26:03] [Coordinator] 配额 coding-plan-search: 0/450, 剩余 450
[2026-05-18 08:26:03] [Coordinator] ===== 开始第 1983-2000 章 =====
[2026-05-18 08:26:03] [Coordinator] 并行启动 5 个 writer.py 实例
[2026-05-18 08:26:03] [Coordinator] 执行: D:\soft\py\python.exe D:\AiProject\Node\novels5\scripts\writer.py --start 1983 --end 1985
[2026-05-18 08:26:03] [Coordinator] 执行: D:\soft\py\python.exe D:\AiProject\Node\novels5\scripts\writer.py --start 1986 --end 1988
[2026-05-18 08:26:03] [Coordinator] 执行: D:\soft\py\python.exe D:\AiProject\Node\novels5\scripts\writer.py --start 1989 --end 1991
[2026-05-18 08:26:03] [Coordinator] 执行: D:\soft\py\python.exe D:\AiProject\Node\novels5\scripts\writer.py --start 1992 --end 1994
[2026-05-18 08:26:03] [Coordinator] 执行: D:\soft\py\python.exe D:\AiProject\Node\novels5\scripts\writer.py --start 1995 --end 1997
[2026-05-18 08:26:12] [Coordinator] writer.py 1983-1985 完成 (rc=0)
[2026-05-18 08:26:12] [Coordinator] writer.py 1986-1988 完成 (rc=0)
[2026-05-18 08:26:12] [Coordinator] writer.py 1989-1991 完成 (rc=0)
[2026-05-18 08:26:12] [Coordinator] writer.py 1992-1994 完成 (rc=0)
[2026-05-18 08:26:12] [Coordinator] writer.py 1995-1997 完成 (rc=0)
[2026-05-18 08:26:12] ============================================================
[2026-05-18 08:26:12] [Coordinator] 生成总结报告
[2026-05-18 08:26:12] ============================================================
[2026-05-18 08:26:12] [Coordinator] 总结报告: 已完成 2000/2000 章
[2026-05-18 08:26:12] [Coordinator] 总字数: 11,146,943 字
[2026-05-18 08:26:12] [Coordinator] 平均评分: 7.68
[2026-05-18 08:26:12] [Coordinator] 需重写: 32 章
[2026-05-18 08:26:12] [Coordinator] 第 1983-2000 章完成，暂停3秒...
[2026-05-18 08:26:15] ============================================================
[2026-05-18 08:26:15] [Coordinator] 处理重写队列: 7 章
[2026-05-18 08:26:15] ============================================================
[2026-05-18 08:26:15] [Coordinator] 执行: D:\soft\py\python.exe D:\AiProject\Node\novels5\scripts\rewrite_agent.py
[2026-05-18 08:26:16] [Coordinator] Rewrite Agent 完成 (rc=0)
[2026-05-18 08:26:16] ============================================================
[2026-05-18 08:26:16] [Coordinator] 生成总结报告
[2026-05-18 08:26:16] ============================================================
[2026-05-18 08:26:16] [Coordinator] 总结报告: 已完成 2000/2000 章
[2026-05-18 08:26:16] [Coordinator] 总字数: 11,146,943 字
[2026-05-18 08:26:16] [Coordinator] 平均评分: 7.68
[2026-05-18 08:26:16] [Coordinator] 需重写: 32 章
[2026-05-18 08:26:16] ============================================================
[2026-05-18 08:26:16] [Coordinator] 全部任务完成
[2026-05-18 08:26:16] [Coordinator] 总进度: 2000/2000 章
[2026-05-18 08:26:16] [Coordinator] 总字数: 11,146,943 字
[2026-05-18 08:26:16] ============================================================
