======================================================================
  2000章玄幻小说Agent系统 - Coordinator (60 Agent 版本)
======================================================================
[2026-05-18 08:06:30] [Coordinator] 企业微信进度推送已启动（每2分钟）
[2026-05-18 08:06:30] [Coordinator] 当前进度: 已生成 1807 章，已审查 720 章
[2026-05-18 08:06:30] [Coordinator] 世界观、大纲(2000章)、角色档案已存在
[2026-05-18 08:06:30] [Coordinator] 生成范围: 第1808-2000章（大纲共2000章），批次大小: 40
[2026-05-18 08:06:31] [Coordinator] 配额 MiniMax-M*: 1833/4500, 剩余 2667
[2026-05-18 08:06:31] [Coordinator] 配额 speech-hd: 0/19000, 剩余 19000
[2026-05-18 08:06:31] [Coordinator] 配额 MiniMax-Hailuo-2.3-Fast-6s-768p: 0/3, 剩余 3
[2026-05-18 08:06:31] [Coordinator] 配额 MiniMax-Hailuo-2.3-6s-768p: 0/3, 剩余 3
[2026-05-18 08:06:31] [Coordinator] 配额 music-2.5: 0/7, 剩余 7
[2026-05-18 08:06:31] [Coordinator] 配额 music-2.6: 0/100, 剩余 100
[2026-05-18 08:06:31] [Coordinator] 配额 music-cover: 0/100, 剩余 100
[2026-05-18 08:06:31] [Coordinator] 配额 lyrics_generation: 0/100, 剩余 100
[2026-05-18 08:06:31] [Coordinator] 配额 image-01: 0/200, 剩余 200
[2026-05-18 08:06:31] [Coordinator] 配额 coding-plan-vlm: 0/450, 剩余 450
[2026-05-18 08:06:31] [Coordinator] 配额 coding-plan-search: 0/450, 剩余 450
[2026-05-18 08:06:31] [Coordinator] ===== 开始第 1808-1847 章 =====
[2026-05-18 08:06:31] [Coordinator] 并行启动 5 个 writer.py 实例
[2026-05-18 08:06:31] [Coordinator] 执行: D:\soft\py\python.exe D:\AiProject\Node\novels5\scripts\writer.py --start 1808 --end 1815
[2026-05-18 08:06:31] [Coordinator] 执行: D:\soft\py\python.exe D:\AiProject\Node\novels5\scripts\writer.py --start 1816 --end 1823
[2026-05-18 08:06:31] [Coordinator] 执行: D:\soft\py\python.exe D:\AiProject\Node\novels5\scripts\writer.py --start 1824 --end 1831
[2026-05-18 08:06:31] [Coordinator] 执行: D:\soft\py\python.exe D:\AiProject\Node\novels5\scripts\writer.py --start 1832 --end 1839
[2026-05-18 08:06:31] [Coordinator] 执行: D:\soft\py\python.exe D:\AiProject\Node\novels5\scripts\writer.py --start 1840 --end 1847
[2026-05-18 08:08:31] [WeChat] 进度已推送: 初稿1774/2000, 审查713/2000
[2026-05-18 08:10:31] [WeChat] 进度已推送: 初稿1801/2000, 审查713/2000
[2026-05-18 08:12:32] [WeChat] 进度已推送: 初稿1835/2000, 审查713/2000
[2026-05-18 08:14:32] [WeChat] 进度已推送: 初稿1867/2000, 审查713/2000
[2026-05-18 08:15:16] [Coordinator] writer.py 1808-1815 完成 (rc=0)
[2026-05-18 08:15:28] [Coordinator] writer.py 1816-1823 完成 (rc=0)
[2026-05-18 08:16:33] [WeChat] 进度已推送: 初稿1898/2000, 审查713/2000
[2026-05-18 08:17:01] [Coordinator] writer.py 1832-1839 完成 (rc=0)
[2026-05-18 08:17:25] [Coordinator] writer.py 1824-1831 完成 (rc=0)
[2026-05-18 08:17:28] [Coordinator] writer.py 1840-1847 完成 (rc=0)
[2026-05-18 08:17:28] [Coordinator] 第 1808-1847 章完成，暂停3秒...
[2026-05-18 08:17:31] [Coordinator] 配额 MiniMax-M*: 2325/4500, 剩余 2175
[2026-05-18 08:17:31] [Coordinator] 配额 speech-hd: 0/19000, 剩余 19000
[2026-05-18 08:17:31] [Coordinator] 配额 MiniMax-Hailuo-2.3-Fast-6s-768p: 0/3, 剩余 3
[2026-05-18 08:17:31] [Coordinator] 配额 MiniMax-Hailuo-2.3-6s-768p: 0/3, 剩余 3
[2026-05-18 08:17:31] [Coordinator] 配额 music-2.5: 0/7, 剩余 7
[2026-05-18 08:17:31] [Coordinator] 配额 music-2.6: 0/100, 剩余 100
[2026-05-18 08:17:31] [Coordinator] 配额 music-cover: 0/100, 剩余 100
[2026-05-18 08:17:31] [Coordinator] 配额 lyrics_generation: 0/100, 剩余 100
[2026-05-18 08:17:31] [Coordinator] 配额 image-01: 0/200, 剩余 200
[2026-05-18 08:17:31] [Coordinator] 配额 coding-plan-vlm: 0/450, 剩余 450
[2026-05-18 08:17:31] [Coordinator] 配额 coding-plan-search: 0/450, 剩余 450
[2026-05-18 08:17:31] [Coordinator] ===== 开始第 1848-1887 章 =====
[2026-05-18 08:17:31] [Coordinator] 并行启动 5 个 writer.py 实例
[2026-05-18 08:17:31] [Coordinator] 执行: D:\soft\py\python.exe D:\AiProject\Node\novels5\scripts\writer.py --start 1848 --end 1855
[2026-05-18 08:17:31] [Coordinator] 执行: D:\soft\py\python.exe D:\AiProject\Node\novels5\scripts\writer.py --start 1856 --end 1863
[2026-05-18 08:17:32] [Coordinator] 执行: D:\soft\py\python.exe D:\AiProject\Node\novels5\scripts\writer.py --start 1864 --end 1871
[2026-05-18 08:17:32] [Coordinator] 执行: D:\soft\py\python.exe D:\AiProject\Node\novels5\scripts\writer.py --start 1872 --end 1879
[2026-05-18 08:17:32] [Coordinator] 执行: D:\soft\py\python.exe D:\AiProject\Node\novels5\scripts\writer.py --start 1880 --end 1887
[2026-05-18 08:17:50] [Coordinator] writer.py 1848-1855 完成 (rc=0)
[2026-05-18 08:18:33] [WeChat] 进度已推送: 初稿1931/2000, 审查713/2000
[2026-05-18 08:18:56] [Coordinator] writer.py 1864-1871 完成 (rc=0)
[2026-05-18 08:19:02] [Coordinator] writer.py 1856-1863 完成 (rc=0)
[2026-05-18 08:19:05] [Coordinator] writer.py 1872-1879 完成 (rc=0)
[2026-05-18 08:20:33] [WeChat] 进度已推送: 初稿1967/2000, 审查713/2000
[2026-05-18 08:20:41] [Coordinator] writer.py 1880-1887 完成 (rc=0)
[2026-05-18 08:20:41] [Coordinator] 第 1848-1887 章完成，暂停3秒...
[2026-05-18 08:20:44] [Coordinator] 配额 MiniMax-M*: 2489/4500, 剩余 2011
[2026-05-18 08:20:44] [Coordinator] 配额 speech-hd: 0/19000, 剩余 19000
[2026-05-18 08:20:44] [Coordinator] 配额 MiniMax-Hailuo-2.3-Fast-6s-768p: 0/3, 剩余 3
[2026-05-18 08:20:44] [Coordinator] 配额 MiniMax-Hailuo-2.3-6s-768p: 0/3, 剩余 3
[2026-05-18 08:20:44] [Coordinator] 配额 music-2.5: 0/7, 剩余 7
[2026-05-18 08:20:44] [Coordinator] 配额 music-2.6: 0/100, 剩余 100
[2026-05-18 08:20:44] [Coordinator] 配额 music-cover: 0/100, 剩余 100
[2026-05-18 08:20:44] [Coordinator] 配额 lyrics_generation: 0/100, 剩余 100
[2026-05-18 08:20:44] [Coordinator] 配额 image-01: 0/200, 剩余 200
[2026-05-18 08:20:44] [Coordinator] 配额 coding-plan-vlm: 0/450, 剩余 450
[2026-05-18 08:20:44] [Coordinator] 配额 coding-plan-search: 0/450, 剩余 450
[2026-05-18 08:20:44] [Coordinator] ===== 开始第 1888-1927 章 =====
[2026-05-18 08:20:44] [Coordinator] 并行启动 5 个 writer.py 实例
[2026-05-18 08:20:44] [Coordinator] 执行: D:\soft\py\python.exe D:\AiProject\Node\novels5\scripts\writer.py --start 1888 --end 1895
[2026-05-18 08:20:44] [Coordinator] 执行: D:\soft\py\python.exe D:\AiProject\Node\novels5\scripts\writer.py --start 1896 --end 1903
[2026-05-18 08:20:44] [Coordinator] 执行: D:\soft\py\python.exe D:\AiProject\Node\novels5\scripts\writer.py --start 1904 --end 1911
[2026-05-18 08:20:44] [Coordinator] 执行: D:\soft\py\python.exe D:\AiProject\Node\novels5\scripts\writer.py --start 1912 --end 1919
[2026-05-18 08:20:44] [Coordinator] 执行: D:\soft\py\python.exe D:\AiProject\Node\novels5\scripts\writer.py --start 1920 --end 1927
[2026-05-18 08:21:02] [Coordinator] writer.py 1888-1895 完成 (rc=0)
[2026-05-18 08:21:02] [Coordinator] writer.py 1896-1903 完成 (rc=0)
[2026-05-18 08:21:59] [Coordinator] writer.py 1912-1919 完成 (rc=0)
[2026-05-18 08:22:26] [Coordinator] writer.py 1904-1911 完成 (rc=0)
[2026-05-18 08:22:34] [WeChat] 进度已推送: 初稿1990/2000, 审查713/2000
[2026-05-18 08:22:47] [Coordinator] writer.py 1920-1927 完成 (rc=0)
[2026-05-18 08:22:47] [Coordinator] 第 1888-1927 章完成，暂停3秒...
[2026-05-18 08:22:51] [Coordinator] 配额 MiniMax-M*: 2583/4500, 剩余 1917
[2026-05-18 08:22:51] [Coordinator] 配额 speech-hd: 0/19000, 剩余 19000
[2026-05-18 08:22:51] [Coordinator] 配额 MiniMax-Hailuo-2.3-Fast-6s-768p: 0/3, 剩余 3
[2026-05-18 08:22:51] [Coordinator] 配额 MiniMax-Hailuo-2.3-6s-768p: 0/3, 剩余 3
[2026-05-18 08:22:51] [Coordinator] 配额 music-2.5: 0/7, 剩余 7
[2026-05-18 08:22:51] [Coordinator] 配额 music-2.6: 0/100, 剩余 100
[2026-05-18 08:22:51] [Coordinator] 配额 music-cover: 0/100, 剩余 100
[2026-05-18 08:22:51] [Coordinator] 配额 lyrics_generation: 0/100, 剩余 100
[2026-05-18 08:22:51] [Coordinator] 配额 image-01: 0/200, 剩余 200
[2026-05-18 08:22:51] [Coordinator] 配额 coding-plan-vlm: 0/450, 剩余 450
[2026-05-18 08:22:51] [Coordinator] 配额 coding-plan-search: 0/450, 剩余 450
[2026-05-18 08:22:51] [Coordinator] ===== 开始第 1928-1967 章 =====
[2026-05-18 08:22:51] [Coordinator] 并行启动 5 个 writer.py 实例
[2026-05-18 08:22:51] [Coordinator] 执行: D:\soft\py\python.exe D:\AiProject\Node\novels5\scripts\writer.py --start 1928 --end 1935============================================================
Rewrite Agent 启动
============================================================
需要重写的章节: 7 个
  第84章: 评分6.5 [需修改]
  第257章: 评分6.5 [需修改]
  第291章: 评分6.5 [需修改]
  第473章: 评分5.5 [需修改]
  第530章: 评分6.8 [需修改]
  第584章: 评分6.5 [需修改]
  第658章: 评分6.5 [需修改]
[2026-05-18 08:25:43] [Rewrite] 第84章终稿已存在，跳过
[2026-05-18 08:25:43] [Rewrite] 第257章终稿已存在，跳过
[2026-05-18 08:25:43] [Rewrite] 第473章终稿已存在，跳过
[2026-05-18 08:25:43] [Rewrite] 第291章终稿已存在，跳过
[2026-05-18 08:25:43] [Rewrite] 第584章终稿已存在，跳过
[2026-05-18 08:25:43] [Rewrite] 第658章终稿已存在，跳过
[2026-05-18 08:25:43] [Rewrite] 第530章终稿已存在，跳过
[2026-05-18 08:25:43] [Rewrite] 完成: 成功0章, 失败0章

[2026-05-18 08:22:51] [Coordinator] 执行: D:\soft\py\python.exe D:\AiProject\Node\novels5\scripts\writer.py --start 1936 --end 1943
[2026-05-18 08:22:51] [Coordinator] 执行: D:\soft\py\python.exe D:\AiProject\Node\novels5\scripts\writer.py --start 1944 --end 1951
[2026-05-18 08:22:51] [Coordinator] 执行: D:\soft\py\python.exe D:\AiProject\Node\novels5\scripts\writer.py --start 1952 --end 1959
[2026-05-18 08:22:51] [Coordinator] 执行: D:\soft\py\python.exe D:\AiProject\Node\novels5\scripts\writer.py --start 1960 --end 1967
[2026-05-18 08:23:09] [Coordinator] writer.py 1928-1935 完成 (rc=0)
[2026-05-18 08:23:09] [Coordinator] writer.py 1936-1943 完成 (rc=0)
[2026-05-18 08:24:35] [WeChat] 进度已推送: 初稿1997/2000, 审查713/2000
[2026-05-18 08:24:48] [Coordinator] writer.py 1960-1967 完成 (rc=0)
[2026-05-18 08:25:00] [Coordinator] writer.py 1944-1951 完成 (rc=0)
[2026-05-18 08:25:21] [Coordinator] writer.py 1952-1959 完成 (rc=0)
[2026-05-18 08:25:21] [Coordinator] 第 1928-1967 章完成，暂停3秒...
[2026-05-18 08:25:25] [Coordinator] 配额 MiniMax-M*: 2672/4500, 剩余 1828
[2026-05-18 08:25:25] [Coordinator] 配额 speech-hd: 0/19000, 剩余 19000
[2026-05-18 08:25:25] [Coordinator] 配额 MiniMax-Hailuo-2.3-Fast-6s-768p: 0/3, 剩余 3
[2026-05-18 08:25:25] [Coordinator] 配额 MiniMax-Hailuo-2.3-6s-768p: 0/3, 剩余 3
[2026-05-18 08:25:25] [Coordinator] 配额 music-2.5: 0/7, 剩余 7
[2026-05-18 08:25:25] [Coordinator] 配额 music-2.6: 0/100, 剩余 100
[2026-05-18 08:25:25] [Coordinator] 配额 music-cover: 0/100, 剩余 100
[2026-05-18 08:25:25] [Coordinator] 配额 lyrics_generation: 0/100, 剩余 100
[2026-05-18 08:25:25] [Coordinator] 配额 image-01: 0/200, 剩余 200
[2026-05-18 08:25:25] [Coordinator] 配额 coding-plan-vlm: 0/450, 剩余 450
[2026-05-18 08:25:25] [Coordinator] 配额 coding-plan-search: 0/450, 剩余 450
[2026-05-18 08:25:25] [Coordinator] ===== 开始第 1968-2000 章 =====
[2026-05-18 08:25:25] [Coordinator] 并行启动 5 个 writer.py 实例
[2026-05-18 08:25:25] [Coordinator] 执行: D:\soft\py\python.exe D:\AiProject\Node\novels5\scripts\writer.py --start 1968 --end 1973
[2026-05-18 08:25:25] [Coordinator] 执行: D:\soft\py\python.exe D:\AiProject\Node\novels5\scripts\writer.py --start 1974 --end 1979
[2026-05-18 08:25:25] [Coordinator] 执行: D:\soft\py\python.exe D:\AiProject\Node\novels5\scripts\writer.py --start 1980 --end 1985
[2026-05-18 08:25:25] [Coordinator] 执行: D:\soft\py\python.exe D:\AiProject\Node\novels5\scripts\writer.py --start 1986 --end 1991
[2026-05-18 08:25:25] [Coordinator] 执行: D:\soft\py\python.exe D:\AiProject\Node\novels5\scripts\writer.py --start 1992 --end 1997
[2026-05-18 08:25:40] [Coordinator] writer.py 1968-1973 完成 (rc=0)
[2026-05-18 08:25:40] [Coordinator] writer.py 1974-1979 完成 (rc=0)
[2026-05-18 08:25:40] [Coordinator] writer.py 1980-1985 完成 (rc=0)
[2026-05-18 08:25:40] [Coordinator] writer.py 1986-1991 完成 (rc=0)
[2026-05-18 08:25:40] [Coordinator] writer.py 1992-1997 完成 (rc=0)
[2026-05-18 08:25:40] ============================================================
[2026-05-18 08:25:40] [Coordinator] 生成总结报告
[2026-05-18 08:25:40] ============================================================
[2026-05-18 08:25:40] [Coordinator] 总结报告: 已完成 2000/2000 章
[2026-05-18 08:25:40] [Coordinator] 总字数: 11,139,860 字
[2026-05-18 08:25:40] [Coordinator] 平均评分: 7.68
[2026-05-18 08:25:40] [Coordinator] 需重写: 32 章
[2026-05-18 08:25:40] [Coordinator] 第 1968-2000 章完成，暂停3秒...
[2026-05-18 08:25:43] ============================================================
[2026-05-18 08:25:43] [Coordinator] 处理重写队列: 7 章
[2026-05-18 08:25:43] ============================================================
[2026-05-18 08:25:43] [Coordinator] 执行: D:\soft\py\python.exe D:\AiProject\Node\novels5\scripts\rewrite_agent.py
[2026-05-18 08:25:43] [Coordinator] Rewrite Agent 完成 (rc=0)
[2026-05-18 08:25:43] ============================================================
[2026-05-18 08:25:43] [Coordinator] 生成总结报告
[2026-05-18 08:25:43] ============================================================
[2026-05-18 08:25:43] [Coordinator] 总结报告: 已完成 2000/2000 章
[2026-05-18 08:25:43] [Coordinator] 总字数: 11,138,422 字
[2026-05-18 08:25:43] [Coordinator] 平均评分: 7.68
[2026-05-18 08:25:43] [Coordinator] 需重写: 32 章
[2026-05-18 08:25:43] ============================================================
[2026-05-18 08:25:43] [Coordinator] 全部任务完成
[2026-05-18 08:25:43] [Coordinator] 总进度: 2000/2000 章
[2026-05-18 08:25:43] [Coordinator] 总字数: 11,138,422 字
[2026-05-18 08:25:43] ============================================================
