[ERROR] mmx call failed (rc=4): {
  "error": {
    "code": 4,
    "message": "Rate limit or quota exceeded. Token Plan 主要面向个人开发者的交互式使用场景。当前请求量较高，请稍后重试；如需支持更高并发或自动化任务，建议升级至更高级别套餐，或使用按量付费 API。 (2062)",
    "hint": "Check usage: mmx quota show"
  }
}
============================================================
Planner Agent 启动 - 范围: 第1701章到第1800章
============================================================
[Planner] world.json 已存在，跳过生成
[Planner] characters.json 已存在，跳过生成
[Planner] 正在生成第 1731-1745 章大纲...
[Planner] 第 1731-1745 章大纲已生成（15章）
[Planner] 正在生成第 1746-1760 章大纲...
[Planner] 第 1746-1760 章大纲已生成（15章）
[Planner] 正在生成第 1761-1775 章大纲...
[Planner] 第 1761-1775 章大纲已生成（15章）
[Planner] 正在生成第 1776-1790 章大纲...
[Planner] 第 1776-1790 章大纲已生成（15章）
[Planner] 正在生成第 1791-1800 章大纲...
[Planner] 第 1791-1800 章大纲生成失败
[Planner] 大纲范围 1701-1800 已完成，共 90 章
[Planner] 全部完成
