============================================================
Reviewer Agent 启动
============================================================
[2026-05-18 09:10:02] [Reviewer] 正在审查第901章...
[2026-05-18 09:10:38] [Reviewer] 第901章审查完成，评分: 7.5， verdict: 需修改
[2026-05-18 09:10:39] [Reviewer] 正在审查第902章...
[2026-05-18 09:11:20] [Reviewer] 第902章审查完成，评分: 7.8， verdict: 通过
[2026-05-18 09:11:21] [Reviewer] 正在审查第903章...
[2026-05-18 09:11:55] [Reviewer] 第903章审查完成，评分: 7.5， verdict: 需修改
[2026-05-18 09:11:56] [Reviewer] 正在审查第904章...
[2026-05-18 09:12:26] [Reviewer] 第904章审查完成，评分: 8.0， verdict: 通过
[2026-05-18 09:12:27] [Reviewer] 正在审查第905章...
[2026-05-18 09:13:03] [Reviewer] 第905章审查完成，评分: 8.0， verdict: 通过
[2026-05-18 09:13:04] [Reviewer] 正在审查第906章...
[2026-05-18 09:13:39] [Reviewer] 第906章审查完成，评分: 8.5， verdict: 通过
[2026-05-18 09:13:41] [Reviewer] 正在审查第907章...
[2026-05-18 09:14:10] [Reviewer] JSON解析失败: Expecting ',' delimiter: line 28 column 13 (char 611)
[2026-05-18 09:14:10] [Reviewer] 第907章审查完成，评分: N/A， verdict: N/A
[2026-05-18 09:14:11] [Reviewer] 正在审查第908章...
[2026-05-18 09:14:43] [Reviewer] 第908章审查完成，评分: 7.5， verdict: 需修改
[2026-05-18 09:14:44] [Reviewer] 正在审查第909章...
[2026-05-18 09:15:21] [Reviewer] 第909章审查完成，评分: 8.2， verdict: 通过
[2026-05-18 09:15:22] [Reviewer] 正在审查第910章...
[2026-05-18 09:15:23] [ERROR] mmx call failed (rc=4): {
  "error": {
    "code": 4,
    "message": "Rate limit or quota exceeded. Token Plan 主要面向个人开发者的交互式使用场景。当前请求量较高，请稍后重试；如需支持更高并发或自动化任务，建议升级至更高级别套餐，或使用按量付费 API。 (2062)",
    "hint": "Check usage: mmx quota show"
  }
}
[2026-05-18 09:15:23] [Reviewer] 第910章审查失败
[2026-05-18 09:15:24] [Reviewer] 正在审查第911章...
[2026-05-18 09:15:24] [ERROR] mmx call failed (rc=4): {
  "error": {
    "code": 4,
    "message": "Rate limit or quota exceeded. Token Plan 主要面向个人开发者的交互式使用场景。当前请求量较高，请稍后重试；如需支持更高并发或自动化任务，建议升级至更高级别套餐，或使用按量付费 API。 (2062)",
    "hint": "Check usage: mmx quota show"
  }
}
[2026-05-18 09:15:24] [Reviewer] 第911章审查失败
[2026-05-18 09:15:25] [Reviewer] 正在审查第912章...
[2026-05-18 09:15:26] [ERROR] mmx call failed (rc=4): {
  "error": {
    "code": 4,
    "message": "Rate limit or quota exceeded. Token Plan 主要面向个人开发者的交互式使用场景。当前请求量较高，请稍后重试；如需支持更高并发或自动化任务，建议升级至更高级别套餐，或使用按量付费 API。 (2062)",
    "hint": "Check usage: mmx quota show"
  }
}
[2026-05-18 09:15:26] [Reviewer] 第912章审查失败
[2026-05-18 09:15:27] [Reviewer] 正在审查第913章...
[2026-05-18 09:15:28] [ERROR] mmx call failed (rc=4): {
  "error": {
    "code": 4,
    "message": "Rate limit or quota exceeded. Token Plan 主要面向个人开发者的交互式使用场景。当前请求量较高，请稍后重试；如需支持更高并发或自动化任务，建议升级至更高级别套餐，或使用按量付费 API。 (2062)",
    "hint": "Check usage: mmx quota show"
  }
}
[2026-05-18 09:15:28] [Reviewer] 第913章审查失败
[2026-05-18 09:15:29] [Reviewer] 正在审查第914章...
[2026-05-18 09:15:29] [ERROR] mmx call failed (rc=4): {
  "error": {
    "code": 4,
    "message": "Rate limit or quota exceeded. Token Plan 主要面向个人开发者的交互式使用场景。当前请求量较高，请稍后重试；如需支持更高并发或自动化任务，建议升级至更高级别套餐，或使用按量付费 API。 (2062)",
    "hint": "Check usage: mmx quota show"
  }
}
[2026-05-18 09:15:29] [Reviewer] 第914章审查失败
[2026-05-18 09:15:30] [Reviewer] 正在审查第915章...
[2026-05-18 09:15:31] [ERROR] mmx call failed (rc=4): {
  "error": {
    "code": 4,
    "message": "Rate limit or quota exceeded. Token Plan 主要面向个人开发者的交互式使用场景。当前请求量较高，请稍后重试；如需支持更高并发或自动化任务，建议升级至更高级别套餐，或使用按量付费 API。 (2062)",
    "hint": "Check usage: mmx quota show"
  }
}
[2026-05-18 09:15:31] [Reviewer] 第915章审查失败
[2026-05-18 09:15:32] [Reviewer] 正在审查第916章...
[2026-05-18 09:15:32] [ERROR] mmx call failed (rc=4): {
  "error": {
    "code": 4,
    "message": "Rate limit or quota exceeded. Token Plan 主要面向个人开发者的交互式使用场景。当前请求量较高，请稍后重试；如需支持更高并发或自动化任务，建议升级至更高级别套餐，或使用按量付费 API。 (2062)",
    "hint": "Check usage: mmx quota show"
  }
}
[2026-05-18 09:15:32] [Reviewer] 第916章审查失败
[2026-05-18 09:15:33] [Reviewer] 正在审查第917章...
[2026-05-18 09:15:34] [ERROR] mmx call failed (rc=4): {
  "error": {
    "code": 4,
    "message": "Rate limit or quota exceeded. Token Plan 主要面向个人开发者的交互式使用场景。当前请求量较高，请稍后重试；如需支持更高并发或自动化任务，建议升级至更高级别套餐，或使用按量付费 API。 (2062)",
    "hint": "Check usage: mmx quota show"
  }
}
[2026-05-18 09:15:34] [Reviewer] 第917章审查失败
[2026-05-18 09:15:35] [Reviewer] 正在审查第918章...
[2026-05-18 09:15:35] [ERROR] mmx call failed (rc=4): {
  "error": {
    "code": 4,
    "message": "Rate limit or quota exceeded. Token Plan 主要面向个人开发者的交互式使用场景。当前请求量较高，请稍后重试；如需支持更高并发或自动化任务，建议升级至更高级别套餐，或使用按量付费 API。 (2062)",
    "hint": "Check usage: mmx quota show"
  }
}
[2026-05-18 09:15:35] [Reviewer] 第918章审查失败
[2026-05-18 09:15:36] [Reviewer] 正在审查第919章...
[2026-05-18 09:15:37] [ERROR] mmx call failed (rc=4): {
  "error": {
    "code": 4,
    "message": "Rate limit or quota exceeded. Token Plan 主要面向个人开发者的交互式使用场景。当前请求量较高，请稍后重试；如需支持更高并发或自动化任务，建议升级至更高级别套餐，或使用按量付费 API。 (2062)",
    "hint": "Check usage: mmx quota show"
  }
}
[2026-05-18 09:15:37] [Reviewer] 第919章审查失败
[2026-05-18 09:15:38] [Reviewer] 正在审查第920章...
[2026-05-18 09:15:38] [ERROR] mmx call failed (rc=4): {
  "error": {
    "code": 4,
    "message": "Rate limit or quota exceeded. Token Plan 主要面向个人开发者的交互式使用场景。当前请求量较高，请稍后重试；如需支持更高并发或自动化任务，建议升级至更高级别套餐，或使用按量付费 API。 (2062)",
    "hint": "Check usage: mmx quota show"
  }
}
[2026-05-18 09:15:38] [Reviewer] 第920章审查失败
[2026-05-18 09:15:39] [Reviewer] 第921章已审查过，跳过
[2026-05-18 09:15:40] [Reviewer] 正在审查第922章...
[2026-05-18 09:15:41] [ERROR] mmx call failed (rc=4): {
  "error": {
    "code": 4,
    "message": "Rate limit or quota exceeded. Token Plan 主要面向个人开发者的交互式使用场景。当前请求量较高，请稍后重试；如需支持更高并发或自动化任务，建议升级至更高级别套餐，或使用按量付费 API。 (2062)",
    "hint": "Check usage: mmx quota show"
  }
}
[2026-05-18 09:15:41] [Reviewer] 第922章审查失败
[2026-05-18 09:15:42] [Reviewer] 正在审查第923章...
[2026-05-18 09:15:42] [ERROR] mmx call failed (rc=4): {
  "error": {
    "code": 4,
    "message": "Rate limit or quota exceeded. Token Plan 主要面向个人开发者的交互式使用场景。当前请求量较高，请稍后重试；如需支持更高并发或自动化任务，建议升级至更高级别套餐，或使用按量付费 API。 (2062)",
    "hint": "Check usage: mmx quota show"
  }
}
[2026-05-18 09:15:42] [Reviewer] 第923章审查失败
[2026-05-18 09:15:43] [Reviewer] 正在审查第924章...
[2026-05-18 09:15:44] [ERROR] mmx call failed (rc=4): {
  "error": {
    "code": 4,
    "message": "Rate limit or quota exceeded. Token Plan 主要面向个人开发者的交互式使用场景。当前请求量较高，请稍后重试；如需支持更高并发或自动化任务，建议升级至更高级别套餐，或使用按量付费 API。 (2062)",
    "hint": "Check usage: mmx quota show"
  }
}
[2026-05-18 09:15:44] [Reviewer] 第924章审查失败
[2026-05-18 09:15:45] [Reviewer] 正在审查第925章...
[2026-05-18 09:15:45] [ERROR] mmx call failed (rc=4): {
  "error": {
    "code": 4,
    "message": "Rate limit or quota exceeded. Token Plan 主要面向个人开发者的交互式使用场景。当前请求量较高，请稍后重试；如需支持更高并发或自动化任务，建议升级至更高级别套餐，或使用按量付费 API。 (2062)",
    "hint": "Check usage: mmx quota show"
  }
}
[2026-05-18 09:15:45] [Reviewer] 第925章审查失败
[2026-05-18 09:15:46] [Reviewer] 正在审查第926章...
[2026-05-18 09:15:47] [ERROR] mmx call failed (rc=4): {
  "error": {
    "code": 4,
    "message": "Rate limit or quota exceeded. Token Plan 主要面向个人开发者的交互式使用场景。当前请求量较高，请稍后重试；如需支持更高并发或自动化任务，建议升级至更高级别套餐，或使用按量付费 API。 (2062)",
    "hint": "Check usage: mmx quota show"
  }
}
[2026-05-18 09:15:47] [Reviewer] 第926章审查失败
[2026-05-18 09:15:48] [Reviewer] 正在审查第927章...
[2026-05-18 09:15:48] [ERROR] mmx call failed (rc=4): {
  "error": {
    "code": 4,
    "message": "Rate limit or quota exceeded. Token Plan 主要面向个人开发者的交互式使用场景。当前请求量较高，请稍后重试；如需支持更高并发或自动化任务，建议升级至更高级别套餐，或使用按量付费 API。 (2062)",
    "hint": "Check usage: mmx quota show"
  }
}
[2026-05-18 09:15:48] [Reviewer] 第927章审查失败
[2026-05-18 09:15:49] [Reviewer] 正在审查第928章...
[2026-05-18 09:15:50] [ERROR] mmx call failed (rc=4): {
  "error": {
    "code": 4,
    "message": "Rate limit or quota exceeded. Token Plan 主要面向个人开发者的交互式使用场景。当前请求量较高，请稍后重试；如需支持更高并发或自动化任务，建议升级至更高级别套餐，或使用按量付费 API。 (2062)",
    "hint": "Check usage: mmx quota show"
  }
}
[2026-05-18 09:15:50] [Reviewer] 第928章审查失败
[2026-05-18 09:15:51] [Reviewer] 正在审查第929章...
[2026-05-18 09:15:52] [ERROR] mmx call failed (rc=4): {
  "error": {
    "code": 4,
    "message": "Rate limit or quota exceeded. Token Plan 主要面向个人开发者的交互式使用场景。当前请求量较高，请稍后重试；如需支持更高并发或自动化任务，建议升级至更高级别套餐，或使用按量付费 API。 (2062)",
    "hint": "Check usage: mmx quota show"
  }
}
[2026-05-18 09:15:52] [Reviewer] 第929章审查失败
[2026-05-18 09:15:54] [Reviewer] 正在审查第930章...
[2026-05-18 09:15:56] [ERROR] mmx call failed (rc=4): {
  "error": {
    "code": 4,
    "message": "Rate limit or quota exceeded. Token Plan 主要面向个人开发者的交互式使用场景。当前请求量较高，请稍后重试；如需支持更高并发或自动化任务，建议升级至更高级别套餐，或使用按量付费 API。 (2062)",
    "hint": "Check usage: mmx quota show"
  }
}
[2026-05-18 09:15:56] [Reviewer] 第930章审查失败
[2026-05-18 09:15:57] [Reviewer] 正在审查第931章...
[2026-05-18 09:15:59] [ERROR] mmx call failed (rc=4): {
  "error": {
    "code": 4,
    "message": "Rate limit or quota exceeded. Token Plan 主要面向个人开发者的交互式使用场景。当前请求量较高，请稍后重试；如需支持更高并发或自动化任务，建议升级至更高级别套餐，或使用按量付费 API。 (2062)",
    "hint": "Check usage: mmx quota show"
  }
}
[2026-05-18 09:15:59] [Reviewer] 第931章审查失败
[2026-05-18 09:16:01] [Reviewer] 正在审查第932章...
[2026-05-18 09:16:04] [ERROR] mmx call failed (rc=4): {
  "error": {
    "code": 4,
    "message": "Rate limit or quota exceeded. Token Plan 主要面向个人开发者的交互式使用场景。当前请求量较高，请稍后重试；如需支持更高并发或自动化任务，建议升级至更高级别套餐，或使用按量付费 API。 (2062)",
    "hint": "Check usage: mmx quota show"
  }
}
[2026-05-18 09:16:04] [Reviewer] 第932章审查失败
[2026-05-18 09:16:05] [Reviewer] 正在审查第933章...
[2026-05-18 09:16:08] [ERROR] mmx call failed (rc=4): {
  "error": {
    "code": 4,
    "message": "Rate limit or quota exceeded. Token Plan 主要面向个人开发者的交互式使用场景。当前请求量较高，请稍后重试；如需支持更高并发或自动化任务，建议升级至更高级别套餐，或使用按量付费 API。 (2062)",
    "hint": "Check usage: mmx quota show"
  }
}
[2026-05-18 09:16:08] [Reviewer] 第933章审查失败
[2026-05-18 09:16:09] [Reviewer] 正在审查第934章...
[2026-05-18 09:16:12] [ERROR] mmx call failed (rc=4): {
  "error": {
    "code": 4,
    "message": "Rate limit or quota exceeded. Token Plan 主要面向个人开发者的交互式使用场景。当前请求量较高，请稍后重试；如需支持更高并发或自动化任务，建议升级至更高级别套餐，或使用按量付费 API。 (2062)",
    "hint": "Check usage: mmx quota show"
  }
}
[2026-05-18 09:16:12] [Reviewer] 第934章审查失败
[2026-05-18 09:16:14] [Reviewer] 正在审查第935章...
[2026-05-18 09:16:52] [Reviewer] 第935章审查完成，评分: 7.8， verdict: 需修改
[2026-05-18 09:16:53] [Reviewer] 正在审查第936章...
[2026-05-18 09:16:55] [ERROR] mmx call failed (rc=4): {
  "error": {
    "code": 4,
    "message": "Rate limit or quota exceeded. Token Plan 主要面向个人开发者的交互式使用场景。当前请求量较高，请稍后重试；如需支持更高并发或自动化任务，建议升级至更高级别套餐，或使用按量付费 API。 (2062)",
    "hint": "Check usage: mmx quota show"
  }
}
[2026-05-18 09:16:55] [Reviewer] 第936章审查失败
[2026-05-18 09:16:56] [Reviewer] 正在审查第937章...
[2026-05-18 09:16:58] [ERROR] mmx call failed (rc=4): {
  "error": {
    "code": 4,
    "message": "Rate limit or quota exceeded. Token Plan 主要面向个人开发者的交互式使用场景。当前请求量较高，请稍后重试；如需支持更高并发或自动化任务，建议升级至更高级别套餐，或使用按量付费 API。 (2062)",
    "hint": "Check usage: mmx quota show"
  }
}
[2026-05-18 09:16:58] [Reviewer] 第937章审查失败
[2026-05-18 09:16:59] [Reviewer] 正在审查第938章...
[2026-05-18 09:17:02] [ERROR] mmx call failed (rc=4): {
  "error": {
    "code": 4,
    "message": "Rate limit or quota exceeded. Token Plan 主要面向个人开发者的交互式使用场景。当前请求量较高，请稍后重试；如需支持更高并发或自动化任务，建议升级至更高级别套餐，或使用按量付费 API。 (2062)",
    "hint": "Check usage: mmx quota show"
  }
}
[2026-05-18 09:17:02] [Reviewer] 第938章审查失败
[2026-05-18 09:17:03] [Reviewer] 正在审查第939章...
[2026-05-18 09:17:06] [ERROR] mmx call failed (rc=4): {
  "error": {
    "code": 4,
    "message": "Rate limit or quota exceeded. Token Plan 主要面向个人开发者的交互式使用场景。当前请求量较高，请稍后重试；如需支持更高并发或自动化任务，建议升级至更高级别套餐，或使用按量付费 API。 (2062)",
    "hint": "Check usage: mmx quota show"
  }
}
[2026-05-18 09:17:06] [Reviewer] 第939章审查失败
[2026-05-18 09:17:07] [Reviewer] 正在审查第940章...
[2026-05-18 09:17:08] [ERROR] mmx call failed (rc=4): {
  "error": {
    "code": 4,
    "message": "Rate limit or quota exceeded. Token Plan 主要面向个人开发者的交互式使用场景。当前请求量较高，请稍后重试；如需支持更高并发或自动化任务，建议升级至更高级别套餐，或使用按量付费 API。 (2062)",
    "hint": "Check usage: mmx quota show"
  }
}
[2026-05-18 09:17:08] [Reviewer] 第940章审查失败
[2026-05-18 09:17:09] [Reviewer] 第941章已审查过，跳过
[2026-05-18 09:17:10] [Reviewer] 正在审查第942章...
[2026-05-18 09:17:12] [ERROR] mmx call failed (rc=4): {
  "error": {
    "code": 4,
    "message": "Rate limit or quota exceeded. Token Plan 主要面向个人开发者的交互式使用场景。当前请求量较高，请稍后重试；如需支持更高并发或自动化任务，建议升级至更高级别套餐，或使用按量付费 API。 (2062)",
    "hint": "Check usage: mmx quota show"
  }
}
[2026-05-18 09:17:12] [Reviewer] 第942章审查失败
[2026-05-18 09:17:13] [Reviewer] 正在审查第943章...
[2026-05-18 09:17:47] [Reviewer] 第943章审查完成，评分: 8.0， verdict: 通过
[2026-05-18 09:17:48] [Reviewer] 第944章已审查过，跳过
[2026-05-18 09:17:49] [Reviewer] 正在审查第945章...
[2026-05-18 09:18:19] [Reviewer] 第945章审查完成，评分: 7.2， verdict: 需修改
[2026-05-18 09:18:20] [Reviewer] 正在审查第946章...
[2026-05-18 09:18:49] [Reviewer] 第946章审查完成，评分: 7.5， verdict: 需修改
[2026-05-18 09:18:50] [Reviewer] 正在审查第947章...
[2026-05-18 09:19:22] [Reviewer] 第947章审查完成，评分: 8.5， verdict: 通过
[2026-05-18 09:19:23] [Reviewer] 正在审查第948章...
[2026-05-18 09:20:00] [Reviewer] 第948章审查完成，评分: 7.8， verdict: 需修改
[2026-05-18 09:20:01] [Reviewer] 正在审查第949章...
[2026-05-18 09:20:36] [Reviewer] 第949章审查完成，评分: 8.0， verdict: 需修改
[2026-05-18 09:20:37] [Reviewer] 正在审查第950章...
[2026-05-18 09:21:08] [Reviewer] 第950章审查完成，评分: 7.5， verdict: 需修改
[2026-05-18 09:21:09] [Reviewer] 正在审查第951章...
[2026-05-18 09:21:47] [Reviewer] 第951章审查完成，评分: 8.2， verdict: 通过
[2026-05-18 09:21:48] [Reviewer] 正在审查第952章...
[2026-05-18 09:22:18] [Reviewer] 第952章审查完成，评分: 5.5， verdict: 需修改
[2026-05-18 09:22:19] [Reviewer] 第953章已审查过，跳过
[2026-05-18 09:22:20] [Reviewer] 正在审查第954章...
[2026-05-18 09:22:59] [Reviewer] 第954章审查完成，评分: 7.5， verdict: 需修改
[2026-05-18 09:23:00] [Reviewer] 正在审查第955章...
[2026-05-18 09:23:36] [Reviewer] 第955章审查完成，评分: 7.5， verdict: 需修改
[2026-05-18 09:23:37] [Reviewer] 正在审查第956章...
[2026-05-18 09:24:12] [Reviewer] 第956章审查完成，评分: 7.5， verdict: 需修改
[2026-05-18 09:24:13] [Reviewer] 正在审查第957章...
[2026-05-18 09:24:50] [Reviewer] 第957章审查完成，评分: 8.5， verdict: 通过
[2026-05-18 09:24:51] [Reviewer] 第958章已审查过，跳过
[2026-05-18 09:24:52] [Reviewer] 第959章已审查过，跳过
[2026-05-18 09:24:53] [Reviewer] 第960章已审查过，跳过
[2026-05-18 09:24:54] [Reviewer] 第961章已审查过，跳过
[2026-05-18 09:24:55] [Reviewer] 正在审查第962章...
[2026-05-18 09:25:33] [Reviewer] 第962章审查完成，评分: 7.8， verdict: 需修改
[2026-05-18 09:25:34] [Reviewer] 正在审查第963章...
[2026-05-18 09:26:21] [Reviewer] 第963章审查完成，评分: 7.8， verdict: 需修改
[2026-05-18 09:26:22] [Reviewer] 正在审查第964章...
[2026-05-18 09:26:56] [Reviewer] 第964章审查完成，评分: 7.5， verdict: 需修改
[2026-05-18 09:26:57] [Reviewer] 正在审查第965章...
[2026-05-18 09:27:25] [Reviewer] 第965章审查完成，评分: 8.5， verdict: 通过
[2026-05-18 09:27:26] [Reviewer] 正在审查第966章...
[2026-05-18 09:28:00] [Reviewer] 第966章审查完成，评分: 8.0， verdict: 通过
[2026-05-18 09:28:01] [Reviewer] 正在审查第967章...
[2026-05-18 09:28:39] [Reviewer] 第967章审查完成，评分: 8.2， verdict: 通过
[2026-05-18 09:28:40] [Reviewer] 第968章已审查过，跳过
[2026-05-18 09:28:42] [Reviewer] 正在审查第969章...
[2026-05-18 09:29:26] [Reviewer] 第969章审查完成，评分: 8.0， verdict: 通过
[2026-05-18 09:29:27] [Reviewer] 正在审查第970章...
[2026-05-18 09:30:02] [Reviewer] 第970章审查完成，评分: 8， verdict: 需修改
[2026-05-18 09:30:03] [Reviewer] 正在审查第971章...
[2026-05-18 09:30:40] [Reviewer] 第971章审查完成，评分: 8， verdict: 需修改
[2026-05-18 09:30:41] [Reviewer] 正在审查第972章...
[2026-05-18 09:31:19] [Reviewer] 第972章审查完成，评分: 8.5， verdict: 通过
[2026-05-18 09:31:20] [Reviewer] 正在审查第973章...
[2026-05-18 09:32:06] [Reviewer] 第973章审查完成，评分: 8.0， verdict: 通过
[2026-05-18 09:32:07] [Reviewer] 正在审查第974章...
[2026-05-18 09:32:45] [Reviewer] 第974章审查完成，评分: 7.5， verdict: 需修改
[2026-05-18 09:32:46] [Reviewer] 第975章已审查过，跳过
[2026-05-18 09:32:47] [Reviewer] 正在审查第976章...
[2026-05-18 09:33:19] [Reviewer] 第976章审查完成，评分: 8.0， verdict: 通过
[2026-05-18 09:33:20] [Reviewer] 正在审查第977章...
[2026-05-18 09:34:02] [Reviewer] 第977章审查完成，评分: 8.5， verdict: 通过
[2026-05-18 09:34:03] [Reviewer] 正在审查第978章...
[2026-05-18 09:34:36] [Reviewer] 第978章审查完成，评分: 7.5， verdict: 通过
[2026-05-18 09:34:37] [Reviewer] 正在审查第979章...
[2026-05-18 09:35:13] [Reviewer] 第979章审查完成，评分: 7.8， verdict: 需修改
[2026-05-18 09:35:14] [Reviewer] 正在审查第980章...
[2026-05-18 09:35:54] [Reviewer] 第980章审查完成，评分: 7.8， verdict: 需修改
[2026-05-18 09:35:55] [Reviewer] 第981章已审查过，跳过
[2026-05-18 09:35:56] [Reviewer] 正在审查第982章...
[2026-05-18 09:36:28] [Reviewer] 第982章审查完成，评分: 8.0， verdict: 通过
[2026-05-18 09:36:29] [Reviewer] 正在审查第983章...
[2026-05-18 09:37:05] [Reviewer] 第983章审查完成，评分: 8.5， verdict: 通过
[2026-05-18 09:37:06] [Reviewer] 正在审查第984章...
[2026-05-18 09:37:49] [Reviewer] 第984章审查完成，评分: 7.8， verdict: 需修改
[2026-05-18 09:37:50] [Reviewer] 正在审查第985章...
[2026-05-18 09:38:31] [Reviewer] 第985章审查完成，评分: 8.0， verdict: 通过
[2026-05-18 09:38:32] [Reviewer] 第986章已审查过，跳过
[2026-05-18 09:38:33] [Reviewer] 正在审查第987章...
[2026-05-18 09:39:22] [Reviewer] 第987章审查完成，评分: 7.8， verdict: 需修改
[2026-05-18 09:39:23] [Reviewer] 正在审查第988章...
[2026-05-18 09:40:09] [Reviewer] 第988章审查完成，评分: 8.5， verdict: 通过
[2026-05-18 09:40:10] [Reviewer] 正在审查第989章...
[2026-05-18 09:40:53] [Reviewer] 第989章审查完成，评分: 7.5， verdict: 需修改
[2026-05-18 09:40:54] [Reviewer] 正在审查第990章...
[2026-05-18 09:41:36] [Reviewer] 第990章审查完成，评分: 8.2， verdict: 通过
[2026-05-18 09:41:37] [Reviewer] 第991章已审查过，跳过
[2026-05-18 09:41:38] [Reviewer] 正在审查第992章...
[2026-05-18 09:42:16] [Reviewer] 第992章审查完成，评分: 8.5， verdict: 通过
[2026-05-18 09:42:17] [Reviewer] 正在审查第993章...
[2026-05-18 09:42:57] [Reviewer] 第993章审查完成，评分: 8.5， verdict: 通过
[2026-05-18 09:42:58] [Reviewer] 正在审查第994章...
[2026-05-18 09:43:31] [Reviewer] 第994章审查完成，评分: 7.8， verdict: 需修改
[2026-05-18 09:43:32] [Reviewer] 正在审查第995章...
[2026-05-18 09:44:05] [Reviewer] 第995章审查完成，评分: 7.5， verdict: 需修改
[2026-05-18 09:44:06] [Reviewer] 正在审查第996章...
[2026-05-18 09:44:35] [Reviewer] 第996章审查完成，评分: 8.5， verdict: 通过
[2026-05-18 09:44:36] [Reviewer] 正在审查第997章...
[2026-05-18 09:45:12] [Reviewer] 第997章审查完成，评分: 7.8， verdict: 需修改
[2026-05-18 09:45:13] [Reviewer] 正在审查第998章...
[2026-05-18 09:45:45] [Reviewer] 第998章审查完成，评分: 7.8， verdict: 需修改
[2026-05-18 09:45:46] [Reviewer] 正在审查第999章...
[2026-05-18 09:46:36] [Reviewer] 第999章审查完成，评分: 7.5， verdict: 需修改
[2026-05-18 09:46:37] [Reviewer] 第1000章已审查过，跳过
[2026-05-18 09:46:38] [Reviewer] 全部完成
