============================================================
Reviewer Agent 启动
============================================================
[2026-05-18 09:14:16] [Reviewer] 第1007章已审查过，跳过
[2026-05-18 09:14:17] [Reviewer] 正在审查第1008章...
[2026-05-18 09:14:55] [Reviewer] 第1008章审查完成，评分: 8.3， verdict: 通过
[2026-05-18 09:14:56] [Reviewer] 正在审查第1009章...
[2026-05-18 09:14:57] [ERROR] mmx call failed (rc=4): {
  "error": {
    "code": 4,
    "message": "Rate limit or quota exceeded. Token Plan 主要面向个人开发者的交互式使用场景。当前请求量较高，请稍后重试；如需支持更高并发或自动化任务，建议升级至更高级别套餐，或使用按量付费 API。 (2062)",
    "hint": "Check usage: mmx quota show"
  }
}
[2026-05-18 09:14:57] [Reviewer] 第1009章审查失败
[2026-05-18 09:14:58] [Reviewer] 正在审查第1010章...
[2026-05-18 09:15:01] [ERROR] mmx call failed (rc=4): {
  "error": {
    "code": 4,
    "message": "Rate limit or quota exceeded. Token Plan 主要面向个人开发者的交互式使用场景。当前请求量较高，请稍后重试；如需支持更高并发或自动化任务，建议升级至更高级别套餐，或使用按量付费 API。 (2062)",
    "hint": "Check usage: mmx quota show"
  }
}
[2026-05-18 09:15:01] [Reviewer] 第1010章审查失败
[2026-05-18 09:15:02] [Reviewer] 正在审查第1011章...
[2026-05-18 09:15:05] [ERROR] mmx call failed (rc=4): {
  "error": {
    "code": 4,
    "message": "Rate limit or quota exceeded. Token Plan 主要面向个人开发者的交互式使用场景。当前请求量较高，请稍后重试；如需支持更高并发或自动化任务，建议升级至更高级别套餐，或使用按量付费 API。 (2062)",
    "hint": "Check usage: mmx quota show"
  }
}
[2026-05-18 09:15:05] [Reviewer] 第1011章审查失败
[2026-05-18 09:15:06] [Reviewer] 正在审查第1012章...
[2026-05-18 09:15:11] [ERROR] mmx call failed (rc=4): {
  "error": {
    "code": 4,
    "message": "Rate limit or quota exceeded. Token Plan 主要面向个人开发者的交互式使用场景。当前请求量较高，请稍后重试；如需支持更高并发或自动化任务，建议升级至更高级别套餐，或使用按量付费 API。 (2062)",
    "hint": "Check usage: mmx quota show"
  }
}
[2026-05-18 09:15:11] [Reviewer] 第1012章审查失败
[2026-05-18 09:15:12] [Reviewer] 正在审查第1013章...
[2026-05-18 09:15:54] [Reviewer] 第1013章审查完成，评分: 7.8， verdict: 需修改
[2026-05-18 09:15:55] [Reviewer] 正在审查第1014章...
[2026-05-18 09:15:59] [ERROR] mmx call failed (rc=4): {
  "error": {
    "code": 4,
    "message": "Rate limit or quota exceeded. Token Plan 主要面向个人开发者的交互式使用场景。当前请求量较高，请稍后重试；如需支持更高并发或自动化任务，建议升级至更高级别套餐，或使用按量付费 API。 (2062)",
    "hint": "Check usage: mmx quota show"
  }
}
[2026-05-18 09:15:59] [Reviewer] 第1014章审查失败
[2026-05-18 09:16:00] [Reviewer] 第1015章已审查过，跳过
[2026-05-18 09:16:01] [Reviewer] 正在审查第1016章...
[2026-05-18 09:16:05] [ERROR] mmx call failed (rc=4): {
  "error": {
    "code": 4,
    "message": "Rate limit or quota exceeded. Token Plan 主要面向个人开发者的交互式使用场景。当前请求量较高，请稍后重试；如需支持更高并发或自动化任务，建议升级至更高级别套餐，或使用按量付费 API。 (2062)",
    "hint": "Check usage: mmx quota show"
  }
}
[2026-05-18 09:16:05] [Reviewer] 第1016章审查失败
[2026-05-18 09:16:06] [Reviewer] 正在审查第1017章...
[2026-05-18 09:16:09] [ERROR] mmx call failed (rc=4): {
  "error": {
    "code": 4,
    "message": "Rate limit or quota exceeded. Token Plan 主要面向个人开发者的交互式使用场景。当前请求量较高，请稍后重试；如需支持更高并发或自动化任务，建议升级至更高级别套餐，或使用按量付费 API。 (2062)",
    "hint": "Check usage: mmx quota show"
  }
}
[2026-05-18 09:16:09] [Reviewer] 第1017章审查失败
[2026-05-18 09:16:10] [Reviewer] 正在审查第1018章...
[2026-05-18 09:16:43] [Reviewer] 第1018章审查完成，评分: 8.5， verdict: 通过
[2026-05-18 09:16:44] [Reviewer] 第1019章已审查过，跳过
[2026-05-18 09:16:45] [Reviewer] 正在审查第1020章...
[2026-05-18 09:16:46] [ERROR] mmx call failed (rc=4): {
  "error": {
    "code": 4,
    "message": "Rate limit or quota exceeded. Token Plan 主要面向个人开发者的交互式使用场景。当前请求量较高，请稍后重试；如需支持更高并发或自动化任务，建议升级至更高级别套餐，或使用按量付费 API。 (2062)",
    "hint": "Check usage: mmx quota show"
  }
}
[2026-05-18 09:16:46] [Reviewer] 第1020章审查失败
[2026-05-18 09:16:47] [Reviewer] 全部完成
