============================================================
Reviewer Agent 启动
============================================================
[2026-05-18 09:10:02] [Reviewer] 正在审查第1601章...
[2026-05-18 09:10:39] [Reviewer] JSON解析失败: Invalid control character at: line 36 column 99 (char 1189)
[2026-05-18 09:10:39] [Reviewer] 第1601章审查完成，评分: N/A， verdict: N/A
[2026-05-18 09:10:40] [Reviewer] 正在审查第1602章...
[2026-05-18 09:11:13] [Reviewer] 第1602章审查完成，评分: 7.5， verdict: 需修改
[2026-05-18 09:11:14] [Reviewer] 正在审查第1603章...
[2026-05-18 09:11:49] [Reviewer] 第1603章审查完成，评分: 8.2， verdict: 通过
[2026-05-18 09:11:50] [Reviewer] 正在审查第1604章...
[2026-05-18 09:12:30] [Reviewer] 第1604章审查完成，评分: 8.0， verdict: 通过
[2026-05-18 09:12:31] [Reviewer] 正在审查第1605章...
[2026-05-18 09:13:05] [Reviewer] 第1605章审查完成，评分: 8， verdict: 通过
[2026-05-18 09:13:06] [Reviewer] 正在审查第1606章...
[2026-05-18 09:13:41] [Reviewer] 第1606章审查完成，评分: 8.5， verdict: 通过
[2026-05-18 09:13:42] [Reviewer] 正在审查第1607章...
[2026-05-18 09:14:12] [Reviewer] 第1607章审查完成，评分: 7.5， verdict: 需修改
[2026-05-18 09:14:13] [Reviewer] 正在审查第1608章...
[2026-05-18 09:14:48] [Reviewer] 第1608章审查完成，评分: 7.5， verdict: 需修改
[2026-05-18 09:14:49] [Reviewer] 正在审查第1609章...
[2026-05-18 09:14:49] [ERROR] mmx call failed (rc=4): {
  "error": {
    "code": 4,
    "message": "Rate limit or quota exceeded. Token Plan 主要面向个人开发者的交互式使用场景。当前请求量较高，请稍后重试；如需支持更高并发或自动化任务，建议升级至更高级别套餐，或使用按量付费 API。 (2062)",
    "hint": "Check usage: mmx quota show"
  }
}
[2026-05-18 09:14:49] [Reviewer] 第1609章审查失败
[2026-05-18 09:14:50] [Reviewer] 正在审查第1610章...
[2026-05-18 09:14:51] [ERROR] mmx call failed (rc=4): {
  "error": {
    "code": 4,
    "message": "Rate limit or quota exceeded. Token Plan 主要面向个人开发者的交互式使用场景。当前请求量较高，请稍后重试；如需支持更高并发或自动化任务，建议升级至更高级别套餐，或使用按量付费 API。 (2062)",
    "hint": "Check usage: mmx quota show"
  }
}
[2026-05-18 09:14:51] [Reviewer] 第1610章审查失败
[2026-05-18 09:14:52] [Reviewer] 正在审查第1611章...
[2026-05-18 09:14:52] [ERROR] mmx call failed (rc=4): {
  "error": {
    "code": 4,
    "message": "Rate limit or quota exceeded. Token Plan 主要面向个人开发者的交互式使用场景。当前请求量较高，请稍后重试；如需支持更高并发或自动化任务，建议升级至更高级别套餐，或使用按量付费 API。 (2062)",
    "hint": "Check usage: mmx quota show"
  }
}
[2026-05-18 09:14:52] [Reviewer] 第1611章审查失败
[2026-05-18 09:14:53] [Reviewer] 正在审查第1612章...
[2026-05-18 09:14:55] [ERROR] mmx call failed (rc=4): {
  "error": {
    "code": 4,
    "message": "Rate limit or quota exceeded. Token Plan 主要面向个人开发者的交互式使用场景。当前请求量较高，请稍后重试；如需支持更高并发或自动化任务，建议升级至更高级别套餐，或使用按量付费 API。 (2062)",
    "hint": "Check usage: mmx quota show"
  }
}
[2026-05-18 09:14:55] [Reviewer] 第1612章审查失败
[2026-05-18 09:14:56] [Reviewer] 正在审查第1613章...
[2026-05-18 09:14:57] [ERROR] mmx call failed (rc=4): {
  "error": {
    "code": 4,
    "message": "Rate limit or quota exceeded. Token Plan 主要面向个人开发者的交互式使用场景。当前请求量较高，请稍后重试；如需支持更高并发或自动化任务，建议升级至更高级别套餐，或使用按量付费 API。 (2062)",
    "hint": "Check usage: mmx quota show"
  }
}
[2026-05-18 09:14:57] [Reviewer] 第1613章审查失败
[2026-05-18 09:14:59] [Reviewer] 正在审查第1614章...
[2026-05-18 09:15:01] [ERROR] mmx call failed (rc=4): {
  "error": {
    "code": 4,
    "message": "Rate limit or quota exceeded. Token Plan 主要面向个人开发者的交互式使用场景。当前请求量较高，请稍后重试；如需支持更高并发或自动化任务，建议升级至更高级别套餐，或使用按量付费 API。 (2062)",
    "hint": "Check usage: mmx quota show"
  }
}
[2026-05-18 09:15:01] [Reviewer] 第1614章审查失败
[2026-05-18 09:15:03] [Reviewer] 正在审查第1615章...
[2026-05-18 09:15:05] [ERROR] mmx call failed (rc=4): {
  "error": {
    "code": 4,
    "message": "Rate limit or quota exceeded. Token Plan 主要面向个人开发者的交互式使用场景。当前请求量较高，请稍后重试；如需支持更高并发或自动化任务，建议升级至更高级别套餐，或使用按量付费 API。 (2062)",
    "hint": "Check usage: mmx quota show"
  }
}
[2026-05-18 09:15:05] [Reviewer] 第1615章审查失败
[2026-05-18 09:15:06] [Reviewer] 正在审查第1616章...
[2026-05-18 09:15:10] [ERROR] mmx call failed (rc=4): {
  "error": {
    "code": 4,
    "message": "Rate limit or quota exceeded. Token Plan 主要面向个人开发者的交互式使用场景。当前请求量较高，请稍后重试；如需支持更高并发或自动化任务，建议升级至更高级别套餐，或使用按量付费 API。 (2062)",
    "hint": "Check usage: mmx quota show"
  }
}
[2026-05-18 09:15:10] [Reviewer] 第1616章审查失败
[2026-05-18 09:15:12] [Reviewer] 正在审查第1617章...
[2026-05-18 09:15:51] [Reviewer] 第1617章审查完成，评分: 7.5， verdict: 需修改
[2026-05-18 09:15:52] [Reviewer] 正在审查第1618章...
[2026-05-18 09:15:54] [ERROR] mmx call failed (rc=4): {
  "error": {
    "code": 4,
    "message": "Rate limit or quota exceeded. Token Plan 主要面向个人开发者的交互式使用场景。当前请求量较高，请稍后重试；如需支持更高并发或自动化任务，建议升级至更高级别套餐，或使用按量付费 API。 (2062)",
    "hint": "Check usage: mmx quota show"
  }
}
[2026-05-18 09:15:54] [Reviewer] 第1618章审查失败
[2026-05-18 09:15:55] [Reviewer] 正在审查第1619章...
[2026-05-18 09:15:59] [ERROR] mmx call failed (rc=4): {
  "error": {
    "code": 4,
    "message": "Rate limit or quota exceeded. Token Plan 主要面向个人开发者的交互式使用场景。当前请求量较高，请稍后重试；如需支持更高并发或自动化任务，建议升级至更高级别套餐，或使用按量付费 API。 (2062)",
    "hint": "Check usage: mmx quota show"
  }
}
[2026-05-18 09:15:59] [Reviewer] 第1619章审查失败
[2026-05-18 09:16:00] [Reviewer] 正在审查第1620章...
[2026-05-18 09:16:02] [ERROR] mmx call failed (rc=4): {
  "error": {
    "code": 4,
    "message": "Rate limit or quota exceeded. Token Plan 主要面向个人开发者的交互式使用场景。当前请求量较高，请稍后重试；如需支持更高并发或自动化任务，建议升级至更高级别套餐，或使用按量付费 API。 (2062)",
    "hint": "Check usage: mmx quota show"
  }
}
[2026-05-18 09:16:02] [Reviewer] 第1620章审查失败
[2026-05-18 09:16:03] [Reviewer] 第1621章已审查过，跳过
[2026-05-18 09:16:04] [Reviewer] 正在审查第1622章...
[2026-05-18 09:16:08] [ERROR] mmx call failed (rc=4): {
  "error": {
    "code": 4,
    "message": "Rate limit or quota exceeded. Token Plan 主要面向个人开发者的交互式使用场景。当前请求量较高，请稍后重试；如需支持更高并发或自动化任务，建议升级至更高级别套餐，或使用按量付费 API。 (2062)",
    "hint": "Check usage: mmx quota show"
  }
}
[2026-05-18 09:16:08] [Reviewer] 第1622章审查失败
[2026-05-18 09:16:09] [Reviewer] 正在审查第1623章...
[2026-05-18 09:16:13] [ERROR] mmx call failed (rc=4): {
  "error": {
    "code": 4,
    "message": "Rate limit or quota exceeded. Token Plan 主要面向个人开发者的交互式使用场景。当前请求量较高，请稍后重试；如需支持更高并发或自动化任务，建议升级至更高级别套餐，或使用按量付费 API。 (2062)",
    "hint": "Check usage: mmx quota show"
  }
}
[2026-05-18 09:16:13] [Reviewer] 第1623章审查失败
[2026-05-18 09:16:14] [Reviewer] 正在审查第1624章...
[2026-05-18 09:16:44] [Reviewer] 第1624章审查完成，评分: 8.5， verdict: 需修改
[2026-05-18 09:16:45] [Reviewer] 第1625章已审查过，跳过
[2026-05-18 09:16:46] [Reviewer] 正在审查第1626章...
[2026-05-18 09:16:47] [ERROR] mmx call failed (rc=4): {
  "error": {
    "code": 4,
    "message": "Rate limit or quota exceeded. Token Plan 主要面向个人开发者的交互式使用场景。当前请求量较高，请稍后重试；如需支持更高并发或自动化任务，建议升级至更高级别套餐，或使用按量付费 API。 (2062)",
    "hint": "Check usage: mmx quota show"
  }
}
[2026-05-18 09:16:47] [Reviewer] 第1626章审查失败
[2026-05-18 09:16:48] [Reviewer] 正在审查第1627章...
[2026-05-18 09:16:48] [ERROR] mmx call failed (rc=4): {
  "error": {
    "code": 4,
    "message": "Rate limit or quota exceeded. Token Plan 主要面向个人开发者的交互式使用场景。当前请求量较高，请稍后重试；如需支持更高并发或自动化任务，建议升级至更高级别套餐，或使用按量付费 API。 (2062)",
    "hint": "Check usage: mmx quota show"
  }
}
[2026-05-18 09:16:48] [Reviewer] 第1627章审查失败
[2026-05-18 09:16:49] [Reviewer] 正在审查第1628章...
[2026-05-18 09:16:50] [ERROR] mmx call failed (rc=4): {
  "error": {
    "code": 4,
    "message": "Rate limit or quota exceeded. Token Plan 主要面向个人开发者的交互式使用场景。当前请求量较高，请稍后重试；如需支持更高并发或自动化任务，建议升级至更高级别套餐，或使用按量付费 API。 (2062)",
    "hint": "Check usage: mmx quota show"
  }
}
[2026-05-18 09:16:50] [Reviewer] 第1628章审查失败
[2026-05-18 09:16:51] [Reviewer] 正在审查第1629章...
[2026-05-18 09:16:52] [ERROR] mmx call failed (rc=4): {
  "error": {
    "code": 4,
    "message": "Rate limit or quota exceeded. Token Plan 主要面向个人开发者的交互式使用场景。当前请求量较高，请稍后重试；如需支持更高并发或自动化任务，建议升级至更高级别套餐，或使用按量付费 API。 (2062)",
    "hint": "Check usage: mmx quota show"
  }
}
[2026-05-18 09:16:52] [Reviewer] 第1629章审查失败
[2026-05-18 09:16:53] [Reviewer] 正在审查第1630章...
[2026-05-18 09:16:55] [ERROR] mmx call failed (rc=4): {
  "error": {
    "code": 4,
    "message": "Rate limit or quota exceeded. Token Plan 主要面向个人开发者的交互式使用场景。当前请求量较高，请稍后重试；如需支持更高并发或自动化任务，建议升级至更高级别套餐，或使用按量付费 API。 (2062)",
    "hint": "Check usage: mmx quota show"
  }
}
[2026-05-18 09:16:55] [Reviewer] 第1630章审查失败
[2026-05-18 09:16:56] [Reviewer] 正在审查第1631章...
[2026-05-18 09:16:59] [ERROR] mmx call failed (rc=4): {
  "error": {
    "code": 4,
    "message": "Rate limit or quota exceeded. Token Plan 主要面向个人开发者的交互式使用场景。当前请求量较高，请稍后重试；如需支持更高并发或自动化任务，建议升级至更高级别套餐，或使用按量付费 API。 (2062)",
    "hint": "Check usage: mmx quota show"
  }
}
[2026-05-18 09:16:59] [Reviewer] 第1631章审查失败
[2026-05-18 09:17:00] [Reviewer] 正在审查第1632章...
[2026-05-18 09:17:02] [ERROR] mmx call failed (rc=4): {
  "error": {
    "code": 4,
    "message": "Rate limit or quota exceeded. Token Plan 主要面向个人开发者的交互式使用场景。当前请求量较高，请稍后重试；如需支持更高并发或自动化任务，建议升级至更高级别套餐，或使用按量付费 API。 (2062)",
    "hint": "Check usage: mmx quota show"
  }
}
[2026-05-18 09:17:02] [Reviewer] 第1632章审查失败
[2026-05-18 09:17:03] [Reviewer] 正在审查第1633章...
[2026-05-18 09:17:05] [ERROR] mmx call failed (rc=4): {
  "error": {
    "code": 4,
    "message": "Rate limit or quota exceeded. Token Plan 主要面向个人开发者的交互式使用场景。当前请求量较高，请稍后重试；如需支持更高并发或自动化任务，建议升级至更高级别套餐，或使用按量付费 API。 (2062)",
    "hint": "Check usage: mmx quota show"
  }
}
[2026-05-18 09:17:05] [Reviewer] 第1633章审查失败
[2026-05-18 09:17:06] [Reviewer] 正在审查第1634章...
[2026-05-18 09:17:08] [ERROR] mmx call failed (rc=4): {
  "error": {
    "code": 4,
    "message": "Rate limit or quota exceeded. Token Plan 主要面向个人开发者的交互式使用场景。当前请求量较高，请稍后重试；如需支持更高并发或自动化任务，建议升级至更高级别套餐，或使用按量付费 API。 (2062)",
    "hint": "Check usage: mmx quota show"
  }
}
[2026-05-18 09:17:08] [Reviewer] 第1634章审查失败
[2026-05-18 09:17:09] [Reviewer] 正在审查第1635章...
[2026-05-18 09:17:12] [ERROR] mmx call failed (rc=4): {
  "error": {
    "code": 4,
    "message": "Rate limit or quota exceeded. Token Plan 主要面向个人开发者的交互式使用场景。当前请求量较高，请稍后重试；如需支持更高并发或自动化任务，建议升级至更高级别套餐，或使用按量付费 API。 (2062)",
    "hint": "Check usage: mmx quota show"
  }
}
[2026-05-18 09:17:12] [Reviewer] 第1635章审查失败
[2026-05-18 09:17:13] [Reviewer] 正在审查第1636章...
[2026-05-18 09:17:45] [Reviewer] 第1636章审查完成，评分: 8.2， verdict: 通过
[2026-05-18 09:17:46] [Reviewer] 正在审查第1637章...
[2026-05-18 09:18:25] [Reviewer] 第1637章审查完成，评分: 8.2， verdict: 通过
[2026-05-18 09:18:26] [Reviewer] 正在审查第1638章...
[2026-05-18 09:19:00] [Reviewer] 第1638章审查完成，评分: 8.2， verdict: 需修改
[2026-05-18 09:19:01] [Reviewer] 正在审查第1639章...
[2026-05-18 09:19:31] [Reviewer] 第1639章审查完成，评分: 7.8， verdict: 通过
[2026-05-18 09:19:32] [Reviewer] 正在审查第1640章...
[2026-05-18 09:20:08] [Reviewer] 第1640章审查完成，评分: 8， verdict: 通过
[2026-05-18 09:20:09] [Reviewer] 第1641章已审查过，跳过
[2026-05-18 09:20:10] [Reviewer] 正在审查第1642章...
[2026-05-18 09:20:53] [Reviewer] 第1642章审查完成，评分: 7.8， verdict: 需修改
[2026-05-18 09:20:54] [Reviewer] 正在审查第1643章...
[2026-05-18 09:21:24] [Reviewer] 第1643章审查完成，评分: 7.5， verdict: 需修改
[2026-05-18 09:21:25] [Reviewer] 正在审查第1644章...
[2026-05-18 09:22:03] [Reviewer] 第1644章审查完成，评分: 7.5， verdict: 需修改
[2026-05-18 09:22:04] [Reviewer] 正在审查第1645章...
[2026-05-18 09:22:52] [Reviewer] 第1645章审查完成，评分: 7.8， verdict: 需修改
[2026-05-18 09:22:53] [Reviewer] 正在审查第1646章...
[2026-05-18 09:23:30] [Reviewer] 第1646章审查完成，评分: 7.5， verdict: 需修改
[2026-05-18 09:23:31] [Reviewer] 正在审查第1647章...
[2026-05-18 09:24:04] [Reviewer] 第1647章审查完成，评分: 7.5， verdict: 需修改
[2026-05-18 09:24:05] [Reviewer] 正在审查第1648章...
[2026-05-18 09:24:51] [Reviewer] 第1648章审查完成，评分: 7.5， verdict: 需修改
[2026-05-18 09:24:52] [Reviewer] 第1649章已审查过，跳过
[2026-05-18 09:24:53] [Reviewer] 正在审查第1650章...
[2026-05-18 09:25:38] [Reviewer] 第1650章审查完成，评分: 7.2， verdict: 需修改
[2026-05-18 09:25:39] [Reviewer] 正在审查第1651章...
[2026-05-18 09:26:21] [Reviewer] 第1651章审查完成，评分: 7.5， verdict: 需修改
[2026-05-18 09:26:22] [Reviewer] 正在审查第1652章...
[2026-05-18 09:27:00] [Reviewer] JSON解析失败: Invalid control character at: line 37 column 113 (char 1291)
[2026-05-18 09:27:00] [Reviewer] 第1652章审查完成，评分: N/A， verdict: N/A
[2026-05-18 09:27:01] [Reviewer] 正在审查第1653章...
[2026-05-18 09:27:51] [Reviewer] 第1653章审查完成，评分: 7.8， verdict: 需修改
[2026-05-18 09:27:52] [Reviewer] 正在审查第1654章...
[2026-05-18 09:28:24] [Reviewer] 第1654章审查完成，评分: 7.8， verdict: 通过
[2026-05-18 09:28:25] [Reviewer] 正在审查第1655章...
[2026-05-18 09:28:58] [Reviewer] 第1655章审查完成，评分: 8.5， verdict: 需修改
[2026-05-18 09:28:59] [Reviewer] 第1656章已审查过，跳过
[2026-05-18 09:29:00] [Reviewer] 正在审查第1657章...
[2026-05-18 09:29:49] [Reviewer] 第1657章审查完成，评分: 8， verdict: 需修改
[2026-05-18 09:29:50] [Reviewer] 正在审查第1658章...
[2026-05-18 09:30:38] [Reviewer] 第1658章审查完成，评分: 8.5， verdict: 需修改
[2026-05-18 09:30:39] [Reviewer] 正在审查第1659章...
[2026-05-18 09:31:20] [Reviewer] 第1659章审查完成，评分: 8.2， verdict: 通过
[2026-05-18 09:31:21] [Reviewer] 正在审查第1660章...
[2026-05-18 09:31:58] [Reviewer] 第1660章审查完成，评分: 7.5， verdict: 需修改
[2026-05-18 09:31:59] [Reviewer] 第1661章已审查过，跳过
[2026-05-18 09:32:00] [Reviewer] 正在审查第1662章...
[2026-05-18 09:32:33] [Reviewer] 第1662章审查完成，评分: 7.5， verdict: 需修改
[2026-05-18 09:32:34] [Reviewer] 正在审查第1663章...
[2026-05-18 09:33:13] [Reviewer] 第1663章审查完成，评分: 8.0， verdict: 需修改
[2026-05-18 09:33:14] [Reviewer] 正在审查第1664章...
[2026-05-18 09:33:58] [Reviewer] 第1664章审查完成，评分: 8.0， verdict: 通过
[2026-05-18 09:33:59] [Reviewer] 第1665章已审查过，跳过
[2026-05-18 09:34:00] [Reviewer] 正在审查第1666章...
[2026-05-18 09:34:33] [Reviewer] 第1666章审查完成，评分: 8.5， verdict: 通过
[2026-05-18 09:34:34] [Reviewer] 正在审查第1667章...
[2026-05-18 09:35:06] [Reviewer] 第1667章审查完成，评分: 7.8， verdict: 需修改
[2026-05-18 09:35:07] [Reviewer] 正在审查第1668章...
[2026-05-18 09:35:53] [Reviewer] 第1668章审查完成，评分: 7.5， verdict: 需修改
[2026-05-18 09:35:54] [Reviewer] 正在审查第1669章...
[2026-05-18 09:36:32] [Reviewer] 第1669章审查完成，评分: 8.5， verdict: 通过
[2026-05-18 09:36:33] [Reviewer] 正在审查第1670章...
[2026-05-18 09:37:15] [Reviewer] 第1670章审查完成，评分: 8.0， verdict: 通过
[2026-05-18 09:37:16] [Reviewer] 正在审查第1671章...
[2026-05-18 09:38:00] [Reviewer] 第1671章审查完成，评分: 8.5， verdict: 通过
[2026-05-18 09:38:01] [Reviewer] 第1672章已审查过，跳过
[2026-05-18 09:38:02] [Reviewer] 正在审查第1673章...
[2026-05-18 09:38:39] [Reviewer] 第1673章审查完成，评分: 7.8， verdict: 需修改
[2026-05-18 09:38:40] [Reviewer] 正在审查第1674章...
[2026-05-18 09:39:14] [Reviewer] 第1674章审查完成，评分: 7.8， verdict: 需修改
[2026-05-18 09:39:15] [Reviewer] 正在审查第1675章...
[2026-05-18 09:39:52] [Reviewer] 第1675章审查完成，评分: 8.0， verdict: 通过
[2026-05-18 09:39:53] [Reviewer] 正在审查第1676章...
[2026-05-18 09:40:37] [Reviewer] JSON解析失败: Invalid control character at: line 22 column 33 (char 496)
[2026-05-18 09:40:37] [Reviewer] 第1676章审查完成，评分: N/A， verdict: N/A
[2026-05-18 09:40:38] [Reviewer] 正在审查第1677章...
[2026-05-18 09:41:11] [Reviewer] 第1677章审查完成，评分: 6.8， verdict: 需修改
[2026-05-18 09:41:12] [Reviewer] 正在审查第1678章...
[2026-05-18 09:41:54] [Reviewer] 第1678章审查完成，评分: 8.5， verdict: 通过
[2026-05-18 09:41:55] [Reviewer] 正在审查第1679章...
[2026-05-18 09:42:33] [Reviewer] JSON解析失败: Expecting ',' delimiter: line 22 column 12 (char 460)
[2026-05-18 09:42:33] [Reviewer] 第1679章审查完成，评分: N/A， verdict: N/A
[2026-05-18 09:42:34] [Reviewer] 正在审查第1680章...
[2026-05-18 09:43:12] [Reviewer] 第1680章审查完成，评分: 7.0， verdict: 需修改
[2026-05-18 09:43:13] [Reviewer] 第1681章已审查过，跳过
[2026-05-18 09:43:14] [Reviewer] 正在审查第1682章...
[2026-05-18 09:43:53] [Reviewer] 第1682章审查完成，评分: 8.2， verdict: 通过
[2026-05-18 09:43:54] [Reviewer] 正在审查第1683章...
[2026-05-18 09:44:37] [Reviewer] 第1683章审查完成，评分: 7.5， verdict: 需修改
[2026-05-18 09:44:38] [Reviewer] 正在审查第1684章...
[2026-05-18 09:45:23] [Reviewer] 第1684章审查完成，评分: 7.5， verdict: 需修改
[2026-05-18 09:45:24] [Reviewer] 第1685章已审查过，跳过
[2026-05-18 09:45:25] [Reviewer] 正在审查第1686章...
[2026-05-18 09:46:00] [Reviewer] 第1686章审查完成，评分: 8， verdict: 通过
[2026-05-18 09:46:01] [Reviewer] 正在审查第1687章...
[2026-05-18 09:46:40] [Reviewer] 第1687章审查完成，评分: 8.2， verdict: 通过
[2026-05-18 09:46:41] [Reviewer] 正在审查第1688章...
[2026-05-18 09:47:24] [Reviewer] 第1688章审查完成，评分: 8， verdict: 通过
[2026-05-18 09:47:25] [Reviewer] 正在审查第1689章...
[2026-05-18 09:48:06] [Reviewer] 第1689章审查完成，评分: 7.5， verdict: 需修改
[2026-05-18 09:48:07] [Reviewer] 正在审查第1690章...
[2026-05-18 09:48:45] [Reviewer] 第1690章审查完成，评分: 7.5， verdict: 需修改
[2026-05-18 09:48:46] [Reviewer] 第1691章已审查过，跳过
[2026-05-18 09:48:47] [Reviewer] 正在审查第1692章...
[2026-05-18 09:49:34] [Reviewer] 第1692章审查完成，评分: 7.5， verdict: 需修改
[2026-05-18 09:49:35] [Reviewer] 正在审查第1693章...
[2026-05-18 09:50:22] [Reviewer] 第1693章审查完成，评分: 8， verdict: 通过
[2026-05-18 09:50:23] [Reviewer] 正在审查第1694章...
[2026-05-18 09:50:24] [ERROR] mmx call failed (rc=4): {
  "error": {
    "code": 4,
    "message": "Rate limit or quota exceeded. usage limit exceeded, 5-hour usage limit reached for Token Plan Hs_max (4500/4500 used), resets at 2026-05-18T10:00:00+08:00 (2056)",
    "hint": "Check usage: mmx quota show"
  }
}
[2026-05-18 09:50:24] [Reviewer] 第1694章审查失败
[2026-05-18 09:50:25] [Reviewer] 正在审查第1695章...
[2026-05-18 09:50:25] [ERROR] mmx call failed (rc=4): {
  "error": {
    "code": 4,
    "message": "Rate limit or quota exceeded. usage limit exceeded, 5-hour usage limit reached for Token Plan Hs_max (4500/4500 used), resets at 2026-05-18T10:00:00+08:00 (2056)",
    "hint": "Check usage: mmx quota show"
  }
}
[2026-05-18 09:50:25] [Reviewer] 第1695章审查失败
[2026-05-18 09:50:26] [Reviewer] 正在审查第1696章...
[2026-05-18 09:50:27] [ERROR] mmx call failed (rc=4): {
  "error": {
    "code": 4,
    "message": "Rate limit or quota exceeded. usage limit exceeded, 5-hour usage limit reached for Token Plan Hs_max (4500/4500 used), resets at 2026-05-18T10:00:00+08:00 (2056)",
    "hint": "Check usage: mmx quota show"
  }
}
[2026-05-18 09:50:27] [Reviewer] 第1696章审查失败
[2026-05-18 09:50:28] [Reviewer] 正在审查第1697章...
[2026-05-18 09:50:28] [ERROR] mmx call failed (rc=4): {
  "error": {
    "code": 4,
    "message": "Rate limit or quota exceeded. usage limit exceeded, 5-hour usage limit reached for Token Plan Hs_max (4500/4500 used), resets at 2026-05-18T10:00:00+08:00 (2056)",
    "hint": "Check usage: mmx quota show"
  }
}
[2026-05-18 09:50:28] [Reviewer] 第1697章审查失败
[2026-05-18 09:50:29] [Reviewer] 正在审查第1698章...
[2026-05-18 09:50:29] [ERROR] mmx call failed (rc=4): {
  "error": {
    "code": 4,
    "message": "Rate limit or quota exceeded. usage limit exceeded, 5-hour usage limit reached for Token Plan Hs_max (4500/4500 used), resets at 2026-05-18T10:00:00+08:00 (2056)",
    "hint": "Check usage: mmx quota show"
  }
}
[2026-05-18 09:50:29] [Reviewer] 第1698章审查失败
[2026-05-18 09:50:31] [Reviewer] 正在审查第1699章...
[2026-05-18 09:50:31] [ERROR] mmx call failed (rc=4): {
  "error": {
    "code": 4,
    "message": "Rate limit or quota exceeded. usage limit exceeded, 5-hour usage limit reached for Token Plan Hs_max (4500/4500 used), resets at 2026-05-18T10:00:00+08:00 (2056)",
    "hint": "Check usage: mmx quota show"
  }
}
[2026-05-18 09:50:31] [Reviewer] 第1699章审查失败
[2026-05-18 09:50:32] [Reviewer] 正在审查第1700章...
[2026-05-18 09:50:32] [ERROR] mmx call failed (rc=4): {
  "error": {
    "code": 4,
    "message": "Rate limit or quota exceeded. Token Plan 主要面向个人开发者的交互式使用场景。当前请求量较高，请稍后重试；如需支持更高并发或自动化任务，建议升级至更高级别套餐，或使用按量付费 API。 (2062)",
    "hint": "Check usage: mmx quota show"
  }
}
[2026-05-18 09:50:32] [Reviewer] 第1700章审查失败
[2026-05-18 09:50:33] [Reviewer] 全部完成
