============================================================
Reviewer Agent 启动
============================================================
[2026-05-18 09:10:02] [Reviewer] 正在审查第1701章...
[2026-05-18 09:10:42] [Reviewer] 第1701章审查完成，评分: 7.8， verdict: 需修改
[2026-05-18 09:10:43] [Reviewer] 正在审查第1702章...
[2026-05-18 09:11:16] [Reviewer] 第1702章审查完成，评分: 8.5， verdict: 通过
[2026-05-18 09:11:17] [Reviewer] 正在审查第1703章...
[2026-05-18 09:11:51] [Reviewer] 第1703章审查完成，评分: 7.8， verdict: 通过
[2026-05-18 09:11:52] [Reviewer] 正在审查第1704章...
[2026-05-18 09:12:32] [Reviewer] 第1704章审查完成，评分: 8.0， verdict: 通过
[2026-05-18 09:12:33] [Reviewer] 正在审查第1705章...
[2026-05-18 09:13:11] [Reviewer] 第1705章审查完成，评分: 8.0， verdict: 通过
[2026-05-18 09:13:12] [Reviewer] 正在审查第1706章...
[2026-05-18 09:13:40] [Reviewer] 第1706章审查完成，评分: 6.5， verdict: 需修改
[2026-05-18 09:13:41] [Reviewer] 正在审查第1707章...
[2026-05-18 09:14:09] [Reviewer] JSON解析失败: Expecting ',' delimiter: line 38 column 40 (char 1061)
[2026-05-18 09:14:09] [Reviewer] 第1707章审查完成，评分: N/A， verdict: N/A
[2026-05-18 09:14:10] [Reviewer] 正在审查第1708章...
[2026-05-18 09:14:48] [Reviewer] 第1708章审查完成，评分: 8.5， verdict: 通过
[2026-05-18 09:14:49] [Reviewer] 正在审查第1709章...
[2026-05-18 09:14:50] [ERROR] mmx call failed (rc=4): {
  "error": {
    "code": 4,
    "message": "Rate limit or quota exceeded. Token Plan 主要面向个人开发者的交互式使用场景。当前请求量较高，请稍后重试；如需支持更高并发或自动化任务，建议升级至更高级别套餐，或使用按量付费 API。 (2062)",
    "hint": "Check usage: mmx quota show"
  }
}
[2026-05-18 09:14:50] [Reviewer] 第1709章审查失败
[2026-05-18 09:14:51] [Reviewer] 正在审查第1710章...
[2026-05-18 09:14:52] [ERROR] mmx call failed (rc=4): {
  "error": {
    "code": 4,
    "message": "Rate limit or quota exceeded. Token Plan 主要面向个人开发者的交互式使用场景。当前请求量较高，请稍后重试；如需支持更高并发或自动化任务，建议升级至更高级别套餐，或使用按量付费 API。 (2062)",
    "hint": "Check usage: mmx quota show"
  }
}
[2026-05-18 09:14:52] [Reviewer] 第1710章审查失败
[2026-05-18 09:14:53] [Reviewer] 正在审查第1711章...
[2026-05-18 09:14:53] [ERROR] mmx call failed (rc=4): {
  "error": {
    "code": 4,
    "message": "Rate limit or quota exceeded. Token Plan 主要面向个人开发者的交互式使用场景。当前请求量较高，请稍后重试；如需支持更高并发或自动化任务，建议升级至更高级别套餐，或使用按量付费 API。 (2062)",
    "hint": "Check usage: mmx quota show"
  }
}
[2026-05-18 09:14:53] [Reviewer] 第1711章审查失败
[2026-05-18 09:14:54] [Reviewer] 正在审查第1712章...
[2026-05-18 09:14:56] [ERROR] mmx call failed (rc=4): {
  "error": {
    "code": 4,
    "message": "Rate limit or quota exceeded. Token Plan 主要面向个人开发者的交互式使用场景。当前请求量较高，请稍后重试；如需支持更高并发或自动化任务，建议升级至更高级别套餐，或使用按量付费 API。 (2062)",
    "hint": "Check usage: mmx quota show"
  }
}
[2026-05-18 09:14:56] [Reviewer] 第1712章审查失败
[2026-05-18 09:14:57] [Reviewer] 正在审查第1713章...
[2026-05-18 09:14:59] [ERROR] mmx call failed (rc=4): {
  "error": {
    "code": 4,
    "message": "Rate limit or quota exceeded. Token Plan 主要面向个人开发者的交互式使用场景。当前请求量较高，请稍后重试；如需支持更高并发或自动化任务，建议升级至更高级别套餐，或使用按量付费 API。 (2062)",
    "hint": "Check usage: mmx quota show"
  }
}
[2026-05-18 09:14:59] [Reviewer] 第1713章审查失败
[2026-05-18 09:15:00] [Reviewer] 正在审查第1714章...
[2026-05-18 09:15:05] [ERROR] mmx call failed (rc=4): {
  "error": {
    "code": 4,
    "message": "Rate limit or quota exceeded. Token Plan 主要面向个人开发者的交互式使用场景。当前请求量较高，请稍后重试；如需支持更高并发或自动化任务，建议升级至更高级别套餐，或使用按量付费 API。 (2062)",
    "hint": "Check usage: mmx quota show"
  }
}
[2026-05-18 09:15:05] [Reviewer] 第1714章审查失败
[2026-05-18 09:15:06] [Reviewer] 正在审查第1715章...
[2026-05-18 09:15:08] [ERROR] mmx call failed (rc=4): {
  "error": {
    "code": 4,
    "message": "Rate limit or quota exceeded. Token Plan 主要面向个人开发者的交互式使用场景。当前请求量较高，请稍后重试；如需支持更高并发或自动化任务，建议升级至更高级别套餐，或使用按量付费 API。 (2062)",
    "hint": "Check usage: mmx quota show"
  }
}
[2026-05-18 09:15:08] [Reviewer] 第1715章审查失败
[2026-05-18 09:15:10] [Reviewer] 正在审查第1716章...
[2026-05-18 09:15:15] [ERROR] mmx call failed (rc=4): {
  "error": {
    "code": 4,
    "message": "Rate limit or quota exceeded. Token Plan 主要面向个人开发者的交互式使用场景。当前请求量较高，请稍后重试；如需支持更高并发或自动化任务，建议升级至更高级别套餐，或使用按量付费 API。 (2062)",
    "hint": "Check usage: mmx quota show"
  }
}
[2026-05-18 09:15:15] [Reviewer] 第1716章审查失败
[2026-05-18 09:15:16] [Reviewer] 正在审查第1717章...
[2026-05-18 09:15:51] [Reviewer] 第1717章审查完成，评分: 6.5， verdict: 需修改
[2026-05-18 09:15:52] [Reviewer] 正在审查第1718章...
[2026-05-18 09:15:55] [ERROR] mmx call failed (rc=4): {
  "error": {
    "code": 4,
    "message": "Rate limit or quota exceeded. Token Plan 主要面向个人开发者的交互式使用场景。当前请求量较高，请稍后重试；如需支持更高并发或自动化任务，建议升级至更高级别套餐，或使用按量付费 API。 (2062)",
    "hint": "Check usage: mmx quota show"
  }
}
[2026-05-18 09:15:55] [Reviewer] 第1718章审查失败
[2026-05-18 09:15:56] [Reviewer] 正在审查第1719章...
[2026-05-18 09:15:59] [ERROR] mmx call failed (rc=4): {
  "error": {
    "code": 4,
    "message": "Rate limit or quota exceeded. Token Plan 主要面向个人开发者的交互式使用场景。当前请求量较高，请稍后重试；如需支持更高并发或自动化任务，建议升级至更高级别套餐，或使用按量付费 API。 (2062)",
    "hint": "Check usage: mmx quota show"
  }
}
[2026-05-18 09:15:59] [Reviewer] 第1719章审查失败
[2026-05-18 09:16:00] [Reviewer] 正在审查第1720章...
[2026-05-18 09:16:03] [ERROR] mmx call failed (rc=4): {
  "error": {
    "code": 4,
    "message": "Rate limit or quota exceeded. Token Plan 主要面向个人开发者的交互式使用场景。当前请求量较高，请稍后重试；如需支持更高并发或自动化任务，建议升级至更高级别套餐，或使用按量付费 API。 (2062)",
    "hint": "Check usage: mmx quota show"
  }
}
[2026-05-18 09:16:03] [Reviewer] 第1720章审查失败
[2026-05-18 09:16:04] [Reviewer] 第1721章已审查过，跳过
[2026-05-18 09:16:05] [Reviewer] 正在审查第1722章...
[2026-05-18 09:16:08] [ERROR] mmx call failed (rc=4): {
  "error": {
    "code": 4,
    "message": "Rate limit or quota exceeded. Token Plan 主要面向个人开发者的交互式使用场景。当前请求量较高，请稍后重试；如需支持更高并发或自动化任务，建议升级至更高级别套餐，或使用按量付费 API。 (2062)",
    "hint": "Check usage: mmx quota show"
  }
}
[2026-05-18 09:16:08] [Reviewer] 第1722章审查失败
[2026-05-18 09:16:09] [Reviewer] 正在审查第1723章...
[2026-05-18 09:16:12] [ERROR] mmx call failed (rc=4): {
  "error": {
    "code": 4,
    "message": "Rate limit or quota exceeded. Token Plan 主要面向个人开发者的交互式使用场景。当前请求量较高，请稍后重试；如需支持更高并发或自动化任务，建议升级至更高级别套餐，或使用按量付费 API。 (2062)",
    "hint": "Check usage: mmx quota show"
  }
}
[2026-05-18 09:16:12] [Reviewer] 第1723章审查失败
[2026-05-18 09:16:14] [Reviewer] 正在审查第1724章...
[2026-05-18 09:17:00] [Reviewer] 第1724章审查完成，评分: 7.5， verdict: 需修改
[2026-05-18 09:17:01] [Reviewer] 正在审查第1725章...
[2026-05-18 09:17:03] [ERROR] mmx call failed (rc=4): {
  "error": {
    "code": 4,
    "message": "Rate limit or quota exceeded. Token Plan 主要面向个人开发者的交互式使用场景。当前请求量较高，请稍后重试；如需支持更高并发或自动化任务，建议升级至更高级别套餐，或使用按量付费 API。 (2062)",
    "hint": "Check usage: mmx quota show"
  }
}
[2026-05-18 09:17:03] [Reviewer] 第1725章审查失败
[2026-05-18 09:17:04] [Reviewer] 正在审查第1726章...
[2026-05-18 09:17:07] [ERROR] mmx call failed (rc=4): {
  "error": {
    "code": 4,
    "message": "Rate limit or quota exceeded. Token Plan 主要面向个人开发者的交互式使用场景。当前请求量较高，请稍后重试；如需支持更高并发或自动化任务，建议升级至更高级别套餐，或使用按量付费 API。 (2062)",
    "hint": "Check usage: mmx quota show"
  }
}
[2026-05-18 09:17:07] [Reviewer] 第1726章审查失败
[2026-05-18 09:17:08] [Reviewer] 第1727章已审查过，跳过
[2026-05-18 09:17:09] [Reviewer] 正在审查第1728章...
[2026-05-18 09:17:12] [ERROR] mmx call failed (rc=4): {
  "error": {
    "code": 4,
    "message": "Rate limit or quota exceeded. Token Plan 主要面向个人开发者的交互式使用场景。当前请求量较高，请稍后重试；如需支持更高并发或自动化任务，建议升级至更高级别套餐，或使用按量付费 API。 (2062)",
    "hint": "Check usage: mmx quota show"
  }
}
[2026-05-18 09:17:12] [Reviewer] 第1728章审查失败
[2026-05-18 09:17:13] [Reviewer] 正在审查第1729章...
[2026-05-18 09:17:51] [Reviewer] 第1729章审查完成，评分: 8.0， verdict: 通过
[2026-05-18 09:17:52] [Reviewer] 正在审查第1730章...
[2026-05-18 09:18:29] [Reviewer] 第1730章审查完成，评分: 8.0， verdict: 通过
[2026-05-18 09:18:30] [Reviewer] 正在审查第1731章...
[2026-05-18 09:19:03] [Reviewer] 第1731章审查完成，评分: 8.2， verdict: 需修改
[2026-05-18 09:19:04] [Reviewer] 正在审查第1732章...
[2026-05-18 09:19:35] [Reviewer] 第1732章审查完成，评分: 7.5， verdict: 需修改
[2026-05-18 09:19:36] [Reviewer] 第1733章已审查过，跳过
[2026-05-18 09:19:37] [Reviewer] 正在审查第1734章...
[2026-05-18 09:20:18] [Reviewer] 第1734章审查完成，评分: 8.0， verdict: 需修改
[2026-05-18 09:20:19] [Reviewer] 正在审查第1735章...
[2026-05-18 09:20:52] [Reviewer] 第1735章审查完成，评分: 7.5， verdict: 需修改
[2026-05-18 09:20:53] [Reviewer] 正在审查第1736章...
[2026-05-18 09:21:24] [Reviewer] 第1736章审查完成，评分: 7.8， verdict: 需修改
[2026-05-18 09:21:25] [Reviewer] 正在审查第1737章...
[2026-05-18 09:21:53] [Reviewer] 第1737章审查完成，评分: 7.2， verdict: 需修改
[2026-05-18 09:21:54] [Reviewer] 第1738章已审查过，跳过
[2026-05-18 09:21:55] [Reviewer] 第1739章已审查过，跳过
[2026-05-18 09:21:56] [Reviewer] 第1740章已审查过，跳过
[2026-05-18 09:21:57] [Reviewer] 第1741章已审查过，跳过
[2026-05-18 09:21:58] [Reviewer] 正在审查第1742章...
[2026-05-18 09:22:42] [Reviewer] 第1742章审查完成，评分: 7.2， verdict: 需修改
[2026-05-18 09:22:43] [Reviewer] 正在审查第1743章...
[2026-05-18 09:23:11] [Reviewer] 第1743章审查完成，评分: 7.5， verdict: 需修改
[2026-05-18 09:23:12] [Reviewer] 正在审查第1744章...
[2026-05-18 09:23:44] [Reviewer] 第1744章审查完成，评分: 7.5， verdict: 需修改
[2026-05-18 09:23:45] [Reviewer] 正在审查第1745章...
[2026-05-18 09:24:18] [Reviewer] 第1745章审查完成，评分: 7.5， verdict: 需修改
[2026-05-18 09:24:19] [Reviewer] 正在审查第1746章...
[2026-05-18 09:24:57] [Reviewer] 第1746章审查完成，评分: 7.5， verdict: 需修改
[2026-05-18 09:24:58] [Reviewer] 正在审查第1747章...
[2026-05-18 09:25:37] [Reviewer] 第1747章审查完成，评分: 8.2， verdict: 通过
[2026-05-18 09:25:38] [Reviewer] 正在审查第1748章...
[2026-05-18 09:26:15] [Reviewer] 第1748章审查完成，评分: 8.2， verdict: 通过
[2026-05-18 09:26:16] [Reviewer] 正在审查第1749章...
[2026-05-18 09:26:57] [Reviewer] 第1749章审查完成，评分: 8.0， verdict: 通过
[2026-05-18 09:26:58] [Reviewer] 第1750章已审查过，跳过
[2026-05-18 09:26:59] [Reviewer] 正在审查第1751章...
[2026-05-18 09:27:41] [Reviewer] 第1751章审查完成，评分: 7.8， verdict: 通过
[2026-05-18 09:27:42] [Reviewer] 正在审查第1752章...
[2026-05-18 09:28:34] [Reviewer] 第1752章审查完成，评分: 7.5， verdict: 需修改
[2026-05-18 09:28:36] [Reviewer] 正在审查第1753章...
[2026-05-18 09:29:10] [Reviewer] 第1753章审查完成，评分: 7.5， verdict: 需修改
[2026-05-18 09:29:11] [Reviewer] 第1754章已审查过，跳过
[2026-05-18 09:29:12] [Reviewer] 正在审查第1755章...
[2026-05-18 09:29:50] [Reviewer] 第1755章审查完成，评分: 8.5， verdict: 通过
[2026-05-18 09:29:51] [Reviewer] 正在审查第1756章...
[2026-05-18 09:30:24] [Reviewer] 第1756章审查完成，评分: 8.5， verdict: 通过
[2026-05-18 09:30:25] [Reviewer] 正在审查第1757章...
[2026-05-18 09:30:58] [Reviewer] 第1757章审查完成，评分: 8.5， verdict: 通过
[2026-05-18 09:30:59] [Reviewer] 正在审查第1758章...
[2026-05-18 09:31:34] [Reviewer] 第1758章审查完成，评分: 8.5， verdict: 需修改
[2026-05-18 09:31:35] [Reviewer] 第1759章已审查过，跳过
[2026-05-18 09:31:36] [Reviewer] 第1760章已审查过，跳过
[2026-05-18 09:31:37] [Reviewer] 第1761章已审查过，跳过
[2026-05-18 09:31:38] [Reviewer] 正在审查第1762章...
[2026-05-18 09:32:10] [Reviewer] 第1762章审查完成，评分: 7.5， verdict: 需修改
[2026-05-18 09:32:11] [Reviewer] 正在审查第1763章...
[2026-05-18 09:32:55] [Reviewer] 第1763章审查完成，评分: 8.2， verdict: 通过
[2026-05-18 09:32:56] [Reviewer] 正在审查第1764章...
[2026-05-18 09:33:30] [Reviewer] 第1764章审查完成，评分: 8.2， verdict: 通过
[2026-05-18 09:33:31] [Reviewer] 第1765章已审查过，跳过
[2026-05-18 09:33:32] [Reviewer] 正在审查第1766章...
[2026-05-18 09:34:15] [Reviewer] 第1766章审查完成，评分: 8.5， verdict: 通过
[2026-05-18 09:34:16] [Reviewer] 正在审查第1767章...
[2026-05-18 09:34:56] [Reviewer] 第1767章审查完成，评分: 8.0， verdict: 通过
[2026-05-18 09:34:57] [Reviewer] 正在审查第1768章...
[2026-05-18 09:35:27] [Reviewer] 第1768章审查完成，评分: 8.2， verdict: 需修改
[2026-05-18 09:35:28] [Reviewer] 正在审查第1769章...
[2026-05-18 09:36:04] [Reviewer] 第1769章审查完成，评分: 8.2， verdict: 通过
[2026-05-18 09:36:05] [Reviewer] 正在审查第1770章...
[2026-05-18 09:36:50] [Reviewer] 第1770章审查完成，评分: 8.2， verdict: 通过
[2026-05-18 09:36:51] [Reviewer] 正在审查第1771章...
[2026-05-18 09:37:34] [Reviewer] 第1771章审查完成，评分: 8.0， verdict: 通过
[2026-05-18 09:37:35] [Reviewer] 第1772章已审查过，跳过
[2026-05-18 09:37:36] [Reviewer] 正在审查第1773章...
[2026-05-18 09:38:13] [Reviewer] 第1773章审查完成，评分: 8.5， verdict: 通过
[2026-05-18 09:38:14] [Reviewer] 正在审查第1774章...
[2026-05-18 09:38:49] [Reviewer] 第1774章审查完成，评分: 7.8， verdict: 通过
[2026-05-18 09:38:50] [Reviewer] 正在审查第1775章...
[2026-05-18 09:39:33] [Reviewer] JSON解析失败: Expecting ',' delimiter: line 50 column 40 (char 1895)
[2026-05-18 09:39:33] [Reviewer] 第1775章审查完成，评分: N/A， verdict: N/A
[2026-05-18 09:39:34] [Reviewer] 正在审查第1776章...
[2026-05-18 09:40:09] [Reviewer] 第1776章审查完成，评分: 8.2， verdict: 通过
[2026-05-18 09:40:10] [Reviewer] 正在审查第1777章...
[2026-05-18 09:40:40] [Reviewer] 第1777章审查完成，评分: 7.8， verdict: 需修改
[2026-05-18 09:40:41] [Reviewer] 第1778章已审查过，跳过
[2026-05-18 09:40:42] [Reviewer] 第1779章已审查过，跳过
[2026-05-18 09:40:43] [Reviewer] 第1780章已审查过，跳过
[2026-05-18 09:40:44] [Reviewer] 第1781章已审查过，跳过
[2026-05-18 09:40:45] [Reviewer] 正在审查第1782章...
[2026-05-18 09:41:16] [Reviewer] 第1782章审查完成，评分: 7.5， verdict: 需修改
[2026-05-18 09:41:17] [Reviewer] 正在审查第1783章...
[2026-05-18 09:41:46] [Reviewer] 第1783章审查完成，评分: 7.5， verdict: 需修改
[2026-05-18 09:41:47] [Reviewer] 第1784章已审查过，跳过
[2026-05-18 09:41:48] [Reviewer] 正在审查第1785章...
[2026-05-18 09:42:26] [Reviewer] 第1785章审查完成，评分: 7.8， verdict: 通过
[2026-05-18 09:42:27] [Reviewer] 正在审查第1786章...
[2026-05-18 09:43:11] [Reviewer] 第1786章审查完成，评分: 8.0， verdict: 通过
[2026-05-18 09:43:12] [Reviewer] 正在审查第1787章...
[2026-05-18 09:43:43] [Reviewer] JSON解析失败: Expecting ',' delimiter: line 23 column 12 (char 519)
[2026-05-18 09:43:43] [Reviewer] 第1787章审查完成，评分: N/A， verdict: N/A
[2026-05-18 09:43:44] [Reviewer] 正在审查第1788章...
[2026-05-18 09:44:22] [Reviewer] 第1788章审查完成，评分: 7.8， verdict: 需修改
[2026-05-18 09:44:23] [Reviewer] 第1789章已审查过，跳过
[2026-05-18 09:44:24] [Reviewer] 正在审查第1790章...
[2026-05-18 09:45:07] [Reviewer] 第1790章审查完成，评分: 8.5， verdict: 通过
[2026-05-18 09:45:08] [Reviewer] 正在审查第1791章...
[2026-05-18 09:45:53] [Reviewer] 第1791章审查完成，评分: 7.8， verdict: 需修改
[2026-05-18 09:45:54] [Reviewer] 正在审查第1792章...
[2026-05-18 09:46:32] [Reviewer] 第1792章审查完成，评分: 7.5， verdict: 需修改
[2026-05-18 09:46:33] [Reviewer] 正在审查第1793章...
[2026-05-18 09:47:15] [Reviewer] 第1793章审查完成，评分: 7.2， verdict: 需修改
[2026-05-18 09:47:16] [Reviewer] 正在审查第1794章...
[2026-05-18 09:47:54] [Reviewer] 第1794章审查完成，评分: 8.5， verdict: 通过
[2026-05-18 09:47:55] [Reviewer] 正在审查第1795章...
[2026-05-18 09:48:28] [Reviewer] 第1795章审查完成，评分: 7.5， verdict: 需修改
[2026-05-18 09:48:29] [Reviewer] 正在审查第1796章...
[2026-05-18 09:49:12] [Reviewer] 第1796章审查完成，评分: 7.5， verdict: 需修改
[2026-05-18 09:49:13] [Reviewer] 第1797章已审查过，跳过
[2026-05-18 09:49:14] [Reviewer] 第1798章已审查过，跳过
[2026-05-18 09:49:15] [Reviewer] 第1799章已审查过，跳过
[2026-05-18 09:49:16] [Reviewer] 第1800章已审查过，跳过
[2026-05-18 09:49:17] [Reviewer] 全部完成
