============================================================
Reviewer Agent 启动
============================================================
[2026-05-18 09:14:17] [Reviewer] 正在审查第1381章...
[2026-05-18 09:14:59] [Reviewer] 第1381章审查完成，评分: 8.5， verdict: 通过
[2026-05-18 09:15:00] [Reviewer] 正在审查第1382章...
[2026-05-18 09:15:05] [ERROR] mmx call failed (rc=4): {
  "error": {
    "code": 4,
    "message": "Rate limit or quota exceeded. Token Plan 主要面向个人开发者的交互式使用场景。当前请求量较高，请稍后重试；如需支持更高并发或自动化任务，建议升级至更高级别套餐，或使用按量付费 API。 (2062)",
    "hint": "Check usage: mmx quota show"
  }
}
[2026-05-18 09:15:05] [Reviewer] 第1382章审查失败
[2026-05-18 09:15:06] [Reviewer] 正在审查第1383章...
[2026-05-18 09:15:09] [ERROR] mmx call failed (rc=4): {
  "error": {
    "code": 4,
    "message": "Rate limit or quota exceeded. Token Plan 主要面向个人开发者的交互式使用场景。当前请求量较高，请稍后重试；如需支持更高并发或自动化任务，建议升级至更高级别套餐，或使用按量付费 API。 (2062)",
    "hint": "Check usage: mmx quota show"
  }
}
[2026-05-18 09:15:09] [Reviewer] 第1383章审查失败
[2026-05-18 09:15:10] [Reviewer] 正在审查第1384章...
[2026-05-18 09:15:15] [ERROR] mmx call failed (rc=4): {
  "error": {
    "code": 4,
    "message": "Rate limit or quota exceeded. Token Plan 主要面向个人开发者的交互式使用场景。当前请求量较高，请稍后重试；如需支持更高并发或自动化任务，建议升级至更高级别套餐，或使用按量付费 API。 (2062)",
    "hint": "Check usage: mmx quota show"
  }
}
[2026-05-18 09:15:15] [Reviewer] 第1384章审查失败
[2026-05-18 09:15:16] [Reviewer] 正在审查第1385章...
[2026-05-18 09:15:52] [Reviewer] 第1385章审查完成，评分: 8.0， verdict: 通过
[2026-05-18 09:15:53] [Reviewer] 正在审查第1386章...
[2026-05-18 09:15:56] [ERROR] mmx call failed (rc=4): {
  "error": {
    "code": 4,
    "message": "Rate limit or quota exceeded. Token Plan 主要面向个人开发者的交互式使用场景。当前请求量较高，请稍后重试；如需支持更高并发或自动化任务，建议升级至更高级别套餐，或使用按量付费 API。 (2062)",
    "hint": "Check usage: mmx quota show"
  }
}
[2026-05-18 09:15:56] [Reviewer] 第1386章审查失败
[2026-05-18 09:15:57] [Reviewer] 正在审查第1387章...
[2026-05-18 09:16:00] [ERROR] mmx call failed (rc=4): {
  "error": {
    "code": 4,
    "message": "Rate limit or quota exceeded. Token Plan 主要面向个人开发者的交互式使用场景。当前请求量较高，请稍后重试；如需支持更高并发或自动化任务，建议升级至更高级别套餐，或使用按量付费 API。 (2062)",
    "hint": "Check usage: mmx quota show"
  }
}
[2026-05-18 09:16:00] [Reviewer] 第1387章审查失败
[2026-05-18 09:16:01] [Reviewer] 正在审查第1388章...
[2026-05-18 09:16:05] [ERROR] mmx call failed (rc=4): {
  "error": {
    "code": 4,
    "message": "Rate limit or quota exceeded. Token Plan 主要面向个人开发者的交互式使用场景。当前请求量较高，请稍后重试；如需支持更高并发或自动化任务，建议升级至更高级别套餐，或使用按量付费 API。 (2062)",
    "hint": "Check usage: mmx quota show"
  }
}
[2026-05-18 09:16:05] [Reviewer] 第1388章审查失败
[2026-05-18 09:16:06] [Reviewer] 正在审查第1389章...
[2026-05-18 09:16:09] [ERROR] mmx call failed (rc=4): {
  "error": {
    "code": 4,
    "message": "Rate limit or quota exceeded. Token Plan 主要面向个人开发者的交互式使用场景。当前请求量较高，请稍后重试；如需支持更高并发或自动化任务，建议升级至更高级别套餐，或使用按量付费 API。 (2062)",
    "hint": "Check usage: mmx quota show"
  }
}
[2026-05-18 09:16:09] [Reviewer] 第1389章审查失败
[2026-05-18 09:16:11] [Reviewer] 正在审查第1390章...
[2026-05-18 09:16:41] [Reviewer] 第1390章审查完成，评分: 7.5， verdict: 通过
[2026-05-18 09:16:42] [Reviewer] 正在审查第1391章...
[2026-05-18 09:17:16] [Reviewer] 第1391章审查完成，评分: 8.2， verdict: 通过
[2026-05-18 09:17:17] [Reviewer] 正在审查第1392章...
[2026-05-18 09:17:44] [Reviewer] JSON解析失败: Expecting ',' delimiter: line 23 column 27 (char 495)
[2026-05-18 09:17:44] [Reviewer] 第1392章审查完成，评分: N/A， verdict: N/A
[2026-05-18 09:17:45] [Reviewer] 正在审查第1393章...
[2026-05-18 09:18:31] [Reviewer] 第1393章审查完成，评分: 7.8， verdict: 需修改
[2026-05-18 09:18:32] [Reviewer] 正在审查第1394章...
[2026-05-18 09:19:08] [Reviewer] JSON解析失败: Expecting ',' delimiter: line 24 column 9 (char 554)
[2026-05-18 09:19:08] [Reviewer] 第1394章审查完成，评分: N/A， verdict: N/A
[2026-05-18 09:19:09] [Reviewer] 正在审查第1395章...
[2026-05-18 09:19:49] [Reviewer] 第1395章审查完成，评分: 7.5， verdict: 需修改
[2026-05-18 09:19:50] [Reviewer] 正在审查第1396章...
[2026-05-18 09:20:31] [Reviewer] 第1396章审查完成，评分: 7.8， verdict: 需修改
[2026-05-18 09:20:32] [Reviewer] 正在审查第1397章...
[2026-05-18 09:21:29] [Reviewer] 第1397章审查完成，评分: 8.2， verdict: 通过
[2026-05-18 09:21:30] [Reviewer] 正在审查第1398章...
[2026-05-18 09:21:59] [Reviewer] 第1398章审查完成，评分: 7.2， verdict: 需修改
[2026-05-18 09:22:00] [Reviewer] 正在审查第1399章...
[2026-05-18 09:22:39] [Reviewer] 第1399章审查完成，评分: 7.8， verdict: 需修改
[2026-05-18 09:22:41] [Reviewer] 正在审查第1400章...
[2026-05-18 09:23:12] [Reviewer] 第1400章审查完成，评分: 7.5， verdict: 需修改
[2026-05-18 09:23:13] [Reviewer] 全部完成
