============================================================
Reviewer Agent 启动
============================================================
[2026-05-18 09:14:16] [Reviewer] 正在审查第961章...
[2026-05-18 09:14:52] [Reviewer] 第961章审查完成，评分: 8.0， verdict: 通过
[2026-05-18 09:14:53] [Reviewer] 正在审查第962章...
[2026-05-18 09:14:53] [ERROR] mmx call failed (rc=4): {
  "error": {
    "code": 4,
    "message": "Rate limit or quota exceeded. Token Plan 主要面向个人开发者的交互式使用场景。当前请求量较高，请稍后重试；如需支持更高并发或自动化任务，建议升级至更高级别套餐，或使用按量付费 API。 (2062)",
    "hint": "Check usage: mmx quota show"
  }
}
[2026-05-18 09:14:53] [Reviewer] 第962章审查失败
[2026-05-18 09:14:54] [Reviewer] 正在审查第963章...
[2026-05-18 09:14:56] [ERROR] mmx call failed (rc=4): {
  "error": {
    "code": 4,
    "message": "Rate limit or quota exceeded. Token Plan 主要面向个人开发者的交互式使用场景。当前请求量较高，请稍后重试；如需支持更高并发或自动化任务，建议升级至更高级别套餐，或使用按量付费 API。 (2062)",
    "hint": "Check usage: mmx quota show"
  }
}
[2026-05-18 09:14:56] [Reviewer] 第963章审查失败
[2026-05-18 09:14:57] [Reviewer] 正在审查第964章...
[2026-05-18 09:14:59] [ERROR] mmx call failed (rc=4): {
  "error": {
    "code": 4,
    "message": "Rate limit or quota exceeded. Token Plan 主要面向个人开发者的交互式使用场景。当前请求量较高，请稍后重试；如需支持更高并发或自动化任务，建议升级至更高级别套餐，或使用按量付费 API。 (2062)",
    "hint": "Check usage: mmx quota show"
  }
}
[2026-05-18 09:14:59] [Reviewer] 第964章审查失败
[2026-05-18 09:15:00] [Reviewer] 正在审查第965章...
[2026-05-18 09:15:04] [ERROR] mmx call failed (rc=4): {
  "error": {
    "code": 4,
    "message": "Rate limit or quota exceeded. Token Plan 主要面向个人开发者的交互式使用场景。当前请求量较高，请稍后重试；如需支持更高并发或自动化任务，建议升级至更高级别套餐，或使用按量付费 API。 (2062)",
    "hint": "Check usage: mmx quota show"
  }
}
[2026-05-18 09:15:04] [Reviewer] 第965章审查失败
[2026-05-18 09:15:05] [Reviewer] 正在审查第966章...
[2026-05-18 09:15:06] [ERROR] mmx call failed (rc=4): {
  "error": {
    "code": 4,
    "message": "Rate limit or quota exceeded. Token Plan 主要面向个人开发者的交互式使用场景。当前请求量较高，请稍后重试；如需支持更高并发或自动化任务，建议升级至更高级别套餐，或使用按量付费 API。 (2062)",
    "hint": "Check usage: mmx quota show"
  }
}
[2026-05-18 09:15:06] [Reviewer] 第966章审查失败
[2026-05-18 09:15:07] [Reviewer] 正在审查第967章...
[2026-05-18 09:15:11] [ERROR] mmx call failed (rc=4): {
  "error": {
    "code": 4,
    "message": "Rate limit or quota exceeded. Token Plan 主要面向个人开发者的交互式使用场景。当前请求量较高，请稍后重试；如需支持更高并发或自动化任务，建议升级至更高级别套餐，或使用按量付费 API。 (2062)",
    "hint": "Check usage: mmx quota show"
  }
}
[2026-05-18 09:15:11] [Reviewer] 第967章审查失败
[2026-05-18 09:15:12] [Reviewer] 正在审查第968章...
[2026-05-18 09:15:49] [Reviewer] 第968章审查完成，评分: 7.5， verdict: 需修改
[2026-05-18 09:15:50] [Reviewer] 正在审查第969章...
[2026-05-18 09:15:51] [ERROR] mmx call failed (rc=4): {
  "error": {
    "code": 4,
    "message": "Rate limit or quota exceeded. Token Plan 主要面向个人开发者的交互式使用场景。当前请求量较高，请稍后重试；如需支持更高并发或自动化任务，建议升级至更高级别套餐，或使用按量付费 API。 (2062)",
    "hint": "Check usage: mmx quota show"
  }
}
[2026-05-18 09:15:51] [Reviewer] 第969章审查失败
[2026-05-18 09:15:52] [Reviewer] 正在审查第970章...
[2026-05-18 09:15:55] [ERROR] mmx call failed (rc=4): {
  "error": {
    "code": 4,
    "message": "Rate limit or quota exceeded. Token Plan 主要面向个人开发者的交互式使用场景。当前请求量较高，请稍后重试；如需支持更高并发或自动化任务，建议升级至更高级别套餐，或使用按量付费 API。 (2062)",
    "hint": "Check usage: mmx quota show"
  }
}
[2026-05-18 09:15:55] [Reviewer] 第970章审查失败
[2026-05-18 09:15:56] [Reviewer] 正在审查第971章...
[2026-05-18 09:15:59] [ERROR] mmx call failed (rc=4): {
  "error": {
    "code": 4,
    "message": "Rate limit or quota exceeded. Token Plan 主要面向个人开发者的交互式使用场景。当前请求量较高，请稍后重试；如需支持更高并发或自动化任务，建议升级至更高级别套餐，或使用按量付费 API。 (2062)",
    "hint": "Check usage: mmx quota show"
  }
}
[2026-05-18 09:15:59] [Reviewer] 第971章审查失败
[2026-05-18 09:16:00] [Reviewer] 正在审查第972章...
[2026-05-18 09:16:03] [ERROR] mmx call failed (rc=4): {
  "error": {
    "code": 4,
    "message": "Rate limit or quota exceeded. Token Plan 主要面向个人开发者的交互式使用场景。当前请求量较高，请稍后重试；如需支持更高并发或自动化任务，建议升级至更高级别套餐，或使用按量付费 API。 (2062)",
    "hint": "Check usage: mmx quota show"
  }
}
[2026-05-18 09:16:03] [Reviewer] 第972章审查失败
[2026-05-18 09:16:04] [Reviewer] 正在审查第973章...
[2026-05-18 09:16:08] [ERROR] mmx call failed (rc=4): {
  "error": {
    "code": 4,
    "message": "Rate limit or quota exceeded. Token Plan 主要面向个人开发者的交互式使用场景。当前请求量较高，请稍后重试；如需支持更高并发或自动化任务，建议升级至更高级别套餐，或使用按量付费 API。 (2062)",
    "hint": "Check usage: mmx quota show"
  }
}
[2026-05-18 09:16:08] [Reviewer] 第973章审查失败
[2026-05-18 09:16:09] [Reviewer] 正在审查第974章...
[2026-05-18 09:16:12] [ERROR] mmx call failed (rc=4): {
  "error": {
    "code": 4,
    "message": "Rate limit or quota exceeded. Token Plan 主要面向个人开发者的交互式使用场景。当前请求量较高，请稍后重试；如需支持更高并发或自动化任务，建议升级至更高级别套餐，或使用按量付费 API。 (2062)",
    "hint": "Check usage: mmx quota show"
  }
}
[2026-05-18 09:16:12] [Reviewer] 第974章审查失败
[2026-05-18 09:16:14] [Reviewer] 正在审查第975章...
[2026-05-18 09:16:52] [Reviewer] 第975章审查完成，评分: 7.8， verdict: 需修改
[2026-05-18 09:16:53] [Reviewer] 正在审查第976章...
[2026-05-18 09:16:55] [ERROR] mmx call failed (rc=4): {
  "error": {
    "code": 4,
    "message": "Rate limit or quota exceeded. Token Plan 主要面向个人开发者的交互式使用场景。当前请求量较高，请稍后重试；如需支持更高并发或自动化任务，建议升级至更高级别套餐，或使用按量付费 API。 (2062)",
    "hint": "Check usage: mmx quota show"
  }
}
[2026-05-18 09:16:55] [Reviewer] 第976章审查失败
[2026-05-18 09:16:56] [Reviewer] 正在审查第977章...
[2026-05-18 09:16:58] [ERROR] mmx call failed (rc=4): {
  "error": {
    "code": 4,
    "message": "Rate limit or quota exceeded. Token Plan 主要面向个人开发者的交互式使用场景。当前请求量较高，请稍后重试；如需支持更高并发或自动化任务，建议升级至更高级别套餐，或使用按量付费 API。 (2062)",
    "hint": "Check usage: mmx quota show"
  }
}
[2026-05-18 09:16:58] [Reviewer] 第977章审查失败
[2026-05-18 09:16:59] [Reviewer] 正在审查第978章...
[2026-05-18 09:17:02] [ERROR] mmx call failed (rc=4): {
  "error": {
    "code": 4,
    "message": "Rate limit or quota exceeded. Token Plan 主要面向个人开发者的交互式使用场景。当前请求量较高，请稍后重试；如需支持更高并发或自动化任务，建议升级至更高级别套餐，或使用按量付费 API。 (2062)",
    "hint": "Check usage: mmx quota show"
  }
}
[2026-05-18 09:17:02] [Reviewer] 第978章审查失败
[2026-05-18 09:17:03] [Reviewer] 正在审查第979章...
[2026-05-18 09:17:04] [ERROR] mmx call failed (rc=4): {
  "error": {
    "code": 4,
    "message": "Rate limit or quota exceeded. Token Plan 主要面向个人开发者的交互式使用场景。当前请求量较高，请稍后重试；如需支持更高并发或自动化任务，建议升级至更高级别套餐，或使用按量付费 API。 (2062)",
    "hint": "Check usage: mmx quota show"
  }
}
[2026-05-18 09:17:04] [Reviewer] 第979章审查失败
[2026-05-18 09:17:05] [Reviewer] 正在审查第980章...
[2026-05-18 09:17:08] [ERROR] mmx call failed (rc=4): {
  "error": {
    "code": 4,
    "message": "Rate limit or quota exceeded. Token Plan 主要面向个人开发者的交互式使用场景。当前请求量较高，请稍后重试；如需支持更高并发或自动化任务，建议升级至更高级别套餐，或使用按量付费 API。 (2062)",
    "hint": "Check usage: mmx quota show"
  }
}
[2026-05-18 09:17:08] [Reviewer] 第980章审查失败
[2026-05-18 09:17:09] [Reviewer] 全部完成
