============================================================
Reviewer Agent 启动
============================================================
[2026-05-18 09:14:18] [Reviewer] 第1807章已审查过，跳过
[2026-05-18 09:14:19] [Reviewer] 正在审查第1808章...
[2026-05-18 09:15:07] [Reviewer] 第1808章审查完成，评分: 7.2， verdict: 需修改
[2026-05-18 09:15:08] [Reviewer] 正在审查第1809章...
[2026-05-18 09:15:11] [ERROR] mmx call failed (rc=4): {
  "error": {
    "code": 4,
    "message": "Rate limit or quota exceeded. Token Plan 主要面向个人开发者的交互式使用场景。当前请求量较高，请稍后重试；如需支持更高并发或自动化任务，建议升级至更高级别套餐，或使用按量付费 API。 (2062)",
    "hint": "Check usage: mmx quota show"
  }
}
[2026-05-18 09:15:11] [Reviewer] 第1809章审查失败
[2026-05-18 09:15:12] [Reviewer] 正在审查第1810章...
[2026-05-18 09:16:04] [Reviewer] 第1810章审查完成，评分: 8， verdict: 需修改
[2026-05-18 09:16:05] [Reviewer] 正在审查第1811章...
[2026-05-18 09:16:08] [ERROR] mmx call failed (rc=4): {
  "error": {
    "code": 4,
    "message": "Rate limit or quota exceeded. Token Plan 主要面向个人开发者的交互式使用场景。当前请求量较高，请稍后重试；如需支持更高并发或自动化任务，建议升级至更高级别套餐，或使用按量付费 API。 (2062)",
    "hint": "Check usage: mmx quota show"
  }
}
[2026-05-18 09:16:08] [Reviewer] 第1811章审查失败
[2026-05-18 09:16:09] [Reviewer] 正在审查第1812章...
[2026-05-18 09:16:42] [Reviewer] 第1812章审查完成，评分: 7.5， verdict: 需修改
[2026-05-18 09:16:43] [Reviewer] 正在审查第1813章...
[2026-05-18 09:17:19] [Reviewer] JSON解析失败: Invalid control character at: line 36 column 90 (char 1140)
[2026-05-18 09:17:19] [Reviewer] 第1813章审查完成，评分: N/A， verdict: N/A
[2026-05-18 09:17:20] [Reviewer] 正在审查第1814章...
[2026-05-18 09:18:01] [Reviewer] 第1814章审查完成，评分: 8.2， verdict: 通过
[2026-05-18 09:18:02] [Reviewer] 正在审查第1815章...
[2026-05-18 09:18:03] [ERROR] mmx call failed (rc=4): {
  "error": {
    "code": 4,
    "message": "Rate limit or quota exceeded. Token Plan 主要面向个人开发者的交互式使用场景。当前请求量较高，请稍后重试；如需支持更高并发或自动化任务，建议升级至更高级别套餐，或使用按量付费 API。 (2062)",
    "hint": "Check usage: mmx quota show"
  }
}
[2026-05-18 09:18:03] [Reviewer] 第1815章审查失败
[2026-05-18 09:18:04] [Reviewer] 正在审查第1816章...
[2026-05-18 09:18:05] [ERROR] mmx call failed (rc=4): {
  "error": {
    "code": 4,
    "message": "Rate limit or quota exceeded. Token Plan 主要面向个人开发者的交互式使用场景。当前请求量较高，请稍后重试；如需支持更高并发或自动化任务，建议升级至更高级别套餐，或使用按量付费 API。 (2062)",
    "hint": "Check usage: mmx quota show"
  }
}
[2026-05-18 09:18:05] [Reviewer] 第1816章审查失败
[2026-05-18 09:18:06] [Reviewer] 第1817章已审查过，跳过
[2026-05-18 09:18:07] [Reviewer] 正在审查第1818章...
[2026-05-18 09:18:07] [ERROR] mmx call failed (rc=4): {
  "error": {
    "code": 4,
    "message": "Rate limit or quota exceeded. Token Plan 主要面向个人开发者的交互式使用场景。当前请求量较高，请稍后重试；如需支持更高并发或自动化任务，建议升级至更高级别套餐，或使用按量付费 API。 (2062)",
    "hint": "Check usage: mmx quota show"
  }
}
[2026-05-18 09:18:07] [Reviewer] 第1818章审查失败
[2026-05-18 09:18:08] [Reviewer] 正在审查第1819章...
[2026-05-18 09:18:09] [ERROR] mmx call failed (rc=4): {
  "error": {
    "code": 4,
    "message": "Rate limit or quota exceeded. Token Plan 主要面向个人开发者的交互式使用场景。当前请求量较高，请稍后重试；如需支持更高并发或自动化任务，建议升级至更高级别套餐，或使用按量付费 API。 (2062)",
    "hint": "Check usage: mmx quota show"
  }
}
[2026-05-18 09:18:09] [Reviewer] 第1819章审查失败
[2026-05-18 09:18:10] [Reviewer] 正在审查第1820章...
[2026-05-18 09:18:10] [ERROR] mmx call failed (rc=4): {
  "error": {
    "code": 4,
    "message": "Rate limit or quota exceeded. Token Plan 主要面向个人开发者的交互式使用场景。当前请求量较高，请稍后重试；如需支持更高并发或自动化任务，建议升级至更高级别套餐，或使用按量付费 API。 (2062)",
    "hint": "Check usage: mmx quota show"
  }
}
[2026-05-18 09:18:10] [Reviewer] 第1820章审查失败
[2026-05-18 09:18:11] [Reviewer] 全部完成
