============================================================
Reviewer Agent 启动
============================================================
[2026-05-18 09:14:17] [Reviewer] 正在审查第1161章...
[2026-05-18 09:14:56] [Reviewer] 第1161章审查完成，评分: 8.5， verdict: 通过
[2026-05-18 09:14:57] [Reviewer] 正在审查第1162章...
[2026-05-18 09:14:59] [ERROR] mmx call failed (rc=4): {
  "error": {
    "code": 4,
    "message": "Rate limit or quota exceeded. Token Plan 主要面向个人开发者的交互式使用场景。当前请求量较高，请稍后重试；如需支持更高并发或自动化任务，建议升级至更高级别套餐，或使用按量付费 API。 (2062)",
    "hint": "Check usage: mmx quota show"
  }
}
[2026-05-18 09:14:59] [Reviewer] 第1162章审查失败
[2026-05-18 09:15:00] [Reviewer] 正在审查第1163章...
[2026-05-18 09:15:05] [ERROR] mmx call failed (rc=4): {
  "error": {
    "code": 4,
    "message": "Rate limit or quota exceeded. Token Plan 主要面向个人开发者的交互式使用场景。当前请求量较高，请稍后重试；如需支持更高并发或自动化任务，建议升级至更高级别套餐，或使用按量付费 API。 (2062)",
    "hint": "Check usage: mmx quota show"
  }
}
[2026-05-18 09:15:05] [Reviewer] 第1163章审查失败
[2026-05-18 09:15:06] [Reviewer] 正在审查第1164章...
[2026-05-18 09:15:08] [ERROR] mmx call failed (rc=4): {
  "error": {
    "code": 4,
    "message": "Rate limit or quota exceeded. Token Plan 主要面向个人开发者的交互式使用场景。当前请求量较高，请稍后重试；如需支持更高并发或自动化任务，建议升级至更高级别套餐，或使用按量付费 API。 (2062)",
    "hint": "Check usage: mmx quota show"
  }
}
[2026-05-18 09:15:08] [Reviewer] 第1164章审查失败
[2026-05-18 09:15:09] [Reviewer] 正在审查第1165章...
[2026-05-18 09:15:52] [Reviewer] 第1165章审查完成，评分: 7.5， verdict: 通过
[2026-05-18 09:15:53] [Reviewer] 正在审查第1166章...
[2026-05-18 09:15:56] [ERROR] mmx call failed (rc=4): {
  "error": {
    "code": 4,
    "message": "Rate limit or quota exceeded. Token Plan 主要面向个人开发者的交互式使用场景。当前请求量较高，请稍后重试；如需支持更高并发或自动化任务，建议升级至更高级别套餐，或使用按量付费 API。 (2062)",
    "hint": "Check usage: mmx quota show"
  }
}
[2026-05-18 09:15:56] [Reviewer] 第1166章审查失败
[2026-05-18 09:15:57] [Reviewer] 正在审查第1167章...
[2026-05-18 09:15:59] [ERROR] mmx call failed (rc=4): {
  "error": {
    "code": 4,
    "message": "Rate limit or quota exceeded. Token Plan 主要面向个人开发者的交互式使用场景。当前请求量较高，请稍后重试；如需支持更高并发或自动化任务，建议升级至更高级别套餐，或使用按量付费 API。 (2062)",
    "hint": "Check usage: mmx quota show"
  }
}
[2026-05-18 09:15:59] [Reviewer] 第1167章审查失败
[2026-05-18 09:16:01] [Reviewer] 正在审查第1168章...
[2026-05-18 09:16:04] [ERROR] mmx call failed (rc=4): {
  "error": {
    "code": 4,
    "message": "Rate limit or quota exceeded. Token Plan 主要面向个人开发者的交互式使用场景。当前请求量较高，请稍后重试；如需支持更高并发或自动化任务，建议升级至更高级别套餐，或使用按量付费 API。 (2062)",
    "hint": "Check usage: mmx quota show"
  }
}
[2026-05-18 09:16:04] [Reviewer] 第1168章审查失败
[2026-05-18 09:16:05] [Reviewer] 正在审查第1169章...
[2026-05-18 09:16:08] [ERROR] mmx call failed (rc=4): {
  "error": {
    "code": 4,
    "message": "Rate limit or quota exceeded. Token Plan 主要面向个人开发者的交互式使用场景。当前请求量较高，请稍后重试；如需支持更高并发或自动化任务，建议升级至更高级别套餐，或使用按量付费 API。 (2062)",
    "hint": "Check usage: mmx quota show"
  }
}
[2026-05-18 09:16:08] [Reviewer] 第1169章审查失败
[2026-05-18 09:16:09] [Reviewer] 正在审查第1170章...
[2026-05-18 09:16:12] [ERROR] mmx call failed (rc=4): {
  "error": {
    "code": 4,
    "message": "Rate limit or quota exceeded. Token Plan 主要面向个人开发者的交互式使用场景。当前请求量较高，请稍后重试；如需支持更高并发或自动化任务，建议升级至更高级别套餐，或使用按量付费 API。 (2062)",
    "hint": "Check usage: mmx quota show"
  }
}
[2026-05-18 09:16:12] [Reviewer] 第1170章审查失败
[2026-05-18 09:16:14] [Reviewer] 正在审查第1171章...
[2026-05-18 09:16:57] [Reviewer] 第1171章审查完成，评分: 7.5， verdict: 需修改
[2026-05-18 09:16:58] [Reviewer] 正在审查第1172章...
[2026-05-18 09:17:00] [ERROR] mmx call failed (rc=4): {
  "error": {
    "code": 4,
    "message": "Rate limit or quota exceeded. Token Plan 主要面向个人开发者的交互式使用场景。当前请求量较高，请稍后重试；如需支持更高并发或自动化任务，建议升级至更高级别套餐，或使用按量付费 API。 (2062)",
    "hint": "Check usage: mmx quota show"
  }
}
[2026-05-18 09:17:00] [Reviewer] 第1172章审查失败
[2026-05-18 09:17:01] [Reviewer] 正在审查第1173章...
[2026-05-18 09:17:04] [ERROR] mmx call failed (rc=4): {
  "error": {
    "code": 4,
    "message": "Rate limit or quota exceeded. Token Plan 主要面向个人开发者的交互式使用场景。当前请求量较高，请稍后重试；如需支持更高并发或自动化任务，建议升级至更高级别套餐，或使用按量付费 API。 (2062)",
    "hint": "Check usage: mmx quota show"
  }
}
[2026-05-18 09:17:04] [Reviewer] 第1173章审查失败
[2026-05-18 09:17:05] [Reviewer] 正在审查第1174章...
[2026-05-18 09:17:07] [ERROR] mmx call failed (rc=4): {
  "error": {
    "code": 4,
    "message": "Rate limit or quota exceeded. Token Plan 主要面向个人开发者的交互式使用场景。当前请求量较高，请稍后重试；如需支持更高并发或自动化任务，建议升级至更高级别套餐，或使用按量付费 API。 (2062)",
    "hint": "Check usage: mmx quota show"
  }
}
[2026-05-18 09:17:07] [Reviewer] 第1174章审查失败
[2026-05-18 09:17:08] [Reviewer] 正在审查第1175章...
[2026-05-18 09:17:11] [ERROR] mmx call failed (rc=4): {
  "error": {
    "code": 4,
    "message": "Rate limit or quota exceeded. Token Plan 主要面向个人开发者的交互式使用场景。当前请求量较高，请稍后重试；如需支持更高并发或自动化任务，建议升级至更高级别套餐，或使用按量付费 API。 (2062)",
    "hint": "Check usage: mmx quota show"
  }
}
[2026-05-18 09:17:11] [Reviewer] 第1175章审查失败
[2026-05-18 09:17:12] [Reviewer] 正在审查第1176章...
[2026-05-18 09:17:44] [Reviewer] 第1176章审查完成，评分: 8.0， verdict: 需修改
[2026-05-18 09:17:45] [Reviewer] 正在审查第1177章...
[2026-05-18 09:18:22] [Reviewer] 第1177章审查完成，评分: 8.5， verdict: 通过
[2026-05-18 09:18:23] [Reviewer] 正在审查第1178章...
[2026-05-18 09:18:59] [Reviewer] 第1178章审查完成，评分: 7.5， verdict: 需修改
[2026-05-18 09:19:00] [Reviewer] 正在审查第1179章...
[2026-05-18 09:19:36] [Reviewer] 第1179章审查完成，评分: 8.2， verdict: 通过
[2026-05-18 09:19:37] [Reviewer] 正在审查第1180章...
[2026-05-18 09:20:14] [Reviewer] 第1180章审查完成，评分: 7.8， verdict: 通过
[2026-05-18 09:20:15] [Reviewer] 全部完成
