============================================================
Reviewer Agent 启动
============================================================
[2026-05-18 09:14:17] [Reviewer] 正在审查第1241章...
[2026-05-18 09:14:50] [Reviewer] 第1241章审查完成，评分: 8.0， verdict: 通过
[2026-05-18 09:14:51] [Reviewer] 正在审查第1242章...
[2026-05-18 09:14:52] [ERROR] mmx call failed (rc=4): {
  "error": {
    "code": 4,
    "message": "Rate limit or quota exceeded. Token Plan 主要面向个人开发者的交互式使用场景。当前请求量较高，请稍后重试；如需支持更高并发或自动化任务，建议升级至更高级别套餐，或使用按量付费 API。 (2062)",
    "hint": "Check usage: mmx quota show"
  }
}
[2026-05-18 09:14:52] [Reviewer] 第1242章审查失败
[2026-05-18 09:14:53] [Reviewer] 正在审查第1243章...
[2026-05-18 09:14:54] [ERROR] mmx call failed (rc=4): {
  "error": {
    "code": 4,
    "message": "Rate limit or quota exceeded. Token Plan 主要面向个人开发者的交互式使用场景。当前请求量较高，请稍后重试；如需支持更高并发或自动化任务，建议升级至更高级别套餐，或使用按量付费 API。 (2062)",
    "hint": "Check usage: mmx quota show"
  }
}
[2026-05-18 09:14:54] [Reviewer] 第1243章审查失败
[2026-05-18 09:14:55] [Reviewer] 正在审查第1244章...
[2026-05-18 09:14:56] [ERROR] mmx call failed (rc=4): {
  "error": {
    "code": 4,
    "message": "Rate limit or quota exceeded. Token Plan 主要面向个人开发者的交互式使用场景。当前请求量较高，请稍后重试；如需支持更高并发或自动化任务，建议升级至更高级别套餐，或使用按量付费 API。 (2062)",
    "hint": "Check usage: mmx quota show"
  }
}
[2026-05-18 09:14:56] [Reviewer] 第1244章审查失败
[2026-05-18 09:14:57] [Reviewer] 正在审查第1245章...
[2026-05-18 09:14:59] [ERROR] mmx call failed (rc=4): {
  "error": {
    "code": 4,
    "message": "Rate limit or quota exceeded. Token Plan 主要面向个人开发者的交互式使用场景。当前请求量较高，请稍后重试；如需支持更高并发或自动化任务，建议升级至更高级别套餐，或使用按量付费 API。 (2062)",
    "hint": "Check usage: mmx quota show"
  }
}
[2026-05-18 09:14:59] [Reviewer] 第1245章审查失败
[2026-05-18 09:15:00] [Reviewer] 正在审查第1246章...
[2026-05-18 09:15:04] [ERROR] mmx call failed (rc=4): {
  "error": {
    "code": 4,
    "message": "Rate limit or quota exceeded. Token Plan 主要面向个人开发者的交互式使用场景。当前请求量较高，请稍后重试；如需支持更高并发或自动化任务，建议升级至更高级别套餐，或使用按量付费 API。 (2062)",
    "hint": "Check usage: mmx quota show"
  }
}
[2026-05-18 09:15:04] [Reviewer] 第1246章审查失败
[2026-05-18 09:15:05] [Reviewer] 正在审查第1247章...
[2026-05-18 09:15:06] [ERROR] mmx call failed (rc=4): {
  "error": {
    "code": 4,
    "message": "Rate limit or quota exceeded. Token Plan 主要面向个人开发者的交互式使用场景。当前请求量较高，请稍后重试；如需支持更高并发或自动化任务，建议升级至更高级别套餐，或使用按量付费 API。 (2062)",
    "hint": "Check usage: mmx quota show"
  }
}
[2026-05-18 09:15:06] [Reviewer] 第1247章审查失败
[2026-05-18 09:15:07] [Reviewer] 正在审查第1248章...
[2026-05-18 09:15:10] [ERROR] mmx call failed (rc=4): {
  "error": {
    "code": 4,
    "message": "Rate limit or quota exceeded. Token Plan 主要面向个人开发者的交互式使用场景。当前请求量较高，请稍后重试；如需支持更高并发或自动化任务，建议升级至更高级别套餐，或使用按量付费 API。 (2062)",
    "hint": "Check usage: mmx quota show"
  }
}
[2026-05-18 09:15:10] [Reviewer] 第1248章审查失败
[2026-05-18 09:15:12] [Reviewer] 正在审查第1249章...
[2026-05-18 09:15:44] [Reviewer] 第1249章审查完成，评分: 7.5， verdict: 需修改
[2026-05-18 09:15:45] [Reviewer] 正在审查第1250章...
[2026-05-18 09:15:45] [ERROR] mmx call failed (rc=4): {
  "error": {
    "code": 4,
    "message": "Rate limit or quota exceeded. Token Plan 主要面向个人开发者的交互式使用场景。当前请求量较高，请稍后重试；如需支持更高并发或自动化任务，建议升级至更高级别套餐，或使用按量付费 API。 (2062)",
    "hint": "Check usage: mmx quota show"
  }
}
[2026-05-18 09:15:45] [Reviewer] 第1250章审查失败
[2026-05-18 09:15:46] [Reviewer] 正在审查第1251章...
[2026-05-18 09:15:47] [ERROR] mmx call failed (rc=4): {
  "error": {
    "code": 4,
    "message": "Rate limit or quota exceeded. Token Plan 主要面向个人开发者的交互式使用场景。当前请求量较高，请稍后重试；如需支持更高并发或自动化任务，建议升级至更高级别套餐，或使用按量付费 API。 (2062)",
    "hint": "Check usage: mmx quota show"
  }
}
[2026-05-18 09:15:47] [Reviewer] 第1251章审查失败
[2026-05-18 09:15:48] [Reviewer] 正在审查第1252章...
[2026-05-18 09:15:49] [ERROR] mmx call failed (rc=4): {
  "error": {
    "code": 4,
    "message": "Rate limit or quota exceeded. Token Plan 主要面向个人开发者的交互式使用场景。当前请求量较高，请稍后重试；如需支持更高并发或自动化任务，建议升级至更高级别套餐，或使用按量付费 API。 (2062)",
    "hint": "Check usage: mmx quota show"
  }
}
[2026-05-18 09:15:49] [Reviewer] 第1252章审查失败
[2026-05-18 09:15:50] [Reviewer] 正在审查第1253章...
[2026-05-18 09:15:50] [ERROR] mmx call failed (rc=4): {
  "error": {
    "code": 4,
    "message": "Rate limit or quota exceeded. Token Plan 主要面向个人开发者的交互式使用场景。当前请求量较高，请稍后重试；如需支持更高并发或自动化任务，建议升级至更高级别套餐，或使用按量付费 API。 (2062)",
    "hint": "Check usage: mmx quota show"
  }
}
[2026-05-18 09:15:50] [Reviewer] 第1253章审查失败
[2026-05-18 09:15:51] [Reviewer] 正在审查第1254章...
[2026-05-18 09:15:53] [ERROR] mmx call failed (rc=4): {
  "error": {
    "code": 4,
    "message": "Rate limit or quota exceeded. Token Plan 主要面向个人开发者的交互式使用场景。当前请求量较高，请稍后重试；如需支持更高并发或自动化任务，建议升级至更高级别套餐，或使用按量付费 API。 (2062)",
    "hint": "Check usage: mmx quota show"
  }
}
[2026-05-18 09:15:53] [Reviewer] 第1254章审查失败
[2026-05-18 09:15:54] [Reviewer] 正在审查第1255章...
[2026-05-18 09:15:57] [ERROR] mmx call failed (rc=4): {
  "error": {
    "code": 4,
    "message": "Rate limit or quota exceeded. Token Plan 主要面向个人开发者的交互式使用场景。当前请求量较高，请稍后重试；如需支持更高并发或自动化任务，建议升级至更高级别套餐，或使用按量付费 API。 (2062)",
    "hint": "Check usage: mmx quota show"
  }
}
[2026-05-18 09:15:57] [Reviewer] 第1255章审查失败
[2026-05-18 09:15:58] [Reviewer] 正在审查第1256章...
[2026-05-18 09:16:02] [ERROR] mmx call failed (rc=4): {
  "error": {
    "code": 4,
    "message": "Rate limit or quota exceeded. Token Plan 主要面向个人开发者的交互式使用场景。当前请求量较高，请稍后重试；如需支持更高并发或自动化任务，建议升级至更高级别套餐，或使用按量付费 API。 (2062)",
    "hint": "Check usage: mmx quota show"
  }
}
[2026-05-18 09:16:02] [Reviewer] 第1256章审查失败
[2026-05-18 09:16:04] [Reviewer] 正在审查第1257章...
[2026-05-18 09:16:08] [ERROR] mmx call failed (rc=4): {
  "error": {
    "code": 4,
    "message": "Rate limit or quota exceeded. Token Plan 主要面向个人开发者的交互式使用场景。当前请求量较高，请稍后重试；如需支持更高并发或自动化任务，建议升级至更高级别套餐，或使用按量付费 API。 (2062)",
    "hint": "Check usage: mmx quota show"
  }
}
[2026-05-18 09:16:08] [Reviewer] 第1257章审查失败
[2026-05-18 09:16:09] [Reviewer] 正在审查第1258章...
[2026-05-18 09:16:12] [ERROR] mmx call failed (rc=4): {
  "error": {
    "code": 4,
    "message": "Rate limit or quota exceeded. Token Plan 主要面向个人开发者的交互式使用场景。当前请求量较高，请稍后重试；如需支持更高并发或自动化任务，建议升级至更高级别套餐，或使用按量付费 API。 (2062)",
    "hint": "Check usage: mmx quota show"
  }
}
[2026-05-18 09:16:12] [Reviewer] 第1258章审查失败
[2026-05-18 09:16:14] [Reviewer] 正在审查第1259章...
[2026-05-18 09:16:51] [Reviewer] 第1259章审查完成，评分: 7.5， verdict: 需修改
[2026-05-18 09:16:52] [Reviewer] 正在审查第1260章...
[2026-05-18 09:16:54] [ERROR] mmx call failed (rc=4): {
  "error": {
    "code": 4,
    "message": "Rate limit or quota exceeded. Token Plan 主要面向个人开发者的交互式使用场景。当前请求量较高，请稍后重试；如需支持更高并发或自动化任务，建议升级至更高级别套餐，或使用按量付费 API。 (2062)",
    "hint": "Check usage: mmx quota show"
  }
}
[2026-05-18 09:16:54] [Reviewer] 第1260章审查失败
[2026-05-18 09:16:55] [Reviewer] 全部完成
