============================================================
Reviewer Agent 启动
============================================================
[2026-05-18 09:10:02] [Reviewer] 正在审查第1301章...
[2026-05-18 09:10:31] [Reviewer] 第1301章审查完成，评分: 7.5， verdict: 需修改
[2026-05-18 09:10:32] [Reviewer] 正在审查第1302章...
[2026-05-18 09:11:03] [Reviewer] 第1302章审查完成，评分: 7.5， verdict: 需修改
[2026-05-18 09:11:04] [Reviewer] 正在审查第1303章...
[2026-05-18 09:11:44] [Reviewer] 第1303章审查完成，评分: 8.3， verdict: 通过
[2026-05-18 09:11:45] [Reviewer] 正在审查第1304章...
[2026-05-18 09:12:17] [Reviewer] 第1304章审查完成，评分: 8.2， verdict: 通过
[2026-05-18 09:12:18] [Reviewer] 正在审查第1305章...
[2026-05-18 09:12:56] [Reviewer] 第1305章审查完成，评分: 8， verdict: 通过
[2026-05-18 09:12:57] [Reviewer] 正在审查第1306章...
[2026-05-18 09:13:30] [Reviewer] 第1306章审查完成，评分: 8.2， verdict: 通过
[2026-05-18 09:13:31] [Reviewer] 正在审查第1307章...
[2026-05-18 09:14:02] [Reviewer] 第1307章审查完成，评分: 7.5， verdict: 需修改
[2026-05-18 09:14:03] [Reviewer] 正在审查第1308章...
[2026-05-18 09:14:38] [Reviewer] 第1308章审查完成，评分: 8.5， verdict: 通过
[2026-05-18 09:14:39] [Reviewer] 正在审查第1309章...
[2026-05-18 09:15:08] [Reviewer] 第1309章审查完成，评分: 8.0， verdict: 通过
[2026-05-18 09:15:09] [Reviewer] 正在审查第1310章...
[2026-05-18 09:15:12] [ERROR] mmx call failed (rc=4): {
  "error": {
    "code": 4,
    "message": "Rate limit or quota exceeded. Token Plan 主要面向个人开发者的交互式使用场景。当前请求量较高，请稍后重试；如需支持更高并发或自动化任务，建议升级至更高级别套餐，或使用按量付费 API。 (2062)",
    "hint": "Check usage: mmx quota show"
  }
}
[2026-05-18 09:15:12] [Reviewer] 第1310章审查失败
[2026-05-18 09:15:13] [Reviewer] 正在审查第1311章...
[2026-05-18 09:15:53] [Reviewer] 第1311章审查完成，评分: 7.8， verdict: 需修改
[2026-05-18 09:15:54] [Reviewer] 正在审查第1312章...
[2026-05-18 09:15:57] [ERROR] mmx call failed (rc=4): {
  "error": {
    "code": 4,
    "message": "Rate limit or quota exceeded. Token Plan 主要面向个人开发者的交互式使用场景。当前请求量较高，请稍后重试；如需支持更高并发或自动化任务，建议升级至更高级别套餐，或使用按量付费 API。 (2062)",
    "hint": "Check usage: mmx quota show"
  }
}
[2026-05-18 09:15:57] [Reviewer] 第1312章审查失败
[2026-05-18 09:15:58] [Reviewer] 正在审查第1313章...
[2026-05-18 09:16:02] [ERROR] mmx call failed (rc=4): {
  "error": {
    "code": 4,
    "message": "Rate limit or quota exceeded. Token Plan 主要面向个人开发者的交互式使用场景。当前请求量较高，请稍后重试；如需支持更高并发或自动化任务，建议升级至更高级别套餐，或使用按量付费 API。 (2062)",
    "hint": "Check usage: mmx quota show"
  }
}
[2026-05-18 09:16:02] [Reviewer] 第1313章审查失败
[2026-05-18 09:16:03] [Reviewer] 正在审查第1314章...
[2026-05-18 09:16:05] [ERROR] mmx call failed (rc=4): {
  "error": {
    "code": 4,
    "message": "Rate limit or quota exceeded. Token Plan 主要面向个人开发者的交互式使用场景。当前请求量较高，请稍后重试；如需支持更高并发或自动化任务，建议升级至更高级别套餐，或使用按量付费 API。 (2062)",
    "hint": "Check usage: mmx quota show"
  }
}
[2026-05-18 09:16:05] [Reviewer] 第1314章审查失败
[2026-05-18 09:16:06] [Reviewer] 正在审查第1315章...
[2026-05-18 09:16:10] [ERROR] mmx call failed (rc=4): {
  "error": {
    "code": 4,
    "message": "Rate limit or quota exceeded. Token Plan 主要面向个人开发者的交互式使用场景。当前请求量较高，请稍后重试；如需支持更高并发或自动化任务，建议升级至更高级别套餐，或使用按量付费 API。 (2062)",
    "hint": "Check usage: mmx quota show"
  }
}
[2026-05-18 09:16:10] [Reviewer] 第1315章审查失败
[2026-05-18 09:16:11] [Reviewer] 正在审查第1316章...
[2026-05-18 09:16:51] [Reviewer] 第1316章审查完成，评分: 8.0， verdict: 通过
[2026-05-18 09:16:52] [Reviewer] 正在审查第1317章...
[2026-05-18 09:16:53] [ERROR] mmx call failed (rc=4): {
  "error": {
    "code": 4,
    "message": "Rate limit or quota exceeded. Token Plan 主要面向个人开发者的交互式使用场景。当前请求量较高，请稍后重试；如需支持更高并发或自动化任务，建议升级至更高级别套餐，或使用按量付费 API。 (2062)",
    "hint": "Check usage: mmx quota show"
  }
}
[2026-05-18 09:16:53] [Reviewer] 第1317章审查失败
[2026-05-18 09:16:54] [Reviewer] 正在审查第1318章...
[2026-05-18 09:16:55] [ERROR] mmx call failed (rc=4): {
  "error": {
    "code": 4,
    "message": "Rate limit or quota exceeded. Token Plan 主要面向个人开发者的交互式使用场景。当前请求量较高，请稍后重试；如需支持更高并发或自动化任务，建议升级至更高级别套餐，或使用按量付费 API。 (2062)",
    "hint": "Check usage: mmx quota show"
  }
}
[2026-05-18 09:16:55] [Reviewer] 第1318章审查失败
[2026-05-18 09:16:56] [Reviewer] 正在审查第1319章...
[2026-05-18 09:16:58] [ERROR] mmx call failed (rc=4): {
  "error": {
    "code": 4,
    "message": "Rate limit or quota exceeded. Token Plan 主要面向个人开发者的交互式使用场景。当前请求量较高，请稍后重试；如需支持更高并发或自动化任务，建议升级至更高级别套餐，或使用按量付费 API。 (2062)",
    "hint": "Check usage: mmx quota show"
  }
}
[2026-05-18 09:16:58] [Reviewer] 第1319章审查失败
[2026-05-18 09:16:59] [Reviewer] 正在审查第1320章...
[2026-05-18 09:17:02] [ERROR] mmx call failed (rc=4): {
  "error": {
    "code": 4,
    "message": "Rate limit or quota exceeded. Token Plan 主要面向个人开发者的交互式使用场景。当前请求量较高，请稍后重试；如需支持更高并发或自动化任务，建议升级至更高级别套餐，或使用按量付费 API。 (2062)",
    "hint": "Check usage: mmx quota show"
  }
}
[2026-05-18 09:17:02] [Reviewer] 第1320章审查失败
[2026-05-18 09:17:03] [Reviewer] 第1321章已审查过，跳过
[2026-05-18 09:17:04] [Reviewer] 正在审查第1322章...
[2026-05-18 09:17:07] [ERROR] mmx call failed (rc=4): {
  "error": {
    "code": 4,
    "message": "Rate limit or quota exceeded. Token Plan 主要面向个人开发者的交互式使用场景。当前请求量较高，请稍后重试；如需支持更高并发或自动化任务，建议升级至更高级别套餐，或使用按量付费 API。 (2062)",
    "hint": "Check usage: mmx quota show"
  }
}
[2026-05-18 09:17:07] [Reviewer] 第1322章审查失败
[2026-05-18 09:17:08] [Reviewer] 正在审查第1323章...
[2026-05-18 09:17:10] [ERROR] mmx call failed (rc=4): {
  "error": {
    "code": 4,
    "message": "Rate limit or quota exceeded. Token Plan 主要面向个人开发者的交互式使用场景。当前请求量较高，请稍后重试；如需支持更高并发或自动化任务，建议升级至更高级别套餐，或使用按量付费 API。 (2062)",
    "hint": "Check usage: mmx quota show"
  }
}
[2026-05-18 09:17:10] [Reviewer] 第1323章审查失败
[2026-05-18 09:17:11] [Reviewer] 正在审查第1324章...
[2026-05-18 09:17:12] [ERROR] mmx call failed (rc=4): {
  "error": {
    "code": 4,
    "message": "Rate limit or quota exceeded. Token Plan 主要面向个人开发者的交互式使用场景。当前请求量较高，请稍后重试；如需支持更高并发或自动化任务，建议升级至更高级别套餐，或使用按量付费 API。 (2062)",
    "hint": "Check usage: mmx quota show"
  }
}
[2026-05-18 09:17:12] [Reviewer] 第1324章审查失败
[2026-05-18 09:17:13] [Reviewer] 第1325章已审查过，跳过
[2026-05-18 09:17:14] [Reviewer] 正在审查第1326章...
[2026-05-18 09:18:02] [Reviewer] 第1326章审查完成，评分: 7.8， verdict: 需修改
[2026-05-18 09:18:03] [Reviewer] 正在审查第1327章...
[2026-05-18 09:18:04] [ERROR] mmx call failed (rc=4): {
  "error": {
    "code": 4,
    "message": "Rate limit or quota exceeded. Token Plan 主要面向个人开发者的交互式使用场景。当前请求量较高，请稍后重试；如需支持更高并发或自动化任务，建议升级至更高级别套餐，或使用按量付费 API。 (2062)",
    "hint": "Check usage: mmx quota show"
  }
}
[2026-05-18 09:18:04] [Reviewer] 第1327章审查失败
[2026-05-18 09:18:05] [Reviewer] 第1328章已审查过，跳过
[2026-05-18 09:18:06] [Reviewer] 正在审查第1329章...
[2026-05-18 09:18:07] [ERROR] mmx call failed (rc=4): {
  "error": {
    "code": 4,
    "message": "Rate limit or quota exceeded. Token Plan 主要面向个人开发者的交互式使用场景。当前请求量较高，请稍后重试；如需支持更高并发或自动化任务，建议升级至更高级别套餐，或使用按量付费 API。 (2062)",
    "hint": "Check usage: mmx quota show"
  }
}
[2026-05-18 09:18:07] [Reviewer] 第1329章审查失败
[2026-05-18 09:18:08] [Reviewer] 正在审查第1330章...
[2026-05-18 09:18:08] [ERROR] mmx call failed (rc=4): {
  "error": {
    "code": 4,
    "message": "Rate limit or quota exceeded. Token Plan 主要面向个人开发者的交互式使用场景。当前请求量较高，请稍后重试；如需支持更高并发或自动化任务，建议升级至更高级别套餐，或使用按量付费 API。 (2062)",
    "hint": "Check usage: mmx quota show"
  }
}
[2026-05-18 09:18:08] [Reviewer] 第1330章审查失败
[2026-05-18 09:18:09] [Reviewer] 第1331章已审查过，跳过
[2026-05-18 09:18:10] [Reviewer] 正在审查第1332章...
[2026-05-18 09:18:11] [ERROR] mmx call failed (rc=4): {
  "error": {
    "code": 4,
    "message": "Rate limit or quota exceeded. Token Plan 主要面向个人开发者的交互式使用场景。当前请求量较高，请稍后重试；如需支持更高并发或自动化任务，建议升级至更高级别套餐，或使用按量付费 API。 (2062)",
    "hint": "Check usage: mmx quota show"
  }
}
[2026-05-18 09:18:11] [Reviewer] 第1332章审查失败
[2026-05-18 09:18:12] [Reviewer] 正在审查第1333章...
[2026-05-18 09:18:12] [ERROR] mmx call failed (rc=4): {
  "error": {
    "code": 4,
    "message": "Rate limit or quota exceeded. Token Plan 主要面向个人开发者的交互式使用场景。当前请求量较高，请稍后重试；如需支持更高并发或自动化任务，建议升级至更高级别套餐，或使用按量付费 API。 (2062)",
    "hint": "Check usage: mmx quota show"
  }
}
[2026-05-18 09:18:12] [Reviewer] 第1333章审查失败
[2026-05-18 09:18:13] [Reviewer] 正在审查第1334章...
[2026-05-18 09:19:00] [Reviewer] 第1334章审查完成，评分: 8.5， verdict: 通过
[2026-05-18 09:19:01] [Reviewer] 正在审查第1335章...
[2026-05-18 09:19:38] [Reviewer] 第1335章审查完成，评分: 8.2， verdict: 通过
[2026-05-18 09:19:39] [Reviewer] 正在审查第1336章...
[2026-05-18 09:20:16] [Reviewer] 第1336章审查完成，评分: 8.2， verdict: 通过
[2026-05-18 09:20:17] [Reviewer] 正在审查第1337章...
[2026-05-18 09:20:50] [Reviewer] 第1337章审查完成，评分: 7.5， verdict: 需修改
[2026-05-18 09:20:51] [Reviewer] 正在审查第1338章...
[2026-05-18 09:21:30] [Reviewer] 第1338章审查完成，评分: 7.8， verdict: 需修改
[2026-05-18 09:21:31] [Reviewer] 正在审查第1339章...
[2026-05-18 09:22:01] [Reviewer] 第1339章审查完成，评分: 7.5， verdict: 需修改
[2026-05-18 09:22:02] [Reviewer] 正在审查第1340章...
[2026-05-18 09:22:32] [Reviewer] 第1340章审查完成，评分: 8.0， verdict: 通过
[2026-05-18 09:22:33] [Reviewer] 第1341章已审查过，跳过
[2026-05-18 09:22:34] [Reviewer] 正在审查第1342章...
[2026-05-18 09:23:20] [Reviewer] 第1342章审查完成，评分: 7.8， verdict: 通过
[2026-05-18 09:23:21] [Reviewer] 正在审查第1343章...
[2026-05-18 09:23:54] [Reviewer] 第1343章审查完成，评分: 8.0， verdict: 通过
[2026-05-18 09:23:55] [Reviewer] 正在审查第1344章...
[2026-05-18 09:24:31] [Reviewer] 第1344章审查完成，评分: 8.0， verdict: 需修改
[2026-05-18 09:24:32] [Reviewer] 正在审查第1345章...
[2026-05-18 09:25:02] [Reviewer] 第1345章审查完成，评分: 7.8， verdict: 需修改
[2026-05-18 09:25:03] [Reviewer] 第1346章已审查过，跳过
[2026-05-18 09:25:04] [Reviewer] 正在审查第1347章...
[2026-05-18 09:25:45] [Reviewer] 第1347章审查完成，评分: 8.0， verdict: 需修改
[2026-05-18 09:25:46] [Reviewer] 正在审查第1348章...
[2026-05-18 09:26:18] [Reviewer] 第1348章审查完成，评分: 8.5， verdict: 通过
[2026-05-18 09:26:19] [Reviewer] 正在审查第1349章...
[2026-05-18 09:26:58] [Reviewer] 第1349章审查完成，评分: 8.0， verdict: 需修改
[2026-05-18 09:26:59] [Reviewer] 正在审查第1350章...
[2026-05-18 09:27:38] [Reviewer] 第1350章审查完成，评分: 7.5， verdict: 需修改
[2026-05-18 09:27:39] [Reviewer] 正在审查第1351章...
[2026-05-18 09:28:16] [Reviewer] 第1351章审查完成，评分: 8.3， verdict: 通过
[2026-05-18 09:28:17] [Reviewer] 第1352章已审查过，跳过
[2026-05-18 09:28:18] [Reviewer] 正在审查第1353章...
[2026-05-18 09:28:55] [Reviewer] 第1353章审查完成，评分: 7.5， verdict: 需修改
[2026-05-18 09:28:56] [Reviewer] 正在审查第1354章...
[2026-05-18 09:29:23] [Reviewer] 第1354章审查完成，评分: 8.5， verdict: 通过
[2026-05-18 09:29:24] [Reviewer] 正在审查第1355章...
[2026-05-18 09:29:59] [Reviewer] 第1355章审查完成，评分: 7.5， verdict: 需修改
[2026-05-18 09:30:00] [Reviewer] 正在审查第1356章...
[2026-05-18 09:30:46] [Reviewer] 第1356章审查完成，评分: 8.5， verdict: 通过
[2026-05-18 09:30:47] [Reviewer] 正在审查第1357章...
[2026-05-18 09:31:24] [Reviewer] 第1357章审查完成，评分: 8， verdict: 通过
[2026-05-18 09:31:25] [Reviewer] 正在审查第1358章...
[2026-05-18 09:32:05] [Reviewer] 第1358章审查完成，评分: 8.0， verdict: 通过
[2026-05-18 09:32:06] [Reviewer] 正在审查第1359章...
[2026-05-18 09:32:52] [Reviewer] 第1359章审查完成，评分: 8.2， verdict: 通过
[2026-05-18 09:32:53] [Reviewer] 正在审查第1360章...
[2026-05-18 09:33:22] [Reviewer] 第1360章审查完成，评分: 8.0， verdict: 通过
[2026-05-18 09:33:23] [Reviewer] 第1361章已审查过，跳过
[2026-05-18 09:33:24] [Reviewer] 正在审查第1362章...
[2026-05-18 09:34:12] [Reviewer] 第1362章审查完成，评分: 8.0， verdict: 通过
[2026-05-18 09:34:13] [Reviewer] 正在审查第1363章...
[2026-05-18 09:34:51] [Reviewer] 第1363章审查完成，评分: 7.2， verdict: 需修改
[2026-05-18 09:34:52] [Reviewer] 第1364章已审查过，跳过
[2026-05-18 09:34:53] [Reviewer] 正在审查第1365章...
[2026-05-18 09:35:42] [Reviewer] 第1365章审查完成，评分: 8， verdict: 通过
[2026-05-18 09:35:43] [Reviewer] 正在审查第1366章...
[2026-05-18 09:36:26] [Reviewer] 第1366章审查完成，评分: 7.8， verdict: 需修改
[2026-05-18 09:36:27] [Reviewer] 正在审查第1367章...
[2026-05-18 09:37:13] [Reviewer] 第1367章审查完成，评分: 8.0， verdict: 通过
[2026-05-18 09:37:14] [Reviewer] 正在审查第1368章...
[2026-05-18 09:38:07] [Reviewer] 第1368章审查完成，评分: 8.0， verdict: 通过
[2026-05-18 09:38:08] [Reviewer] 正在审查第1369章...
[2026-05-18 09:38:53] [Reviewer] 第1369章审查完成，评分: 8.5， verdict: 通过
[2026-05-18 09:38:54] [Reviewer] 正在审查第1370章...
[2026-05-18 09:39:31] [Reviewer] 第1370章审查完成，评分: 8.0， verdict: 通过
[2026-05-18 09:39:32] [Reviewer] 正在审查第1371章...
[2026-05-18 09:40:20] [Reviewer] JSON解析失败: Expecting ',' delimiter: line 21 column 10 (char 420)
[2026-05-18 09:40:20] [Reviewer] 第1371章审查完成，评分: N/A， verdict: N/A
[2026-05-18 09:40:21] [Reviewer] 正在审查第1372章...
[2026-05-18 09:41:01] [Reviewer] 第1372章审查完成，评分: 8.5， verdict: 通过
[2026-05-18 09:41:02] [Reviewer] 正在审查第1373章...
[2026-05-18 09:41:41] [Reviewer] 第1373章审查完成，评分: 8.5， verdict: 通过
[2026-05-18 09:41:42] [Reviewer] 正在审查第1374章...
[2026-05-18 09:42:15] [Reviewer] 第1374章审查完成，评分: 8.0， verdict: 通过
[2026-05-18 09:42:16] [Reviewer] 第1375章已审查过，跳过
[2026-05-18 09:42:17] [Reviewer] 正在审查第1376章...
[2026-05-18 09:42:48] [Reviewer] 第1376章审查完成，评分: 8.0， verdict: 通过
[2026-05-18 09:42:49] [Reviewer] 正在审查第1377章...
[2026-05-18 09:43:23] [Reviewer] 第1377章审查完成，评分: 8.2， verdict: 通过
[2026-05-18 09:43:24] [Reviewer] 正在审查第1378章...
[2026-05-18 09:44:07] [Reviewer] 第1378章审查完成，评分: 7.8， verdict: 需修改
[2026-05-18 09:44:08] [Reviewer] 正在审查第1379章...
[2026-05-18 09:44:38] [Reviewer] 第1379章审查完成，评分: 7.5， verdict: 需修改
[2026-05-18 09:44:39] [Reviewer] 正在审查第1380章...
[2026-05-18 09:45:23] [Reviewer] 第1380章审查完成，评分: 7.8， verdict: 需修改
[2026-05-18 09:45:24] [Reviewer] 第1381章已审查过，跳过
[2026-05-18 09:45:25] [Reviewer] 正在审查第1382章...
[2026-05-18 09:46:11] [Reviewer] JSON解析失败: Expecting ',' delimiter: line 27 column 13 (char 587)
[2026-05-18 09:46:11] [Reviewer] 第1382章审查完成，评分: N/A， verdict: N/A
[2026-05-18 09:46:12] [Reviewer] 正在审查第1383章...
[2026-05-18 09:46:46] [Reviewer] 第1383章审查完成，评分: 8.0， verdict: 通过
[2026-05-18 09:46:47] [Reviewer] 正在审查第1384章...
[2026-05-18 09:47:30] [Reviewer] 第1384章审查完成，评分: 8.5， verdict: 通过
[2026-05-18 09:47:31] [Reviewer] 第1385章已审查过，跳过
[2026-05-18 09:47:32] [Reviewer] 正在审查第1386章...
[2026-05-18 09:48:14] [Reviewer] 第1386章审查完成，评分: 8， verdict: 通过
[2026-05-18 09:48:16] [Reviewer] 正在审查第1387章...
[2026-05-18 09:48:51] [Reviewer] 第1387章审查完成，评分: 8.3， verdict: 通过
[2026-05-18 09:48:52] [Reviewer] 正在审查第1388章...
[2026-05-18 09:49:36] [Reviewer] JSON解析失败: Expecting ',' delimiter: line 24 column 11 (char 545)
[2026-05-18 09:49:36] [Reviewer] 第1388章审查完成，评分: N/A， verdict: N/A
[2026-05-18 09:49:37] [Reviewer] 正在审查第1389章...
[2026-05-18 09:49:38] [ERROR] mmx call failed (rc=4): {
  "error": {
    "code": 4,
    "message": "Rate limit or quota exceeded. usage limit exceeded, 5-hour usage limit reached for Token Plan Hs_max (4500/4500 used), resets at 2026-05-18T10:00:00+08:00 (2056)",
    "hint": "Check usage: mmx quota show"
  }
}
[2026-05-18 09:49:38] [Reviewer] 第1389章审查失败
[2026-05-18 09:49:39] [Reviewer] 第1390章已审查过，跳过
[2026-05-18 09:49:40] [Reviewer] 第1391章已审查过，跳过
[2026-05-18 09:49:41] [Reviewer] 第1392章已审查过，跳过
[2026-05-18 09:49:42] [Reviewer] 第1393章已审查过，跳过
[2026-05-18 09:49:43] [Reviewer] 第1394章已审查过，跳过
[2026-05-18 09:49:44] [Reviewer] 第1395章已审查过，跳过
[2026-05-18 09:49:45] [Reviewer] 第1396章已审查过，跳过
[2026-05-18 09:49:46] [Reviewer] 第1397章已审查过，跳过
[2026-05-18 09:49:47] [Reviewer] 第1398章已审查过，跳过
[2026-05-18 09:49:48] [Reviewer] 第1399章已审查过，跳过
[2026-05-18 09:49:49] [Reviewer] 第1400章已审查过，跳过
[2026-05-18 09:49:50] [Reviewer] 全部完成
