============================================================
Reviewer Agent 启动
============================================================
[2026-05-18 09:10:02] [Reviewer] 正在审查第804章...
[2026-05-18 09:10:43] [Reviewer] 第804章审查完成，评分: 8.2， verdict: 通过
[2026-05-18 09:10:44] [Reviewer] 第805章已审查过，跳过
[2026-05-18 09:10:45] [Reviewer] 正在审查第806章...
[2026-05-18 09:11:22] [Reviewer] 第806章审查完成，评分: 7.8， verdict: 需修改
[2026-05-18 09:11:23] [Reviewer] 正在审查第807章...
[2026-05-18 09:11:58] [Reviewer] 第807章审查完成，评分: 8， verdict: 需修改
[2026-05-18 09:11:59] [Reviewer] 正在审查第808章...
[2026-05-18 09:12:43] [Reviewer] 第808章审查完成，评分: 7.8， verdict: 通过
[2026-05-18 09:12:44] [Reviewer] 正在审查第809章...
[2026-05-18 09:13:16] [Reviewer] 第809章审查完成，评分: 7.5， verdict: 需修改
[2026-05-18 09:13:17] [Reviewer] 正在审查第810章...
[2026-05-18 09:13:50] [Reviewer] 第810章审查完成，评分: 8.0， verdict: 通过
[2026-05-18 09:13:51] [Reviewer] 正在审查第811章...
[2026-05-18 09:14:29] [Reviewer] 第811章审查完成，评分: 7.8， verdict: 需修改
[2026-05-18 09:14:30] [Reviewer] 正在审查第812章...
[2026-05-18 09:15:15] [Reviewer] 第812章审查完成，评分: 7.5， verdict: 需修改
[2026-05-18 09:15:16] [Reviewer] 第813章已审查过，跳过
[2026-05-18 09:15:17] [Reviewer] 正在审查第814章...
[2026-05-18 09:15:17] [ERROR] mmx call failed (rc=4): {
  "error": {
    "code": 4,
    "message": "Rate limit or quota exceeded. Token Plan 主要面向个人开发者的交互式使用场景。当前请求量较高，请稍后重试；如需支持更高并发或自动化任务，建议升级至更高级别套餐，或使用按量付费 API。 (2062)",
    "hint": "Check usage: mmx quota show"
  }
}
[2026-05-18 09:15:17] [Reviewer] 第814章审查失败
[2026-05-18 09:15:18] [Reviewer] 正在审查第815章...
[2026-05-18 09:15:19] [ERROR] mmx call failed (rc=4): {
  "error": {
    "code": 4,
    "message": "Rate limit or quota exceeded. Token Plan 主要面向个人开发者的交互式使用场景。当前请求量较高，请稍后重试；如需支持更高并发或自动化任务，建议升级至更高级别套餐，或使用按量付费 API。 (2062)",
    "hint": "Check usage: mmx quota show"
  }
}
[2026-05-18 09:15:19] [Reviewer] 第815章审查失败
[2026-05-18 09:15:20] [Reviewer] 正在审查第816章...
[2026-05-18 09:15:21] [ERROR] mmx call failed (rc=4): {
  "error": {
    "code": 4,
    "message": "Rate limit or quota exceeded. Token Plan 主要面向个人开发者的交互式使用场景。当前请求量较高，请稍后重试；如需支持更高并发或自动化任务，建议升级至更高级别套餐，或使用按量付费 API。 (2062)",
    "hint": "Check usage: mmx quota show"
  }
}
[2026-05-18 09:15:21] [Reviewer] 第816章审查失败
[2026-05-18 09:15:22] [Reviewer] 正在审查第817章...
[2026-05-18 09:15:22] [ERROR] mmx call failed (rc=4): {
  "error": {
    "code": 4,
    "message": "Rate limit or quota exceeded. Token Plan 主要面向个人开发者的交互式使用场景。当前请求量较高，请稍后重试；如需支持更高并发或自动化任务，建议升级至更高级别套餐，或使用按量付费 API。 (2062)",
    "hint": "Check usage: mmx quota show"
  }
}
[2026-05-18 09:15:22] [Reviewer] 第817章审查失败
[2026-05-18 09:15:23] [Reviewer] 正在审查第818章...
[2026-05-18 09:15:24] [ERROR] mmx call failed (rc=4): {
  "error": {
    "code": 4,
    "message": "Rate limit or quota exceeded. Token Plan 主要面向个人开发者的交互式使用场景。当前请求量较高，请稍后重试；如需支持更高并发或自动化任务，建议升级至更高级别套餐，或使用按量付费 API。 (2062)",
    "hint": "Check usage: mmx quota show"
  }
}
[2026-05-18 09:15:24] [Reviewer] 第818章审查失败
[2026-05-18 09:15:25] [Reviewer] 正在审查第819章...
[2026-05-18 09:15:25] [ERROR] mmx call failed (rc=4): {
  "error": {
    "code": 4,
    "message": "Rate limit or quota exceeded. Token Plan 主要面向个人开发者的交互式使用场景。当前请求量较高，请稍后重试；如需支持更高并发或自动化任务，建议升级至更高级别套餐，或使用按量付费 API。 (2062)",
    "hint": "Check usage: mmx quota show"
  }
}
[2026-05-18 09:15:25] [Reviewer] 第819章审查失败
[2026-05-18 09:15:26] [Reviewer] 正在审查第820章...
[2026-05-18 09:15:27] [ERROR] mmx call failed (rc=4): {
  "error": {
    "code": 4,
    "message": "Rate limit or quota exceeded. Token Plan 主要面向个人开发者的交互式使用场景。当前请求量较高，请稍后重试；如需支持更高并发或自动化任务，建议升级至更高级别套餐，或使用按量付费 API。 (2062)",
    "hint": "Check usage: mmx quota show"
  }
}
[2026-05-18 09:15:27] [Reviewer] 第820章审查失败
[2026-05-18 09:15:28] [Reviewer] 正在审查第821章...
[2026-05-18 09:15:28] [ERROR] mmx call failed (rc=4): {
  "error": {
    "code": 4,
    "message": "Rate limit or quota exceeded. Token Plan 主要面向个人开发者的交互式使用场景。当前请求量较高，请稍后重试；如需支持更高并发或自动化任务，建议升级至更高级别套餐，或使用按量付费 API。 (2062)",
    "hint": "Check usage: mmx quota show"
  }
}
[2026-05-18 09:15:28] [Reviewer] 第821章审查失败
[2026-05-18 09:15:29] [Reviewer] 正在审查第822章...
[2026-05-18 09:15:30] [ERROR] mmx call failed (rc=4): {
  "error": {
    "code": 4,
    "message": "Rate limit or quota exceeded. Token Plan 主要面向个人开发者的交互式使用场景。当前请求量较高，请稍后重试；如需支持更高并发或自动化任务，建议升级至更高级别套餐，或使用按量付费 API。 (2062)",
    "hint": "Check usage: mmx quota show"
  }
}
[2026-05-18 09:15:30] [Reviewer] 第822章审查失败
[2026-05-18 09:15:31] [Reviewer] 正在审查第823章...
[2026-05-18 09:15:31] [ERROR] mmx call failed (rc=4): {
  "error": {
    "code": 4,
    "message": "Rate limit or quota exceeded. Token Plan 主要面向个人开发者的交互式使用场景。当前请求量较高，请稍后重试；如需支持更高并发或自动化任务，建议升级至更高级别套餐，或使用按量付费 API。 (2062)",
    "hint": "Check usage: mmx quota show"
  }
}
[2026-05-18 09:15:31] [Reviewer] 第823章审查失败
[2026-05-18 09:15:32] [Reviewer] 正在审查第824章...
[2026-05-18 09:15:33] [ERROR] mmx call failed (rc=4): {
  "error": {
    "code": 4,
    "message": "Rate limit or quota exceeded. Token Plan 主要面向个人开发者的交互式使用场景。当前请求量较高，请稍后重试；如需支持更高并发或自动化任务，建议升级至更高级别套餐，或使用按量付费 API。 (2062)",
    "hint": "Check usage: mmx quota show"
  }
}
[2026-05-18 09:15:33] [Reviewer] 第824章审查失败
[2026-05-18 09:15:34] [Reviewer] 正在审查第825章...
[2026-05-18 09:15:34] [ERROR] mmx call failed (rc=4): {
  "error": {
    "code": 4,
    "message": "Rate limit or quota exceeded. Token Plan 主要面向个人开发者的交互式使用场景。当前请求量较高，请稍后重试；如需支持更高并发或自动化任务，建议升级至更高级别套餐，或使用按量付费 API。 (2062)",
    "hint": "Check usage: mmx quota show"
  }
}
[2026-05-18 09:15:34] [Reviewer] 第825章审查失败
[2026-05-18 09:15:35] [Reviewer] 正在审查第826章...
[2026-05-18 09:15:36] [ERROR] mmx call failed (rc=4): {
  "error": {
    "code": 4,
    "message": "Rate limit or quota exceeded. Token Plan 主要面向个人开发者的交互式使用场景。当前请求量较高，请稍后重试；如需支持更高并发或自动化任务，建议升级至更高级别套餐，或使用按量付费 API。 (2062)",
    "hint": "Check usage: mmx quota show"
  }
}
[2026-05-18 09:15:36] [Reviewer] 第826章审查失败
[2026-05-18 09:15:37] [Reviewer] 正在审查第827章...
[2026-05-18 09:15:37] [ERROR] mmx call failed (rc=4): {
  "error": {
    "code": 4,
    "message": "Rate limit or quota exceeded. Token Plan 主要面向个人开发者的交互式使用场景。当前请求量较高，请稍后重试；如需支持更高并发或自动化任务，建议升级至更高级别套餐，或使用按量付费 API。 (2062)",
    "hint": "Check usage: mmx quota show"
  }
}
[2026-05-18 09:15:37] [Reviewer] 第827章审查失败
[2026-05-18 09:15:38] [Reviewer] 正在审查第828章...
[2026-05-18 09:15:39] [ERROR] mmx call failed (rc=4): {
  "error": {
    "code": 4,
    "message": "Rate limit or quota exceeded. Token Plan 主要面向个人开发者的交互式使用场景。当前请求量较高，请稍后重试；如需支持更高并发或自动化任务，建议升级至更高级别套餐，或使用按量付费 API。 (2062)",
    "hint": "Check usage: mmx quota show"
  }
}
[2026-05-18 09:15:39] [Reviewer] 第828章审查失败
[2026-05-18 09:15:40] [Reviewer] 正在审查第829章...
[2026-05-18 09:15:40] [ERROR] mmx call failed (rc=4): {
  "error": {
    "code": 4,
    "message": "Rate limit or quota exceeded. Token Plan 主要面向个人开发者的交互式使用场景。当前请求量较高，请稍后重试；如需支持更高并发或自动化任务，建议升级至更高级别套餐，或使用按量付费 API。 (2062)",
    "hint": "Check usage: mmx quota show"
  }
}
[2026-05-18 09:15:40] [Reviewer] 第829章审查失败
[2026-05-18 09:15:41] [Reviewer] 正在审查第830章...
[2026-05-18 09:15:42] [ERROR] mmx call failed (rc=4): {
  "error": {
    "code": 4,
    "message": "Rate limit or quota exceeded. Token Plan 主要面向个人开发者的交互式使用场景。当前请求量较高，请稍后重试；如需支持更高并发或自动化任务，建议升级至更高级别套餐，或使用按量付费 API。 (2062)",
    "hint": "Check usage: mmx quota show"
  }
}
[2026-05-18 09:15:42] [Reviewer] 第830章审查失败
[2026-05-18 09:15:43] [Reviewer] 第831章已审查过，跳过
[2026-05-18 09:15:44] [Reviewer] 正在审查第832章...
[2026-05-18 09:15:44] [ERROR] mmx call failed (rc=4): {
  "error": {
    "code": 4,
    "message": "Rate limit or quota exceeded. Token Plan 主要面向个人开发者的交互式使用场景。当前请求量较高，请稍后重试；如需支持更高并发或自动化任务，建议升级至更高级别套餐，或使用按量付费 API。 (2062)",
    "hint": "Check usage: mmx quota show"
  }
}
[2026-05-18 09:15:44] [Reviewer] 第832章审查失败
[2026-05-18 09:15:45] [Reviewer] 正在审查第833章...
[2026-05-18 09:15:46] [ERROR] mmx call failed (rc=4): {
  "error": {
    "code": 4,
    "message": "Rate limit or quota exceeded. Token Plan 主要面向个人开发者的交互式使用场景。当前请求量较高，请稍后重试；如需支持更高并发或自动化任务，建议升级至更高级别套餐，或使用按量付费 API。 (2062)",
    "hint": "Check usage: mmx quota show"
  }
}
[2026-05-18 09:15:46] [Reviewer] 第833章审查失败
[2026-05-18 09:15:47] [Reviewer] 正在审查第834章...
[2026-05-18 09:15:48] [ERROR] mmx call failed (rc=4): {
  "error": {
    "code": 4,
    "message": "Rate limit or quota exceeded. Token Plan 主要面向个人开发者的交互式使用场景。当前请求量较高，请稍后重试；如需支持更高并发或自动化任务，建议升级至更高级别套餐，或使用按量付费 API。 (2062)",
    "hint": "Check usage: mmx quota show"
  }
}
[2026-05-18 09:15:48] [Reviewer] 第834章审查失败
[2026-05-18 09:15:49] [Reviewer] 正在审查第835章...
[2026-05-18 09:15:49] [ERROR] mmx call failed (rc=4): {
  "error": {
    "code": 4,
    "message": "Rate limit or quota exceeded. Token Plan 主要面向个人开发者的交互式使用场景。当前请求量较高，请稍后重试；如需支持更高并发或自动化任务，建议升级至更高级别套餐，或使用按量付费 API。 (2062)",
    "hint": "Check usage: mmx quota show"
  }
}
[2026-05-18 09:15:49] [Reviewer] 第835章审查失败
[2026-05-18 09:15:50] [Reviewer] 正在审查第836章...
[2026-05-18 09:15:51] [ERROR] mmx call failed (rc=4): {
  "error": {
    "code": 4,
    "message": "Rate limit or quota exceeded. Token Plan 主要面向个人开发者的交互式使用场景。当前请求量较高，请稍后重试；如需支持更高并发或自动化任务，建议升级至更高级别套餐，或使用按量付费 API。 (2062)",
    "hint": "Check usage: mmx quota show"
  }
}
[2026-05-18 09:15:51] [Reviewer] 第836章审查失败
[2026-05-18 09:15:52] [Reviewer] 正在审查第837章...
[2026-05-18 09:15:55] [ERROR] mmx call failed (rc=4): {
  "error": {
    "code": 4,
    "message": "Rate limit or quota exceeded. Token Plan 主要面向个人开发者的交互式使用场景。当前请求量较高，请稍后重试；如需支持更高并发或自动化任务，建议升级至更高级别套餐，或使用按量付费 API。 (2062)",
    "hint": "Check usage: mmx quota show"
  }
}
[2026-05-18 09:15:55] [Reviewer] 第837章审查失败
[2026-05-18 09:15:56] [Reviewer] 正在审查第838章...
[2026-05-18 09:15:59] [ERROR] mmx call failed (rc=4): {
  "error": {
    "code": 4,
    "message": "Rate limit or quota exceeded. Token Plan 主要面向个人开发者的交互式使用场景。当前请求量较高，请稍后重试；如需支持更高并发或自动化任务，建议升级至更高级别套餐，或使用按量付费 API。 (2062)",
    "hint": "Check usage: mmx quota show"
  }
}
[2026-05-18 09:15:59] [Reviewer] 第838章审查失败
[2026-05-18 09:16:00] [Reviewer] 正在审查第839章...
[2026-05-18 09:16:03] [ERROR] mmx call failed (rc=4): {
  "error": {
    "code": 4,
    "message": "Rate limit or quota exceeded. Token Plan 主要面向个人开发者的交互式使用场景。当前请求量较高，请稍后重试；如需支持更高并发或自动化任务，建议升级至更高级别套餐，或使用按量付费 API。 (2062)",
    "hint": "Check usage: mmx quota show"
  }
}
[2026-05-18 09:16:03] [Reviewer] 第839章审查失败
[2026-05-18 09:16:04] [Reviewer] 正在审查第840章...
[2026-05-18 09:16:08] [ERROR] mmx call failed (rc=4): {
  "error": {
    "code": 4,
    "message": "Rate limit or quota exceeded. Token Plan 主要面向个人开发者的交互式使用场景。当前请求量较高，请稍后重试；如需支持更高并发或自动化任务，建议升级至更高级别套餐，或使用按量付费 API。 (2062)",
    "hint": "Check usage: mmx quota show"
  }
}
[2026-05-18 09:16:08] [Reviewer] 第840章审查失败
[2026-05-18 09:16:09] [Reviewer] 正在审查第841章...
[2026-05-18 09:16:12] [ERROR] mmx call failed (rc=4): {
  "error": {
    "code": 4,
    "message": "Rate limit or quota exceeded. Token Plan 主要面向个人开发者的交互式使用场景。当前请求量较高，请稍后重试；如需支持更高并发或自动化任务，建议升级至更高级别套餐，或使用按量付费 API。 (2062)",
    "hint": "Check usage: mmx quota show"
  }
}
[2026-05-18 09:16:12] [Reviewer] 第841章审查失败
[2026-05-18 09:16:14] [Reviewer] 正在审查第842章...
[2026-05-18 09:17:03] [Reviewer] 第842章审查完成，评分: 7.5， verdict: 需修改
[2026-05-18 09:17:04] [Reviewer] 正在审查第843章...
[2026-05-18 09:17:07] [ERROR] mmx call failed (rc=4): {
  "error": {
    "code": 4,
    "message": "Rate limit or quota exceeded. Token Plan 主要面向个人开发者的交互式使用场景。当前请求量较高，请稍后重试；如需支持更高并发或自动化任务，建议升级至更高级别套餐，或使用按量付费 API。 (2062)",
    "hint": "Check usage: mmx quota show"
  }
}
[2026-05-18 09:17:07] [Reviewer] 第843章审查失败
[2026-05-18 09:17:08] [Reviewer] 正在审查第844章...
[2026-05-18 09:17:09] [ERROR] mmx call failed (rc=4): {
  "error": {
    "code": 4,
    "message": "Rate limit or quota exceeded. Token Plan 主要面向个人开发者的交互式使用场景。当前请求量较高，请稍后重试；如需支持更高并发或自动化任务，建议升级至更高级别套餐，或使用按量付费 API。 (2062)",
    "hint": "Check usage: mmx quota show"
  }
}
[2026-05-18 09:17:09] [Reviewer] 第844章审查失败
[2026-05-18 09:17:10] [Reviewer] 正在审查第845章...
[2026-05-18 09:17:12] [ERROR] mmx call failed (rc=4): {
  "error": {
    "code": 4,
    "message": "Rate limit or quota exceeded. Token Plan 主要面向个人开发者的交互式使用场景。当前请求量较高，请稍后重试；如需支持更高并发或自动化任务，建议升级至更高级别套餐，或使用按量付费 API。 (2062)",
    "hint": "Check usage: mmx quota show"
  }
}
[2026-05-18 09:17:12] [Reviewer] 第845章审查失败
[2026-05-18 09:17:13] [Reviewer] 正在审查第846章...
[2026-05-18 09:17:53] [Reviewer] 第846章审查完成，评分: 8.5， verdict: 通过
[2026-05-18 09:17:54] [Reviewer] 正在审查第847章...
[2026-05-18 09:18:28] [Reviewer] 第847章审查完成，评分: 8.3， verdict: 通过
[2026-05-18 09:18:29] [Reviewer] 第848章已审查过，跳过
[2026-05-18 09:18:30] [Reviewer] 第849章已审查过，跳过
[2026-05-18 09:18:31] [Reviewer] 正在审查第850章...
[2026-05-18 09:18:57] [Reviewer] 第850章审查完成，评分: 7.8， verdict: 需修改
[2026-05-18 09:18:58] [Reviewer] 第851章已审查过，跳过
[2026-05-18 09:18:59] [Reviewer] 正在审查第852章...
[2026-05-18 09:19:40] [Reviewer] 第852章审查完成，评分: 8， verdict: 通过
[2026-05-18 09:19:42] [Reviewer] 正在审查第853章...
[2026-05-18 09:20:15] [Reviewer] 第853章审查完成，评分: 8.0， verdict: 通过
[2026-05-18 09:20:16] [Reviewer] 正在审查第854章...
[2026-05-18 09:20:50] [Reviewer] 第854章审查完成，评分: 8.0， verdict: 通过
[2026-05-18 09:20:51] [Reviewer] 正在审查第855章...
[2026-05-18 09:21:24] [Reviewer] 第855章审查完成，评分: 8.5， verdict: 通过
[2026-05-18 09:21:25] [Reviewer] 正在审查第856章...
[2026-05-18 09:22:03] [Reviewer] 第856章审查完成，评分: 8.0， verdict: 通过
[2026-05-18 09:22:04] [Reviewer] 正在审查第857章...
[2026-05-18 09:22:41] [Reviewer] 第857章审查完成，评分: 7.2， verdict: 需修改
[2026-05-18 09:22:42] [Reviewer] 正在审查第858章...
[2026-05-18 09:23:23] [Reviewer] 第858章审查完成，评分: 7.8， verdict: 需修改
[2026-05-18 09:23:24] [Reviewer] 正在审查第859章...
[2026-05-18 09:24:00] [Reviewer] 第859章审查完成，评分: 8， verdict: 通过
[2026-05-18 09:24:01] [Reviewer] 第860章已审查过，跳过
[2026-05-18 09:24:02] [Reviewer] 第861章已审查过，跳过
[2026-05-18 09:24:03] [Reviewer] 正在审查第862章...
[2026-05-18 09:24:39] [Reviewer] 第862章审查完成，评分: 7.8， verdict: 需修改
[2026-05-18 09:24:40] [Reviewer] 正在审查第863章...
[2026-05-18 09:25:11] [Reviewer] 第863章审查完成，评分: 7.2， verdict: 需修改
[2026-05-18 09:25:12] [Reviewer] 正在审查第864章...
[2026-05-18 09:25:59] [Reviewer] 第864章审查完成，评分: 7.5， verdict: 需修改
[2026-05-18 09:26:00] [Reviewer] 正在审查第865章...
[2026-05-18 09:26:39] [Reviewer] 第865章审查完成，评分: 8.0， verdict: 需修改
[2026-05-18 09:26:40] [Reviewer] 正在审查第866章...
[2026-05-18 09:27:13] [Reviewer] 第866章审查完成，评分: 8.2， verdict: 通过
[2026-05-18 09:27:14] [Reviewer] 正在审查第867章...
[2026-05-18 09:27:49] [Reviewer] 第867章审查完成，评分: 8.0， verdict: 通过
[2026-05-18 09:27:50] [Reviewer] 正在审查第868章...
[2026-05-18 09:28:23] [Reviewer] 第868章审查完成，评分: 8.5， verdict: 通过
[2026-05-18 09:28:24] [Reviewer] 第869章已审查过，跳过
[2026-05-18 09:28:25] [Reviewer] 正在审查第870章...
[2026-05-18 09:29:08] [Reviewer] 第870章审查完成，评分: 8.5， verdict: 通过
[2026-05-18 09:29:09] [Reviewer] 第871章已审查过，跳过
[2026-05-18 09:29:10] [Reviewer] 正在审查第872章...
[2026-05-18 09:29:48] [Reviewer] 第872章审查完成，评分: 7.5， verdict: 需修改
[2026-05-18 09:29:49] [Reviewer] 第873章已审查过，跳过
[2026-05-18 09:29:50] [Reviewer] 第874章已审查过，跳过
[2026-05-18 09:29:51] [Reviewer] 正在审查第875章...
[2026-05-18 09:30:25] [Reviewer] 第875章审查完成，评分: 7.2， verdict: 需修改
[2026-05-18 09:30:26] [Reviewer] 正在审查第876章...
[2026-05-18 09:31:11] [Reviewer] 第876章审查完成，评分: 7.5， verdict: 需修改
[2026-05-18 09:31:12] [Reviewer] 正在审查第877章...
[2026-05-18 09:31:51] [Reviewer] 第877章审查完成，评分: 7.8， verdict: 需修改
[2026-05-18 09:31:52] [Reviewer] 正在审查第878章...
[2026-05-18 09:32:30] [Reviewer] 第878章审查完成，评分: 7.5， verdict: 需修改
[2026-05-18 09:32:31] [Reviewer] 正在审查第879章...
[2026-05-18 09:33:05] [Reviewer] 第879章审查完成，评分: 7.2， verdict: 需修改
[2026-05-18 09:33:06] [Reviewer] 第880章已审查过，跳过
[2026-05-18 09:33:07] [Reviewer] 正在审查第881章...
[2026-05-18 09:33:46] [Reviewer] 第881章审查完成，评分: 8.0， verdict: 通过
[2026-05-18 09:33:47] [Reviewer] 正在审查第882章...
[2026-05-18 09:34:30] [Reviewer] 第882章审查完成，评分: 8.0， verdict: 通过
[2026-05-18 09:34:31] [Reviewer] 正在审查第883章...
[2026-05-18 09:35:06] [Reviewer] 第883章审查完成，评分: 7.5， verdict: 需修改
[2026-05-18 09:35:07] [Reviewer] 正在审查第884章...
[2026-05-18 09:35:47] [Reviewer] 第884章审查完成，评分: 7.5， verdict: 需修改
[2026-05-18 09:35:48] [Reviewer] 正在审查第885章...
[2026-05-18 09:36:23] [Reviewer] 第885章审查完成，评分: 7.8， verdict: 通过
[2026-05-18 09:36:24] [Reviewer] 正在审查第886章...
[2026-05-18 09:36:59] [Reviewer] 第886章审查完成，评分: 7.8， verdict: 通过
[2026-05-18 09:37:00] [Reviewer] 正在审查第887章...
[2026-05-18 09:37:43] [Reviewer] 第887章审查完成，评分: 7.5， verdict: 需修改
[2026-05-18 09:37:44] [Reviewer] 正在审查第888章...
[2026-05-18 09:38:22] [Reviewer] 第888章审查完成，评分: 7.5， verdict: 需修改
[2026-05-18 09:38:23] [Reviewer] 正在审查第889章...
[2026-05-18 09:39:09] [Reviewer] 第889章审查完成，评分: 8.5， verdict: 通过
[2026-05-18 09:39:10] [Reviewer] 第890章已审查过，跳过
[2026-05-18 09:39:11] [Reviewer] 第891章已审查过，跳过
[2026-05-18 09:39:12] [Reviewer] 正在审查第892章...
[2026-05-18 09:39:50] [Reviewer] 第892章审查完成，评分: 8.2， verdict: 通过
[2026-05-18 09:39:51] [Reviewer] 正在审查第893章...
[2026-05-18 09:40:28] [Reviewer] 第893章审查完成，评分: 7.8， verdict: 通过
[2026-05-18 09:40:29] [Reviewer] 正在审查第894章...
[2026-05-18 09:41:04] [Reviewer] 第894章审查完成，评分: 8.0， verdict: 通过
[2026-05-18 09:41:05] [Reviewer] 正在审查第895章...
[2026-05-18 09:41:48] [Reviewer] 第895章审查完成，评分: 8.0， verdict: 通过
[2026-05-18 09:41:49] [Reviewer] 正在审查第896章...
[2026-05-18 09:42:40] [Reviewer] 第896章审查完成，评分: 8.2， verdict: 通过
[2026-05-18 09:42:41] [Reviewer] 第897章已审查过，跳过
[2026-05-18 09:42:42] [Reviewer] 正在审查第898章...
[2026-05-18 09:43:15] [Reviewer] 第898章审查完成，评分: 8.2， verdict: 通过
[2026-05-18 09:43:16] [Reviewer] 正在审查第899章...
[2026-05-18 09:44:03] [Reviewer] 第899章审查完成，评分: 8.5， verdict: 通过
[2026-05-18 09:44:04] [Reviewer] 第900章已审查过，跳过
[2026-05-18 09:44:05] [Reviewer] 全部完成
