============================================================
Reviewer Agent 启动
============================================================
[2026-05-18 09:10:02] [Reviewer] 正在审查第1001章...
[2026-05-18 09:10:39] [Reviewer] 第1001章审查完成，评分: 8.3， verdict: 通过
[2026-05-18 09:10:40] [Reviewer] 正在审查第1002章...
[2026-05-18 09:11:15] [Reviewer] 第1002章审查完成，评分: 7.8， verdict: 通过
[2026-05-18 09:11:16] [Reviewer] 正在审查第1003章...
[2026-05-18 09:11:51] [Reviewer] 第1003章审查完成，评分: 8.0， verdict: 通过
[2026-05-18 09:11:52] [Reviewer] 正在审查第1004章...
[2026-05-18 09:12:28] [Reviewer] 第1004章审查完成，评分: 7.8， verdict: 需修改
[2026-05-18 09:12:29] [Reviewer] 正在审查第1005章...
[2026-05-18 09:13:03] [Reviewer] 第1005章审查完成，评分: 8.5， verdict: 通过
[2026-05-18 09:13:04] [Reviewer] 正在审查第1006章...
[2026-05-18 09:13:44] [Reviewer] JSON解析失败: Invalid control character at: line 35 column 86 (char 1281)
[2026-05-18 09:13:44] [Reviewer] 第1006章审查完成，评分: N/A， verdict: N/A
[2026-05-18 09:13:45] [Reviewer] 正在审查第1007章...
[2026-05-18 09:14:15] [Reviewer] 第1007章审查完成，评分: 7.8， verdict: 需修改
[2026-05-18 09:14:16] [Reviewer] 正在审查第1008章...
[2026-05-18 09:14:51] [Reviewer] 第1008章审查完成，评分: 8.5， verdict: 通过
[2026-05-18 09:14:52] [Reviewer] 正在审查第1009章...
[2026-05-18 09:14:53] [ERROR] mmx call failed (rc=4): {
  "error": {
    "code": 4,
    "message": "Rate limit or quota exceeded. Token Plan 主要面向个人开发者的交互式使用场景。当前请求量较高，请稍后重试；如需支持更高并发或自动化任务，建议升级至更高级别套餐，或使用按量付费 API。 (2062)",
    "hint": "Check usage: mmx quota show"
  }
}
[2026-05-18 09:14:53] [Reviewer] 第1009章审查失败
[2026-05-18 09:14:54] [Reviewer] 正在审查第1010章...
[2026-05-18 09:14:55] [ERROR] mmx call failed (rc=4): {
  "error": {
    "code": 4,
    "message": "Rate limit or quota exceeded. Token Plan 主要面向个人开发者的交互式使用场景。当前请求量较高，请稍后重试；如需支持更高并发或自动化任务，建议升级至更高级别套餐，或使用按量付费 API。 (2062)",
    "hint": "Check usage: mmx quota show"
  }
}
[2026-05-18 09:14:55] [Reviewer] 第1010章审查失败
[2026-05-18 09:14:56] [Reviewer] 正在审查第1011章...
[2026-05-18 09:14:58] [ERROR] mmx call failed (rc=4): {
  "error": {
    "code": 4,
    "message": "Rate limit or quota exceeded. Token Plan 主要面向个人开发者的交互式使用场景。当前请求量较高，请稍后重试；如需支持更高并发或自动化任务，建议升级至更高级别套餐，或使用按量付费 API。 (2062)",
    "hint": "Check usage: mmx quota show"
  }
}
[2026-05-18 09:14:58] [Reviewer] 第1011章审查失败
[2026-05-18 09:14:59] [Reviewer] 正在审查第1012章...
[2026-05-18 09:15:01] [ERROR] mmx call failed (rc=4): {
  "error": {
    "code": 4,
    "message": "Rate limit or quota exceeded. Token Plan 主要面向个人开发者的交互式使用场景。当前请求量较高，请稍后重试；如需支持更高并发或自动化任务，建议升级至更高级别套餐，或使用按量付费 API。 (2062)",
    "hint": "Check usage: mmx quota show"
  }
}
[2026-05-18 09:15:01] [Reviewer] 第1012章审查失败
[2026-05-18 09:15:03] [Reviewer] 正在审查第1013章...
[2026-05-18 09:15:05] [ERROR] mmx call failed (rc=4): {
  "error": {
    "code": 4,
    "message": "Rate limit or quota exceeded. Token Plan 主要面向个人开发者的交互式使用场景。当前请求量较高，请稍后重试；如需支持更高并发或自动化任务，建议升级至更高级别套餐，或使用按量付费 API。 (2062)",
    "hint": "Check usage: mmx quota show"
  }
}
[2026-05-18 09:15:05] [Reviewer] 第1013章审查失败
[2026-05-18 09:15:06] [Reviewer] 正在审查第1014章...
[2026-05-18 09:15:10] [ERROR] mmx call failed (rc=4): {
  "error": {
    "code": 4,
    "message": "Rate limit or quota exceeded. Token Plan 主要面向个人开发者的交互式使用场景。当前请求量较高，请稍后重试；如需支持更高并发或自动化任务，建议升级至更高级别套餐，或使用按量付费 API。 (2062)",
    "hint": "Check usage: mmx quota show"
  }
}
[2026-05-18 09:15:10] [Reviewer] 第1014章审查失败
[2026-05-18 09:15:11] [Reviewer] 正在审查第1015章...
[2026-05-18 09:15:57] [Reviewer] 第1015章审查完成，评分: 8.5， verdict: 通过
[2026-05-18 09:15:58] [Reviewer] 正在审查第1016章...
[2026-05-18 09:16:01] [ERROR] mmx call failed (rc=4): {
  "error": {
    "code": 4,
    "message": "Rate limit or quota exceeded. Token Plan 主要面向个人开发者的交互式使用场景。当前请求量较高，请稍后重试；如需支持更高并发或自动化任务，建议升级至更高级别套餐，或使用按量付费 API。 (2062)",
    "hint": "Check usage: mmx quota show"
  }
}
[2026-05-18 09:16:01] [Reviewer] 第1016章审查失败
[2026-05-18 09:16:03] [Reviewer] 正在审查第1017章...
[2026-05-18 09:16:05] [ERROR] mmx call failed (rc=4): {
  "error": {
    "code": 4,
    "message": "Rate limit or quota exceeded. Token Plan 主要面向个人开发者的交互式使用场景。当前请求量较高，请稍后重试；如需支持更高并发或自动化任务，建议升级至更高级别套餐，或使用按量付费 API。 (2062)",
    "hint": "Check usage: mmx quota show"
  }
}
[2026-05-18 09:16:05] [Reviewer] 第1017章审查失败
[2026-05-18 09:16:06] [Reviewer] 正在审查第1018章...
[2026-05-18 09:16:09] [ERROR] mmx call failed (rc=4): {
  "error": {
    "code": 4,
    "message": "Rate limit or quota exceeded. Token Plan 主要面向个人开发者的交互式使用场景。当前请求量较高，请稍后重试；如需支持更高并发或自动化任务，建议升级至更高级别套餐，或使用按量付费 API。 (2062)",
    "hint": "Check usage: mmx quota show"
  }
}
[2026-05-18 09:16:09] [Reviewer] 第1018章审查失败
[2026-05-18 09:16:10] [Reviewer] 正在审查第1019章...
[2026-05-18 09:16:43] [Reviewer] JSON解析失败: Expecting ',' delimiter: line 30 column 49 (char 929)
[2026-05-18 09:16:43] [Reviewer] 第1019章审查完成，评分: N/A， verdict: N/A
[2026-05-18 09:16:44] [Reviewer] 正在审查第1020章...
[2026-05-18 09:16:44] [ERROR] mmx call failed (rc=4): {
  "error": {
    "code": 4,
    "message": "Rate limit or quota exceeded. Token Plan 主要面向个人开发者的交互式使用场景。当前请求量较高，请稍后重试；如需支持更高并发或自动化任务，建议升级至更高级别套餐，或使用按量付费 API。 (2062)",
    "hint": "Check usage: mmx quota show"
  }
}
[2026-05-18 09:16:44] [Reviewer] 第1020章审查失败
[2026-05-18 09:16:45] [Reviewer] 第1021章已审查过，跳过
[2026-05-18 09:16:46] [Reviewer] 正在审查第1022章...
[2026-05-18 09:16:46] [ERROR] mmx call failed (rc=4): {
  "error": {
    "code": 4,
    "message": "Rate limit or quota exceeded. Token Plan 主要面向个人开发者的交互式使用场景。当前请求量较高，请稍后重试；如需支持更高并发或自动化任务，建议升级至更高级别套餐，或使用按量付费 API。 (2062)",
    "hint": "Check usage: mmx quota show"
  }
}
[2026-05-18 09:16:47] [Reviewer] 第1022章审查失败
[2026-05-18 09:16:48] [Reviewer] 正在审查第1023章...
[2026-05-18 09:16:48] [ERROR] mmx call failed (rc=4): {
  "error": {
    "code": 4,
    "message": "Rate limit or quota exceeded. Token Plan 主要面向个人开发者的交互式使用场景。当前请求量较高，请稍后重试；如需支持更高并发或自动化任务，建议升级至更高级别套餐，或使用按量付费 API。 (2062)",
    "hint": "Check usage: mmx quota show"
  }
}
[2026-05-18 09:16:48] [Reviewer] 第1023章审查失败
[2026-05-18 09:16:49] [Reviewer] 正在审查第1024章...
[2026-05-18 09:16:50] [ERROR] mmx call failed (rc=4): {
  "error": {
    "code": 4,
    "message": "Rate limit or quota exceeded. Token Plan 主要面向个人开发者的交互式使用场景。当前请求量较高，请稍后重试；如需支持更高并发或自动化任务，建议升级至更高级别套餐，或使用按量付费 API。 (2062)",
    "hint": "Check usage: mmx quota show"
  }
}
[2026-05-18 09:16:50] [Reviewer] 第1024章审查失败
[2026-05-18 09:16:51] [Reviewer] 正在审查第1025章...
[2026-05-18 09:16:52] [ERROR] mmx call failed (rc=4): {
  "error": {
    "code": 4,
    "message": "Rate limit or quota exceeded. Token Plan 主要面向个人开发者的交互式使用场景。当前请求量较高，请稍后重试；如需支持更高并发或自动化任务，建议升级至更高级别套餐，或使用按量付费 API。 (2062)",
    "hint": "Check usage: mmx quota show"
  }
}
[2026-05-18 09:16:52] [Reviewer] 第1025章审查失败
[2026-05-18 09:16:53] [Reviewer] 正在审查第1026章...
[2026-05-18 09:16:54] [ERROR] mmx call failed (rc=4): {
  "error": {
    "code": 4,
    "message": "Rate limit or quota exceeded. Token Plan 主要面向个人开发者的交互式使用场景。当前请求量较高，请稍后重试；如需支持更高并发或自动化任务，建议升级至更高级别套餐，或使用按量付费 API。 (2062)",
    "hint": "Check usage: mmx quota show"
  }
}
[2026-05-18 09:16:54] [Reviewer] 第1026章审查失败
[2026-05-18 09:16:55] [Reviewer] 第1027章已审查过，跳过
[2026-05-18 09:16:56] [Reviewer] 正在审查第1028章...
[2026-05-18 09:16:58] [ERROR] mmx call failed (rc=4): {
  "error": {
    "code": 4,
    "message": "Rate limit or quota exceeded. Token Plan 主要面向个人开发者的交互式使用场景。当前请求量较高，请稍后重试；如需支持更高并发或自动化任务，建议升级至更高级别套餐，或使用按量付费 API。 (2062)",
    "hint": "Check usage: mmx quota show"
  }
}
[2026-05-18 09:16:58] [Reviewer] 第1028章审查失败
[2026-05-18 09:16:59] [Reviewer] 正在审查第1029章...
[2026-05-18 09:17:02] [ERROR] mmx call failed (rc=4): {
  "error": {
    "code": 4,
    "message": "Rate limit or quota exceeded. Token Plan 主要面向个人开发者的交互式使用场景。当前请求量较高，请稍后重试；如需支持更高并发或自动化任务，建议升级至更高级别套餐，或使用按量付费 API。 (2062)",
    "hint": "Check usage: mmx quota show"
  }
}
[2026-05-18 09:17:02] [Reviewer] 第1029章审查失败
[2026-05-18 09:17:03] [Reviewer] 正在审查第1030章...
[2026-05-18 09:17:05] [ERROR] mmx call failed (rc=4): {
  "error": {
    "code": 4,
    "message": "Rate limit or quota exceeded. Token Plan 主要面向个人开发者的交互式使用场景。当前请求量较高，请稍后重试；如需支持更高并发或自动化任务，建议升级至更高级别套餐，或使用按量付费 API。 (2062)",
    "hint": "Check usage: mmx quota show"
  }
}
[2026-05-18 09:17:05] [Reviewer] 第1030章审查失败
[2026-05-18 09:17:06] [Reviewer] 正在审查第1031章...
[2026-05-18 09:17:08] [ERROR] mmx call failed (rc=4): {
  "error": {
    "code": 4,
    "message": "Rate limit or quota exceeded. Token Plan 主要面向个人开发者的交互式使用场景。当前请求量较高，请稍后重试；如需支持更高并发或自动化任务，建议升级至更高级别套餐，或使用按量付费 API。 (2062)",
    "hint": "Check usage: mmx quota show"
  }
}
[2026-05-18 09:17:08] [Reviewer] 第1031章审查失败
[2026-05-18 09:17:09] [Reviewer] 正在审查第1032章...
[2026-05-18 09:17:12] [ERROR] mmx call failed (rc=4): {
  "error": {
    "code": 4,
    "message": "Rate limit or quota exceeded. Token Plan 主要面向个人开发者的交互式使用场景。当前请求量较高，请稍后重试；如需支持更高并发或自动化任务，建议升级至更高级别套餐，或使用按量付费 API。 (2062)",
    "hint": "Check usage: mmx quota show"
  }
}
[2026-05-18 09:17:12] [Reviewer] 第1032章审查失败
[2026-05-18 09:17:13] [Reviewer] 正在审查第1033章...
[2026-05-18 09:17:46] [Reviewer] 第1033章审查完成，评分: 7.8， verdict: 需修改
[2026-05-18 09:17:47] [Reviewer] 正在审查第1034章...
[2026-05-18 09:18:20] [Reviewer] 第1034章审查完成，评分: 7.5， verdict: 需修改
[2026-05-18 09:18:21] [Reviewer] 正在审查第1035章...
[2026-05-18 09:19:02] [Reviewer] 第1035章审查完成，评分: 8.2， verdict: 需修改
[2026-05-18 09:19:03] [Reviewer] 正在审查第1036章...
[2026-05-18 09:19:34] [Reviewer] 第1036章审查完成，评分: 8.5， verdict: 通过
[2026-05-18 09:19:35] [Reviewer] 正在审查第1037章...
[2026-05-18 09:20:06] [Reviewer] 第1037章审查完成，评分: 8.2， verdict: 通过
[2026-05-18 09:20:07] [Reviewer] 第1038章已审查过，跳过
[2026-05-18 09:20:08] [Reviewer] 正在审查第1039章...
[2026-05-18 09:20:37] [Reviewer] 第1039章审查完成，评分: 7.5， verdict: 需修改
[2026-05-18 09:20:38] [Reviewer] 正在审查第1040章...
[2026-05-18 09:21:10] [Reviewer] 第1040章审查完成，评分: 7.5， verdict: 需修改
[2026-05-18 09:21:11] [Reviewer] 第1041章已审查过，跳过
[2026-05-18 09:21:12] [Reviewer] 正在审查第1042章...
[2026-05-18 09:22:12] [Reviewer] 第1042章审查完成，评分: 7.8， verdict: 需修改
[2026-05-18 09:22:13] [Reviewer] 正在审查第1043章...
[2026-05-18 09:22:54] [Reviewer] 第1043章审查完成，评分: 7.5， verdict: 需修改
[2026-05-18 09:22:55] [Reviewer] 正在审查第1044章...
[2026-05-18 09:23:21] [Reviewer] 第1044章审查完成，评分: 7.2， verdict: 需修改
[2026-05-18 09:23:22] [Reviewer] 正在审查第1045章...
[2026-05-18 09:23:56] [Reviewer] 第1045章审查完成，评分: 8.5， verdict: 通过
[2026-05-18 09:23:57] [Reviewer] 正在审查第1046章...
[2026-05-18 09:24:31] [Reviewer] 第1046章审查完成，评分: 8.5， verdict: 通过
[2026-05-18 09:24:32] [Reviewer] 正在审查第1047章...
[2026-05-18 09:25:00] [Reviewer] 第1047章审查完成，评分: 7.8， verdict: 需修改
[2026-05-18 09:25:01] [Reviewer] 正在审查第1048章...
[2026-05-18 09:25:35] [Reviewer] 第1048章审查完成，评分: 8.5， verdict: 通过
[2026-05-18 09:25:36] [Reviewer] 第1049章已审查过，跳过
[2026-05-18 09:25:37] [Reviewer] 正在审查第1050章...
[2026-05-18 09:26:08] [Reviewer] 第1050章审查完成，评分: 7.8， verdict: 需修改
[2026-05-18 09:26:09] [Reviewer] 正在审查第1051章...
[2026-05-18 09:26:44] [Reviewer] 第1051章审查完成，评分: 7.5， verdict: 需修改
[2026-05-18 09:26:45] [Reviewer] 正在审查第1052章...
[2026-05-18 09:27:28] [Reviewer] 第1052章审查完成，评分: 7.5， verdict: 需修改
[2026-05-18 09:27:29] [Reviewer] 第1053章已审查过，跳过
[2026-05-18 09:27:30] [Reviewer] 正在审查第1054章...
[2026-05-18 09:28:08] [Reviewer] 第1054章审查完成，评分: 7.8， verdict: 通过
[2026-05-18 09:28:09] [Reviewer] 正在审查第1055章...
[2026-05-18 09:28:50] [Reviewer] 第1055章审查完成，评分: 8.0， verdict: 需修改
[2026-05-18 09:28:51] [Reviewer] 正在审查第1056章...
[2026-05-18 09:29:32] [Reviewer] 第1056章审查完成，评分: 7.5， verdict: 需修改
[2026-05-18 09:29:33] [Reviewer] 正在审查第1057章...
[2026-05-18 09:30:08] [Reviewer] 第1057章审查完成，评分: 7.5， verdict: 需修改
[2026-05-18 09:30:09] [Reviewer] 正在审查第1058章...
[2026-05-18 09:30:47] [Reviewer] 第1058章审查完成，评分: 8.2， verdict: 通过
[2026-05-18 09:30:48] [Reviewer] 正在审查第1059章...
[2026-05-18 09:31:33] [Reviewer] 第1059章审查完成，评分: 8.2， verdict: 通过
[2026-05-18 09:31:34] [Reviewer] 正在审查第1060章...
[2026-05-18 09:32:04] [Reviewer] 第1060章审查完成，评分: 8.5， verdict: 通过
[2026-05-18 09:32:05] [Reviewer] 第1061章已审查过，跳过
[2026-05-18 09:32:06] [Reviewer] 正在审查第1062章...
[2026-05-18 09:32:53] [Reviewer] 第1062章审查完成，评分: 8.0， verdict: 通过
[2026-05-18 09:32:54] [Reviewer] 正在审查第1063章...
[2026-05-18 09:33:43] [Reviewer] 第1063章审查完成，评分: 7.8， verdict: 需修改
[2026-05-18 09:33:44] [Reviewer] 正在审查第1064章...
[2026-05-18 09:34:28] [Reviewer] 第1064章审查完成，评分: 7.5， verdict: 通过
[2026-05-18 09:34:29] [Reviewer] 正在审查第1065章...
[2026-05-18 09:35:12] [Reviewer] 第1065章审查完成，评分: 8.5， verdict: 通过
[2026-05-18 09:35:13] [Reviewer] 正在审查第1066章...
[2026-05-18 09:36:05] [Reviewer] 第1066章审查完成，评分: 7.5， verdict: 需修改
[2026-05-18 09:36:06] [Reviewer] 正在审查第1067章...
[2026-05-18 09:36:43] [Reviewer] 第1067章审查完成，评分: 7.5， verdict: 需修改
[2026-05-18 09:36:44] [Reviewer] 第1068章已审查过，跳过
[2026-05-18 09:36:45] [Reviewer] 正在审查第1069章...
[2026-05-18 09:37:36] [Reviewer] 第1069章审查完成，评分: 8， verdict: 通过
[2026-05-18 09:37:37] [Reviewer] 正在审查第1070章...
[2026-05-18 09:38:24] [Reviewer] JSON解析失败: Expecting ',' delimiter: line 25 column 15 (char 594)
[2026-05-18 09:38:24] [Reviewer] 第1070章审查完成，评分: N/A， verdict: N/A
[2026-05-18 09:38:25] [Reviewer] 第1071章已审查过，跳过
[2026-05-18 09:38:26] [Reviewer] 正在审查第1072章...
[2026-05-18 09:39:03] [Reviewer] 第1072章审查完成，评分: 7.5， verdict: 需修改
[2026-05-18 09:39:04] [Reviewer] 正在审查第1073章...
[2026-05-18 09:39:47] [Reviewer] 第1073章审查完成，评分: 7.5， verdict: 通过
[2026-05-18 09:39:48] [Reviewer] 正在审查第1074章...
[2026-05-18 09:40:24] [Reviewer] 第1074章审查完成，评分: 7.8， verdict: 需修改
[2026-05-18 09:40:25] [Reviewer] 正在审查第1075章...
[2026-05-18 09:41:06] [Reviewer] 第1075章审查完成，评分: 7.5， verdict: 需修改
[2026-05-18 09:41:07] [Reviewer] 正在审查第1076章...
[2026-05-18 09:41:48] [Reviewer] 第1076章审查完成，评分: 7.8， verdict: 需修改
[2026-05-18 09:41:49] [Reviewer] 正在审查第1077章...
[2026-05-18 09:42:31] [Reviewer] 第1077章审查完成，评分: 7.8， verdict: 通过
[2026-05-18 09:42:32] [Reviewer] 正在审查第1078章...
[2026-05-18 09:43:09] [Reviewer] 第1078章审查完成，评分: 7.5， verdict: 需修改
[2026-05-18 09:43:10] [Reviewer] 第1079章已审查过，跳过
[2026-05-18 09:43:11] [Reviewer] 第1080章已审查过，跳过
[2026-05-18 09:43:12] [Reviewer] 第1081章已审查过，跳过
[2026-05-18 09:43:13] [Reviewer] 正在审查第1082章...
[2026-05-18 09:43:52] [Reviewer] 第1082章审查完成，评分: 7.2， verdict: 需修改
[2026-05-18 09:43:53] [Reviewer] 正在审查第1083章...
[2026-05-18 09:44:25] [Reviewer] 第1083章审查完成，评分: 8.2， verdict: 通过
[2026-05-18 09:44:26] [Reviewer] 正在审查第1084章...
[2026-05-18 09:45:01] [Reviewer] 第1084章审查完成，评分: 7.5， verdict: 需修改
[2026-05-18 09:45:02] [Reviewer] 正在审查第1085章...
[2026-05-18 09:45:44] [Reviewer] 第1085章审查完成，评分: 8.0， verdict: 通过
[2026-05-18 09:45:45] [Reviewer] 正在审查第1086章...
[2026-05-18 09:46:19] [Reviewer] 第1086章审查完成，评分: 8.0， verdict: 通过
[2026-05-18 09:46:20] [Reviewer] 正在审查第1087章...
[2026-05-18 09:46:56] [Reviewer] 第1087章审查完成，评分: 7.5， verdict: 需修改
[2026-05-18 09:46:57] [Reviewer] 正在审查第1088章...
[2026-05-18 09:47:41] [Reviewer] 第1088章审查完成，评分: 7.5， verdict: 通过
[2026-05-18 09:47:42] [Reviewer] 正在审查第1089章...
[2026-05-18 09:48:28] [Reviewer] 第1089章审查完成，评分: 7.8， verdict: 需修改
[2026-05-18 09:48:29] [Reviewer] 第1090章已审查过，跳过
[2026-05-18 09:48:30] [Reviewer] 正在审查第1091章...
[2026-05-18 09:49:08] [Reviewer] 第1091章审查完成，评分: 8.5， verdict: 通过
[2026-05-18 09:49:09] [Reviewer] 正在审查第1092章...
[2026-05-18 09:49:51] [Reviewer] 第1092章审查完成，评分: 8.2， verdict: 通过
[2026-05-18 09:49:52] [Reviewer] 正在审查第1093章...
[2026-05-18 09:49:52] [ERROR] mmx call failed (rc=4): {
  "error": {
    "code": 4,
    "message": "Rate limit or quota exceeded. usage limit exceeded, 5-hour usage limit reached for Token Plan Hs_max (4500/4500 used), resets at 2026-05-18T10:00:00+08:00 (2056)",
    "hint": "Check usage: mmx quota show"
  }
}
[2026-05-18 09:49:52] [Reviewer] 第1093章审查失败
[2026-05-18 09:49:53] [Reviewer] 正在审查第1094章...
[2026-05-18 09:49:53] [ERROR] mmx call failed (rc=4): {
  "error": {
    "code": 4,
    "message": "Rate limit or quota exceeded. usage limit exceeded, 5-hour usage limit reached for Token Plan Hs_max (4500/4500 used), resets at 2026-05-18T10:00:00+08:00 (2056)",
    "hint": "Check usage: mmx quota show"
  }
}
[2026-05-18 09:49:53] [Reviewer] 第1094章审查失败
[2026-05-18 09:49:54] [Reviewer] 正在审查第1095章...
[2026-05-18 09:49:55] [ERROR] mmx call failed (rc=4): {
  "error": {
    "code": 4,
    "message": "Rate limit or quota exceeded. usage limit exceeded, 5-hour usage limit reached for Token Plan Hs_max (4500/4500 used), resets at 2026-05-18T10:00:00+08:00 (2056)",
    "hint": "Check usage: mmx quota show"
  }
}
[2026-05-18 09:49:55] [Reviewer] 第1095章审查失败
[2026-05-18 09:49:56] [Reviewer] 第1096章已审查过，跳过
[2026-05-18 09:49:57] [Reviewer] 正在审查第1097章...
[2026-05-18 09:49:57] [ERROR] mmx call failed (rc=4): {
  "error": {
    "code": 4,
    "message": "Rate limit or quota exceeded. usage limit exceeded, 5-hour usage limit reached for Token Plan Hs_max (4500/4500 used), resets at 2026-05-18T10:00:00+08:00 (2056)",
    "hint": "Check usage: mmx quota show"
  }
}
[2026-05-18 09:49:57] [Reviewer] 第1097章审查失败
[2026-05-18 09:49:58] [Reviewer] 正在审查第1098章...
[2026-05-18 09:49:59] [ERROR] mmx call failed (rc=4): {
  "error": {
    "code": 4,
    "message": "Rate limit or quota exceeded. usage limit exceeded, 5-hour usage limit reached for Token Plan Hs_max (4500/4500 used), resets at 2026-05-18T10:00:00+08:00 (2056)",
    "hint": "Check usage: mmx quota show"
  }
}
[2026-05-18 09:49:59] [Reviewer] 第1098章审查失败
[2026-05-18 09:50:00] [Reviewer] 正在审查第1099章...
[2026-05-18 09:50:00] [ERROR] mmx call failed (rc=4): {
  "error": {
    "code": 4,
    "message": "Rate limit or quota exceeded. usage limit exceeded, 5-hour usage limit reached for Token Plan Hs_max (4500/4500 used), resets at 2026-05-18T10:00:00+08:00 (2056)",
    "hint": "Check usage: mmx quota show"
  }
}
[2026-05-18 09:50:00] [Reviewer] 第1099章审查失败
[2026-05-18 09:50:01] [Reviewer] 正在审查第1100章...
[2026-05-18 09:50:02] [ERROR] mmx call failed (rc=4): {
  "error": {
    "code": 4,
    "message": "Rate limit or quota exceeded. usage limit exceeded, 5-hour usage limit reached for Token Plan Hs_max (4500/4500 used), resets at 2026-05-18T10:00:00+08:00 (2056)",
    "hint": "Check usage: mmx quota show"
  }
}
[2026-05-18 09:50:02] [Reviewer] 第1100章审查失败
[2026-05-18 09:50:03] [Reviewer] 全部完成
