============================================================
Reviewer Agent 启动
============================================================
[2026-05-18 09:14:17] [Reviewer] 正在审查第1341章...
[2026-05-18 09:14:56] [Reviewer] 第1341章审查完成，评分: 7.8， verdict: 需修改
[2026-05-18 09:14:57] [Reviewer] 正在审查第1342章...
[2026-05-18 09:14:59] [ERROR] mmx call failed (rc=4): {
  "error": {
    "code": 4,
    "message": "Rate limit or quota exceeded. Token Plan 主要面向个人开发者的交互式使用场景。当前请求量较高，请稍后重试；如需支持更高并发或自动化任务，建议升级至更高级别套餐，或使用按量付费 API。 (2062)",
    "hint": "Check usage: mmx quota show"
  }
}
[2026-05-18 09:14:59] [Reviewer] 第1342章审查失败
[2026-05-18 09:15:00] [Reviewer] 正在审查第1343章...
[2026-05-18 09:15:05] [ERROR] mmx call failed (rc=4): {
  "error": {
    "code": 4,
    "message": "Rate limit or quota exceeded. Token Plan 主要面向个人开发者的交互式使用场景。当前请求量较高，请稍后重试；如需支持更高并发或自动化任务，建议升级至更高级别套餐，或使用按量付费 API。 (2062)",
    "hint": "Check usage: mmx quota show"
  }
}
[2026-05-18 09:15:05] [Reviewer] 第1343章审查失败
[2026-05-18 09:15:06] [Reviewer] 正在审查第1344章...
[2026-05-18 09:15:08] [ERROR] mmx call failed (rc=4): {
  "error": {
    "code": 4,
    "message": "Rate limit or quota exceeded. Token Plan 主要面向个人开发者的交互式使用场景。当前请求量较高，请稍后重试；如需支持更高并发或自动化任务，建议升级至更高级别套餐，或使用按量付费 API。 (2062)",
    "hint": "Check usage: mmx quota show"
  }
}
[2026-05-18 09:15:08] [Reviewer] 第1344章审查失败
[2026-05-18 09:15:09] [Reviewer] 正在审查第1345章...
[2026-05-18 09:15:13] [ERROR] mmx call failed (rc=4): {
  "error": {
    "code": 4,
    "message": "Rate limit or quota exceeded. Token Plan 主要面向个人开发者的交互式使用场景。当前请求量较高，请稍后重试；如需支持更高并发或自动化任务，建议升级至更高级别套餐，或使用按量付费 API。 (2062)",
    "hint": "Check usage: mmx quota show"
  }
}
[2026-05-18 09:15:13] [Reviewer] 第1345章审查失败
[2026-05-18 09:15:14] [Reviewer] 正在审查第1346章...
[2026-05-18 09:15:50] [Reviewer] 第1346章审查完成，评分: 7.5， verdict: 需修改
[2026-05-18 09:15:51] [Reviewer] 正在审查第1347章...
[2026-05-18 09:15:53] [ERROR] mmx call failed (rc=4): {
  "error": {
    "code": 4,
    "message": "Rate limit or quota exceeded. Token Plan 主要面向个人开发者的交互式使用场景。当前请求量较高，请稍后重试；如需支持更高并发或自动化任务，建议升级至更高级别套餐，或使用按量付费 API。 (2062)",
    "hint": "Check usage: mmx quota show"
  }
}
[2026-05-18 09:15:53] [Reviewer] 第1347章审查失败
[2026-05-18 09:15:54] [Reviewer] 正在审查第1348章...
[2026-05-18 09:15:57] [ERROR] mmx call failed (rc=4): {
  "error": {
    "code": 4,
    "message": "Rate limit or quota exceeded. Token Plan 主要面向个人开发者的交互式使用场景。当前请求量较高，请稍后重试；如需支持更高并发或自动化任务，建议升级至更高级别套餐，或使用按量付费 API。 (2062)",
    "hint": "Check usage: mmx quota show"
  }
}
[2026-05-18 09:15:57] [Reviewer] 第1348章审查失败
[2026-05-18 09:15:58] [Reviewer] 正在审查第1349章...
[2026-05-18 09:16:00] [ERROR] mmx call failed (rc=4): {
  "error": {
    "code": 4,
    "message": "Rate limit or quota exceeded. Token Plan 主要面向个人开发者的交互式使用场景。当前请求量较高，请稍后重试；如需支持更高并发或自动化任务，建议升级至更高级别套餐，或使用按量付费 API。 (2062)",
    "hint": "Check usage: mmx quota show"
  }
}
[2026-05-18 09:16:00] [Reviewer] 第1349章审查失败
[2026-05-18 09:16:01] [Reviewer] 正在审查第1350章...
[2026-05-18 09:16:05] [ERROR] mmx call failed (rc=4): {
  "error": {
    "code": 4,
    "message": "Rate limit or quota exceeded. Token Plan 主要面向个人开发者的交互式使用场景。当前请求量较高，请稍后重试；如需支持更高并发或自动化任务，建议升级至更高级别套餐，或使用按量付费 API。 (2062)",
    "hint": "Check usage: mmx quota show"
  }
}
[2026-05-18 09:16:05] [Reviewer] 第1350章审查失败
[2026-05-18 09:16:06] [Reviewer] 正在审查第1351章...
[2026-05-18 09:16:09] [ERROR] mmx call failed (rc=4): {
  "error": {
    "code": 4,
    "message": "Rate limit or quota exceeded. Token Plan 主要面向个人开发者的交互式使用场景。当前请求量较高，请稍后重试；如需支持更高并发或自动化任务，建议升级至更高级别套餐，或使用按量付费 API。 (2062)",
    "hint": "Check usage: mmx quota show"
  }
}
[2026-05-18 09:16:09] [Reviewer] 第1351章审查失败
[2026-05-18 09:16:10] [Reviewer] 正在审查第1352章...
[2026-05-18 09:16:48] [Reviewer] 第1352章审查完成，评分: 8.0， verdict: 通过
[2026-05-18 09:16:49] [Reviewer] 正在审查第1353章...
[2026-05-18 09:16:50] [ERROR] mmx call failed (rc=4): {
  "error": {
    "code": 4,
    "message": "Rate limit or quota exceeded. Token Plan 主要面向个人开发者的交互式使用场景。当前请求量较高，请稍后重试；如需支持更高并发或自动化任务，建议升级至更高级别套餐，或使用按量付费 API。 (2062)",
    "hint": "Check usage: mmx quota show"
  }
}
[2026-05-18 09:16:50] [Reviewer] 第1353章审查失败
[2026-05-18 09:16:51] [Reviewer] 正在审查第1354章...
[2026-05-18 09:16:52] [ERROR] mmx call failed (rc=4): {
  "error": {
    "code": 4,
    "message": "Rate limit or quota exceeded. Token Plan 主要面向个人开发者的交互式使用场景。当前请求量较高，请稍后重试；如需支持更高并发或自动化任务，建议升级至更高级别套餐，或使用按量付费 API。 (2062)",
    "hint": "Check usage: mmx quota show"
  }
}
[2026-05-18 09:16:52] [Reviewer] 第1354章审查失败
[2026-05-18 09:16:53] [Reviewer] 正在审查第1355章...
[2026-05-18 09:16:55] [ERROR] mmx call failed (rc=4): {
  "error": {
    "code": 4,
    "message": "Rate limit or quota exceeded. Token Plan 主要面向个人开发者的交互式使用场景。当前请求量较高，请稍后重试；如需支持更高并发或自动化任务，建议升级至更高级别套餐，或使用按量付费 API。 (2062)",
    "hint": "Check usage: mmx quota show"
  }
}
[2026-05-18 09:16:55] [Reviewer] 第1355章审查失败
[2026-05-18 09:16:56] [Reviewer] 正在审查第1356章...
[2026-05-18 09:16:58] [ERROR] mmx call failed (rc=4): {
  "error": {
    "code": 4,
    "message": "Rate limit or quota exceeded. Token Plan 主要面向个人开发者的交互式使用场景。当前请求量较高，请稍后重试；如需支持更高并发或自动化任务，建议升级至更高级别套餐，或使用按量付费 API。 (2062)",
    "hint": "Check usage: mmx quota show"
  }
}
[2026-05-18 09:16:58] [Reviewer] 第1356章审查失败
[2026-05-18 09:16:59] [Reviewer] 正在审查第1357章...
[2026-05-18 09:17:02] [ERROR] mmx call failed (rc=4): {
  "error": {
    "code": 4,
    "message": "Rate limit or quota exceeded. Token Plan 主要面向个人开发者的交互式使用场景。当前请求量较高，请稍后重试；如需支持更高并发或自动化任务，建议升级至更高级别套餐，或使用按量付费 API。 (2062)",
    "hint": "Check usage: mmx quota show"
  }
}
[2026-05-18 09:17:02] [Reviewer] 第1357章审查失败
[2026-05-18 09:17:03] [Reviewer] 正在审查第1358章...
[2026-05-18 09:17:06] [ERROR] mmx call failed (rc=4): {
  "error": {
    "code": 4,
    "message": "Rate limit or quota exceeded. Token Plan 主要面向个人开发者的交互式使用场景。当前请求量较高，请稍后重试；如需支持更高并发或自动化任务，建议升级至更高级别套餐，或使用按量付费 API。 (2062)",
    "hint": "Check usage: mmx quota show"
  }
}
[2026-05-18 09:17:06] [Reviewer] 第1358章审查失败
[2026-05-18 09:17:07] [Reviewer] 正在审查第1359章...
[2026-05-18 09:17:08] [ERROR] mmx call failed (rc=4): {
  "error": {
    "code": 4,
    "message": "Rate limit or quota exceeded. Token Plan 主要面向个人开发者的交互式使用场景。当前请求量较高，请稍后重试；如需支持更高并发或自动化任务，建议升级至更高级别套餐，或使用按量付费 API。 (2062)",
    "hint": "Check usage: mmx quota show"
  }
}
[2026-05-18 09:17:08] [Reviewer] 第1359章审查失败
[2026-05-18 09:17:09] [Reviewer] 正在审查第1360章...
[2026-05-18 09:17:12] [ERROR] mmx call failed (rc=4): {
  "error": {
    "code": 4,
    "message": "Rate limit or quota exceeded. Token Plan 主要面向个人开发者的交互式使用场景。当前请求量较高，请稍后重试；如需支持更高并发或自动化任务，建议升级至更高级别套餐，或使用按量付费 API。 (2062)",
    "hint": "Check usage: mmx quota show"
  }
}
[2026-05-18 09:17:12] [Reviewer] 第1360章审查失败
[2026-05-18 09:17:13] [Reviewer] 全部完成
