============================================================
Reviewer Agent 启动
============================================================
[2026-05-18 09:14:18] [Reviewer] 正在审查第1761章...
[2026-05-18 09:14:57] [Reviewer] 第1761章审查完成，评分: 8.0， verdict: 通过
[2026-05-18 09:14:58] [Reviewer] 正在审查第1762章...
[2026-05-18 09:15:00] [ERROR] mmx call failed (rc=4): {
  "error": {
    "code": 4,
    "message": "Rate limit or quota exceeded. Token Plan 主要面向个人开发者的交互式使用场景。当前请求量较高，请稍后重试；如需支持更高并发或自动化任务，建议升级至更高级别套餐，或使用按量付费 API。 (2062)",
    "hint": "Check usage: mmx quota show"
  }
}
[2026-05-18 09:15:00] [Reviewer] 第1762章审查失败
[2026-05-18 09:15:01] [Reviewer] 正在审查第1763章...
[2026-05-18 09:15:05] [ERROR] mmx call failed (rc=4): {
  "error": {
    "code": 4,
    "message": "Rate limit or quota exceeded. Token Plan 主要面向个人开发者的交互式使用场景。当前请求量较高，请稍后重试；如需支持更高并发或自动化任务，建议升级至更高级别套餐，或使用按量付费 API。 (2062)",
    "hint": "Check usage: mmx quota show"
  }
}
[2026-05-18 09:15:05] [Reviewer] 第1763章审查失败
[2026-05-18 09:15:06] [Reviewer] 正在审查第1764章...
[2026-05-18 09:15:11] [ERROR] mmx call failed (rc=4): {
  "error": {
    "code": 4,
    "message": "Rate limit or quota exceeded. Token Plan 主要面向个人开发者的交互式使用场景。当前请求量较高，请稍后重试；如需支持更高并发或自动化任务，建议升级至更高级别套餐，或使用按量付费 API。 (2062)",
    "hint": "Check usage: mmx quota show"
  }
}
[2026-05-18 09:15:11] [Reviewer] 第1764章审查失败
[2026-05-18 09:15:12] [Reviewer] 正在审查第1765章...
[2026-05-18 09:15:49] [Reviewer] 第1765章审查完成，评分: 7.8， verdict: 需修改
[2026-05-18 09:15:50] [Reviewer] 正在审查第1766章...
[2026-05-18 09:15:51] [ERROR] mmx call failed (rc=4): {
  "error": {
    "code": 4,
    "message": "Rate limit or quota exceeded. Token Plan 主要面向个人开发者的交互式使用场景。当前请求量较高，请稍后重试；如需支持更高并发或自动化任务，建议升级至更高级别套餐，或使用按量付费 API。 (2062)",
    "hint": "Check usage: mmx quota show"
  }
}
[2026-05-18 09:15:51] [Reviewer] 第1766章审查失败
[2026-05-18 09:15:52] [Reviewer] 正在审查第1767章...
[2026-05-18 09:15:55] [ERROR] mmx call failed (rc=4): {
  "error": {
    "code": 4,
    "message": "Rate limit or quota exceeded. Token Plan 主要面向个人开发者的交互式使用场景。当前请求量较高，请稍后重试；如需支持更高并发或自动化任务，建议升级至更高级别套餐，或使用按量付费 API。 (2062)",
    "hint": "Check usage: mmx quota show"
  }
}
[2026-05-18 09:15:55] [Reviewer] 第1767章审查失败
[2026-05-18 09:15:56] [Reviewer] 正在审查第1768章...
[2026-05-18 09:15:59] [ERROR] mmx call failed (rc=4): {
  "error": {
    "code": 4,
    "message": "Rate limit or quota exceeded. Token Plan 主要面向个人开发者的交互式使用场景。当前请求量较高，请稍后重试；如需支持更高并发或自动化任务，建议升级至更高级别套餐，或使用按量付费 API。 (2062)",
    "hint": "Check usage: mmx quota show"
  }
}
[2026-05-18 09:15:59] [Reviewer] 第1768章审查失败
[2026-05-18 09:16:00] [Reviewer] 正在审查第1769章...
[2026-05-18 09:16:03] [ERROR] mmx call failed (rc=4): {
  "error": {
    "code": 4,
    "message": "Rate limit or quota exceeded. Token Plan 主要面向个人开发者的交互式使用场景。当前请求量较高，请稍后重试；如需支持更高并发或自动化任务，建议升级至更高级别套餐，或使用按量付费 API。 (2062)",
    "hint": "Check usage: mmx quota show"
  }
}
[2026-05-18 09:16:03] [Reviewer] 第1769章审查失败
[2026-05-18 09:16:04] [Reviewer] 正在审查第1770章...
[2026-05-18 09:16:08] [ERROR] mmx call failed (rc=4): {
  "error": {
    "code": 4,
    "message": "Rate limit or quota exceeded. Token Plan 主要面向个人开发者的交互式使用场景。当前请求量较高，请稍后重试；如需支持更高并发或自动化任务，建议升级至更高级别套餐，或使用按量付费 API。 (2062)",
    "hint": "Check usage: mmx quota show"
  }
}
[2026-05-18 09:16:08] [Reviewer] 第1770章审查失败
[2026-05-18 09:16:09] [Reviewer] 正在审查第1771章...
[2026-05-18 09:16:13] [ERROR] mmx call failed (rc=4): {
  "error": {
    "code": 4,
    "message": "Rate limit or quota exceeded. Token Plan 主要面向个人开发者的交互式使用场景。当前请求量较高，请稍后重试；如需支持更高并发或自动化任务，建议升级至更高级别套餐，或使用按量付费 API。 (2062)",
    "hint": "Check usage: mmx quota show"
  }
}
[2026-05-18 09:16:13] [Reviewer] 第1771章审查失败
[2026-05-18 09:16:14] [Reviewer] 正在审查第1772章...
[2026-05-18 09:16:57] [Reviewer] 第1772章审查完成，评分: 7.8， verdict: 需修改
[2026-05-18 09:16:58] [Reviewer] 正在审查第1773章...
[2026-05-18 09:17:00] [ERROR] mmx call failed (rc=4): {
  "error": {
    "code": 4,
    "message": "Rate limit or quota exceeded. Token Plan 主要面向个人开发者的交互式使用场景。当前请求量较高，请稍后重试；如需支持更高并发或自动化任务，建议升级至更高级别套餐，或使用按量付费 API。 (2062)",
    "hint": "Check usage: mmx quota show"
  }
}
[2026-05-18 09:17:00] [Reviewer] 第1773章审查失败
[2026-05-18 09:17:01] [Reviewer] 正在审查第1774章...
[2026-05-18 09:17:03] [ERROR] mmx call failed (rc=4): {
  "error": {
    "code": 4,
    "message": "Rate limit or quota exceeded. Token Plan 主要面向个人开发者的交互式使用场景。当前请求量较高，请稍后重试；如需支持更高并发或自动化任务，建议升级至更高级别套餐，或使用按量付费 API。 (2062)",
    "hint": "Check usage: mmx quota show"
  }
}
[2026-05-18 09:17:03] [Reviewer] 第1774章审查失败
[2026-05-18 09:17:04] [Reviewer] 正在审查第1775章...
[2026-05-18 09:17:07] [ERROR] mmx call failed (rc=4): {
  "error": {
    "code": 4,
    "message": "Rate limit or quota exceeded. Token Plan 主要面向个人开发者的交互式使用场景。当前请求量较高，请稍后重试；如需支持更高并发或自动化任务，建议升级至更高级别套餐，或使用按量付费 API。 (2062)",
    "hint": "Check usage: mmx quota show"
  }
}
[2026-05-18 09:17:07] [Reviewer] 第1775章审查失败
[2026-05-18 09:17:08] [Reviewer] 正在审查第1776章...
[2026-05-18 09:17:11] [ERROR] mmx call failed (rc=4): {
  "error": {
    "code": 4,
    "message": "Rate limit or quota exceeded. Token Plan 主要面向个人开发者的交互式使用场景。当前请求量较高，请稍后重试；如需支持更高并发或自动化任务，建议升级至更高级别套餐，或使用按量付费 API。 (2062)",
    "hint": "Check usage: mmx quota show"
  }
}
[2026-05-18 09:17:11] [Reviewer] 第1776章审查失败
[2026-05-18 09:17:12] [Reviewer] 正在审查第1777章...
[2026-05-18 09:17:13] [ERROR] mmx call failed (rc=4): {
  "error": {
    "code": 4,
    "message": "Rate limit or quota exceeded. Token Plan 主要面向个人开发者的交互式使用场景。当前请求量较高，请稍后重试；如需支持更高并发或自动化任务，建议升级至更高级别套餐，或使用按量付费 API。 (2062)",
    "hint": "Check usage: mmx quota show"
  }
}
[2026-05-18 09:17:13] [Reviewer] 第1777章审查失败
[2026-05-18 09:17:14] [Reviewer] 正在审查第1778章...
[2026-05-18 09:17:54] [Reviewer] 第1778章审查完成，评分: 7.5， verdict: 需修改
[2026-05-18 09:17:55] [Reviewer] 正在审查第1779章...
[2026-05-18 09:18:28] [Reviewer] 第1779章审查完成，评分: 8.0， verdict: 通过
[2026-05-18 09:18:29] [Reviewer] 正在审查第1780章...
[2026-05-18 09:19:20] [Reviewer] 第1780章审查完成，评分: 7.8， verdict: 通过
[2026-05-18 09:19:21] [Reviewer] 全部完成
