============================================================
Reviewer Agent 启动
============================================================
[2026-05-18 09:14:18] [Reviewer] 第1507章已审查过，跳过
[2026-05-18 09:14:19] [Reviewer] 正在审查第1508章...
[2026-05-18 09:14:56] [Reviewer] 第1508章审查完成，评分: 8.2， verdict: 需修改
[2026-05-18 09:14:57] [Reviewer] 正在审查第1509章...
[2026-05-18 09:14:59] [ERROR] mmx call failed (rc=4): {
  "error": {
    "code": 4,
    "message": "Rate limit or quota exceeded. Token Plan 主要面向个人开发者的交互式使用场景。当前请求量较高，请稍后重试；如需支持更高并发或自动化任务，建议升级至更高级别套餐，或使用按量付费 API。 (2062)",
    "hint": "Check usage: mmx quota show"
  }
}
[2026-05-18 09:14:59] [Reviewer] 第1509章审查失败
[2026-05-18 09:15:00] [Reviewer] 正在审查第1510章...
[2026-05-18 09:15:05] [ERROR] mmx call failed (rc=4): {
  "error": {
    "code": 4,
    "message": "Rate limit or quota exceeded. Token Plan 主要面向个人开发者的交互式使用场景。当前请求量较高，请稍后重试；如需支持更高并发或自动化任务，建议升级至更高级别套餐，或使用按量付费 API。 (2062)",
    "hint": "Check usage: mmx quota show"
  }
}
[2026-05-18 09:15:05] [Reviewer] 第1510章审查失败
[2026-05-18 09:15:06] [Reviewer] 正在审查第1511章...
[2026-05-18 09:15:08] [ERROR] mmx call failed (rc=4): {
  "error": {
    "code": 4,
    "message": "Rate limit or quota exceeded. Token Plan 主要面向个人开发者的交互式使用场景。当前请求量较高，请稍后重试；如需支持更高并发或自动化任务，建议升级至更高级别套餐，或使用按量付费 API。 (2062)",
    "hint": "Check usage: mmx quota show"
  }
}
[2026-05-18 09:15:08] [Reviewer] 第1511章审查失败
[2026-05-18 09:15:09] [Reviewer] 正在审查第1512章...
[2026-05-18 09:15:14] [ERROR] mmx call failed (rc=4): {
  "error": {
    "code": 4,
    "message": "Rate limit or quota exceeded. Token Plan 主要面向个人开发者的交互式使用场景。当前请求量较高，请稍后重试；如需支持更高并发或自动化任务，建议升级至更高级别套餐，或使用按量付费 API。 (2062)",
    "hint": "Check usage: mmx quota show"
  }
}
[2026-05-18 09:15:14] [Reviewer] 第1512章审查失败
[2026-05-18 09:15:15] [Reviewer] 正在审查第1513章...
[2026-05-18 09:15:55] [Reviewer] 第1513章审查完成，评分: 7.5， verdict: 需修改
[2026-05-18 09:15:56] [Reviewer] 正在审查第1514章...
[2026-05-18 09:15:59] [ERROR] mmx call failed (rc=4): {
  "error": {
    "code": 4,
    "message": "Rate limit or quota exceeded. Token Plan 主要面向个人开发者的交互式使用场景。当前请求量较高，请稍后重试；如需支持更高并发或自动化任务，建议升级至更高级别套餐，或使用按量付费 API。 (2062)",
    "hint": "Check usage: mmx quota show"
  }
}
[2026-05-18 09:15:59] [Reviewer] 第1514章审查失败
[2026-05-18 09:16:00] [Reviewer] 正在审查第1515章...
[2026-05-18 09:16:04] [ERROR] mmx call failed (rc=4): {
  "error": {
    "code": 4,
    "message": "Rate limit or quota exceeded. Token Plan 主要面向个人开发者的交互式使用场景。当前请求量较高，请稍后重试；如需支持更高并发或自动化任务，建议升级至更高级别套餐，或使用按量付费 API。 (2062)",
    "hint": "Check usage: mmx quota show"
  }
}
[2026-05-18 09:16:04] [Reviewer] 第1515章审查失败
[2026-05-18 09:16:05] [Reviewer] 正在审查第1516章...
[2026-05-18 09:16:08] [ERROR] mmx call failed (rc=4): {
  "error": {
    "code": 4,
    "message": "Rate limit or quota exceeded. Token Plan 主要面向个人开发者的交互式使用场景。当前请求量较高，请稍后重试；如需支持更高并发或自动化任务，建议升级至更高级别套餐，或使用按量付费 API。 (2062)",
    "hint": "Check usage: mmx quota show"
  }
}
[2026-05-18 09:16:08] [Reviewer] 第1516章审查失败
[2026-05-18 09:16:09] [Reviewer] 正在审查第1517章...
[2026-05-18 09:16:12] [ERROR] mmx call failed (rc=4): {
  "error": {
    "code": 4,
    "message": "Rate limit or quota exceeded. Token Plan 主要面向个人开发者的交互式使用场景。当前请求量较高，请稍后重试；如需支持更高并发或自动化任务，建议升级至更高级别套餐，或使用按量付费 API。 (2062)",
    "hint": "Check usage: mmx quota show"
  }
}
[2026-05-18 09:16:12] [Reviewer] 第1517章审查失败
[2026-05-18 09:16:14] [Reviewer] 正在审查第1518章...
[2026-05-18 09:16:54] [Reviewer] 第1518章审查完成，评分: 7.5， verdict: 需修改
[2026-05-18 09:16:55] [Reviewer] 正在审查第1519章...
[2026-05-18 09:16:58] [ERROR] mmx call failed (rc=4): {
  "error": {
    "code": 4,
    "message": "Rate limit or quota exceeded. Token Plan 主要面向个人开发者的交互式使用场景。当前请求量较高，请稍后重试；如需支持更高并发或自动化任务，建议升级至更高级别套餐，或使用按量付费 API。 (2062)",
    "hint": "Check usage: mmx quota show"
  }
}
[2026-05-18 09:16:58] [Reviewer] 第1519章审查失败
[2026-05-18 09:16:59] [Reviewer] 正在审查第1520章...
[2026-05-18 09:17:01] [ERROR] mmx call failed (rc=4): {
  "error": {
    "code": 4,
    "message": "Rate limit or quota exceeded. Token Plan 主要面向个人开发者的交互式使用场景。当前请求量较高，请稍后重试；如需支持更高并发或自动化任务，建议升级至更高级别套餐，或使用按量付费 API。 (2062)",
    "hint": "Check usage: mmx quota show"
  }
}
[2026-05-18 09:17:01] [Reviewer] 第1520章审查失败
[2026-05-18 09:17:02] [Reviewer] 全部完成
