============================================================
Reviewer Agent 启动
============================================================
[2026-05-18 08:51:35] [Reviewer] 正在审查第721章...
[2026-05-18 08:52:18] [Reviewer] 第721章审查完成，评分: 8.3， verdict: 通过
[2026-05-18 08:52:19] [Reviewer] 正在审查第722章...
[2026-05-18 08:53:08] [Reviewer] 第722章审查完成，评分: 7.5， verdict: 需修改
[2026-05-18 08:53:09] [Reviewer] 正在审查第723章...
[2026-05-18 08:53:46] [Reviewer] 第723章审查完成，评分: 8.5， verdict: 通过
[2026-05-18 08:53:47] [Reviewer] 正在审查第724章...
[2026-05-18 08:54:22] [Reviewer] 第724章审查完成，评分: 8.5， verdict: 通过
[2026-05-18 08:54:23] [Reviewer] 正在审查第725章...
[2026-05-18 08:55:03] [Reviewer] 第725章审查完成，评分: 7.8， verdict: 通过
[2026-05-18 08:55:04] [Reviewer] 正在审查第726章...
[2026-05-18 08:55:39] [Reviewer] 第726章审查完成，评分: 8.0， verdict: 通过
[2026-05-18 08:55:40] [Reviewer] 正在审查第727章...
[2026-05-18 08:56:12] [Reviewer] 第727章审查完成，评分: 6.5， verdict: 需修改
[2026-05-18 08:56:13] [Reviewer] 正在审查第728章...
[2026-05-18 08:56:43] [Reviewer] 第728章审查完成，评分: 7.8， verdict: 需修改
[2026-05-18 08:56:44] [Reviewer] 正在审查第729章...
[2026-05-18 08:57:14] [Reviewer] 第729章审查完成，评分: 8.3， verdict: 通过
[2026-05-18 08:57:15] [Reviewer] 正在审查第730章...
[2026-05-18 08:57:40] [Reviewer] 第730章审查完成，评分: 8.5， verdict: 通过
[2026-05-18 08:57:41] [Reviewer] 正在审查第731章...
[2026-05-18 08:58:12] [Reviewer] 第731章审查完成，评分: 8.5， verdict: 通过
[2026-05-18 08:58:13] [Reviewer] 正在审查第732章...
[2026-05-18 08:58:47] [Reviewer] 第732章审查完成，评分: 8.0， verdict: 通过
[2026-05-18 08:58:48] [Reviewer] 正在审查第733章...
[2026-05-18 08:59:25] [Reviewer] 第733章审查完成，评分: 8.0， verdict: 通过
[2026-05-18 08:59:26] [Reviewer] 正在审查第734章...
[2026-05-18 08:59:57] [Reviewer] 第734章审查完成，评分: 8.5， verdict: 通过
[2026-05-18 08:59:58] [Reviewer] 正在审查第735章...
[2026-05-18 09:00:30] [Reviewer] 第735章审查完成，评分: 8.5， verdict: 通过
[2026-05-18 09:00:31] [Reviewer] 正在审查第736章...
[2026-05-18 09:01:16] [Reviewer] 第736章审查完成，评分: 8.0， verdict: 通过
[2026-05-18 09:01:17] [Reviewer] 正在审查第737章...
[2026-05-18 09:01:57] [Reviewer] 第737章审查完成，评分: 7.5， verdict: 需修改
[2026-05-18 09:01:58] [Reviewer] 正在审查第738章...
[2026-05-18 09:02:32] [Reviewer] 第738章审查完成，评分: 8.5， verdict: 通过
[2026-05-18 09:02:33] [Reviewer] 正在审查第739章...
[2026-05-18 09:03:14] [Reviewer] 第739章审查完成，评分: 7.5， verdict: 需修改
[2026-05-18 09:03:15] [Reviewer] 正在审查第740章...
[2026-05-18 09:03:52] [Reviewer] 第740章审查完成，评分: 8.2， verdict: 通过
[2026-05-18 09:03:53] [Reviewer] 正在审查第741章...
[2026-05-18 09:04:38] [Reviewer] 第741章审查完成，评分: 8.0， verdict: 需修改
[2026-05-18 09:04:39] [Reviewer] 正在审查第742章...
[2026-05-18 09:05:18] [Reviewer] 第742章审查完成，评分: 8.2， verdict: 通过
[2026-05-18 09:05:19] [Reviewer] 正在审查第743章...
[2026-05-18 09:05:53] [Reviewer] 第743章审查完成，评分: 7.5， verdict: 需修改
[2026-05-18 09:05:54] [Reviewer] 正在审查第744章...
[2026-05-18 09:06:29] [Reviewer] 第744章审查完成，评分: 8.2， verdict: 通过
[2026-05-18 09:06:30] [Reviewer] 正在审查第745章...
[2026-05-18 09:07:03] [Reviewer] 第745章审查完成，评分: 8.5， verdict: 通过
[2026-05-18 09:07:04] [Reviewer] 全部完成
