============================================================
Reviewer Agent 启动
============================================================
[2026-05-18 09:14:17] [Reviewer] 第1307章已审查过，跳过
[2026-05-18 09:14:18] [Reviewer] 正在审查第1308章...
[2026-05-18 09:15:02] [Reviewer] 第1308章审查完成，评分: 8.2， verdict: 通过
[2026-05-18 09:15:03] [Reviewer] 正在审查第1309章...
[2026-05-18 09:15:05] [ERROR] mmx call failed (rc=4): {
  "error": {
    "code": 4,
    "message": "Rate limit or quota exceeded. Token Plan 主要面向个人开发者的交互式使用场景。当前请求量较高，请稍后重试；如需支持更高并发或自动化任务，建议升级至更高级别套餐，或使用按量付费 API。 (2062)",
    "hint": "Check usage: mmx quota show"
  }
}
[2026-05-18 09:15:05] [Reviewer] 第1309章审查失败
[2026-05-18 09:15:07] [Reviewer] 正在审查第1310章...
[2026-05-18 09:15:11] [ERROR] mmx call failed (rc=4): {
  "error": {
    "code": 4,
    "message": "Rate limit or quota exceeded. Token Plan 主要面向个人开发者的交互式使用场景。当前请求量较高，请稍后重试；如需支持更高并发或自动化任务，建议升级至更高级别套餐，或使用按量付费 API。 (2062)",
    "hint": "Check usage: mmx quota show"
  }
}
[2026-05-18 09:15:11] [Reviewer] 第1310章审查失败
[2026-05-18 09:15:12] [Reviewer] 正在审查第1311章...
[2026-05-18 09:15:54] [Reviewer] 第1311章审查完成，评分: 7.5， verdict: 需修改
[2026-05-18 09:15:55] [Reviewer] 正在审查第1312章...
[2026-05-18 09:15:57] [ERROR] mmx call failed (rc=4): {
  "error": {
    "code": 4,
    "message": "Rate limit or quota exceeded. Token Plan 主要面向个人开发者的交互式使用场景。当前请求量较高，请稍后重试；如需支持更高并发或自动化任务，建议升级至更高级别套餐，或使用按量付费 API。 (2062)",
    "hint": "Check usage: mmx quota show"
  }
}
[2026-05-18 09:15:57] [Reviewer] 第1312章审查失败
[2026-05-18 09:15:58] [Reviewer] 正在审查第1313章...
[2026-05-18 09:16:02] [ERROR] mmx call failed (rc=4): {
  "error": {
    "code": 4,
    "message": "Rate limit or quota exceeded. Token Plan 主要面向个人开发者的交互式使用场景。当前请求量较高，请稍后重试；如需支持更高并发或自动化任务，建议升级至更高级别套餐，或使用按量付费 API。 (2062)",
    "hint": "Check usage: mmx quota show"
  }
}
[2026-05-18 09:16:02] [Reviewer] 第1313章审查失败
[2026-05-18 09:16:03] [Reviewer] 正在审查第1314章...
[2026-05-18 09:16:05] [ERROR] mmx call failed (rc=4): {
  "error": {
    "code": 4,
    "message": "Rate limit or quota exceeded. Token Plan 主要面向个人开发者的交互式使用场景。当前请求量较高，请稍后重试；如需支持更高并发或自动化任务，建议升级至更高级别套餐，或使用按量付费 API。 (2062)",
    "hint": "Check usage: mmx quota show"
  }
}
[2026-05-18 09:16:05] [Reviewer] 第1314章审查失败
[2026-05-18 09:16:06] [Reviewer] 正在审查第1315章...
[2026-05-18 09:16:12] [ERROR] mmx call failed (rc=4): {
  "error": {
    "code": 4,
    "message": "Rate limit or quota exceeded. Token Plan 主要面向个人开发者的交互式使用场景。当前请求量较高，请稍后重试；如需支持更高并发或自动化任务，建议升级至更高级别套餐，或使用按量付费 API。 (2062)",
    "hint": "Check usage: mmx quota show"
  }
}
[2026-05-18 09:16:12] [Reviewer] 第1315章审查失败
[2026-05-18 09:16:13] [Reviewer] 正在审查第1316章...
[2026-05-18 09:16:45] [Reviewer] 第1316章审查完成，评分: 7.5， verdict: 需修改
[2026-05-18 09:16:46] [Reviewer] 正在审查第1317章...
[2026-05-18 09:16:47] [ERROR] mmx call failed (rc=4): {
  "error": {
    "code": 4,
    "message": "Rate limit or quota exceeded. Token Plan 主要面向个人开发者的交互式使用场景。当前请求量较高，请稍后重试；如需支持更高并发或自动化任务，建议升级至更高级别套餐，或使用按量付费 API。 (2062)",
    "hint": "Check usage: mmx quota show"
  }
}
[2026-05-18 09:16:47] [Reviewer] 第1317章审查失败
[2026-05-18 09:16:48] [Reviewer] 正在审查第1318章...
[2026-05-18 09:16:49] [ERROR] mmx call failed (rc=4): {
  "error": {
    "code": 4,
    "message": "Rate limit or quota exceeded. Token Plan 主要面向个人开发者的交互式使用场景。当前请求量较高，请稍后重试；如需支持更高并发或自动化任务，建议升级至更高级别套餐，或使用按量付费 API。 (2062)",
    "hint": "Check usage: mmx quota show"
  }
}
[2026-05-18 09:16:49] [Reviewer] 第1318章审查失败
[2026-05-18 09:16:50] [Reviewer] 正在审查第1319章...
[2026-05-18 09:16:51] [ERROR] mmx call failed (rc=4): {
  "error": {
    "code": 4,
    "message": "Rate limit or quota exceeded. Token Plan 主要面向个人开发者的交互式使用场景。当前请求量较高，请稍后重试；如需支持更高并发或自动化任务，建议升级至更高级别套餐，或使用按量付费 API。 (2062)",
    "hint": "Check usage: mmx quota show"
  }
}
[2026-05-18 09:16:51] [Reviewer] 第1319章审查失败
[2026-05-18 09:16:52] [Reviewer] 正在审查第1320章...
[2026-05-18 09:16:53] [ERROR] mmx call failed (rc=4): {
  "error": {
    "code": 4,
    "message": "Rate limit or quota exceeded. Token Plan 主要面向个人开发者的交互式使用场景。当前请求量较高，请稍后重试；如需支持更高并发或自动化任务，建议升级至更高级别套餐，或使用按量付费 API。 (2062)",
    "hint": "Check usage: mmx quota show"
  }
}
[2026-05-18 09:16:53] [Reviewer] 第1320章审查失败
[2026-05-18 09:16:54] [Reviewer] 全部完成
