[2026-05-17 08:03:23] [FixParse] 发现 31 个 parse_error 章节: [165, 230, 316, 317, 375, 553, 556, 582, 773, 817, 1018, 1179, 1207, 1212, 1218, 1257, 1285, 1332, 1416, 1423, 1500, 1501, 1546, 1677, 1696, 1745, 1799, 1848, 1952, 1988, 2000]
[2026-05-17 08:03:59] [FixParse] 第165章修复失败: no_file - 
[2026-05-17 08:04:01] [FixParse] 第230章修复成功，评分: 8.5 (1/31)
[2026-05-17 08:04:01] [FixParse] 第316章修复失败: still_error - 
[2026-05-17 08:04:37] [FixParse] 第317章修复成功，评分: 8.0 (2/31)
[2026-05-17 08:04:41] [FixParse] 第375章修复成功，评分: 8.5 (3/31)
[2026-05-17 08:04:47] [FixParse] 第553章修复成功，评分: 8.5 (4/31)
[2026-05-17 08:05:14] [FixParse] 第556章修复成功，评分: 8.5 (5/31)
[2026-05-17 08:05:24] [FixParse] 第773章修复成功，评分: 8.5 (6/31)
[2026-05-17 08:05:27] [FixParse] 第582章修复成功，评分: 8.5 (7/31)
[2026-05-17 08:05:49] [FixParse] 第817章修复成功，评分: 8.5 (8/31)
[2026-05-17 08:06:02] [FixParse] 第1018章修复成功，评分: 8.5 (9/31)
[2026-05-17 08:06:13] [FixParse] 第1179章修复成功，评分: 8.2 (10/31)
[2026-05-17 08:06:36] [FixParse] 第1207章修复成功，评分: 8.5 (11/31)
[2026-05-17 08:06:38] [FixParse] 第1212章修复成功，评分: 8.5 (12/31)
[2026-05-17 08:06:58] [FixParse] 第1218章修复成功，评分: 8.5 (13/31)
[2026-05-17 08:07:14] [FixParse] 第1257章修复成功，评分: 8.2 (14/31)
[2026-05-17 08:07:18] [FixParse] 第1285章修复成功，评分: 8.5 (15/31)
[2026-05-17 08:07:34] [FixParse] 第1332章修复成功，评分: 8.5 (16/31)
[2026-05-17 08:07:53] [FixParse] 第1416章修复成功，评分: 7.5 (17/31)
[2026-05-17 08:07:56] [FixParse] 第1423章修复成功，评分: 8.5 (18/31)
[2026-05-17 08:08:15] [FixParse] 第1500章修复成功，评分: 8.5 (19/31)
[2026-05-17 08:08:29] [FixParse] 第1546章修复成功，评分: 8.5 (20/31)
[2026-05-17 08:08:30] [FixParse] 第1501章修复成功，评分: 8.0 (21/31)
[2026-05-17 08:08:58] [FixParse] 第1677章修复成功，评分: 8.5 (22/31)
[2026-05-17 08:09:09] [FixParse] 第1745章修复成功，评分: 7.5 (23/31)
[2026-05-17 08:09:09] [FixParse] 第1696章修复成功，评分: 8.5 (24/31)
[2026-05-17 08:09:34] [FixParse] 第1799章修复成功，评分: 8.5 (25/31)
[2026-05-17 08:09:52] [FixParse] 第1952章修复成功，评分: 8.5 (26/31)
[2026-05-17 08:09:56] [FixParse] 第1848章修复成功，评分: 8.2 (27/31)
[2026-05-17 08:10:00] [FixParse] 第1988章修复成功，评分: 7.5 (28/31)
[2026-05-17 08:10:27] [FixParse] 第2000章修复成功，评分: 8.5 (29/31)
[2026-05-17 08:10:27] [FixParse] 完成: 成功 29, 失败 2
