[2026-05-17 17:35:43] [Main] 企业微信进度推送已启动（每2分钟）
[2026-05-17 17:35:43] 缺失: 2000 章, 共 1 段
[2026-05-17 17:35:43]   1-2000 (2000章)
[2026-05-17 17:35:43] [Main] 启动 1 个并发 Worker 生成 1 段缺失章节
[2026-05-17 17:35:43] [Worker] 开始生成第1-2000章
[2026-05-17 17:37:43] [WeChat] 进度已推送: 初稿0/2000
[2026-05-17 17:39:43] [WeChat] 进度已推送: 初稿2/2000
[2026-05-17 17:41:44] [WeChat] 进度已推送: 初稿3/2000
[2026-05-17 17:43:44] [WeChat] 进度已推送: 初稿4/2000
[2026-05-17 17:45:44] [WeChat] 进度已推送: 初稿5/2000
[2026-05-17 17:47:44] [WeChat] 进度已推送: 初稿7/2000
[2026-05-17 17:49:45] [WeChat] 进度已推送: 初稿8/2000
[2026-05-17 17:51:45] [WeChat] 进度已推送: 初稿9/2000
[2026-05-17 17:53:45] [WeChat] 进度已推送: 初稿10/2000
[2026-05-17 17:55:45] [WeChat] 进度已推送: 初稿11/2000
[2026-05-17 23:55:05] [Main] 企业微信进度推送已启动（每2分钟）
[2026-05-17 23:55:05] 缺失: 395 章, 共 313 段
[2026-05-17 23:55:05]   8-8 (1章)
[2026-05-17 23:55:05]   13-13 (1章)
[2026-05-17 23:55:05]   17-17 (1章)
[2026-05-17 23:55:05]   21-22 (2章)
[2026-05-17 23:55:05]   26-26 (1章)
[2026-05-17 23:55:05]   30-30 (1章)
[2026-05-17 23:55:05]   34-34 (1章)
[2026-05-17 23:55:05]   36-37 (2章)
[2026-05-17 23:55:05]   40-41 (2章)
[2026-05-17 23:55:05]   45-46 (2章)
[2026-05-17 23:55:05]   48-48 (1章)
[2026-05-17 23:55:05]   52-52 (1章)
[2026-05-17 23:55:05]   57-57 (1章)
[2026-05-17 23:55:05]   67-67 (1章)
[2026-05-17 23:55:05]   79-79 (1章)
[2026-05-17 23:55:05]   86-86 (1章)
[2026-05-17 23:55:05]   97-97 (1章)
[2026-05-17 23:55:05]   99-99 (1章)
[2026-05-17 23:55:05]   104-104 (1章)
[2026-05-17 23:55:05]   111-111 (1章)
[2026-05-17 23:55:05]   114-116 (3章)
[2026-05-17 23:55:05]   122-122 (1章)
[2026-05-17 23:55:05]   131-131 (1章)
[2026-05-17 23:55:05]   133-133 (1章)
[2026-05-17 23:55:05]   145-145 (1章)
[2026-05-17 23:55:05]   150-150 (1章)
[2026-05-17 23:55:05]   163-163 (1章)
[2026-05-17 23:55:05]   168-168 (1章)
[2026-05-17 23:55:05]   172-172 (1章)
[2026-05-17 23:55:05]   174-174 (1章)
[2026-05-17 23:55:05]   205-205 (1章)
[2026-05-17 23:55:05]   208-208 (1章)
[2026-05-17 23:55:05]   219-219 (1章)
[2026-05-17 23:55:05]   224-224 (1章)
[2026-05-17 23:55:05]   240-240 (1章)
[2026-05-17 23:55:05]   243-243 (1章)
[2026-05-17 23:55:05]   252-252 (1章)
[2026-05-17 23:55:05]   262-265 (4章)
[2026-05-17 23:55:05]   273-278 (6章)
[2026-05-17 23:55:05]   282-282 (1章)
[2026-05-17 23:55:05]   284-284 (1章)
[2026-05-17 23:55:05]   292-292 (1章)
[2026-05-17 23:55:05]   297-297 (1章)
[2026-05-17 23:55:05]   299-299 (1章)
[2026-05-17 23:55:05]   311-311 (1章)
[2026-05-17 23:55:05]   316-316 (1章)
[2026-05-17 23:55:05]   319-319 (1章)
[2026-05-17 23:55:05]   321-321 (1章)
[2026-05-17 23:55:05]   327-327 (1章)
[2026-05-17 23:55:05]   360-360 (1章)
[2026-05-17 23:55:05]   365-365 (1章)
[2026-05-17 23:55:05]   367-368 (2章)
[2026-05-17 23:55:05]   379-379 (1章)
[2026-05-17 23:55:05]   382-382 (1章)
[2026-05-17 23:55:05]   386-386 (1章)
[2026-05-17 23:55:05]   398-401 (4章)
[2026-05-17 23:55:05]   409-409 (1章)
[2026-05-17 23:55:05]   411-411 (1章)
[2026-05-17 23:55:05]   420-420 (1章)
[2026-05-17 23:55:05]   425-425 (1章)
[2026-05-17 23:55:05]   430-430 (1章)
[2026-05-17 23:55:05]   441-442 (2章)
[2026-05-17 23:55:05]   451-453 (3章)
[2026-05-17 23:55:05]   458-458 (1章)
[2026-05-17 23:55:05]   464-464 (1章)
[2026-05-17 23:55:05]   467-467 (1章)
[2026-05-17 23:55:05]   470-470 (1章)
[2026-05-17 23:55:05]   472-472 (1章)
[2026-05-17 23:55:05]   485-486 (2章)
[2026-05-17 23:55:05]   495-495 (1章)
[2026-05-17 23:55:05]   498-498 (1章)
[2026-05-17 23:55:05]   510-510 (1章)
[2026-05-17 23:55:05]   515-515 (1章)
[2026-05-17 23:55:05]   518-518 (1章)
[2026-05-17 23:55:05]   530-533 (4章)
[2026-05-17 23:55:05]   536-536 (1章)
[2026-05-17 23:55:05]   541-541 (1章)
[2026-05-17 23:55:05]   543-543 (1章)
[2026-05-17 23:55:05]   561-561 (1章)
[2026-05-17 23:55:05]   565-565 (1章)
[2026-05-17 23:55:05]   573-573 (1章)
[2026-05-17 23:55:05]   575-575 (1章)
[2026-05-17 23:55:05]   583-583 (1章)
[2026-05-17 23:55:05]   588-588 (1章)
[2026-05-17 23:55:05]   606-608 (3章)
[2026-05-17 23:55:05]   615-615 (1章)
[2026-05-17 23:55:05]   618-618 (1章)
[2026-05-17 23:55:05]   629-629 (1章)
[2026-05-17 23:55:05]   631-631 (1章)
[2026-05-17 23:55:05]   633-633 (1章)
[2026-05-17 23:55:05]   638-639 (2章)
[2026-05-17 23:55:05]   644-644 (1章)
[2026-05-17 23:55:05]   646-648 (3章)
[2026-05-17 23:55:05]   654-654 (1章)
[2026-05-17 23:55:05]   670-671 (2章)
[2026-05-17 23:55:05]   679-679 (1章)
[2026-05-17 23:55:05]   721-721 (1章)
[2026-05-17 23:55:05]   725-726 (2章)
[2026-05-17 23:55:05]   728-728 (1章)
[2026-05-17 23:55:05]   733-736 (4章)
[2026-05-17 23:55:05]   739-739 (1章)
[2026-05-17 23:55:05]   741-741 (1章)
[2026-05-17 23:55:05]   750-750 (1章)
[2026-05-17 23:55:05]   759-759 (1章)
[2026-05-17 23:55:05]   767-767 (1章)
[2026-05-17 23:55:05]   776-776 (1章)
[2026-05-17 23:55:05]   784-784 (1章)
[2026-05-17 23:55:05]   786-786 (1章)
[2026-05-17 23:55:05]   788-788 (1章)
[2026-05-17 23:55:05]   797-797 (1章)
[2026-05-17 23:55:05]   800-800 (1章)
[2026-05-17 23:55:05]   810-810 (1章)
[2026-05-17 23:55:05]   813-813 (1章)
[2026-05-17 23:55:05]   820-820 (1章)
[2026-05-17 23:55:05]   825-825 (1章)
[2026-05-17 23:55:05]   831-831 (1章)
[2026-05-17 23:55:05]   834-834 (1章)
[2026-05-17 23:55:05]   836-836 (1章)
[2026-05-17 23:55:05]   839-839 (1章)
[2026-05-17 23:55:05]   844-844 (1章)
[2026-05-17 23:55:05]   854-854 (1章)
[2026-05-17 23:55:05]   859-859 (1章)
[2026-05-17 23:55:05]   861-861 (1章)
[2026-05-17 23:55:05]   868-868 (1章)
[2026-05-17 23:55:05]   872-872 (1章)
[2026-05-17 23:55:05]   876-876 (1章)
[2026-05-17 23:55:05]   886-886 (1章)
[2026-05-17 23:55:05]   891-891 (1章)
[2026-05-17 23:55:05]   894-895 (2章)
[2026-05-17 23:55:05]   898-898 (1章)
[2026-05-17 23:55:05]   908-909 (2章)
[2026-05-17 23:55:05]   918-918 (1章)
[2026-05-17 23:55:05]   920-921 (2章)
[2026-05-17 23:55:05]   925-925 (1章)
[2026-05-17 23:55:05]   932-933 (2章)
[2026-05-17 23:55:05]   935-935 (1章)
[2026-05-17 23:55:05]   938-938 (1章)
[2026-05-17 23:55:05]   947-948 (2章)
[2026-05-17 23:55:05]   955-955 (1章)
[2026-05-17 23:55:05]   958-958 (1章)
[2026-05-17 23:55:05]   964-964 (1章)
[2026-05-17 23:55:05]   971-971 (1章)
[2026-05-17 23:55:05]   977-977 (1章)
[2026-05-17 23:55:05]   985-985 (1章)
[2026-05-17 23:55:05]   990-990 (1章)
[2026-05-17 23:55:05]   992-992 (1章)
[2026-05-17 23:55:05]   995-995 (1章)
[2026-05-17 23:55:05]   1009-1009 (1章)
[2026-05-17 23:55:05]   1011-1011 (1章)
[2026-05-17 23:55:05]   1019-1019 (1章)
[2026-05-17 23:55:05]   1026-1026 (1章)
[2026-05-17 23:55:05]   1029-1029 (1章)
[2026-05-17 23:55:05]   1031-1031 (1章)
[2026-05-17 23:55:05]   1034-1035 (2章)
[2026-05-17 23:55:05]   1039-1039 (1章)
[2026-05-17 23:55:05]   1045-1045 (1章)
[2026-05-17 23:55:05]   1053-1053 (1章)
[2026-05-17 23:55:05]   1061-1061 (1章)
[2026-05-17 23:55:05]   1063-1064 (2章)
[2026-05-17 23:55:05]   1068-1068 (1章)
[2026-05-17 23:55:05]   1076-1076 (1章)
[2026-05-17 23:55:05]   1081-1081 (1章)
[2026-05-17 23:55:05]   1085-1085 (1章)
[2026-05-17 23:55:05]   1089-1089 (1章)
[2026-05-17 23:55:05]   1092-1092 (1章)
[2026-05-17 23:55:05]   1094-1094 (1章)
[2026-05-17 23:55:05]   1106-1106 (1章)
[2026-05-17 23:55:05]   1108-1109 (2章)
[2026-05-17 23:55:05]   1111-1112 (2章)
[2026-05-17 23:55:05]   1119-1119 (1章)
[2026-05-17 23:55:05]   1122-1122 (1章)
[2026-05-17 23:55:05]   1126-1126 (1章)
[2026-05-17 23:55:05]   1128-1128 (1章)
[2026-05-17 23:55:05]   1132-1132 (1章)
[2026-05-17 23:55:05]   1139-1139 (1章)
[2026-05-17 23:55:05]   1141-1141 (1章)
[2026-05-17 23:55:05]   1145-1145 (1章)
[2026-05-17 23:55:05]   1153-1155 (3章)
[2026-05-17 23:55:05]   1161-1161 (1章)
[2026-05-17 23:55:05]   1166-1166 (1章)
[2026-05-17 23:55:05]   1169-1170 (2章)
[2026-05-17 23:55:05]   1172-1174 (3章)
[2026-05-17 23:55:05]   1187-1187 (1章)
[2026-05-17 23:55:05]   1197-1197 (1章)
[2026-05-17 23:55:05]   1206-1206 (1章)
[2026-05-17 23:55:05]   1208-1208 (1章)
[2026-05-17 23:55:05]   1215-1215 (1章)
[2026-05-17 23:55:05]   1222-1222 (1章)
[2026-05-17 23:55:05]   1224-1224 (1章)
[2026-05-17 23:55:05]   1232-1233 (2章)
[2026-05-17 23:55:05]   1240-1241 (2章)
[2026-05-17 23:55:05]   1248-1248 (1章)
[2026-05-17 23:55:05]   1251-1251 (1章)
[2026-05-17 23:55:05]   1253-1253 (1章)
[2026-05-17 23:55:05]   1257-1258 (2章)
[2026-05-17 23:55:05]   1262-1263 (2章)
[2026-05-17 23:55:05]   1266-1266 (1章)
[2026-05-17 23:55:05]   1268-1268 (1章)
[2026-05-17 23:55:05]   1270-1271 (2章)
[2026-05-17 23:55:05]   1274-1274 (1章)
[2026-05-17 23:55:05]   1288-1288 (1章)
[2026-05-17 23:55:05]   1293-1293 (1章)
[2026-05-17 23:55:05]   1296-1296 (1章)
[2026-05-17 23:55:05]   1310-1311 (2章)
[2026-05-17 23:55:05]   1320-1320 (1章)
[2026-05-17 23:55:05]   1324-1324 (1章)
[2026-05-17 23:55:05]   1326-1326 (1章)
[2026-05-17 23:55:05]   1330-1330 (1章)
[2026-05-17 23:55:05]   1345-1345 (1章)
[2026-05-17 23:55:05]   1350-1350 (1章)
[2026-05-17 23:55:05]   1359-1359 (1章)
[2026-05-17 23:55:05]   1364-1365 (2章)
[2026-05-17 23:55:05]   1367-1367 (1章)
[2026-05-17 23:55:05]   1397-1397 (1章)
[2026-05-17 23:55:05]   1399-1399 (1章)
[2026-05-17 23:55:05]   1401-1401 (1章)
[2026-05-17 23:55:05]   1411-1411 (1章)
[2026-05-17 23:55:05]   1415-1415 (1章)
[2026-05-17 23:55:05]   1424-1424 (1章)
[2026-05-17 23:55:05]   1435-1435 (1章)
[2026-05-17 23:55:05]   1437-1437 (1章)
[2026-05-17 23:55:05]   1442-1442 (1章)
[2026-05-17 23:55:05]   1444-1445 (2章)
[2026-05-17 23:55:05]   1448-1448 (1章)
[2026-05-17 23:55:05]   1453-1453 (1章)
[2026-05-17 23:55:05]   1459-1459 (1章)
[2026-05-17 23:55:05]   1464-1464 (1章)
[2026-05-17 23:55:05]   1467-1467 (1章)
[2026-05-17 23:55:05]   1470-1471 (2章)
[2026-05-17 23:55:05]   1474-1476 (3章)
[2026-05-17 23:55:05]   1489-1489 (1章)
[2026-05-17 23:55:05]   1495-1495 (1章)
[2026-05-17 23:55:05]   1504-1504 (1章)
[2026-05-17 23:55:05]   1507-1507 (1章)
[2026-05-17 23:55:05]   1510-1510 (1章)
[2026-05-17 23:55:05]   1522-1522 (1章)
[2026-05-17 23:55:05]   1529-1529 (1章)
[2026-05-17 23:55:05]   1533-1533 (1章)
[2026-05-17 23:55:05]   1535-1535 (1章)
[2026-05-17 23:55:05]   1556-1556 (1章)
[2026-05-17 23:55:05]   1561-1561 (1章)
[2026-05-17 23:55:05]   1573-1573 (1章)
[2026-05-17 23:55:05]   1578-1578 (1章)
[2026-05-17 23:55:05]   1582-1582 (1章)
[2026-05-17 23:55:05]   1587-1588 (2章)
[2026-05-17 23:55:05]   1592-1592 (1章)
[2026-05-17 23:55:05]   1594-1594 (1章)
[2026-05-17 23:55:05]   1596-1596 (1章)
[2026-05-17 23:55:05]   1600-1600 (1章)
[2026-05-17 23:55:05]   1604-1604 (1章)
[2026-05-17 23:55:05]   1613-1613 (1章)
[2026-05-17 23:55:05]   1627-1627 (1章)
[2026-05-17 23:55:05]   1630-1632 (3章)
[2026-05-17 23:55:05]   1634-1634 (1章)
[2026-05-17 23:55:05]   1637-1637 (1章)
[2026-05-17 23:55:05]   1639-1639 (1章)
[2026-05-17 23:55:05]   1641-1641 (1章)
[2026-05-17 23:55:05]   1644-1644 (1章)
[2026-05-17 23:55:05]   1646-1646 (1章)
[2026-05-17 23:55:05]   1650-1651 (2章)
[2026-05-17 23:55:05]   1653-1653 (1章)
[2026-05-17 23:55:05]   1666-1666 (1章)
[2026-05-17 23:55:05]   1668-1670 (3章)
[2026-05-17 23:55:05]   1692-1692 (1章)
[2026-05-17 23:55:05]   1694-1694 (1章)
[2026-05-17 23:55:05]   1698-1698 (1章)
[2026-05-17 23:55:05]   1702-1702 (1章)
[2026-05-17 23:55:05]   1705-1705 (1章)
[2026-05-17 23:55:05]   1708-1708 (1章)
[2026-05-17 23:55:05]   1728-1728 (1章)
[2026-05-17 23:55:05]   1731-1731 (1章)
[2026-05-17 23:55:05]   1739-1740 (2章)
[2026-05-17 23:55:05]   1747-1747 (1章)
[2026-05-17 23:55:05]   1753-1753 (1章)
[2026-05-17 23:55:05]   1755-1755 (1章)
[2026-05-17 23:55:05]   1759-1759 (1章)
[2026-05-17 23:55:05]   1771-1773 (3章)
[2026-05-17 23:55:05]   1776-1776 (1章)
[2026-05-17 23:55:05]   1787-1787 (1章)
[2026-05-17 23:55:05]   1789-1789 (1章)
[2026-05-17 23:55:05]   1796-1797 (2章)
[2026-05-17 23:55:05]   1799-1799 (1章)
[2026-05-17 23:55:05]   1801-1801 (1章)
[2026-05-17 23:55:05]   1804-1804 (1章)
[2026-05-17 23:55:05]   1807-1807 (1章)
[2026-05-17 23:55:05]   1810-1811 (2章)
[2026-05-17 23:55:05]   1818-1819 (2章)
[2026-05-17 23:55:05]   1823-1823 (1章)
[2026-05-17 23:55:05]   1832-1834 (3章)
[2026-05-17 23:55:05]   1842-1842 (1章)
[2026-05-17 23:55:05]   1847-1848 (2章)
[2026-05-17 23:55:05]   1851-1851 (1章)
[2026-05-17 23:55:05]   1854-1854 (1章)
[2026-05-17 23:55:05]   1862-1862 (1章)
[2026-05-17 23:55:05]   1874-1875 (2章)
[2026-05-17 23:55:05]   1877-1877 (1章)
[2026-05-17 23:55:05]   1882-1883 (2章)
[2026-05-17 23:55:05]   1902-1902 (1章)
[2026-05-17 23:55:05]   1909-1909 (1章)
[2026-05-17 23:55:05]   1918-1918 (1章)
[2026-05-17 23:55:05]   1921-1921 (1章)
[2026-05-17 23:55:05]   1923-1923 (1章)
[2026-05-17 23:55:05]   1926-1926 (1章)
[2026-05-17 23:55:05]   1932-1932 (1章)
[2026-05-17 23:55:05]   1939-1939 (1章)
[2026-05-17 23:55:05]   1941-1941 (1章)
[2026-05-17 23:55:05]   1944-1945 (2章)
[2026-05-17 23:55:05]   1947-1947 (1章)
[2026-05-17 23:55:05]   1953-1955 (3章)
[2026-05-17 23:55:05]   1962-1964 (3章)
[2026-05-17 23:55:05]   1974-1974 (1章)
[2026-05-17 23:55:05]   1988-1988 (1章)
[2026-05-17 23:55:05]   1993-1993 (1章)
[2026-05-17 23:55:05] [Main] 启动 15 个并发 Worker 生成 313 段缺失章节
[2026-05-17 23:55:05] [Worker] 开始生成第8-8章
[2026-05-17 23:55:05] [Worker] 开始生成第13-13章
[2026-05-17 23:55:05] [Worker] 开始生成第17-17章
[2026-05-17 23:55:05] [Worker] 开始生成第26-26章
[2026-05-17 23:55:05] [Worker] 开始生成第21-22章
[2026-05-17 23:55:05] [Worker] 开始生成第30-30章
[2026-05-17 23:55:05] [Worker] 开始生成第34-34章
[2026-05-17 23:55:05] [Worker] 开始生成第36-37章
[2026-05-17 23:55:05] [Worker] 开始生成第40-41章
[2026-05-17 23:55:05] [Worker] 开始生成第45-46章
[2026-05-17 23:55:05] [Worker] 开始生成第48-48章
[2026-05-17 23:55:05] [Worker] 开始生成第52-52章
[2026-05-17 23:55:05] [Worker] 开始生成第67-67章
[2026-05-17 23:55:05] [Worker] 开始生成第57-57章
[2026-05-17 23:55:05] [Worker] 开始生成第79-79章
[2026-05-17 23:55:57] [Worker] 第48-48章完成，本范围生成 1 章
[2026-05-17 23:55:57] [Worker] 开始生成第86-86章
[2026-05-17 23:56:09] [Worker] 第67-67章完成，本范围生成 1 章
[2026-05-17 23:56:09] [Worker] 开始生成第97-97章
[2026-05-17 23:56:17] [Worker] 第57-57章完成，本范围生成 1 章
[2026-05-17 23:56:17] [Worker] 开始生成第99-99章
[2026-05-17 23:56:19] [Worker] 第17-17章完成，本范围生成 1 章
[2026-05-17 23:56:19] [Worker] 开始生成第104-104章
[2026-05-17 23:56:25] [Worker] 第26-26章完成，本范围生成 1 章
[2026-05-17 23:56:25] [Worker] 开始生成第111-111章
[2026-05-17 23:56:30] [Worker] 第8-8章完成，本范围生成 1 章
[2026-05-17 23:56:30] [Worker] 开始生成第114-116章
[2026-05-17 23:56:33] [Worker] 第79-79章完成，本范围生成 1 章
[2026-05-17 23:56:33] [Worker] 开始生成第122-122章
[2026-05-17 23:56:34] [Worker] 第52-52章完成，本范围生成 1 章
[2026-05-17 23:56:34] [Worker] 开始生成第131-131章
[2026-05-17 23:56:48] [Worker] 第13-13章完成，本范围生成 1 章
[2026-05-17 23:56:48] [Worker] 开始生成第133-133章
[2026-05-17 23:57:02] [Worker] 第30-30章完成，本范围生成 1 章
[2026-05-17 23:57:02] [Worker] 开始生成第145-145章
[2026-05-17 23:57:02] [Worker] 第34-34章完成，本范围生成 1 章
[2026-05-17 23:57:02] [Worker] 开始生成第150-150章
[2026-05-17 23:57:05] [WeChat] 进度已推送: 初稿1620/2000
[2026-05-17 23:57:20] [Worker] 第86-86章完成，本范围生成 1 章
[2026-05-17 23:57:20] [Worker] 开始生成第163-163章
[2026-05-17 23:57:22] [Worker] 第40-41章完成，本范围生成 2 章
[2026-05-17 23:57:22] [Worker] 开始生成第168-168章
[2026-05-17 23:57:23] [Worker] 第97-97章完成，本范围生成 1 章
[2026-05-17 23:57:23] [Worker] 开始生成第172-172章
[2026-05-17 23:57:32] [Worker] 第45-46章完成，本范围生成 2 章
[2026-05-17 23:57:32] [Worker] 开始生成第174-174章
[2026-05-17 23:57:34] [Worker] 第131-131章完成，本范围生成 1 章
[2026-05-17 23:57:34] [Worker] 开始生成第205-205章
[2026-05-17 23:57:34] [Worker] 第36-37章完成，本范围生成 2 章
[2026-05-17 23:57:34] [Worker] 开始生成第208-208章
[2026-05-17 23:57:37] [Worker] 第99-99章完成，本范围生成 1 章
[2026-05-17 23:57:37] [Worker] 开始生成第219-219章
[2026-05-17 23:57:52] [Worker] 第122-122章完成，本范围生成 1 章
[2026-05-17 23:57:52] [Worker] 开始生成第224-224章
[2026-05-17 23:57:56] [Worker] 第111-111章完成，本范围生成 1 章
[2026-05-17 23:57:56] [Worker] 开始生成第240-240章
[2026-05-17 23:58:03] [Worker] 第150-150章完成，本范围生成 1 章
[2026-05-17 23:58:03] [Worker] 开始生成第243-243章
[2026-05-17 23:58:07] [Worker] 第145-145章完成，本范围生成 1 章
[2026-05-17 23:58:07] [Worker] 开始生成第252-252章
[2026-05-17 23:58:16] [Worker] 第104-104章完成，本范围生成 1 章
[2026-05-17 23:58:16] [Worker] 开始生成第262-265章
[2026-05-17 23:58:18] [Worker] 第21-22章完成，本范围生成 2 章
[2026-05-17 23:58:18] [Worker] 开始生成第273-278章
[2026-05-17 23:58:40] [Worker] 第172-172章完成，本范围生成 1 章
[2026-05-17 23:58:40] [Worker] 开始生成第282-282章
[2026-05-17 23:58:44] [Worker] 第205-205章完成，本范围生成 1 章
[2026-05-17 23:58:44] [Worker] 开始生成第284-284章
[2026-05-17 23:58:47] [Worker] 第219-219章完成，本范围生成 1 章
[2026-05-17 23:58:47] [Worker] 开始生成第292-292章
[2026-05-17 23:58:55] [Worker] 第174-174章完成，本范围生成 1 章
[2026-05-17 23:58:55] [Worker] 开始生成第297-297章
[2026-05-17 23:59:05] [Worker] 第243-243章完成，本范围生成 1 章
[2026-05-17 23:59:05] [Worker] 开始生成第299-299章
[2026-05-17 23:59:06] [WeChat] 进度已推送: 初稿1639/2000
[2026-05-17 23:59:08] [Worker] 第163-163章完成，本范围生成 1 章
[2026-05-17 23:59:08] [Worker] 开始生成第311-311章
[2026-05-17 23:59:09] [Worker] 第240-240章完成，本范围生成 1 章
[2026-05-17 23:59:09] [Worker] 开始生成第316-316章
[2026-05-17 23:59:10] [Worker] 第224-224章完成，本范围生成 1 章
[2026-05-17 23:59:10] [Worker] 开始生成第319-319章
[2026-05-17 23:59:16] [Worker] 第208-208章完成，本范围生成 1 章
[2026-05-17 23:59:16] [Worker] 开始生成第321-321章
[2026-05-17 23:59:20] [Worker] 第133-133章完成，本范围生成 1 章
[2026-05-17 23:59:20] [Worker] 开始生成第327-327章
[2026-05-17 23:59:27] [Worker] 第252-252章完成，本范围生成 1 章
[2026-05-17 23:59:27] [Worker] 开始生成第360-360章
[2026-05-17 23:59:28] [Worker] 第168-168章完成，本范围生成 1 章
[2026-05-17 23:59:28] [Worker] 开始生成第365-365章
[2026-05-17 23:59:46] [Worker] 第282-282章完成，本范围生成 1 章
[2026-05-17 23:59:46] [Worker] 开始生成第367-368章
[2026-05-17 23:59:57] [Worker] 第311-311章完成，本范围生成 1 章
[2026-05-17 23:59:57] [Worker] 开始生成第379-379章
[2026-05-18 00:00:05] [Worker] 第297-297章完成，本范围生成 1 章
[2026-05-18 00:00:05] [Worker] 开始生成第382-382章
[2026-05-18 00:00:09] [Worker] 第284-284章完成，本范围生成 1 章
[2026-05-18 00:00:09] [Worker] 开始生成第386-386章
[2026-05-18 00:00:13] [Worker] 第292-292章完成，本范围生成 1 章
[2026-05-18 00:00:13] [Worker] 开始生成第398-401章
[2026-05-18 00:00:18] [Worker] 第299-299章完成，本范围生成 1 章
[2026-05-18 00:00:18] [Worker] 开始生成第409-409章
[2026-05-18 00:00:24] [Worker] 第327-327章完成，本范围生成 1 章
[2026-05-18 00:00:24] [Worker] 开始生成第411-411章
[2026-05-18 00:00:29] [Worker] 第114-116章完成，本范围生成 3 章
[2026-05-18 00:00:29] [Worker] 开始生成第420-420章
[2026-05-18 00:00:34] [Worker] 第316-316章完成，本范围生成 1 章
[2026-05-18 00:00:34] [Worker] 开始生成第425-425章
[2026-05-18 00:00:36] [Worker] 第319-319章完成，本范围生成 1 章
[2026-05-18 00:00:36] [Worker] 开始生成第430-430章
[2026-05-18 00:00:38] [Worker] 第365-365章完成，本范围生成 1 章
[2026-05-18 00:00:38] [Worker] 开始生成第441-442章
[2026-05-18 00:00:44] [Worker] 第360-360章完成，本范围生成 1 章
[2026-05-18 00:00:44] [Worker] 开始生成第451-453章
[2026-05-18 00:00:49] [Worker] 第386-386章完成，本范围生成 1 章
[2026-05-18 00:00:49] [Worker] 开始生成第458-458章
[2026-05-18 00:01:00] [Worker] 第321-321章完成，本范围生成 1 章
[2026-05-18 00:01:00] [Worker] 开始生成第464-464章
[2026-05-18 00:01:06] [WeChat] 进度已推送: 初稿1663/2000
[2026-05-18 00:01:18] [Worker] 第379-379章完成，本范围生成 1 章
[2026-05-18 00:01:18] [Worker] 开始生成第467-467章
[2026-05-18 00:01:25] [Worker] 第382-382章完成，本范围生成 1 章
[2026-05-18 00:01:25] [Worker] 开始生成第470-470章
[2026-05-18 00:01:39] [Worker] 第420-420章完成，本范围生成 1 章
[2026-05-18 00:01:39] [Worker] 开始生成第472-472章
[2026-05-18 00:01:47] [Worker] 第409-409章完成，本范围生成 1 章
[2026-05-18 00:01:47] [Worker] 开始生成第485-486章
[2026-05-18 00:02:07] [Worker] 第425-425章完成，本范围生成 1 章
[2026-05-18 00:02:07] [Worker] 开始生成第495-495章
[2026-05-18 00:02:19] [Worker] 第467-467章完成，本范围生成 1 章
[2026-05-18 00:02:19] [Worker] 开始生成第498-498章
[2026-05-18 00:02:23] [Worker] 第411-411章完成，本范围生成 1 章
[2026-05-18 00:02:23] [Worker] 开始生成第510-510章
[2026-05-18 00:02:26] [Worker] 第464-464章完成，本范围生成 1 章
[2026-05-18 00:02:26] [Worker] 开始生成第515-515章
[2026-05-18 00:02:31] [Worker] 第367-368章完成，本范围生成 2 章
[2026-05-18 00:02:31] [Worker] 开始生成第518-518章
[2026-05-18 00:02:33] [Worker] 第458-458章完成，本范围生成 1 章
[2026-05-18 00:02:33] [Worker] 开始生成第530-533章
[2026-05-18 00:02:47] [Worker] 第430-430章完成，本范围生成 1 章
[2026-05-18 00:02:47] [Worker] 开始生成第536-536章
[2026-05-18 00:02:47] [Worker] 第470-470章完成，本范围生成 1 章
[2026-05-18 00:02:47] [Worker] 开始生成第541-541章
[2026-05-18 00:03:05] [Worker] 第441-442章完成，本范围生成 2 章
[2026-05-18 00:03:05] [Worker] 开始生成第543-543章
[2026-05-18 00:03:07] [WeChat] 进度已推送: 初稿1686/2000
[2026-05-18 00:03:17] [Worker] 第472-472章完成，本范围生成 1 章
[2026-05-18 00:03:17] [Worker] 开始生成第561-561章
[2026-05-18 00:03:26] [Worker] 第498-498章完成，本范围生成 1 章
[2026-05-18 00:03:26] [Worker] 开始生成第565-565章
[2026-05-18 00:03:33] [Worker] 第518-518章完成，本范围生成 1 章
[2026-05-18 00:03:33] [Worker] 开始生成第573-573章
[2026-05-18 00:03:44] [Worker] 第495-495章完成，本范围生成 1 章
[2026-05-18 00:03:44] [Worker] 开始生成第575-575章
[2026-05-18 00:03:58] [Worker] 第510-510章完成，本范围生成 1 章
[2026-05-18 00:03:58] [Worker] 开始生成第583-583章
[2026-05-18 00:04:00] [Worker] 第515-515章完成，本范围生成 1 章
[2026-05-18 00:04:00] [Worker] 开始生成第588-588章
[2026-05-18 00:04:07] [Worker] 第536-536章完成，本范围生成 1 章
[2026-05-18 00:04:07] [Worker] 开始生成第606-608章
[2026-05-18 00:04:30] [Worker] 第561-561章完成，本范围生成 1 章
[2026-05-18 00:04:30] [Worker] 开始生成第615-615章
[2026-05-18 00:04:32] [Worker] 第262-265章完成，本范围生成 4 章
[2026-05-18 00:04:32] [Worker] 开始生成第618-618章
[2026-05-18 00:04:41] [Worker] 第543-543章完成，本范围生成 1 章
[2026-05-18 00:04:41] [Worker] 开始生成第629-629章
[2026-05-18 00:04:43] [Worker] 第541-541章完成，本范围生成 1 章
[2026-05-18 00:04:43] [Worker] 开始生成第631-631章
[2026-05-18 00:05:01] [Worker] 第485-486章完成，本范围生成 2 章
[2026-05-18 00:05:01] [Worker] 开始生成第633-633章
[2026-05-18 00:05:07] [WeChat] 进度已推送: 初稿1702/2000
[2026-05-18 00:05:09] [Worker] 第565-565章完成，本范围生成 1 章
[2026-05-18 00:05:09] [Worker] 开始生成第638-639章
[2026-05-18 00:05:14] [Worker] 第575-575章完成，本范围生成 1 章
[2026-05-18 00:05:14] [Worker] 开始生成第644-644章
[2026-05-18 00:05:30] [Worker] 第588-588章完成，本范围生成 1 章
[2026-05-18 00:05:30] [Worker] 开始生成第646-648章
[2026-05-18 00:05:39] [Worker] 第583-583章完成，本范围生成 1 章
[2026-05-18 00:05:39] [Worker] 开始生成第654-654章
[2026-05-18 00:05:39] [Worker] 第398-401章完成，本范围生成 4 章
[2026-05-18 00:05:39] [Worker] 开始生成第670-671章
[2026-05-18 00:05:40] [Worker] 第451-453章完成，本范围生成 3 章
[2026-05-18 00:05:40] [Worker] 开始生成第679-679章
[2026-05-18 00:06:09] [Worker] 第573-573章完成，本范围生成 1 章
[2026-05-18 00:06:09] [Worker] 开始生成第721-721章
[2026-05-18 00:06:17] [Worker] 第629-629章完成，本范围生成 1 章
[2026-05-18 00:06:17] [Worker] 开始生成第725-726章
[2026-05-18 00:06:18] [Worker] 第615-615章完成，本范围生成 1 章
[2026-05-18 00:06:18] [Worker] 开始生成第728-728章
[2026-05-18 00:06:22] [Worker] 第618-618章完成，本范围生成 1 章
[2026-05-18 00:06:22] [Worker] 开始生成第733-736章
[2026-05-18 00:06:30] [Worker] 第644-644章完成，本范围生成 1 章
[2026-05-18 00:06:30] [Worker] 开始生成第739-739章
[2026-05-18 00:06:35] [Worker] 第631-631章完成，本范围生成 1 章
[2026-05-18 00:06:35] [Worker] 开始生成第741-741章
[2026-05-18 00:06:42] [Worker] 第679-679章完成，本范围生成 1 章
[2026-05-18 00:06:42] [Worker] 开始生成第750-750章
[2026-05-18 00:06:49] [Worker] 第273-278章完成，本范围生成 6 章
[2026-05-18 00:06:49] [Worker] 开始生成第759-759章
[2026-05-18 00:06:49] [Worker] 第633-633章完成，本范围生成 1 章
[2026-05-18 00:06:49] [Worker] 开始生成第767-767章
[2026-05-18 00:07:08] [WeChat] 进度已推送: 初稿1725/2000
[2026-05-18 00:07:16] [Worker] 第654-654章完成，本范围生成 1 章
[2026-05-18 00:07:16] [Worker] 开始生成第776-776章
[2026-05-18 00:07:40] [Worker] 第638-639章完成，本范围生成 2 章
[2026-05-18 00:07:40] [Worker] 开始生成第784-784章
[2026-05-18 00:07:46] [Worker] 第741-741章完成，本范围生成 1 章
[2026-05-18 00:07:46] [Worker] 开始生成第786-786章
[2026-05-18 00:07:52] [Worker] 第728-728章完成，本范围生成 1 章
[2026-05-18 00:07:52] [Worker] 开始生成第788-788章
[2026-05-18 00:07:57] [Worker] 第739-739章完成，本范围生成 1 章
[2026-05-18 00:07:57] [Worker] 开始生成第797-797章
[2026-05-18 00:07:58] [Worker] 第767-767章完成，本范围生成 1 章
[2026-05-18 00:07:58] [Worker] 开始生成第800-800章
[2026-05-18 00:07:59] [Worker] 第721-721章完成，本范围生成 1 章
[2026-05-18 00:07:59] [Worker] 开始生成第810-810章
[2026-05-18 00:08:04] [Worker] 第750-750章完成，本范围生成 1 章
[2026-05-18 00:08:04] [Worker] 开始生成第813-813章
[2026-05-18 00:08:08] [Worker] 第530-533章完成，本范围生成 4 章
[2026-05-18 00:08:08] [Worker] 开始生成第820-820章
[2026-05-18 00:08:10] [Worker] 第606-608章完成，本范围生成 3 章
[2026-05-18 00:08:10] [Worker] 开始生成第825-825章
[2026-05-18 00:08:17] [Worker] 第670-671章完成，本范围生成 2 章
[2026-05-18 00:08:17] [Worker] 开始生成第831-831章
[2026-05-18 00:08:29] [Worker] 第759-759章完成，本范围生成 1 章
[2026-05-18 00:08:29] [Worker] 开始生成第834-834章
[2026-05-18 00:08:57] [Worker] 第788-788章完成，本范围生成 1 章
[2026-05-18 00:08:57] [Worker] 开始生成第836-836章
[2026-05-18 00:09:01] [Worker] 第776-776章完成，本范围生成 1 章
[2026-05-18 00:09:01] [Worker] 开始生成第839-839章
[2026-05-18 00:09:03] [Worker] 第800-800章完成，本范围生成 1 章
[2026-05-18 00:09:03] [Worker] 开始生成第844-844章
[2026-05-18 00:09:03] [Worker] 第786-786章完成，本范围生成 1 章
[2026-05-18 00:09:03] [Worker] 开始生成第854-854章
[2026-05-18 00:09:04] [Worker] 第725-726章完成，本范围生成 2 章
[2026-05-18 00:09:04] [Worker] 开始生成第859-859章
[2026-05-18 00:09:05] [Worker] 第784-784章完成，本范围生成 1 章
[2026-05-18 00:09:05] [Worker] 开始生成第861-861章
[2026-05-18 00:09:08] [WeChat] 进度已推送: 初稿1747/2000
[2026-05-18 00:09:11] [Worker] 第820-820章完成，本范围生成 1 章
[2026-05-18 00:09:11] [Worker] 开始生成第868-868章
[2026-05-18 00:09:16] [Worker] 第797-797章完成，本范围生成 1 章
[2026-05-18 00:09:16] [Worker] 开始生成第872-872章
[2026-05-18 00:09:25] [Worker] 第810-810章完成，本范围生成 1 章
[2026-05-18 00:09:25] [Worker] 开始生成第876-876章
[2026-05-18 00:09:31] [Worker] 第825-825章完成，本范围生成 1 章
[2026-05-18 00:09:31] [Worker] 开始生成第886-886章
[2026-05-18 00:09:34] [Worker] 第646-648章完成，本范围生成 3 章
[2026-05-18 00:09:34] [Worker] 开始生成第891-891章
[2026-05-18 00:09:40] [Worker] 第831-831章完成，本范围生成 1 章
[2026-05-18 00:09:40] [Worker] 开始生成第894-895章
[2026-05-18 00:09:40] [Worker] 第834-834章完成，本范围生成 1 章
[2026-05-18 00:09:40] [Worker] 开始生成第898-898章
[2026-05-18 00:09:41] [Worker] 第813-813章完成，本范围生成 1 章
[2026-05-18 00:09:41] [Worker] 开始生成第908-909章
[2026-05-18 00:09:47] [Worker] 第836-836章完成，本范围生成 1 章
[2026-05-18 00:09:47] [Worker] 开始生成第918-918章
[2026-05-18 00:10:04] [Worker] 第861-861章完成，本范围生成 1 章
[2026-05-18 00:10:04] [Worker] 开始生成第920-921章
[2026-05-18 00:10:18] [Worker] 第844-844章完成，本范围生成 1 章
[2026-05-18 00:10:18] [Worker] 开始生成第925-925章
[2026-05-18 00:10:19] [Worker] 第859-859章完成，本范围生成 1 章
[2026-05-18 00:10:19] [Worker] 开始生成第932-933章
[2026-05-18 00:10:23] [Worker] 第868-868章完成，本范围生成 1 章
[2026-05-18 00:10:23] [Worker] 开始生成第935-935章
[2026-05-18 00:10:34] [Worker] 第839-839章完成，本范围生成 1 章
[2026-05-18 00:10:34] [Worker] 开始生成第938-938章
[2026-05-18 00:10:38] [Worker] 第891-891章完成，本范围生成 1 章
[2026-05-18 00:10:38] [Worker] 开始生成第947-948章
[2026-05-18 00:10:55] [Worker] 第733-736章完成，本范围生成 4 章
[2026-05-18 00:10:55] [Worker] 开始生成第955-955章
[2026-05-18 00:10:58] [Worker] 第898-898章完成，本范围生成 1 章
[2026-05-18 00:10:58] [Worker] 开始生成第958-958章
[2026-05-18 00:11:03] [Worker] 第886-886章完成，本范围生成 1 章
[2026-05-18 00:11:03] [Worker] 开始生成第964-964章
[2026-05-18 00:11:07] [Worker] 第872-872章完成，本范围生成 1 章
[2026-05-18 00:11:07] [Worker] 开始生成第971-971章
[2026-05-18 00:11:09] [WeChat] 进度已推送: 初稿1767/2000
[2026-05-18 00:11:34] [Worker] 第918-918章完成，本范围生成 1 章
[2026-05-18 00:11:34] [Worker] 开始生成第977-977章
[2026-05-18 00:11:38] [Worker] 第935-935章完成，本范围生成 1 章
[2026-05-18 00:11:38] [Worker] 开始生成第985-985章
[2026-05-18 00:11:41] [Worker] 第938-938章完成，本范围生成 1 章
[2026-05-18 00:11:41] [Worker] 开始生成第990-990章
[2026-05-18 00:11:48] [Worker] 第955-955章完成，本范围生成 1 章
[2026-05-18 00:11:48] [Worker] 开始生成第992-992章
[2026-05-18 00:12:11] [Worker] 第876-876章完成，本范围生成 1 章
[2026-05-18 00:12:11] [Worker] 开始生成第995-995章
[2026-05-18 00:12:22] [Worker] 第925-925章完成，本范围生成 1 章
[2026-05-18 00:12:22] [Worker] 开始生成第1009-1009章
[2026-05-18 00:12:24] [Worker] 第971-971章完成，本范围生成 1 章
[2026-05-18 00:12:24] [Worker] 开始生成第1011-1011章
[2026-05-18 00:12:26] [Worker] 第958-958章完成，本范围生成 1 章
[2026-05-18 00:12:26] [Worker] 开始生成第1019-1019章
[2026-05-18 00:12:33] [Worker] 第932-933章完成，本范围生成 2 章
[2026-05-18 00:12:33] [Worker] 开始生成第1026-1026章
[2026-05-18 00:12:42] [Worker] 第977-977章完成，本范围生成 1 章
[2026-05-18 00:12:42] [Worker] 开始生成第1029-1029章
[2026-05-18 00:12:47] [Worker] 第894-895章完成，本范围生成 2 章
[2026-05-18 00:12:47] [Worker] 开始生成第1031-1031章
[2026-05-18 00:12:47] [Worker] 第964-964章完成，本范围生成 1 章
[2026-05-18 00:12:47] [Worker] 开始生成第1034-1035章
[2026-05-18 00:12:54] [Worker] 第990-990章完成，本范围生成 1 章
[2026-05-18 00:12:54] [Worker] 开始生成第1039-1039章
[2026-05-18 00:12:57] [Worker] 第854-854章完成，本范围生成 1 章
[2026-05-18 00:12:57] [Worker] 开始生成第1045-1045章
[2026-05-18 00:12:58] [Worker] 第908-909章完成，本范围生成 2 章
[2026-05-18 00:12:58] [Worker] 开始生成第1053-1053章
[2026-05-18 00:13:02] [Worker] 第992-992章完成，本范围生成 1 章
[2026-05-18 00:13:02] [Worker] 开始生成第1061-1061章
[2026-05-18 00:13:10] [WeChat] 进度已推送: 初稿1788/2000
[2026-05-18 00:13:17] [Worker] 第947-948章完成，本范围生成 2 章
[2026-05-18 00:13:17] [Worker] 开始生成第1063-1064章
[2026-05-18 00:13:24] [Worker] 第920-921章完成，本范围生成 2 章
[2026-05-18 00:13:24] [Worker] 开始生成第1068-1068章
[2026-05-18 00:13:25] [Worker] 第985-985章完成，本范围生成 1 章
[2026-05-18 00:13:25] [Worker] 开始生成第1076-1076章
[2026-05-18 00:13:30] [Worker] 第995-995章完成，本范围生成 1 章
[2026-05-18 00:13:30] [Worker] 开始生成第1081-1081章
[2026-05-18 00:13:30] [Worker] 第1019-1019章完成，本范围生成 1 章
[2026-05-18 00:13:30] [Worker] 开始生成第1085-1085章
[2026-05-18 00:13:42] [Worker] 第1011-1011章完成，本范围生成 1 章
[2026-05-18 00:13:42] [Worker] 开始生成第1089-1089章
[2026-05-18 00:13:57] [Worker] 第1031-1031章完成，本范围生成 1 章
[2026-05-18 00:13:57] [Worker] 开始生成第1092-1092章
[2026-05-18 00:13:57] [Worker] 第1029-1029章完成，本范围生成 1 章
[2026-05-18 00:13:57] [Worker] 开始生成第1094-1094章
[2026-05-18 00:13:58] [Worker] 第1053-1053章完成，本范围生成 1 章
[2026-05-18 00:13:58] [Worker] 开始生成第1106-1106章
[2026-05-18 00:14:11] [Worker] 第1061-1061章完成，本范围生成 1 章
[2026-05-18 00:14:11] [Worker] 开始生成第1108-1109章
[2026-05-18 00:14:16] [Worker] 第1009-1009章完成，本范围生成 1 章
[2026-05-18 00:14:16] [Worker] 开始生成第1111-1112章
[2026-05-18 00:14:16] [Worker] 第1068-1068章完成，本范围生成 1 章
[2026-05-18 00:14:16] [Worker] 开始生成第1119-1119章
[2026-05-18 00:14:19] [Worker] 第1039-1039章完成，本范围生成 1 章
[2026-05-18 00:14:19] [Worker] 开始生成第1122-1122章
[2026-05-18 00:14:32] [Worker] 第1026-1026章完成，本范围生成 1 章
[2026-05-18 00:14:32] [Worker] 开始生成第1126-1126章
[2026-05-18 00:14:32] [Worker] 第1081-1081章完成，本范围生成 1 章
[2026-05-18 00:14:32] [Worker] 开始生成第1128-1128章
[2026-05-18 00:14:33] [Worker] 第1045-1045章完成，本范围生成 1 章
[2026-05-18 00:14:33] [Worker] 开始生成第1132-1132章
[2026-05-18 00:14:35] [Worker] 第1076-1076章完成，本范围生成 1 章
[2026-05-18 00:14:35] [Worker] 开始生成第1139-1139章
[2026-05-18 00:14:45] [Worker] 第1085-1085章完成，本范围生成 1 章
[2026-05-18 00:14:45] [Worker] 开始生成第1141-1141章
[2026-05-18 00:15:10] [WeChat] 进度已推送: 初稿1808/2000
[2026-05-18 00:15:21] [Worker] 第1094-1094章完成，本范围生成 1 章
[2026-05-18 00:15:21] [Worker] 开始生成第1145-1145章
[2026-05-18 00:15:26] [Worker] 第1126-1126章完成，本范围生成 1 章
[2026-05-18 00:15:26] [Worker] 开始生成第1153-1155章
[2026-05-18 00:15:28] [Worker] 第1106-1106章完成，本范围生成 1 章
[2026-05-18 00:15:28] [Worker] 开始生成第1161-1161章
[2026-05-18 00:15:32] [Worker] 第1122-1122章完成，本范围生成 1 章
[2026-05-18 00:15:32] [Worker] 开始生成第1166-1166章
[2026-05-18 00:15:34] [Worker] 第1092-1092章完成，本范围生成 1 章
[2026-05-18 00:15:34] [Worker] 开始生成第1169-1170章
[2026-05-18 00:15:35] [Worker] 第1089-1089章完成，本范围生成 1 章
[2026-05-18 00:15:35] [Worker] 开始生成第1172-1174章
[2026-05-18 00:15:43] [Worker] 第1119-1119章完成，本范围生成 1 章
[2026-05-18 00:15:43] [Worker] 开始生成第1187-1187章
[2026-05-18 00:15:44] [Worker] 第1063-1064章完成，本范围生成 2 章
[2026-05-18 00:15:44] [Worker] 开始生成第1197-1197章
[2026-05-18 00:15:47] [Worker] 第1034-1035章完成，本范围生成 2 章
[2026-05-18 00:15:47] [Worker] 开始生成第1206-1206章
[2026-05-18 00:15:53] [Worker] 第1132-1132章完成，本范围生成 1 章
[2026-05-18 00:15:53] [Worker] 开始生成第1208-1208章
[2026-05-18 00:15:54] [Worker] 第1139-1139章完成，本范围生成 1 章
[2026-05-18 00:15:54] [Worker] 开始生成第1215-1215章
[2026-05-18 00:16:02] [Worker] 第1141-1141章完成，本范围生成 1 章
[2026-05-18 00:16:02] [Worker] 开始生成第1222-1222章
[2026-05-18 00:16:27] [Worker] 第1128-1128章完成，本范围生成 1 章
[2026-05-18 00:16:27] [Worker] 开始生成第1224-1224章
[2026-05-18 00:16:27] [Worker] 第1108-1109章完成，本范围生成 2 章
[2026-05-18 00:16:27] [Worker] 开始生成第1232-1233章
[2026-05-18 00:16:34] [Worker] 第1161-1161章完成，本范围生成 1 章
[2026-05-18 00:16:34] [Worker] 开始生成第1240-1241章
[2026-05-18 00:16:46] [Worker] 第1166-1166章完成，本范围生成 1 章
[2026-05-18 00:16:46] [Worker] 开始生成第1248-1248章
[2026-05-18 00:16:54] [Worker] 第1111-1112章完成，本范围生成 2 章
[2026-05-18 00:16:54] [Worker] 开始生成第1251-1251章
[2026-05-18 00:16:55] [Worker] 第1187-1187章完成，本范围生成 1 章
[2026-05-18 00:16:55] [Worker] 开始生成第1253-1253章
[2026-05-18 00:16:59] [Worker] 第1215-1215章完成，本范围生成 1 章
[2026-05-18 00:16:59] [Worker] 开始生成第1257-1258章
[2026-05-18 00:17:03] [Worker] 第1197-1197章完成，本范围生成 1 章
[2026-05-18 00:17:03] [Worker] 开始生成第1262-1263章
[2026-05-18 00:17:04] [Worker] 第1208-1208章完成，本范围生成 1 章
[2026-05-18 00:17:04] [Worker] 开始生成第1266-1266章
[2026-05-18 00:17:04] [Worker] 第1145-1145章完成，本范围生成 1 章
[2026-05-18 00:17:04] [Worker] 开始生成第1268-1268章
[2026-05-18 00:17:11] [WeChat] 进度已推送: 初稿1834/2000
[2026-05-18 00:17:15] [Worker] 第1206-1206章完成，本范围生成 1 章
[2026-05-18 00:17:15] [Worker] 开始生成第1270-1271章
[2026-05-18 00:17:29] [Worker] 第1222-1222章完成，本范围生成 1 章
[2026-05-18 00:17:29] [Worker] 开始生成第1274-1274章
[2026-05-18 00:17:45] [Worker] 第1224-1224章完成，本范围生成 1 章
[2026-05-18 00:17:45] [Worker] 开始生成第1288-1288章
[2026-05-18 00:17:50] [Worker] 第1169-1170章完成，本范围生成 2 章
[2026-05-18 00:17:50] [Worker] 开始生成第1293-1293章
[2026-05-18 00:18:09] [Worker] 第1253-1253章完成，本范围生成 1 章
[2026-05-18 00:18:09] [Worker] 开始生成第1296-1296章
[2026-05-18 00:18:16] [Worker] 第1251-1251章完成，本范围生成 1 章
[2026-05-18 00:18:16] [Worker] 开始生成第1310-1311章
[2026-05-18 00:18:26] [Worker] 第1248-1248章完成，本范围生成 1 章
[2026-05-18 00:18:26] [Worker] 开始生成第1320-1320章
[2026-05-18 00:18:45] [Worker] 第1268-1268章完成，本范围生成 0 章
[2026-05-18 00:18:45] [Worker] 开始生成第1324-1324章
[2026-05-18 00:18:52] [Worker] 第1240-1241章完成，本范围生成 2 章
[2026-05-18 00:18:52] [Worker] 开始生成第1326-1326章
[2026-05-18 00:18:55] [Worker] 第1266-1266章完成，本范围生成 1 章
[2026-05-18 00:18:55] [Worker] 开始生成第1330-1330章
[2026-05-18 00:18:55] [Worker] 第1232-1233章完成，本范围生成 2 章
[2026-05-18 00:18:55] [Worker] 开始生成第1345-1345章
[2026-05-18 00:18:57] [Worker] 第1274-1274章完成，本范围生成 1 章
[2026-05-18 00:18:57] [Worker] 开始生成第1350-1350章
[2026-05-18 00:18:59] [Worker] 第1293-1293章完成，本范围生成 1 章
[2026-05-18 00:18:59] [Worker] 开始生成第1359-1359章
[2026-05-18 00:19:04] [Worker] 第1296-1296章完成，本范围生成 1 章
[2026-05-18 00:19:04] [Worker] 开始生成第1364-1365章
[2026-05-18 00:19:10] [Worker] 第1153-1155章完成，本范围生成 3 章
[2026-05-18 00:19:10] [Worker] 开始生成第1367-1367章
[2026-05-18 00:19:11] [WeChat] 进度已推送: 初稿1856/2000
[2026-05-18 00:19:16] [Worker] 第1288-1288章完成，本范围生成 1 章
[2026-05-18 00:19:16] [Worker] 开始生成第1397-1397章
[2026-05-18 00:19:27] [Worker] 第1270-1271章完成，本范围生成 2 章
[2026-05-18 00:19:27] [Worker] 开始生成第1399-1399章
[2026-05-18 00:19:41] [Worker] 第1172-1174章完成，本范围生成 3 章
[2026-05-18 00:19:41] [Worker] 开始生成第1401-1401章
[2026-05-18 00:19:46] [Worker] 第1262-1263章完成，本范围生成 2 章
[2026-05-18 00:19:46] [Worker] 开始生成第1411-1411章
[2026-05-18 00:19:58] [Worker] 第1350-1350章完成，本范围生成 1 章
[2026-05-18 00:19:58] [Worker] 开始生成第1415-1415章
[2026-05-18 00:20:00] [Worker] 第1326-1326章完成，本范围生成 1 章
[2026-05-18 00:20:00] [Worker] 开始生成第1424-1424章
[2026-05-18 00:20:00] [Worker] 第1324-1324章完成，本范围生成 1 章
[2026-05-18 00:20:00] [Worker] 开始生成第1435-1435章
[2026-05-18 00:20:08] [Worker] 第1330-1330章完成，本范围生成 1 章
[2026-05-18 00:20:08] [Worker] 开始生成第1437-1437章
[2026-05-18 00:20:10] [Worker] 第1345-1345章完成，本范围生成 1 章
[2026-05-18 00:20:10] [Worker] 开始生成第1442-1442章
[2026-05-18 00:20:14] [Worker] 第1367-1367章完成，本范围生成 1 章
[2026-05-18 00:20:14] [Worker] 开始生成第1444-1445章
[2026-05-18 00:20:24] [Worker] 第1397-1397章完成，本范围生成 1 章
[2026-05-18 00:20:24] [Worker] 开始生成第1448-1448章
[2026-05-18 00:20:31] [Worker] 第1257-1258章完成，本范围生成 2 章
[2026-05-18 00:20:31] [Worker] 开始生成第1453-1453章
[2026-05-18 00:20:36] [Worker] 第1399-1399章完成，本范围生成 1 章
[2026-05-18 00:20:36] [Worker] 开始生成第1459-1459章
[2026-05-18 00:20:36] [Worker] 第1359-1359章完成，本范围生成 1 章
[2026-05-18 00:20:36] [Worker] 开始生成第1464-1464章
[2026-05-18 00:20:41] [Worker] 第1320-1320章完成，本范围生成 1 章
[2026-05-18 00:20:41] [Worker] 开始生成第1467-1467章
[2026-05-18 00:20:55] [Worker] 第1310-1311章完成，本范围生成 2 章
[2026-05-18 00:20:55] [Worker] 开始生成第1470-1471章
[2026-05-18 00:21:01] [Worker] 第1411-1411章完成，本范围生成 1 章
[2026-05-18 00:21:01] [Worker] 开始生成第1474-1476章
[2026-05-18 00:21:09] [Worker] 第1401-1401章完成，本范围生成 1 章
[2026-05-18 00:21:09] [Worker] 开始生成第1489-1489章
[2026-05-18 00:21:11] [Worker] 第1415-1415章完成，本范围生成 1 章
[2026-05-18 00:21:11] [Worker] 开始生成第1495-1495章
[2026-05-18 00:21:12] [WeChat] 进度已推送: 初稿1876/2000
[2026-05-18 00:21:14] [Worker] 第1424-1424章完成，本范围生成 1 章
[2026-05-18 00:21:14] [Worker] 开始生成第1504-1504章
[2026-05-18 00:21:14] [Worker] 第1435-1435章完成，本范围生成 1 章
[2026-05-18 00:21:14] [Worker] 开始生成第1507-1507章
[2026-05-18 00:21:20] [Worker] 第1448-1448章完成，本范围生成 1 章
[2026-05-18 00:21:20] [Worker] 开始生成第1510-1510章
[2026-05-18 00:21:24] [Worker] 第1437-1437章完成，本范围生成 1 章
[2026-05-18 00:21:24] [Worker] 开始生成第1522-1522章
[2026-05-18 00:21:30] [Worker] 第1442-1442章完成，本范围生成 1 章
[2026-05-18 00:21:30] [Worker] 开始生成第1529-1529章
[2026-05-18 00:21:44] [Worker] 第1464-1464章完成，本范围生成 1 章
[2026-05-18 00:21:44] [Worker] 开始生成第1533-1533章
[2026-05-18 00:21:44] [Worker] 第1364-1365章完成，本范围生成 2 章
[2026-05-18 00:21:44] [Worker] 开始生成第1535-1535章
[2026-05-18 00:21:49] [Worker] 第1453-1453章完成，本范围生成 1 章
[2026-05-18 00:21:49] [Worker] 开始生成第1556-1556章
[2026-05-18 00:21:53] [Worker] 第1459-1459章完成，本范围生成 1 章
[2026-05-18 00:21:53] [Worker] 开始生成第1561-1561章
[2026-05-18 00:21:54] [Worker] 第1467-1467章完成，本范围生成 1 章
[2026-05-18 00:21:54] [Worker] 开始生成第1573-1573章
[2026-05-18 00:22:08] [Worker] 第1507-1507章完成，本范围生成 1 章
[2026-05-18 00:22:08] [Worker] 开始生成第1578-1578章
[2026-05-18 00:22:20] [Worker] 第1504-1504章完成，本范围生成 1 章
[2026-05-18 00:22:20] [Worker] 开始生成第1582-1582章
[2026-05-18 00:22:21] [Worker] 第1522-1522章完成，本范围生成 1 章
[2026-05-18 00:22:21] [Worker] 开始生成第1587-1588章
[2026-05-18 00:22:24] [Worker] 第1495-1495章完成，本范围生成 1 章
[2026-05-18 00:22:24] [Worker] 开始生成第1592-1592章
[2026-05-18 00:22:33] [Worker] 第1489-1489章完成，本范围生成 1 章
[2026-05-18 00:22:33] [Worker] 开始生成第1594-1594章
[2026-05-18 00:22:33] [Worker] 第1510-1510章完成，本范围生成 1 章
[2026-05-18 00:22:33] [Worker] 开始生成第1596-1596章
[2026-05-18 00:22:38] [Worker] 第1529-1529章完成，本范围生成 1 章
[2026-05-18 00:22:38] [Worker] 开始生成第1600-1600章
[2026-05-18 00:22:42] [Worker] 第1533-1533章完成，本范围生成 1 章
[2026-05-18 00:22:42] [Worker] 开始生成第1604-1604章
[2026-05-18 00:22:48] [Worker] 第1535-1535章完成，本范围生成 1 章
[2026-05-18 00:22:48] [Worker] 开始生成第1613-1613章
[2026-05-18 00:23:06] [Worker] 第1444-1445章完成，本范围生成 2 章
[2026-05-18 00:23:06] [Worker] 开始生成第1627-1627章
[2026-05-18 00:23:07] [Worker] 第1561-1561章完成，本范围生成 1 章
[2026-05-18 00:23:07] [Worker] 开始生成第1630-1632章
[2026-05-18 00:23:10] [Worker] 第1573-1573章完成，本范围生成 1 章
[2026-05-18 00:23:10] [Worker] 开始生成第1634-1634章
[2026-05-18 00:23:13] [WeChat] 进度已推送: 初稿1903/2000
[2026-05-18 00:23:19] [Worker] 第1556-1556章完成，本范围生成 1 章
[2026-05-18 00:23:19] [Worker] 开始生成第1637-1637章
[2026-05-18 00:23:22] [Worker] 第1470-1471章完成，本范围生成 2 章
[2026-05-18 00:23:22] [Worker] 开始生成第1639-1639章
[2026-05-18 00:23:31] [Worker] 第1582-1582章完成，本范围生成 1 章
[2026-05-18 00:23:31] [Worker] 开始生成第1641-1641章
[2026-05-18 00:23:38] [Worker] 第1600-1600章完成，本范围生成 1 章
[2026-05-18 00:23:38] [Worker] 开始生成第1644-1644章
[2026-05-18 00:23:43] [Worker] 第1578-1578章完成，本范围生成 1 章
[2026-05-18 00:23:43] [Worker] 开始生成第1646-1646章
[2026-05-18 00:23:50] [Worker] 第1592-1592章完成，本范围生成 1 章
[2026-05-18 00:23:50] [Worker] 开始生成第1650-1651章
[2026-05-18 00:23:53] [Worker] 第1594-1594章完成，本范围生成 1 章
[2026-05-18 00:23:53] [Worker] 开始生成第1653-1653章
[2026-05-18 00:23:56] [Worker] 第1604-1604章完成，本范围生成 1 章
[2026-05-18 00:23:56] [Worker] 开始生成第1666-1666章
[2026-05-18 00:24:06] [Worker] 第1613-1613章完成，本范围生成 1 章
[2026-05-18 00:24:06] [Worker] 开始生成第1668-1670章
[2026-05-18 00:24:10] [Worker] 第1596-1596章完成，本范围生成 1 章
[2026-05-18 00:24:10] [Worker] 开始生成第1692-1692章
[2026-05-18 00:24:30] [Worker] 第1634-1634章完成，本范围生成 1 章
[2026-05-18 00:24:30] [Worker] 开始生成第1694-1694章
[2026-05-18 00:24:38] [Worker] 第1639-1639章完成，本范围生成 1 章
[2026-05-18 00:24:38] [Worker] 开始生成第1698-1698章
[2026-05-18 00:24:49] [Worker] 第1666-1666章完成，本范围生成 1 章
[2026-05-18 00:24:49] [Worker] 开始生成第1702-1702章
[2026-05-18 00:24:50] [Worker] 第1637-1637章完成，本范围生成 1 章
[2026-05-18 00:24:50] [Worker] 开始生成第1705-1705章
[2026-05-18 00:24:59] [Worker] 第1646-1646章完成，本范围生成 1 章
[2026-05-18 00:24:59] [Worker] 开始生成第1708-1708章
[2026-05-18 00:25:02] [Worker] 第1641-1641章完成，本范围生成 1 章
[2026-05-18 00:25:02] [Worker] 开始生成第1728-1728章
[2026-05-18 00:25:06] [Worker] 第1474-1476章完成，本范围生成 3 章
[2026-05-18 00:25:06] [Worker] 开始生成第1731-1731章
[2026-05-18 00:25:09] [Worker] 第1644-1644章完成，本范围生成 1 章
[2026-05-18 00:25:09] [Worker] 开始生成第1739-1740章
[2026-05-18 00:25:13] [Worker] 第1587-1588章完成，本范围生成 2 章
[2026-05-18 00:25:13] [Worker] 开始生成第1747-1747章
[2026-05-18 00:25:13] [WeChat] 进度已推送: 初稿1924/2000
[2026-05-18 00:25:25] [Worker] 第1692-1692章完成，本范围生成 1 章
[2026-05-18 00:25:25] [Worker] 开始生成第1753-1753章
[2026-05-18 00:25:29] [Worker] 第1653-1653章完成，本范围生成 1 章
[2026-05-18 00:25:29] [Worker] 开始生成第1755-1755章
[2026-05-18 00:25:38] [Worker] 第1627-1627章完成，本范围生成 1 章
[2026-05-18 00:25:38] [Worker] 开始生成第1759-1759章
[2026-05-18 00:25:44] [Worker] 第1694-1694章完成，本范围生成 1 章
[2026-05-18 00:25:44] [Worker] 开始生成第1771-1773章
[2026-05-18 00:26:00] [Worker] 第1698-1698章完成，本范围生成 1 章
[2026-05-18 00:26:00] [Worker] 开始生成第1776-1776章
[2026-05-18 00:26:00] [Worker] 第1650-1651章完成，本范围生成 2 章
[2026-05-18 00:26:00] [Worker] 开始生成第1787-1787章
[2026-05-18 00:26:06] [Worker] 第1702-1702章完成，本范围生成 1 章
[2026-05-18 00:26:06] [Worker] 开始生成第1789-1789章
[2026-05-18 00:26:11] [Worker] 第1708-1708章完成，本范围生成 1 章
[2026-05-18 00:26:11] [Worker] 开始生成第1796-1797章
[2026-05-18 00:26:16] [Worker] 第1731-1731章完成，本范围生成 1 章
[2026-05-18 00:26:16] [Worker] 开始生成第1799-1799章
[2026-05-18 00:26:18] [Worker] 第1705-1705章完成，本范围生成 1 章
[2026-05-18 00:26:18] [Worker] 开始生成第1801-1801章
[2026-05-18 00:26:22] [Worker] 第1755-1755章完成，本范围生成 1 章
[2026-05-18 00:26:22] [Worker] 开始生成第1804-1804章
[2026-05-18 00:26:33] [Worker] 第1728-1728章完成，本范围生成 1 章
[2026-05-18 00:26:33] [Worker] 开始生成第1807-1807章
[2026-05-18 00:26:42] [Worker] 第1759-1759章完成，本范围生成 1 章
[2026-05-18 00:26:42] [Worker] 开始生成第1810-1811章
[2026-05-18 00:26:43] [Worker] 第1753-1753章完成，本范围生成 1 章
[2026-05-18 00:26:43] [Worker] 开始生成第1818-1819章
[2026-05-18 00:26:52] [Worker] 第1747-1747章完成，本范围生成 1 章
[2026-05-18 00:26:52] [Worker] 开始生成第1823-1823章
[2026-05-18 00:26:55] [Worker] 第1739-1740章完成，本范围生成 2 章
[2026-05-18 00:26:55] [Worker] 开始生成第1832-1834章
[2026-05-18 00:27:09] [Worker] 第1787-1787章完成，本范围生成 1 章
[2026-05-18 00:27:09] [Worker] 开始生成第1842-1842章
[2026-05-18 00:27:09] [Worker] 第1776-1776章完成，本范围生成 1 章
[2026-05-18 00:27:09] [Worker] 开始生成第1847-1848章
[2026-05-18 00:27:14] [WeChat] 进度已推送: 初稿1948/2000
[2026-05-18 00:27:15] [Worker] 第1799-1799章完成，本范围生成 1 章
[2026-05-18 00:27:15] [Worker] 开始生成第1851-1851章
[2026-05-18 00:27:21] [Worker] 第1789-1789章完成，本范围生成 1 章
[2026-05-18 00:27:21] [Worker] 开始生成第1854-1854章
[2026-05-18 00:27:35] [Worker] 第1801-1801章完成，本范围生成 1 章
[2026-05-18 00:27:35] [Worker] 开始生成第1862-1862章
[2026-05-18 00:27:43] [Worker] 第1804-1804章完成，本范围生成 1 章
[2026-05-18 00:27:43] [Worker] 开始生成第1874-1875章
[2026-05-18 00:27:45] [Worker] 第1807-1807章完成，本范围生成 1 章
[2026-05-18 00:27:45] [Worker] 开始生成第1877-1877章
[2026-05-18 00:27:51] [Worker] 第1630-1632章完成，本范围生成 3 章
[2026-05-18 00:27:51] [Worker] 开始生成第1882-1883章
[2026-05-18 00:28:02] [Worker] 第1823-1823章完成，本范围生成 1 章
[2026-05-18 00:28:02] [Worker] 开始生成第1902-1902章
[2026-05-18 00:28:07] [Worker] 第1668-1670章完成，本范围生成 3 章
[2026-05-18 00:28:07] [Worker] 开始生成第1909-1909章
[2026-05-18 00:28:27] [Worker] 第1842-1842章完成，本范围生成 1 章
[2026-05-18 00:28:27] [Worker] 开始生成第1918-1918章
[2026-05-18 00:28:32] [Worker] 第1854-1854章完成，本范围生成 1 章
[2026-05-18 00:28:32] [Worker] 开始生成第1921-1921章
[2026-05-18 00:28:36] [Worker] 第1796-1797章完成，本范围生成 2 章
[2026-05-18 00:28:36] [Worker] 开始生成第1923-1923章
[2026-05-18 00:28:42] [Worker] 第1771-1773章完成，本范围生成 3 章
[2026-05-18 00:28:42] [Worker] 开始生成第1926-1926章
[2026-05-18 00:28:56] [Worker] 第1851-1851章完成，本范围生成 1 章
[2026-05-18 00:28:56] [Worker] 开始生成第1932-1932章
[2026-05-18 00:28:59] [Worker] 第1810-1811章完成，本范围生成 2 章
[2026-05-18 00:28:59] [Worker] 开始生成第1939-1939章
[2026-05-18 00:29:02] [Worker] 第1877-1877章完成，本范围生成 1 章
[2026-05-18 00:29:02] [Worker] 开始生成第1941-1941章
[2026-05-18 00:29:04] [Worker] 第1847-1848章完成，本范围生成 2 章
[2026-05-18 00:29:04] [Worker] 开始生成第1944-1945章
[2026-05-18 00:29:15] [WeChat] 进度已推送: 初稿1973/2000
[2026-05-18 00:29:24] [Worker] 第1902-1902章完成，本范围生成 1 章
[2026-05-18 00:29:24] [Worker] 开始生成第1947-1947章
[2026-05-18 00:29:25] [Worker] 第1862-1862章完成，本范围生成 1 章
[2026-05-18 00:29:25] [Worker] 开始生成第1953-1955章
[2026-05-18 00:29:39] [Worker] 第1921-1921章完成，本范围生成 1 章
[2026-05-18 00:29:39] [Worker] 开始生成第1962-1964章
[2026-05-18 00:29:40] [Worker] 第1909-1909章完成，本范围生成 1 章
[2026-05-18 00:29:40] [Worker] 开始生成第1974-1974章
[2026-05-18 00:29:42] [Worker] 第1818-1819章完成，本范围生成 2 章
[2026-05-18 00:29:42] [Worker] 开始生成第1988-1988章
[2026-05-18 00:29:43] [Worker] 第1923-1923章完成，本范围生成 1 章
[2026-05-18 00:29:43] [Worker] 开始生成第1993-1993章
[2026-05-18 00:29:50] [Worker] 第1926-1926章完成，本范围生成 1 章
[2026-05-18 00:29:58] [Worker] 第1941-1941章完成，本范围生成 1 章
[2026-05-18 00:30:00] [Worker] 第1918-1918章完成，本范围生成 1 章
[2026-05-18 00:30:12] [Worker] 第1939-1939章完成，本范围生成 1 章
[2026-05-18 00:30:17] [Worker] 第1932-1932章完成，本范围生成 1 章
[2026-05-18 00:30:20] [Worker] 第1882-1883章完成，本范围生成 2 章
[2026-05-18 00:30:36] [Worker] 第1832-1834章完成，本范围生成 3 章
[2026-05-18 00:30:38] [Worker] 第1947-1947章完成，本范围生成 1 章
[2026-05-18 00:30:41] [Worker] 第1874-1875章完成，本范围生成 2 章
[2026-05-18 00:30:45] [Worker] 第1974-1974章完成，本范围生成 1 章
[2026-05-18 00:31:12] [Worker] 第1993-1993章完成，本范围生成 1 章
[2026-05-18 00:31:15] [WeChat] 进度已推送: 初稿1993/2000
[2026-05-18 00:31:24] [Worker] 第1944-1945章完成，本范围生成 2 章
[2026-05-18 00:31:57] [Worker] 第1988-1988章完成，本范围生成 1 章
[2026-05-18 00:32:40] [Worker] 第1953-1955章完成，本范围生成 3 章
[2026-05-18 00:33:16] [WeChat] 进度已推送: 初稿1998/2000
[2026-05-18 00:34:18] [Worker] 第1962-1964章完成，本范围生成 3 章
[2026-05-18 00:34:19] [Main] 补全完成: 初稿 1999/2000 章, 总字数 11,014,419
