[2026-05-18 17:58:24] [BatchWriter] [INFO] ============================================================
[2026-05-18 17:58:24] [BatchWriter] [INFO] Batch Writer 启动 | 范围: 1-100 | Workers: 5
[2026-05-18 17:58:24] [BatchWriter] [INFO] ============================================================
[2026-05-18 17:58:25] [BatchWriter] [INFO] 第1章已存在，跳过
[2026-05-18 17:58:25] [BatchWriter] [INFO] 第2章已存在，跳过
[2026-05-18 17:58:25] [BatchWriter] [INFO] 正在生成第4章...
[2026-05-18 17:58:25] [BatchWriter] [INFO] 第5章已存在，跳过
[2026-05-18 17:58:25] [BatchWriter] [INFO] 第6章已存在，跳过
[2026-05-18 17:58:25] [BatchWriter] [INFO] 正在生成第3章...
[2026-05-18 17:58:25] [BatchWriter] [INFO] 第7章已存在，跳过
[2026-05-18 17:58:25] [BatchWriter] [INFO] 第8章已存在，跳过
[2026-05-18 17:58:25] [BatchWriter] [INFO] 第9章已存在，跳过
[2026-05-18 17:58:25] [BatchWriter] [INFO] 第10章已存在，跳过
[2026-05-18 17:58:25] [BatchWriter] [INFO] 第11章已存在，跳过
[2026-05-18 17:58:25] [BatchWriter] [INFO] 第12章已存在，跳过
[2026-05-18 17:58:25] [BatchWriter] [INFO] 第13章已存在，跳过
[2026-05-18 17:58:25] [BatchWriter] [INFO] 第14章已存在，跳过
[2026-05-18 17:58:25] [BatchWriter] [INFO] 第15章已存在，跳过
[2026-05-18 17:58:25] [BatchWriter] [INFO] 第16章已存在，跳过
[2026-05-18 17:58:25] [BatchWriter] [INFO] 第17章已存在，跳过
[2026-05-18 17:58:25] [BatchWriter] [INFO] 第18章已存在，跳过
[2026-05-18 17:58:25] [BatchWriter] [INFO] 正在生成第20章...
[2026-05-18 17:58:25] [BatchWriter] [INFO] 正在生成第19章...
[2026-05-18 17:58:25] [BatchWriter] [INFO] 正在生成第21章...
[2026-05-18 17:58:25] [BatchWriter] [INFO] ============================================================
[2026-05-18 17:58:25] [BatchWriter] [INFO] Batch Writer 启动 | 范围: 101-200 | Workers: 5
[2026-05-18 17:58:25] [BatchWriter] [INFO] ============================================================
[2026-05-18 17:58:25] [BatchWriter] [INFO] 正在生成第101章...
[2026-05-18 17:58:25] [BatchWriter] [INFO] 正在生成第102章...
[2026-05-18 17:58:25] [BatchWriter] [INFO] 正在生成第103章...
[2026-05-18 17:58:25] [BatchWriter] [INFO] 正在生成第104章...
[2026-05-18 17:58:25] [BatchWriter] [INFO] ============================================================
[2026-05-18 17:58:25] [BatchWriter] [INFO] Batch Writer 启动 | 范围: 201-300 | Workers: 5
[2026-05-18 17:58:25] [BatchWriter] [INFO] ============================================================
[2026-05-18 17:58:25] [BatchWriter] [INFO] 正在生成第105章...
[2026-05-18 17:58:25] [BatchWriter] [INFO] 正在生成第201章...
[2026-05-18 17:58:25] [BatchWriter] [INFO] 正在生成第202章...
[2026-05-18 17:58:25] [BatchWriter] [INFO] 正在生成第203章...
[2026-05-18 17:58:25] [BatchWriter] [INFO] 正在生成第204章...
[2026-05-18 17:58:25] [BatchWriter] [INFO] 正在生成第205章...
[2026-05-18 17:59:28] [BatchWriter] [INFO] 第101章已保存（4672字）
[2026-05-18 17:59:28] [BatchWriter] [INFO] 正在生成第106章...
[2026-05-18 17:59:29] [BatchWriter] [INFO] 第205章已保存（4185字）
[2026-05-18 17:59:29] [BatchWriter] [INFO] 正在生成第206章...
[2026-05-18 17:59:31] [BatchWriter] [INFO] 第103章已保存（5217字）
[2026-05-18 17:59:31] [BatchWriter] [INFO] 正在生成第107章...
[2026-05-18 17:59:32] [BatchWriter] [INFO] 第21章已保存（4415字）
[2026-05-18 17:59:32] [BatchWriter] [INFO] 正在生成第22章...
[2026-05-18 17:59:32] [BatchWriter] [INFO] 第201章已保存（4856字）
[2026-05-18 17:59:32] [BatchWriter] [INFO] 正在生成第207章...
[2026-05-18 17:59:37] [BatchWriter] [INFO] 第203章已保存（4992字）
[2026-05-18 17:59:37] [BatchWriter] [INFO] 正在生成第208章...
[2026-05-18 17:59:46] [BatchWriter] [INFO] 第202章已保存（5611字）
[2026-05-18 17:59:46] [BatchWriter] [INFO] 正在生成第209章...
[2026-05-18 17:59:46] [BatchWriter] [INFO] 第4章已保存（6452字）
[2026-05-18 17:59:46] [BatchWriter] [INFO] 第23章已存在，跳过
[2026-05-18 17:59:46] [BatchWriter] [INFO] 第24章已存在，跳过
[2026-05-18 17:59:46] [BatchWriter] [INFO] 第25章已存在，跳过
[2026-05-18 17:59:46] [BatchWriter] [INFO] 正在生成第26章...
[2026-05-18 17:59:46] [BatchWriter] [INFO] 第20章已保存（5502字）
[2026-05-18 17:59:46] [BatchWriter] [INFO] 正在生成第27章...
[2026-05-18 17:59:48] [BatchWriter] [INFO] 第204章已保存（3479字）
[2026-05-18 17:59:48] [BatchWriter] [INFO] 正在生成第210章...
[2026-05-18 17:59:49] [BatchWriter] [INFO] 第19章已保存（6005字）
[2026-05-18 17:59:49] [BatchWriter] [INFO] 正在生成第28章...
[2026-05-18 17:59:50] [BatchWriter] [INFO] 第105章已保存（6400字）
[2026-05-18 17:59:50] [BatchWriter] [INFO] 正在生成第108章...
[2026-05-18 17:59:51] [BatchWriter] [INFO] 第104章已保存（6142字）
[2026-05-18 17:59:51] [BatchWriter] [INFO] 正在生成第109章...
[2026-05-18 17:59:54] [BatchWriter] [INFO] 第3章已保存（6558字）
[2026-05-18 17:59:54] [BatchWriter] [INFO] 第29章已存在，跳过
[2026-05-18 17:59:54] [BatchWriter] [INFO] 正在生成第30章...
[2026-05-18 17:59:58] [BatchWriter] [INFO] 第102章已保存（6695字）
[2026-05-18 17:59:58] [BatchWriter] [INFO] 正在生成第110章...
[2026-05-18 18:00:22] [BatchWriter] [INFO] 第207章已保存（3508字）
[2026-05-18 18:00:22] [BatchWriter] [INFO] 正在生成第211章...
[2026-05-18 18:00:32] [BatchWriter] [INFO] 第208章已保存（3749字）
[2026-05-18 18:00:32] [BatchWriter] [INFO] 正在生成第212章...
[2026-05-18 18:00:36] [BatchWriter] [INFO] 第107章已保存（4853字）
[2026-05-18 18:00:36] [BatchWriter] [INFO] 正在生成第111章...
[2026-05-18 18:00:43] [BatchWriter] [INFO] 第22章已保存（5087字）
[2026-05-18 18:00:43] [BatchWriter] [INFO] 正在生成第31章...
[2026-05-18 18:00:44] [BatchWriter] [INFO] 第27章已保存（4317字）
[2026-05-18 18:00:44] [BatchWriter] [INFO] 正在生成第32章...
[2026-05-18 18:00:46] [BatchWriter] [INFO] 第109章已保存（3900字）
[2026-05-18 18:00:46] [BatchWriter] [INFO] 正在生成第112章...
[2026-05-18 18:00:47] [BatchWriter] [INFO] 第28章已保存（4015字）
[2026-05-18 18:00:47] [BatchWriter] [INFO] 正在生成第33章...
[2026-05-18 18:00:49] [BatchWriter] [INFO] 第210章已保存（4203字）
[2026-05-18 18:00:49] [BatchWriter] [INFO] 正在生成第213章...
[2026-05-18 18:00:51] [BatchWriter] [INFO] 第110章已保存（3790字）
[2026-05-18 18:00:51] [BatchWriter] [INFO] 正在生成第113章...
[2026-05-18 18:00:56] [BatchWriter] [INFO] 第206章已保存（6942字）
[2026-05-18 18:00:56] [BatchWriter] [INFO] 正在生成第214章...
[2026-05-18 18:00:58] [BatchWriter] [INFO] 第106章已保存（6339字）
[2026-05-18 18:00:58] [BatchWriter] [INFO] 正在生成第114章...
[2026-05-18 18:01:12] [BatchWriter] [INFO] 第30章已保存（5332字）
[2026-05-18 18:01:12] [BatchWriter] [INFO] 正在生成第34章...
[2026-05-18 18:01:21] [BatchWriter] [INFO] 第26章已保存（4736字）
[2026-05-18 18:01:21] [BatchWriter] [INFO] 正在生成第35章...
[2026-05-18 18:01:22] [BatchWriter] [INFO] 第209章已保存（7161字）
[2026-05-18 18:01:22] [BatchWriter] [INFO] 正在生成第215章...
[2026-05-18 18:01:31] [BatchWriter] [INFO] 第212章已保存（4334字）
[2026-05-18 18:01:31] [BatchWriter] [INFO] 正在生成第216章...
[2026-05-18 18:01:32] [BatchWriter] [INFO] 第211章已保存（5607字）
[2026-05-18 18:01:32] [BatchWriter] [INFO] 正在生成第217章...
[2026-05-18 18:01:37] [BatchWriter] [INFO] 第108章已保存（7124字）
[2026-05-18 18:01:37] [BatchWriter] [INFO] 正在生成第115章...
[2026-05-18 18:01:46] [BatchWriter] [INFO] 第213章已保存（4611字）
[2026-05-18 18:01:46] [BatchWriter] [INFO] 正在生成第218章...
[2026-05-18 18:01:47] [BatchWriter] [INFO] 第112章已保存（4603字）
[2026-05-18 18:01:47] [BatchWriter] [INFO] 正在生成第116章...
[2026-05-18 18:01:49] [BatchWriter] [INFO] 第31章已保存（4876字）
[2026-05-18 18:01:49] [BatchWriter] [INFO] 正在生成第36章...
[2026-05-18 18:01:53] [BatchWriter] [INFO] 第111章已保存（6036字）
[2026-05-18 18:01:53] [BatchWriter] [INFO] 正在生成第117章...
[2026-05-18 18:01:55] [BatchWriter] [INFO] 第214章已保存（4201字）
[2026-05-18 18:01:55] [BatchWriter] [INFO] 正在生成第219章...
[2026-05-18 18:02:00] [BatchWriter] [INFO] 第33章已保存（5346字）
[2026-05-18 18:02:00] [BatchWriter] [INFO] 正在生成第37章...
[2026-05-18 18:02:04] [BatchWriter] [INFO] 第34章已保存（3648字）
[2026-05-18 18:02:04] [BatchWriter] [INFO] 正在生成第38章...
[2026-05-18 18:02:07] [BatchWriter] [INFO] 第32章已保存（5734字）
[2026-05-18 18:02:07] [BatchWriter] [INFO] 正在生成第39章...
[2026-05-18 18:02:07] [BatchWriter] [INFO] 第114章已保存（4107字）
[2026-05-18 18:02:07] [BatchWriter] [INFO] 正在生成第118章...
[2026-05-18 18:02:17] [BatchWriter] [INFO] 第215章已保存（4099字）
[2026-05-18 18:02:17] [BatchWriter] [INFO] 正在生成第220章...
[2026-05-18 18:02:20] [BatchWriter] [INFO] 第113章已保存（6710字）
[2026-05-18 18:02:20] [BatchWriter] [INFO] 正在生成第119章...
[2026-05-18 18:02:31] [BatchWriter] [INFO] 第216章已保存（4339字）
[2026-05-18 18:02:31] [BatchWriter] [INFO] 正在生成第221章...
[2026-05-18 18:02:41] [BatchWriter] [INFO] 第35章已保存（6195字）
[2026-05-18 18:02:41] [BatchWriter] [INFO] 正在生成第40章...
[2026-05-18 18:02:44] [BatchWriter] [INFO] 第36章已保存（3620字）
[2026-05-18 18:02:44] [BatchWriter] [INFO] 正在生成第41章...
[2026-05-18 18:02:45] [BatchWriter] [INFO] 第218章已保存（4405字）
[2026-05-18 18:02:45] [BatchWriter] [INFO] 正在生成第222章...
[2026-05-18 18:02:49] [BatchWriter] [INFO] 第37章已保存（3530字）
[2026-05-18 18:02:49] [BatchWriter] [INFO] 正在生成第42章...
[2026-05-18 18:02:50] [BatchWriter] [INFO] 第115章已保存（4838字）
[2026-05-18 18:02:50] [BatchWriter] [INFO] 正在生成第120章...
[2026-05-18 18:02:53] [BatchWriter] [INFO] 第117章已保存（3934字）
[2026-05-18 18:02:53] [BatchWriter] [INFO] 正在生成第121章...
[2026-05-18 18:02:56] [BatchWriter] [INFO] 第217章已保存（5722字）
[2026-05-18 18:02:56] [BatchWriter] [INFO] 正在生成第223章...
[2026-05-18 18:02:57] [BatchWriter] [INFO] 第116章已保存（4946字）
[2026-05-18 18:02:57] [BatchWriter] [INFO] 正在生成第122章...
[2026-05-18 18:02:58] [BatchWriter] [INFO] 第219章已保存（4321字）
[2026-05-18 18:02:58] [BatchWriter] [INFO] 正在生成第224章...
[2026-05-18 18:03:04] [BatchWriter] [INFO] 第39章已保存（3983字）
[2026-05-18 18:03:04] [BatchWriter] [INFO] 正在生成第43章...
[2026-05-18 18:03:11] [BatchWriter] [INFO] 第118章已保存（4263字）
[2026-05-18 18:03:11] [BatchWriter] [INFO] 正在生成第123章...
[2026-05-18 18:03:14] [BatchWriter] [INFO] 第38章已保存（4584字）
[2026-05-18 18:03:14] [BatchWriter] [INFO] 正在生成第44章...
[2026-05-18 18:03:21] [BatchWriter] [INFO] 第119章已保存（4597字）
[2026-05-18 18:03:21] [BatchWriter] [INFO] 正在生成第124章...
[2026-05-18 18:03:28] [BatchWriter] [INFO] 第221章已保存（3925字）
[2026-05-18 18:03:28] [BatchWriter] [INFO] 正在生成第225章...
[2026-05-18 18:03:31] [BatchWriter] [INFO] 第220章已保存（3127字）
[2026-05-18 18:03:31] [BatchWriter] [INFO] 正在生成第226章...
[2026-05-18 18:03:50] [BatchWriter] [INFO] 第120章已保存（4452字）
[2026-05-18 18:03:50] [BatchWriter] [INFO] 正在生成第125章...
[2026-05-18 18:03:54] [BatchWriter] [INFO] 第222章已保存（5193字）
[2026-05-18 18:03:54] [BatchWriter] [INFO] 正在生成第227章...
[2026-05-18 18:03:56] [BatchWriter] [INFO] 第41章已保存（4855字）
[2026-05-18 18:03:56] [BatchWriter] [INFO] 正在生成第45章...
[2026-05-18 18:03:59] [BatchWriter] [INFO] 第40章已保存（5646字）
[2026-05-18 18:03:59] [BatchWriter] [INFO] 正在生成第46章...
[2026-05-18 18:04:00] [BatchWriter] [INFO] 第223章已保存（4355字）
[2026-05-18 18:04:00] [BatchWriter] [INFO] 正在生成第228章...
[2026-05-18 18:04:06] [BatchWriter] [INFO] 第121章已保存（5071字）
[2026-05-18 18:04:06] [BatchWriter] [INFO] 正在生成第126章...
[2026-05-18 18:04:10] [BatchWriter] [INFO] 第122章已保存（5150字）
[2026-05-18 18:04:10] [BatchWriter] [INFO] 正在生成第127章...
[2026-05-18 18:04:20] [BatchWriter] [INFO] 第44章已保存（4915字）
[2026-05-18 18:04:20] [BatchWriter] [INFO] 正在生成第47章...
[2026-05-18 18:04:21] [BatchWriter] [INFO] 第224章已保存（5686字）
[2026-05-18 18:04:21] [BatchWriter] [INFO] 正在生成第229章...
[2026-05-18 18:04:30] [BatchWriter] [INFO] 第43章已保存（5951字）
[2026-05-18 18:04:30] [BatchWriter] [INFO] 正在生成第48章...
[2026-05-18 18:04:34] [BatchWriter] [INFO] 第123章已保存（6197字）
[2026-05-18 18:04:34] [BatchWriter] [INFO] 正在生成第128章...
[2026-05-18 18:04:35] [BatchWriter] [INFO] 第125章已保存（3296字）
[2026-05-18 18:04:35] [BatchWriter] [INFO] 正在生成第129章...
[2026-05-18 18:04:36] [BatchWriter] [INFO] 第42章已保存（7080字）
[2026-05-18 18:04:36] [BatchWriter] [INFO] 正在生成第49章...
[2026-05-18 18:04:44] [BatchWriter] [INFO] 第124章已保存（6671字）
[2026-05-18 18:04:44] [BatchWriter] [INFO] 正在生成第130章...
[2026-05-18 18:04:48] [BatchWriter] [INFO] 第226章已保存（5644字）
[2026-05-18 18:04:48] [BatchWriter] [INFO] 正在生成第230章...
[2026-05-18 18:04:54] [BatchWriter] [INFO] 第227章已保存（4547字）
[2026-05-18 18:04:54] [BatchWriter] [INFO] 正在生成第231章...
[2026-05-18 18:04:56] [BatchWriter] [INFO] 第225章已保存（7006字）
[2026-05-18 18:04:56] [BatchWriter] [INFO] 正在生成第232章...
[2026-05-18 18:05:00] [BatchWriter] [INFO] 第46章已保存（4031字）
[2026-05-18 18:05:00] [BatchWriter] [INFO] 正在生成第50章...
[2026-05-18 18:05:04] [BatchWriter] [INFO] 第228章已保存（4378字）
[2026-05-18 18:05:04] [BatchWriter] [INFO] 正在生成第233章...
[2026-05-18 18:05:04] [BatchWriter] [INFO] 第45章已保存（4697字）
[2026-05-18 18:05:04] [BatchWriter] [INFO] 正在生成第51章...
[2026-05-18 18:05:17] [BatchWriter] [INFO] 第47章已保存（4248字）
[2026-05-18 18:05:17] [BatchWriter] [INFO] 正在生成第52章...
[2026-05-18 18:05:24] [BatchWriter] [INFO] 第127章已保存（4956字）
[2026-05-18 18:05:24] [BatchWriter] [INFO] 正在生成第131章...
[2026-05-18 18:05:27] [BatchWriter] [INFO] 第126章已保存（5803字）
[2026-05-18 18:05:27] [BatchWriter] [INFO] 正在生成第132章...
[2026-05-18 18:05:35] [BatchWriter] [INFO] 第128章已保存（3867字）
[2026-05-18 18:05:35] [BatchWriter] [INFO] 正在生成第133章...
[2026-05-18 18:05:35] [BatchWriter] [INFO] 第229章已保存（4751字）
[2026-05-18 18:05:35] [BatchWriter] [INFO] 正在生成第234章...
[2026-05-18 18:05:43] [BatchWriter] [INFO] 第49章已保存（4686字）
[2026-05-18 18:05:43] [BatchWriter] [INFO] 正在生成第53章...
[2026-05-18 18:05:45] [BatchWriter] [INFO] 第48章已保存（5747字）
[2026-05-18 18:05:45] [BatchWriter] [INFO] 正在生成第54章...
[2026-05-18 18:05:51] [BatchWriter] [INFO] 第230章已保存（5024字）
[2026-05-18 18:05:51] [BatchWriter] [INFO] 正在生成第235章...
[2026-05-18 18:05:53] [BatchWriter] [INFO] 第50章已保存（3568字）
[2026-05-18 18:05:53] [BatchWriter] [INFO] 正在生成第55章...
[2026-05-18 18:05:55] [BatchWriter] [INFO] 第129章已保存（5640字）
[2026-05-18 18:05:55] [BatchWriter] [INFO] 正在生成第134章...
[2026-05-18 18:05:58] [BatchWriter] [INFO] 第232章已保存（4216字）
[2026-05-18 18:05:58] [BatchWriter] [INFO] 正在生成第236章...
[2026-05-18 18:06:00] [BatchWriter] [INFO] 第231章已保存（4822字）
[2026-05-18 18:06:00] [BatchWriter] [INFO] 正在生成第237章...
[2026-05-18 18:06:07] [BatchWriter] [INFO] 第233章已保存（4928字）
[2026-05-18 18:06:07] [BatchWriter] [INFO] 正在生成第238章...
[2026-05-18 18:06:15] [BatchWriter] [INFO] 第52章已保存（4436字）
[2026-05-18 18:06:15] [BatchWriter] [INFO] 正在生成第56章...
[2026-05-18 18:06:17] [BatchWriter] [INFO] 第51章已保存（4821字）
[2026-05-18 18:06:17] [BatchWriter] [INFO] 正在生成第57章...
[2026-05-18 18:06:26] [BatchWriter] [INFO] 第131章已保存（4556字）
[2026-05-18 18:06:26] [BatchWriter] [INFO] 正在生成第135章...
[2026-05-18 18:06:28] [BatchWriter] [INFO] 第130章已保存（8629字）
[2026-05-18 18:06:28] [BatchWriter] [INFO] 正在生成第136章...
[2026-05-18 18:06:30] [BatchWriter] [INFO] 第133章已保存（4208字）
[2026-05-18 18:06:30] [BatchWriter] [INFO] 正在生成第137章...
[2026-05-18 18:06:38] [BatchWriter] [INFO] 第234章已保存（4473字）
[2026-05-18 18:06:38] [BatchWriter] [INFO] 正在生成第239章...
[2026-05-18 18:06:39] [BatchWriter] [INFO] 第132章已保存（4797字）
[2026-05-18 18:06:39] [BatchWriter] [INFO] 正在生成第138章...
[2026-05-18 18:06:49] [BatchWriter] [INFO] 第53章已保存（4668字）
[2026-05-18 18:06:49] [BatchWriter] [INFO] 正在生成第58章...
[2026-05-18 18:06:58] [BatchWriter] [INFO] 第235章已保存（3949字）
[2026-05-18 18:06:58] [BatchWriter] [INFO] 正在生成第240章...
[2026-05-18 18:07:09] [BatchWriter] [INFO] 第238章已保存（4867字）
[2026-05-18 18:07:09] [BatchWriter] [INFO] 正在生成第241章...
[2026-05-18 18:07:14] [BatchWriter] [INFO] 第236章已保存（4724字）
[2026-05-18 18:07:14] [BatchWriter] [INFO] 正在生成第242章...
[2026-05-18 18:07:14] [BatchWriter] [INFO] 第57章已保存（4617字）
[2026-05-18 18:07:14] [BatchWriter] [INFO] 正在生成第59章...
[2026-05-18 18:07:18] [BatchWriter] [INFO] 第134章已保存（6946字）
[2026-05-18 18:07:18] [BatchWriter] [INFO] 正在生成第139章...
[2026-05-18 18:07:19] [BatchWriter] [INFO] 第237章已保存（5997字）
[2026-05-18 18:07:19] [BatchWriter] [INFO] 正在生成第243章...
[2026-05-18 18:07:19] [BatchWriter] [INFO] 第137章已保存（3584字）
[2026-05-18 18:07:19] [BatchWriter] [INFO] 正在生成第140章...
[2026-05-18 18:07:20] [BatchWriter] [INFO] 第55章已保存（5675字）
[2026-05-18 18:07:20] [BatchWriter] [INFO] 正在生成第60章...
[2026-05-18 18:07:20] [BatchWriter] [INFO] 第54章已保存（7349字）
[2026-05-18 18:07:20] [BatchWriter] [INFO] 正在生成第61章...
[2026-05-18 18:07:26] [BatchWriter] [INFO] 第135章已保存（4039字）
[2026-05-18 18:07:26] [BatchWriter] [INFO] 正在生成第141章...
[2026-05-18 18:07:27] [BatchWriter] [INFO] 第56章已保存（5130字）
[2026-05-18 18:07:27] [BatchWriter] [INFO] 正在生成第62章...
[2026-05-18 18:07:52] [BatchWriter] [INFO] 第239章已保存（5396字）
[2026-05-18 18:07:52] [BatchWriter] [INFO] 正在生成第244章...
[2026-05-18 18:07:57] [BatchWriter] [INFO] 第136章已保存（6090字）
[2026-05-18 18:07:57] [BatchWriter] [INFO] 正在生成第142章...
[2026-05-18 18:08:00] [BatchWriter] [INFO] 第240章已保存（4188字）
[2026-05-18 18:08:00] [BatchWriter] [INFO] 正在生成第245章...
[2026-05-18 18:08:01] [BatchWriter] [INFO] 第58章已保存（4982字）
[2026-05-18 18:08:01] [BatchWriter] [INFO] 正在生成第63章...
[2026-05-18 18:08:05] [BatchWriter] [INFO] 第59章已保存（3847字）
[2026-05-18 18:08:05] [BatchWriter] [INFO] 正在生成第64章...
[2026-05-18 18:08:08] [BatchWriter] [INFO] 第241章已保存（4127字）
[2026-05-18 18:08:08] [BatchWriter] [INFO] 正在生成第246章...
[2026-05-18 18:08:15] [BatchWriter] [INFO] 第242章已保存（4613字）
[2026-05-18 18:08:15] [BatchWriter] [INFO] 正在生成第247章...
[2026-05-18 18:08:17] [BatchWriter] [INFO] 第62章已保存（3289字）
[2026-05-18 18:08:17] [BatchWriter] [INFO] 正在生成第65章...
[2026-05-18 18:08:29] [BatchWriter] [INFO] 第60章已保存（5004字）
[2026-05-18 18:08:29] [BatchWriter] [INFO] 正在生成第66章...
[2026-05-18 18:08:32] [BatchWriter] [INFO] 第139章已保存（5279字）
[2026-05-18 18:08:32] [BatchWriter] [INFO] 正在生成第143章...
[2026-05-18 18:08:33] [BatchWriter] [INFO] 第138章已保存（5245字）
[2026-05-18 18:08:33] [BatchWriter] [INFO] 正在生成第144章...
[2026-05-18 18:08:42] [BatchWriter] [INFO] 第61章已保存（5351字）
[2026-05-18 18:08:42] [BatchWriter] [INFO] 正在生成第67章...
[2026-05-18 18:08:48] [BatchWriter] [INFO] 第141章已保存（6405字）
[2026-05-18 18:08:48] [BatchWriter] [INFO] 正在生成第145章...
[2026-05-18 18:08:49] [BatchWriter] [INFO] 第64章已保存（3273字）
[2026-05-18 18:08:49] [BatchWriter] [INFO] 正在生成第68章...
[2026-05-18 18:08:56] [BatchWriter] [INFO] 第63章已保存（4347字）
[2026-05-18 18:08:56] [BatchWriter] [INFO] 正在生成第69章...
[2026-05-18 18:08:57] [BatchWriter] [INFO] 第243章已保存（6950字）
[2026-05-18 18:08:57] [BatchWriter] [INFO] 正在生成第248章...
[2026-05-18 18:08:57] [BatchWriter] [INFO] 第65章已保存（3292字）
[2026-05-18 18:08:57] [BatchWriter] [INFO] 正在生成第70章...
[2026-05-18 18:08:59] [BatchWriter] [INFO] 第245章已保存（4993字）
[2026-05-18 18:08:59] [BatchWriter] [INFO] 正在生成第249章...
[2026-05-18 18:08:59] [BatchWriter] [INFO] 第142章已保存（4462字）
[2026-05-18 18:08:59] [BatchWriter] [INFO] 正在生成第146章...
[2026-05-18 18:09:11] [BatchWriter] [INFO] 第246章已保存（4763字）
[2026-05-18 18:09:11] [BatchWriter] [INFO] 正在生成第250章...
[2026-05-18 18:09:19] [BatchWriter] [INFO] 第140章已保存（4356字）
[2026-05-18 18:09:19] [BatchWriter] [INFO] 正在生成第147章...
[2026-05-18 18:09:19] [BatchWriter] [INFO] 第66章已保存（4123字）
[2026-05-18 18:09:19] [BatchWriter] [INFO] 正在生成第71章...
[2026-05-18 18:09:23] [BatchWriter] [INFO] 第67章已保存（3288字）
[2026-05-18 18:09:23] [BatchWriter] [INFO] 正在生成第72章...
[2026-05-18 18:09:33] [BatchWriter] [INFO] ============================================================
[2026-05-18 18:09:33] [BatchWriter] [INFO] Batch Writer 启动 | 范围: 201-300 | Workers: 5
[2026-05-18 18:09:33] [BatchWriter] [INFO] ============================================================
[2026-05-18 18:09:33] [BatchWriter] [INFO] 第201章已存在，跳过
[2026-05-18 18:09:33] [BatchWriter] [INFO] 第202章已存在，跳过
[2026-05-18 18:09:33] [BatchWriter] [INFO] 第203章已存在，跳过
[2026-05-18 18:09:33] [BatchWriter] [INFO] 第204章已存在，跳过
[2026-05-18 18:09:33] [BatchWriter] [INFO] 第205章已存在，跳过
[2026-05-18 18:09:33] [BatchWriter] [INFO] 第206章已存在，跳过
[2026-05-18 18:09:33] [BatchWriter] [INFO] 第207章已存在，跳过
[2026-05-18 18:09:33] [BatchWriter] [INFO] 第208章已存在，跳过
[2026-05-18 18:09:33] [BatchWriter] [INFO] 第209章已存在，跳过
[2026-05-18 18:09:33] [BatchWriter] [INFO] 第210章已存在，跳过
[2026-05-18 18:09:33] [BatchWriter] [INFO] 第211章已存在，跳过
[2026-05-18 18:09:33] [BatchWriter] [INFO] 第212章已存在，跳过
[2026-05-18 18:09:33] [BatchWriter] [INFO] 第213章已存在，跳过
[2026-05-18 18:09:33] [BatchWriter] [INFO] 第214章已存在，跳过
[2026-05-18 18:09:33] [BatchWriter] [INFO] 第215章已存在，跳过
[2026-05-18 18:09:33] [BatchWriter] [INFO] 第216章已存在，跳过
[2026-05-18 18:09:33] [BatchWriter] [INFO] 第217章已存在，跳过
[2026-05-18 18:09:33] [BatchWriter] [INFO] 第218章已存在，跳过
[2026-05-18 18:09:33] [BatchWriter] [INFO] 第219章已存在，跳过
[2026-05-18 18:09:33] [BatchWriter] [INFO] 第220章已存在，跳过
[2026-05-18 18:09:33] [BatchWriter] [INFO] 第221章已存在，跳过
[2026-05-18 18:09:33] [BatchWriter] [INFO] 第222章已存在，跳过
[2026-05-18 18:09:33] [BatchWriter] [INFO] 第223章已存在，跳过
[2026-05-18 18:09:33] [BatchWriter] [INFO] 第224章已存在，跳过
[2026-05-18 18:09:33] [BatchWriter] [INFO] 第225章已存在，跳过
[2026-05-18 18:09:33] [BatchWriter] [INFO] 第226章已存在，跳过
[2026-05-18 18:09:33] [BatchWriter] [INFO] 第227章已存在，跳过
[2026-05-18 18:09:33] [BatchWriter] [INFO] 第228章已存在，跳过
[2026-05-18 18:09:33] [BatchWriter] [INFO] 第229章已存在，跳过
[2026-05-18 18:09:33] [BatchWriter] [INFO] 第230章已存在，跳过
[2026-05-18 18:09:33] [BatchWriter] [INFO] 第231章已存在，跳过
[2026-05-18 18:09:33] [BatchWriter] [INFO] 第232章已存在，跳过
[2026-05-18 18:09:33] [BatchWriter] [INFO] 第233章已存在，跳过
[2026-05-18 18:09:33] [BatchWriter] [INFO] 第234章已存在，跳过
[2026-05-18 18:09:33] [BatchWriter] [INFO] 第235章已存在，跳过
[2026-05-18 18:09:33] [BatchWriter] [INFO] 第236章已存在，跳过
[2026-05-18 18:09:33] [BatchWriter] [INFO] 第237章已存在，跳过
[2026-05-18 18:09:33] [BatchWriter] [INFO] 第238章已存在，跳过
[2026-05-18 18:09:33] [BatchWriter] [INFO] 第239章已存在，跳过
[2026-05-18 18:09:33] [BatchWriter] [INFO] 第240章已存在，跳过
[2026-05-18 18:09:33] [BatchWriter] [INFO] 第241章已存在，跳过
[2026-05-18 18:09:33] [BatchWriter] [INFO] 第242章已存在，跳过
[2026-05-18 18:09:33] [BatchWriter] [INFO] 第243章已存在，跳过
[2026-05-18 18:09:33] [BatchWriter] [INFO] 正在生成第244章...
[2026-05-18 18:09:33] [BatchWriter] [INFO] 第245章已存在，跳过
[2026-05-18 18:09:33] [BatchWriter] [INFO] 第246章已存在，跳过
[2026-05-18 18:09:33] [BatchWriter] [INFO] 正在生成第247章...
[2026-05-18 18:09:33] [BatchWriter] [INFO] 正在生成第248章...
[2026-05-18 18:09:33] [BatchWriter] [INFO] 正在生成第249章...
[2026-05-18 18:09:33] [BatchWriter] [INFO] 正在生成第250章...
[2026-05-18 18:09:44] [BatchWriter] [INFO] 第244章已保存（5938字）
[2026-05-18 18:09:44] [BatchWriter] [INFO] 第251章已存在，跳过
[2026-05-18 18:09:44] [BatchWriter] [INFO] 第252章已存在，跳过
[2026-05-18 18:09:44] [BatchWriter] [INFO] 第253章已存在，跳过
[2026-05-18 18:09:44] [BatchWriter] [INFO] 第254章已存在，跳过
[2026-05-18 18:09:44] [BatchWriter] [INFO] 正在生成第255章...
[2026-05-18 18:09:48] [BatchWriter] [INFO] 第144章已保存（5563字）
[2026-05-18 18:09:48] [BatchWriter] [INFO] 正在生成第148章...
[2026-05-18 18:09:53] [BatchWriter] [INFO] 第68章已保存（4407字）
[2026-05-18 18:09:53] [BatchWriter] [INFO] 正在生成第73章...
[2026-05-18 18:09:54] [BatchWriter] [INFO] 第143章已保存（5605字）
[2026-05-18 18:09:54] [BatchWriter] [INFO] 正在生成第149章...
[2026-05-18 18:09:58] [BatchWriter] [INFO] 第145章已保存（5243字）
[2026-05-18 18:09:58] [BatchWriter] [INFO] 正在生成第150章...
[2026-05-18 18:09:58] [BatchWriter] [INFO] 第248章已保存（5028字）
[2026-05-18 18:09:58] [BatchWriter] [INFO] 正在生成第256章...
[2026-05-18 18:10:00] [BatchWriter] [INFO] 第249章已保存（4873字）
[2026-05-18 18:10:00] [BatchWriter] [INFO] 正在生成第257章...
[2026-05-18 18:10:09] [BatchWriter] [INFO] 第146章已保存（5598字）
[2026-05-18 18:10:09] [BatchWriter] [INFO] 正在生成第151章...
[2026-05-18 18:10:09] [BatchWriter] [INFO] 第70章已保存（5549字）
[2026-05-18 18:10:09] [BatchWriter] [INFO] 正在生成第74章...
[2026-05-18 18:10:10] [BatchWriter] [INFO] 第69章已保存（5566字）
[2026-05-18 18:10:10] [BatchWriter] [INFO] 正在生成第75章...
[2026-05-18 18:10:13] [BatchWriter] [INFO] 第247章已保存（9880字）
[2026-05-18 18:10:13] [BatchWriter] [INFO] 正在生成第258章...
[2026-05-18 18:10:15] [BatchWriter] [INFO] 第71章已保存（3934字）
[2026-05-18 18:10:15] [BatchWriter] [INFO] 正在生成第76章...
[2026-05-18 18:10:22] [BatchWriter] [INFO] 第250章已保存（5905字）
[2026-05-18 18:10:22] [BatchWriter] [INFO] 正在生成第259章...
[2026-05-18 18:10:26] [BatchWriter] [INFO] 第255章已保存（3317字）
[2026-05-18 18:10:26] [BatchWriter] [INFO] 正在生成第260章...
[2026-05-18 18:10:31] [BatchWriter] [INFO] 第147章已保存（5361字）
[2026-05-18 18:10:31] [BatchWriter] [INFO] 正在生成第152章...
[2026-05-18 18:10:32] [BatchWriter] [INFO] 第244章已保存（4682字）
[2026-05-18 18:10:32] [BatchWriter] [INFO] 第251章已存在，跳过
[2026-05-18 18:10:32] [BatchWriter] [INFO] 第252章已存在，跳过
[2026-05-18 18:10:32] [BatchWriter] [INFO] 第253章已存在，跳过
[2026-05-18 18:10:32] [BatchWriter] [INFO] 第254章已存在，跳过
[2026-05-18 18:10:32] [BatchWriter] [INFO] 第255章已存在，跳过
[2026-05-18 18:10:32] [BatchWriter] [INFO] 正在生成第256章...
[2026-05-18 18:10:35] [BatchWriter] [INFO] 第248章已保存（4120字）
[2026-05-18 18:10:35] [BatchWriter] [INFO] 正在生成第257章...
[2026-05-18 18:10:36] [BatchWriter] [INFO] 第72章已保存（5211字）
[2026-05-18 18:10:36] [BatchWriter] [INFO] 正在生成第77章...
[2026-05-18 18:10:38] [BatchWriter] [INFO] 第249章已保存（4147字）
[2026-05-18 18:10:38] [BatchWriter] [INFO] 正在生成第258章...
[2026-05-18 18:10:40] [BatchWriter] [INFO] 第149章已保存（3140字）
[2026-05-18 18:10:40] [BatchWriter] [INFO] 正在生成第153章...
[2026-05-18 18:10:43] [BatchWriter] [INFO] 第250章已保存（4757字）
[2026-05-18 18:10:43] [BatchWriter] [INFO] 正在生成第259章...
[2026-05-18 18:10:48] [BatchWriter] [INFO] 第247章已保存（5963字）
[2026-05-18 18:10:48] [BatchWriter] [INFO] 正在生成第260章...
[2026-05-18 18:10:51] [BatchWriter] [INFO] 第148章已保存（4508字）
[2026-05-18 18:10:51] [BatchWriter] [INFO] 正在生成第154章...
[2026-05-18 18:10:53] [BatchWriter] [INFO] 第73章已保存（4762字）
[2026-05-18 18:10:53] [BatchWriter] [INFO] 正在生成第78章...
[2026-05-18 18:10:57] [BatchWriter] [INFO] 第76章已保存（3392字）
[2026-05-18 18:10:57] [BatchWriter] [INFO] 正在生成第79章...
[2026-05-18 18:11:00] [BatchWriter] [INFO] 第256章已保存（4291字）
[2026-05-18 18:11:00] [BatchWriter] [INFO] 正在生成第261章...
[2026-05-18 18:11:01] [BatchWriter] [INFO] 第75章已保存（3962字）
[2026-05-18 18:11:01] [BatchWriter] [INFO] 正在生成第80章...
[2026-05-18 18:11:04] [BatchWriter] [INFO] 第258章已保存（3769字）
[2026-05-18 18:11:04] [BatchWriter] [INFO] 正在生成第262章...
[2026-05-18 18:11:07] [BatchWriter] [INFO] 第257章已保存（5227字）
[2026-05-18 18:11:07] [BatchWriter] [INFO] 正在生成第263章...
[2026-05-18 18:11:12] [BatchWriter] [INFO] 第151章已保存（4491字）
[2026-05-18 18:11:13] [BatchWriter] [INFO] 正在生成第155章...
[2026-05-18 18:11:20] [BatchWriter] [INFO] 第74章已保存（5693字）
[2026-05-18 18:11:20] [BatchWriter] [INFO] 第81章已存在，跳过
[2026-05-18 18:11:20] [BatchWriter] [INFO] 正在生成第82章...
[2026-05-18 18:11:22] [BatchWriter] [INFO] 第256章已保存（3937字）
[2026-05-18 18:11:22] [BatchWriter] [INFO] 正在生成第261章...
[2026-05-18 18:11:27] [BatchWriter] [INFO] 第260章已保存（4906字）
[2026-05-18 18:11:27] [BatchWriter] [INFO] 正在生成第264章...
[2026-05-18 18:11:28] [BatchWriter] [INFO] 第153章已保存（3582字）
[2026-05-18 18:11:28] [BatchWriter] [INFO] 正在生成第156章...
[2026-05-18 18:11:28] [BatchWriter] [INFO] 第150章已保存（7284字）
[2026-05-18 18:11:28] [BatchWriter] [INFO] 正在生成第157章...
[2026-05-18 18:11:30] [BatchWriter] [INFO] 第77章已保存（3977字）
[2026-05-18 18:11:30] [BatchWriter] [INFO] 第83章已存在，跳过
[2026-05-18 18:11:30] [BatchWriter] [INFO] 正在生成第84章...
[2026-05-18 18:11:34] [BatchWriter] [INFO] 第259章已保存（5583字）
[2026-05-18 18:11:34] [BatchWriter] [INFO] 正在生成第265章...
[2026-05-18 18:11:40] [BatchWriter] [INFO] 第152章已保存（4344字）
[2026-05-18 18:11:40] [BatchWriter] [INFO] 正在生成第158章...
[2026-05-18 18:11:49] [BatchWriter] [INFO] 第154章已保存（4578字）
[2026-05-18 18:11:49] [BatchWriter] [INFO] 正在生成第159章...
[2026-05-18 18:11:54] [BatchWriter] [INFO] 第261章已保存（3973字）
[2026-05-18 18:11:54] [BatchWriter] [INFO] 正在生成第266章...
[2026-05-18 18:11:54] [BatchWriter] [INFO] 第80章已保存（4034字）
[2026-05-18 18:11:54] [BatchWriter] [INFO] 第85章已存在，跳过
[2026-05-18 18:11:54] [BatchWriter] [INFO] 正在生成第86章...
[2026-05-18 18:11:54] [BatchWriter] [INFO] 第262章已保存（4074字）
[2026-05-18 18:11:54] [BatchWriter] [INFO] 正在生成第267章...
[2026-05-18 18:11:56] [BatchWriter] [INFO] 第260章已保存（5057字）
[2026-05-18 18:11:56] [BatchWriter] [INFO] 第262章已存在，跳过
[2026-05-18 18:11:56] [BatchWriter] [INFO] 正在生成第263章...
[2026-05-18 18:12:01] [BatchWriter] [INFO] 第257章已保存（6862字）
[2026-05-18 18:12:01] [BatchWriter] [INFO] 正在生成第264章...
[2026-05-18 18:12:02] [BatchWriter] [INFO] 第259章已保存（6222字）
[2026-05-18 18:12:02] [BatchWriter] [INFO] 正在生成第265章...
[2026-05-18 18:12:05] [BatchWriter] [INFO] 第258章已保存（7110字）
[2026-05-18 18:12:05] [BatchWriter] [INFO] 正在生成第266章...
[2026-05-18 18:12:10] [BatchWriter] [INFO] 第79章已保存（5036字）
[2026-05-18 18:12:10] [BatchWriter] [INFO] 第87章已存在，跳过
[2026-05-18 18:12:10] [BatchWriter] [INFO] 正在生成第88章...
[2026-05-18 18:12:16] [BatchWriter] [INFO] 第78章已保存（6337字）
[2026-05-18 18:12:16] [BatchWriter] [INFO] 第89章已存在，跳过
[2026-05-18 18:12:16] [BatchWriter] [INFO] 正在生成第90章...
[2026-05-18 18:12:19] [BatchWriter] [INFO] 第261章已保存（4077字）
[2026-05-18 18:12:19] [BatchWriter] [INFO] 正在生成第267章...
[2026-05-18 18:12:21] [BatchWriter] [INFO] 第264章已保存（4178字）
[2026-05-18 18:12:21] [BatchWriter] [INFO] 正在生成第268章...
[2026-05-18 18:12:24] [BatchWriter] [INFO] 第82章已保存（4287字）
[2026-05-18 18:12:24] [BatchWriter] [INFO] 第91章已存在，跳过
[2026-05-18 18:12:24] [BatchWriter] [INFO] 第92章已存在，跳过
[2026-05-18 18:12:24] [BatchWriter] [INFO] 第93章已存在，跳过
[2026-05-18 18:12:24] [BatchWriter] [INFO] 第94章已存在，跳过
[2026-05-18 18:12:24] [BatchWriter] [INFO] 第95章已存在，跳过
[2026-05-18 18:12:24] [BatchWriter] [INFO] 第96章已存在，跳过
[2026-05-18 18:12:24] [BatchWriter] [INFO] 第97章已存在，跳过
[2026-05-18 18:12:24] [BatchWriter] [INFO] 正在生成第98章...
[2026-05-18 18:12:25] [BatchWriter] [INFO] 第84章已保存（4745字）
[2026-05-18 18:12:25] [BatchWriter] [INFO] 正在生成第99章...
[2026-05-18 18:12:26] [BatchWriter] [INFO] 第265章已保存（4063字）
[2026-05-18 18:12:26] [BatchWriter] [INFO] 正在生成第269章...
[2026-05-18 18:12:30] [BatchWriter] [INFO] 第156章已保存（4847字）
[2026-05-18 18:12:30] [BatchWriter] [INFO] 正在生成第160章...
[2026-05-18 18:12:33] [BatchWriter] [INFO] 第263章已保存（6160字）
[2026-05-18 18:12:33] [BatchWriter] [INFO] 正在生成第270章...
[2026-05-18 18:12:35] [BatchWriter] [ERROR] 第263章生成失败
[2026-05-18 18:12:35] [BatchWriter] [INFO] 正在生成第268章...
[2026-05-18 18:12:36] [BatchWriter] [INFO] 第158章已保存（4532字）
[2026-05-18 18:12:36] [BatchWriter] [INFO] 正在生成第161章...
[2026-05-18 18:12:37] [BatchWriter] [INFO] 第157章已保存（4987字）
[2026-05-18 18:12:37] [BatchWriter] [INFO] 正在生成第162章...
[2026-05-18 18:12:40] [BatchWriter] [INFO] 第159章已保存（4087字）
[2026-05-18 18:12:40] [BatchWriter] [INFO] 正在生成第163章...
[2026-05-18 18:12:41] [BatchWriter] [INFO] 第155章已保存（6574字）
[2026-05-18 18:12:41] [BatchWriter] [INFO] 正在生成第164章...
[2026-05-18 18:12:46] [BatchWriter] [INFO] 第267章已保存（4021字）
[2026-05-18 18:12:46] [BatchWriter] [INFO] 正在生成第271章...
[2026-05-18 18:12:48] [BatchWriter] [INFO] 第266章已保存（4127字）
[2026-05-18 18:12:48] [BatchWriter] [INFO] 正在生成第272章...
[2026-05-18 18:12:54] [BatchWriter] [INFO] 第266章已保存（3274字）
[2026-05-18 18:12:54] [BatchWriter] [INFO] 正在生成第269章...
[2026-05-18 18:12:56] [BatchWriter] [INFO] 第265章已保存（4067字）
[2026-05-18 18:12:56] [BatchWriter] [INFO] 正在生成第270章...
[2026-05-18 18:13:05] [BatchWriter] [INFO] 第90章已保存（3299字）
[2026-05-18 18:13:05] [BatchWriter] [INFO] 正在生成第100章...
[2026-05-18 18:13:06] [BatchWriter] [INFO] 第86章已保存（6392字）
[2026-05-18 18:13:10] [BatchWriter] [INFO] 第264章已保存（4882字）
[2026-05-18 18:13:10] [BatchWriter] [INFO] 正在生成第271章...
[2026-05-18 18:13:18] [BatchWriter] [INFO] 第98章已保存（4277字）
[2026-05-18 18:13:24] [BatchWriter] [INFO] 第268章已保存（4372字）
[2026-05-18 18:13:24] [BatchWriter] [INFO] 正在生成第273章...
[2026-05-18 18:13:29] [BatchWriter] [INFO] 第99章已保存（4803字）
[2026-05-18 18:13:29] [BatchWriter] [INFO] 第268章已保存（4060字）
[2026-05-18 18:13:29] [BatchWriter] [INFO] 正在生成第272章...
[2026-05-18 18:13:29] [BatchWriter] [INFO] 第267章已保存（5757字）
[2026-05-18 18:13:29] [BatchWriter] [INFO] 正在生成第273章...
[2026-05-18 18:13:30] [BatchWriter] [INFO] 第88章已保存（6816字）
[2026-05-18 18:13:34] [BatchWriter] [INFO] 第270章已保存（4908字）
[2026-05-18 18:13:34] [BatchWriter] [INFO] 正在生成第274章...
[2026-05-18 18:13:35] [BatchWriter] [INFO] 第162章已保存（4273字）
[2026-05-18 18:13:35] [BatchWriter] [INFO] 正在生成第165章...
[2026-05-18 18:13:37] [BatchWriter] [INFO] 第271章已保存（3875字）
[2026-05-18 18:13:37] [BatchWriter] [INFO] 正在生成第275章...
[2026-05-18 18:13:41] [BatchWriter] [INFO] 第269章已保存（3797字）
[2026-05-18 18:13:41] [BatchWriter] [INFO] 正在生成第274章...
[2026-05-18 18:13:42] [BatchWriter] [INFO] 第160章已保存（5828字）
[2026-05-18 18:13:42] [BatchWriter] [INFO] 正在生成第166章...
[2026-05-18 18:13:45] [BatchWriter] [INFO] 第164章已保存（4057字）
[2026-05-18 18:13:45] [BatchWriter] [INFO] 正在生成第167章...
[2026-05-18 18:13:46] [BatchWriter] [INFO] 第163章已保存（5226字）
[2026-05-18 18:13:46] [BatchWriter] [INFO] 正在生成第168章...
[2026-05-18 18:13:49] [BatchWriter] [INFO] 第272章已保存（4652字）
[2026-05-18 18:13:49] [BatchWriter] [INFO] 正在生成第276章...
[2026-05-18 18:13:51] [BatchWriter] [INFO] 第161章已保存（5679字）
[2026-05-18 18:13:51] [BatchWriter] [INFO] 正在生成第169章...
[2026-05-18 18:14:03] [BatchWriter] [INFO] 第269章已保存（8362字）
[2026-05-18 18:14:03] [BatchWriter] [INFO] 正在生成第277章...
[2026-05-18 18:14:07] [BatchWriter] [INFO] 第270章已保存（5400字）
[2026-05-18 18:14:07] [BatchWriter] [INFO] 正在生成第275章...
[2026-05-18 18:14:16] [BatchWriter] [INFO] 第272章已保存（3499字）
[2026-05-18 18:14:16] [BatchWriter] [INFO] 正在生成第276章...
[2026-05-18 18:14:17] [BatchWriter] [INFO] 第100章已保存（5233字）
[2026-05-18 18:14:17] [BatchWriter] [INFO] ============================================================
[2026-05-18 18:14:17] [BatchWriter] [INFO] Batch Writer 完成 | 成功: 68 | 已存在: 32 | 失败: 0
[2026-05-18 18:14:17] [BatchWriter] [INFO] ============================================================
[2026-05-18 18:14:20] [BatchWriter] [INFO] 第271章已保存（5602字）
[2026-05-18 18:14:20] [BatchWriter] [INFO] 正在生成第277章...
[2026-05-18 18:14:23] [BatchWriter] [INFO] 第273章已保存（4849字）
[2026-05-18 18:14:23] [BatchWriter] [INFO] 正在生成第278章...
[2026-05-18 18:14:34] [BatchWriter] [INFO] 第274章已保存（4565字）
[2026-05-18 18:14:34] [BatchWriter] [INFO] 正在生成第279章...
[2026-05-18 18:14:34] [BatchWriter] [INFO] 第165章已保存（4624字）
[2026-05-18 18:14:34] [BatchWriter] [INFO] 第170章已存在，跳过
[2026-05-18 18:14:34] [BatchWriter] [INFO] 正在生成第171章...
[2026-05-18 18:14:36] [BatchWriter] [INFO] 第169章已保存（3455字）
[2026-05-18 18:14:36] [BatchWriter] [INFO] 第172章已存在，跳过
[2026-05-18 18:14:36] [BatchWriter] [INFO] 正在生成第173章...
[2026-05-18 18:14:39] [BatchWriter] [INFO] 第166章已保存（4279字）
[2026-05-18 18:14:39] [BatchWriter] [INFO] 第174章已存在，跳过
[2026-05-18 18:14:39] [BatchWriter] [INFO] 正在生成第175章...
[2026-05-18 18:14:40] [BatchWriter] [INFO] 第273章已保存（5005字）
[2026-05-18 18:14:40] [BatchWriter] [INFO] 正在生成第278章...
[2026-05-18 18:14:41] [BatchWriter] [INFO] 第168章已保存（3927字）
[2026-05-18 18:14:41] [BatchWriter] [INFO] 第176章已存在，跳过
[2026-05-18 18:14:41] [BatchWriter] [INFO] 正在生成第177章...
[2026-05-18 18:14:51] [BatchWriter] [INFO] 第276章已保存（4670字）
[2026-05-18 18:14:51] [BatchWriter] [INFO] 正在生成第280章...
[2026-05-18 18:14:59] [BatchWriter] [INFO] 第274章已保存（6319字）
[2026-05-18 18:14:59] [BatchWriter] [INFO] 正在生成第279章...
[2026-05-18 18:15:07] [BatchWriter] [INFO] 第275章已保存（5206字）
[2026-05-18 18:15:07] [BatchWriter] [INFO] 正在生成第280章...
[2026-05-18 18:15:15] [BatchWriter] [INFO] 第275章已保存（8278字）
[2026-05-18 18:15:15] [BatchWriter] [INFO] 正在生成第281章...
[2026-05-18 18:15:19] [BatchWriter] [INFO] 第277章已保存（6585字）
[2026-05-18 18:15:19] [BatchWriter] [INFO] 正在生成第282章...
[2026-05-18 18:15:22] [BatchWriter] [INFO] 第276章已保存（5141字）
[2026-05-18 18:15:22] [BatchWriter] [INFO] 正在生成第281章...
[2026-05-18 18:15:24] [BatchWriter] [INFO] 第167章已保存（8391字）
[2026-05-18 18:15:24] [BatchWriter] [INFO] 第178章已存在，跳过
[2026-05-18 18:15:24] [BatchWriter] [INFO] 第179章已存在，跳过
[2026-05-18 18:15:24] [BatchWriter] [INFO] 第180章已存在，跳过
[2026-05-18 18:15:24] [BatchWriter] [INFO] 第181章已存在，跳过
[2026-05-18 18:15:24] [BatchWriter] [INFO] 第182章已存在，跳过
[2026-05-18 18:15:24] [BatchWriter] [INFO] 第183章已存在，跳过
[2026-05-18 18:15:24] [BatchWriter] [INFO] 第184章已存在，跳过
[2026-05-18 18:15:24] [BatchWriter] [INFO] 第185章已存在，跳过
[2026-05-18 18:15:24] [BatchWriter] [INFO] 第186章已存在，跳过
[2026-05-18 18:15:24] [BatchWriter] [INFO] 第187章已存在，跳过
[2026-05-18 18:15:24] [BatchWriter] [INFO] 正在生成第188章...
[2026-05-18 18:15:24] [BatchWriter] [INFO] 第277章已保存（4776字）
[2026-05-18 18:15:24] [BatchWriter] [INFO] 正在生成第282章...
[2026-05-18 18:15:32] [BatchWriter] [INFO] 第279章已保存（4659字）
[2026-05-18 18:15:32] [BatchWriter] [INFO] 正在生成第283章...
[2026-05-18 18:15:33] [BatchWriter] [INFO] 第175章已保存（4368字）
[2026-05-18 18:15:33] [BatchWriter] [INFO] 正在生成第189章...
[2026-05-18 18:15:38] [BatchWriter] [INFO] 第278章已保存（5715字）
[2026-05-18 18:15:38] [BatchWriter] [INFO] 正在生成第284章...
[2026-05-18 18:15:40] [BatchWriter] [INFO] 第280章已保存（3532字）
[2026-05-18 18:15:40] [BatchWriter] [INFO] 正在生成第285章...
[2026-05-18 18:15:44] [BatchWriter] [INFO] 第171章已保存（5364字）
[2026-05-18 18:15:44] [BatchWriter] [INFO] 正在生成第190章...
[2026-05-18 18:15:44] [BatchWriter] [INFO] 第173章已保存（5089字）
[2026-05-18 18:15:44] [BatchWriter] [INFO] 正在生成第191章...
[2026-05-18 18:16:02] [BatchWriter] [INFO] 第177章已保存（3876字）
[2026-05-18 18:16:02] [BatchWriter] [INFO] 正在生成第192章...
[2026-05-18 18:16:06] [BatchWriter] [INFO] 第278章已保存（4331字）
[2026-05-18 18:16:06] [BatchWriter] [INFO] 正在生成第283章...
[2026-05-18 18:16:08] [BatchWriter] [INFO] 第279章已保存（5274字）
[2026-05-18 18:16:08] [BatchWriter] [INFO] 正在生成第284章...
[2026-05-18 18:16:11] [BatchWriter] [INFO] 第280章已保存（4988字）
[2026-05-18 18:16:11] [BatchWriter] [INFO] 正在生成第285章...
[2026-05-18 18:16:22] [BatchWriter] [INFO] 第283章已保存（3958字）
[2026-05-18 18:16:22] [BatchWriter] [INFO] 正在生成第286章...
[2026-05-18 18:16:26] [BatchWriter] [INFO] 第281章已保存（5227字）
[2026-05-18 18:16:26] [BatchWriter] [INFO] 正在生成第286章...
[2026-05-18 18:16:26] [BatchWriter] [INFO] 第282章已保存（5115字）
[2026-05-18 18:16:26] [BatchWriter] [INFO] 第287章已存在，跳过
[2026-05-18 18:16:26] [BatchWriter] [INFO] 正在生成第288章...
[2026-05-18 18:16:26] [BatchWriter] [INFO] 第281章已保存（5875字）
[2026-05-18 18:16:26] [BatchWriter] [INFO] 正在生成第289章...
[2026-05-18 18:16:30] [BatchWriter] [INFO] 第284章已保存（3879字）
[2026-05-18 18:16:30] [BatchWriter] [INFO] 正在生成第290章...
[2026-05-18 18:16:34] [BatchWriter] [INFO] 第188章已保存（5286字）
[2026-05-18 18:16:34] [BatchWriter] [INFO] 正在生成第193章...
[2026-05-18 18:16:47] [BatchWriter] [INFO] 第285章已保存（5529字）
[2026-05-18 18:16:47] [BatchWriter] [INFO] 第291章已存在，跳过
[2026-05-18 18:16:47] [BatchWriter] [INFO] 正在生成第292章...
[2026-05-18 18:16:53] [BatchWriter] [INFO] 第282章已保存（7217字）
[2026-05-18 18:16:53] [BatchWriter] [INFO] 第287章已存在，跳过
[2026-05-18 18:16:53] [BatchWriter] [INFO] 正在生成第288章...
[2026-05-18 18:16:59] [BatchWriter] [INFO] 第189章已保存（6365字）
[2026-05-18 18:16:59] [BatchWriter] [INFO] 第194章已存在，跳过
[2026-05-18 18:16:59] [BatchWriter] [INFO] 正在生成第195章...
[2026-05-18 18:17:02] [BatchWriter] [INFO] 第190章已保存（5519字）
[2026-05-18 18:17:02] [BatchWriter] [INFO] 第196章已存在，跳过
[2026-05-18 18:17:02] [BatchWriter] [INFO] 正在生成第197章...
[2026-05-18 18:17:04] [BatchWriter] [INFO] 第192章已保存（4138字）
[2026-05-18 18:17:04] [BatchWriter] [INFO] 正在生成第198章...
[2026-05-18 18:17:09] [BatchWriter] [INFO] 第284章已保存（4940字）
[2026-05-18 18:17:09] [BatchWriter] [INFO] 第289章已存在，跳过
[2026-05-18 18:17:09] [BatchWriter] [INFO] 正在生成第290章...
[2026-05-18 18:17:11] [BatchWriter] [INFO] 第286章已保存（3943字）
[2026-05-18 18:17:11] [BatchWriter] [INFO] 第293章已存在，跳过
[2026-05-18 18:17:11] [BatchWriter] [INFO] 正在生成第294章...
[2026-05-18 18:17:17] [BatchWriter] [INFO] 第283章已保存（5082字）
[2026-05-18 18:17:17] [BatchWriter] [INFO] 第291章已存在，跳过
[2026-05-18 18:17:17] [BatchWriter] [INFO] 正在生成第292章...
[2026-05-18 18:17:17] [BatchWriter] [INFO] 第191章已保存（7446字）
[2026-05-18 18:17:17] [BatchWriter] [INFO] 正在生成第199章...
[2026-05-18 18:17:25] [BatchWriter] [INFO] 第285章已保存（5439字）
[2026-05-18 18:17:25] [BatchWriter] [INFO] 第293章已存在，跳过
[2026-05-18 18:17:25] [BatchWriter] [INFO] 正在生成第294章...
[2026-05-18 18:17:26] [BatchWriter] [INFO] 第286章已保存（4319字）
[2026-05-18 18:17:26] [BatchWriter] [INFO] 正在生成第295章...
[2026-05-18 18:17:27] [BatchWriter] [INFO] 第289章已保存（4747字）
[2026-05-18 18:17:27] [BatchWriter] [INFO] 正在生成第295章...
[2026-05-18 18:17:28] [BatchWriter] [INFO] 第290章已保存（3917字）
[2026-05-18 18:17:28] [BatchWriter] [INFO] 正在生成第296章...
[2026-05-18 18:17:39] [BatchWriter] [INFO] 第288章已保存（6479字）
[2026-05-18 18:17:39] [BatchWriter] [INFO] 正在生成第297章...
[2026-05-18 18:17:43] [BatchWriter] [INFO] 第292章已保存（4296字）
[2026-05-18 18:17:43] [BatchWriter] [INFO] 正在生成第298章...
[2026-05-18 18:17:52] [BatchWriter] [INFO] 第294章已保存（3193字）
[2026-05-18 18:17:52] [BatchWriter] [INFO] 正在生成第299章...
[2026-05-18 18:17:55] [BatchWriter] [INFO] 第288章已保存（4620字）
[2026-05-18 18:17:55] [BatchWriter] [INFO] 正在生成第296章...
[2026-05-18 18:17:57] [BatchWriter] [INFO] 第193章已保存（5552字）
[2026-05-18 18:17:57] [BatchWriter] [INFO] 正在生成第200章...
[2026-05-18 18:18:05] [BatchWriter] [INFO] 第295章已保存（3357字）
[2026-05-18 18:18:05] [BatchWriter] [INFO] 正在生成第300章...
[2026-05-18 18:18:06] [BatchWriter] [INFO] 第195章已保存（5101字）
[2026-05-18 18:18:08] [BatchWriter] [INFO] 第198章已保存（4645字）
[2026-05-18 18:18:08] [BatchWriter] [INFO] 第290章已保存（4191字）
[2026-05-18 18:18:08] [BatchWriter] [INFO] 正在生成第297章...
[2026-05-18 18:18:12] [BatchWriter] [INFO] 第295章已保存（3792字）
[2026-05-18 18:18:12] [BatchWriter] [INFO] 正在生成第298章...
[2026-05-18 18:18:18] [BatchWriter] [INFO] 第199章已保存（4602字）
[2026-05-18 18:18:20] [BatchWriter] [INFO] 第292章已保存（5090字）
[2026-05-18 18:18:20] [BatchWriter] [INFO] 正在生成第299章...
[2026-05-18 18:18:20] [BatchWriter] [INFO] 第294章已保存（4050字）
[2026-05-18 18:18:20] [BatchWriter] [INFO] 正在生成第300章...
[2026-05-18 18:18:24] [BatchWriter] [INFO] 第296章已保存（4410字）
[2026-05-18 18:18:27] [BatchWriter] [INFO] 第197章已保存（6982字）
[2026-05-18 18:18:49] [BatchWriter] [INFO] 第296章已保存（4579字）
[2026-05-18 18:18:58] [BatchWriter] [INFO] 第298章已保存（798字）
[2026-05-18 18:19:01] [BatchWriter] [INFO] 第298章已保存（4049字）
[2026-05-18 18:19:03] [BatchWriter] [INFO] 第297章已保存（4564字）
[2026-05-18 18:19:04] [BatchWriter] [INFO] 第300章已保存（5082字）
[2026-05-18 18:19:09] [BatchWriter] [INFO] 第297章已保存（7645字）
[2026-05-18 18:19:15] [BatchWriter] [INFO] 第299章已保存（4074字）
[2026-05-18 18:19:16] [BatchWriter] [INFO] 第200章已保存（6767字）
[2026-05-18 18:19:16] [BatchWriter] [INFO] ============================================================
[2026-05-18 18:19:16] [BatchWriter] [INFO] Batch Writer 完成 | 成功: 84 | 已存在: 16 | 失败: 0
[2026-05-18 18:19:16] [BatchWriter] [INFO] ============================================================
[2026-05-18 18:19:36] [BatchWriter] [INFO] 第300章已保存（6280字）
[2026-05-18 18:19:36] [BatchWriter] [INFO] ============================================================
[2026-05-18 18:19:36] [BatchWriter] [INFO] Batch Writer 完成 | 成功: 44 | 已存在: 55 | 失败: 1
[2026-05-18 18:19:36] [BatchWriter] [INFO] 失败章节: [263]
[2026-05-18 18:19:36] [BatchWriter] [INFO] ============================================================
[2026-05-18 18:19:49] [BatchWriter] [INFO] 第299章已保存（10461字）
[2026-05-18 18:19:49] [BatchWriter] [INFO] ============================================================
[2026-05-18 18:19:49] [BatchWriter] [INFO] Batch Writer 完成 | 成功: 93 | 已存在: 7 | 失败: 0
[2026-05-18 18:19:49] [BatchWriter] [INFO] ============================================================
