[2026-05-18 15:09:11] [LLMClient] [INFO] 限流 QPS 调整为 1.0
[2026-05-18 15:09:13] [LLMClient] [INFO] 限流 QPS 调整为 2.0
[2026-05-18 15:09:13] [LLMClient] [INFO] 限流 QPS 调整为 1.0
[2026-05-18 15:09:15] [LLMClient] [INFO] 限流 QPS 调整为 2.0
[2026-05-18 15:09:23] [LLMClient] [INFO] 限流 QPS 调整为 1.0
[2026-05-18 15:09:25] [LLMClient] [INFO] 限流 QPS 调整为 2.0
[2026-05-18 15:09:25] [LLMClient] [INFO] 限流 QPS 调整为 1.0
[2026-05-18 15:09:27] [LLMClient] [INFO] 限流 QPS 调整为 2.0
[2026-05-18 15:09:35] [LLMClient] [INFO] 限流 QPS 调整为 1.0
[2026-05-18 15:09:37] [LLMClient] [INFO] 限流 QPS 调整为 2.0
[2026-05-18 15:09:37] [LLMClient] [INFO] 限流 QPS 调整为 1.0
[2026-05-18 15:09:39] [LLMClient] [INFO] 限流 QPS 调整为 2.0
[2026-05-18 15:09:47] [LLMClient] [INFO] 限流 QPS 调整为 1.0
[2026-05-18 15:09:49] [LLMClient] [INFO] 限流 QPS 调整为 2.0
[2026-05-18 15:09:49] [LLMClient] [INFO] 限流 QPS 调整为 1.0
[2026-05-18 15:09:51] [LLMClient] [INFO] 限流 QPS 调整为 2.0
[2026-05-18 15:09:58] [LLMClient] [INFO] 限流 QPS 调整为 1.0
[2026-05-18 15:10:00] [LLMClient] [INFO] 限流 QPS 调整为 2.0
[2026-05-18 15:10:00] [LLMClient] [INFO] 限流 QPS 调整为 1.0
[2026-05-18 15:10:02] [LLMClient] [INFO] 限流 QPS 调整为 2.0
[2026-05-18 15:10:10] [LLMClient] [INFO] 限流 QPS 调整为 1.0
[2026-05-18 15:10:12] [LLMClient] [INFO] 限流 QPS 调整为 2.0
[2026-05-18 15:10:12] [LLMClient] [INFO] 限流 QPS 调整为 1.0
[2026-05-18 15:10:14] [LLMClient] [INFO] 限流 QPS 调整为 2.0
[2026-05-18 15:10:22] [LLMClient] [INFO] 限流 QPS 调整为 1.0
[2026-05-18 15:10:24] [LLMClient] [INFO] 限流 QPS 调整为 2.0
[2026-05-18 15:10:24] [LLMClient] [INFO] 限流 QPS 调整为 1.0
[2026-05-18 15:10:26] [LLMClient] [INFO] 限流 QPS 调整为 2.0
[2026-05-18 15:10:34] [LLMClient] [INFO] 限流 QPS 调整为 1.0
[2026-05-18 15:10:36] [LLMClient] [INFO] 限流 QPS 调整为 2.0
[2026-05-18 15:10:36] [LLMClient] [INFO] 限流 QPS 调整为 1.0
[2026-05-18 15:10:38] [LLMClient] [INFO] 限流 QPS 调整为 2.0
[2026-05-18 15:10:45] [LLMClient] [INFO] 限流 QPS 调整为 1.0
[2026-05-18 15:10:47] [LLMClient] [INFO] 限流 QPS 调整为 2.0
[2026-05-18 15:10:47] [LLMClient] [INFO] 限流 QPS 调整为 1.0
[2026-05-18 15:10:49] [LLMClient] [INFO] 限流 QPS 调整为 2.0
[2026-05-18 15:10:57] [LLMClient] [INFO] 限流 QPS 调整为 1.0
[2026-05-18 15:10:59] [LLMClient] [INFO] 限流 QPS 调整为 2.0
[2026-05-18 15:10:59] [LLMClient] [INFO] 限流 QPS 调整为 1.0
[2026-05-18 15:11:02] [LLMClient] [INFO] 限流 QPS 调整为 2.0
[2026-05-18 15:11:10] [LLMClient] [INFO] 限流 QPS 调整为 1.0
[2026-05-18 15:11:12] [LLMClient] [INFO] 限流 QPS 调整为 2.0
[2026-05-18 15:11:12] [LLMClient] [INFO] 限流 QPS 调整为 1.0
[2026-05-18 15:11:14] [LLMClient] [INFO] 限流 QPS 调整为 2.0
[2026-05-18 15:11:22] [LLMClient] [INFO] 限流 QPS 调整为 1.0
[2026-05-18 15:11:24] [LLMClient] [INFO] 限流 QPS 调整为 2.0
[2026-05-18 15:11:24] [LLMClient] [INFO] 限流 QPS 调整为 1.0
[2026-05-18 15:11:26] [LLMClient] [INFO] 限流 QPS 调整为 2.0
[2026-05-18 15:11:34] [LLMClient] [INFO] 限流 QPS 调整为 1.0
[2026-05-18 16:12:19] [LLMClient] [WARNING] 调用失败: Thinking:
用户要求我生成第851章到第900章的详细大纲（共50章）。我需要根据已有的设定和前一批大纲的结尾来延续故事。

前一批大纲结束在：
- 第848章：封印松动，遗迹入口阵法出现裂痕
- 第849章：轮回遗迹内部场景描述
- 第850章：轮回试炼开始，祭坛出现

现在我需要继续设计851-900章的故事发展。

根据设定：
- 主角林渊正在轮回遗迹中接受试炼
- 轮回阁是重要势力
- 主角拥有轮回印刻、因果之眼等能力
- 主角境界应该在婴变或问鼎阶段（根据飞升灵界是1200章）
- 情节要有黑暗残酷的风格
- 要有伏笔和前后呼应

让我设计一个完整的50章大纲，围绕轮回遗迹的探索、试炼、获得机缘，同时穿插阴谋、战斗、感情线等元素。

故事线索：
1. 轮回试炼的具体内容
2. 遗迹中遇到的危险和敌人
3. 获得的机缘或传承
4. 轮回阁势力的介入
5. 沈青萝的角色发展
6. 其他潜在势力的出现


7. 试炼与危险的交织升级，逐步揭示遗迹的秘密和价值
8. 林渊通过试炼获得关键机缘，实力获得突破
9. 轮回阁核心人物登场，带来新的冲突和挑战
10. 沈青萝与林渊的关系动态变化，推动情节发展
11. 遗迹深处的终极秘密，为后续故事埋下伏笔

Response:，1/3次重试...
[2026-05-18 19:22:48] [LLMClient] [WARNING] 调用失败: {
  "error": {
    "code": 1,
    "message": "API error: unknown error, 511 (1000) (HTTP 500)"
  }
}，1/3次重试...
[2026-05-18 19:22:48] [LLMClient] [WARNING] 调用失败: {
  "error": {
    "code": 1,
    "message": "API error: unknown error, 511 (1000) (HTTP 500)"
  }
}，1/3次重试...
[2026-05-18 19:22:49] [LLMClient] [WARNING] 调用失败: {
  "error": {
    "code": 1,
    "message": "API error: unknown error, 511 (1000) (HTTP 500)"
  }
}，1/3次重试...
[2026-05-18 20:51:30] [LLMClient] [WARNING] 调用失败: {
  "error": {
    "code": 1,
    "message": "API error: unknown error, 511 (1000) (HTTP 500)"
  }
}，1/3次重试...
[2026-05-18 20:52:29] [LLMClient] [WARNING] 调用失败: {
  "error": {
    "code": 1,
    "message": "API error: unknown error, 714 (1000) (HTTP 500)"
  }
}，1/3次重试...
[2026-05-18 20:52:37] [LLMClient] [WARNING] 调用失败: {
  "error": {
    "code": 1,
    "message": "API error: unknown error, 511 (1000) (HTTP 500)"
  }
}，2/3次重试...
[2026-05-18 21:04:36] [LLMClient] [WARNING] 调用失败: {
  "error": {
    "code": 1,
    "message": "API error: unknown error, 511 (1000) (HTTP 500)"
  }
}，1/3次重试...
[2026-05-18 21:08:49] [LLMClient] [WARNING] 调用失败: {
  "error": {
    "code": 1,
    "message": "API error: unknown error, 511 (1000) (HTTP 500)"
  }
}，1/3次重试...
[2026-05-18 21:15:02] [LLMClient] [WARNING] 调用失败: {
  "error": {
    "code": 1,
    "message": "API error: unknown error, 714 (1000) (HTTP 500)"
  }
}，1/3次重试...
[2026-05-18 21:27:22] [LLMClient] [WARNING] 调用失败: {
  "error": {
    "code": 1,
    "message": "API error: unknown error, 714 (1000) (HTTP 500)"
  }
}，1/3次重试...
[2026-05-18 21:30:01] [LLMClient] [WARNING] 调用失败: {
  "error": {
    "code": 1,
    "message": "API error: unknown error, 511 (1000) (HTTP 500)"
  }
}，1/3次重试...
