[2026-05-18 14:09:43] [Planner] [INFO] ============================================================
[2026-05-18 14:09:43] [Planner] [INFO] Planner Agent 启动
[2026-05-18 14:09:43] [Planner] [INFO] ============================================================
[2026-05-18 14:09:43] [Planner] [INFO] world.json 已存在，跳过
[2026-05-18 14:09:43] [Planner] [INFO] characters.json 已存在，跳过
[2026-05-18 14:09:43] [Planner] [INFO] 正在生成第 1-25 章大纲...
[2026-05-18 14:09:43] [LLMClient] [WARNING] 调用失败: [WinError 206] 文件名或扩展名太长。，1/3次重试...
[2026-05-18 14:09:48] [LLMClient] [WARNING] 调用失败: [WinError 206] 文件名或扩展名太长。，2/3次重试...
[2026-05-18 14:09:53] [LLMClient] [ERROR] 调用失败，已达最大重试次数: [WinError 206] 文件名或扩展名太长。
[2026-05-18 14:09:53] [Planner] [ERROR] 第 1-25 章大纲生成失败
[2026-05-18 14:09:53] [Planner] [INFO] 正在生成第 26-50 章大纲...
[2026-05-18 14:09:53] [LLMClient] [WARNING] 调用失败: [WinError 206] 文件名或扩展名太长。，1/3次重试...
[2026-05-18 14:09:58] [LLMClient] [WARNING] 调用失败: [WinError 206] 文件名或扩展名太长。，2/3次重试...
[2026-05-18 14:10:03] [LLMClient] [ERROR] 调用失败，已达最大重试次数: [WinError 206] 文件名或扩展名太长。
[2026-05-18 14:10:03] [Planner] [ERROR] 第 26-50 章大纲生成失败
[2026-05-18 14:10:03] [Planner] [INFO] 正在生成第 51-75 章大纲...
[2026-05-18 14:10:03] [LLMClient] [WARNING] 调用失败: [WinError 206] 文件名或扩展名太长。，1/3次重试...
[2026-05-18 14:10:08] [LLMClient] [WARNING] 调用失败: [WinError 206] 文件名或扩展名太长。，2/3次重试...
[2026-05-18 14:10:13] [LLMClient] [ERROR] 调用失败，已达最大重试次数: [WinError 206] 文件名或扩展名太长。
[2026-05-18 14:10:13] [Planner] [ERROR] 第 51-75 章大纲生成失败
[2026-05-18 14:10:13] [Planner] [INFO] 正在生成第 76-100 章大纲...
[2026-05-18 14:10:13] [LLMClient] [WARNING] 调用失败: [WinError 206] 文件名或扩展名太长。，1/3次重试...
[2026-05-18 14:10:18] [LLMClient] [WARNING] 调用失败: [WinError 206] 文件名或扩展名太长。，2/3次重试...
[2026-05-18 14:10:23] [LLMClient] [ERROR] 调用失败，已达最大重试次数: [WinError 206] 文件名或扩展名太长。
[2026-05-18 14:10:23] [Planner] [ERROR] 第 76-100 章大纲生成失败
[2026-05-18 14:10:23] [Planner] [INFO] 正在生成第 101-125 章大纲...
[2026-05-18 14:10:23] [LLMClient] [WARNING] 调用失败: [WinError 206] 文件名或扩展名太长。，1/3次重试...
[2026-05-18 14:10:28] [LLMClient] [WARNING] 调用失败: [WinError 206] 文件名或扩展名太长。，2/3次重试...
[2026-05-18 14:10:33] [LLMClient] [ERROR] 调用失败，已达最大重试次数: [WinError 206] 文件名或扩展名太长。
[2026-05-18 14:10:33] [Planner] [ERROR] 第 101-125 章大纲生成失败
[2026-05-18 14:10:33] [Planner] [INFO] 正在生成第 126-150 章大纲...
[2026-05-18 14:10:33] [LLMClient] [WARNING] 调用失败: [WinError 206] 文件名或扩展名太长。，1/3次重试...
[2026-05-18 14:10:38] [LLMClient] [WARNING] 调用失败: [WinError 206] 文件名或扩展名太长。，2/3次重试...
[2026-05-18 14:10:43] [LLMClient] [ERROR] 调用失败，已达最大重试次数: [WinError 206] 文件名或扩展名太长。
[2026-05-18 14:10:43] [Planner] [ERROR] 第 126-150 章大纲生成失败
[2026-05-18 14:10:43] [Planner] [INFO] 正在生成第 151-175 章大纲...
[2026-05-18 14:10:43] [LLMClient] [WARNING] 调用失败: [WinError 206] 文件名或扩展名太长。，1/3次重试...
[2026-05-18 14:10:48] [LLMClient] [WARNING] 调用失败: [WinError 206] 文件名或扩展名太长。，2/3次重试...
[2026-05-18 14:10:53] [LLMClient] [ERROR] 调用失败，已达最大重试次数: [WinError 206] 文件名或扩展名太长。
[2026-05-18 14:10:53] [Planner] [ERROR] 第 151-175 章大纲生成失败
[2026-05-18 14:10:53] [Planner] [INFO] 正在生成第 176-200 章大纲...
[2026-05-18 14:10:53] [LLMClient] [WARNING] 调用失败: [WinError 206] 文件名或扩展名太长。，1/3次重试...
[2026-05-18 14:10:58] [LLMClient] [WARNING] 调用失败: [WinError 206] 文件名或扩展名太长。，2/3次重试...
[2026-05-18 14:11:03] [LLMClient] [ERROR] 调用失败，已达最大重试次数: [WinError 206] 文件名或扩展名太长。
[2026-05-18 14:11:03] [Planner] [ERROR] 第 176-200 章大纲生成失败
[2026-05-18 14:11:03] [Planner] [INFO] 正在生成第 201-225 章大纲...
[2026-05-18 14:11:03] [LLMClient] [WARNING] 调用失败: [WinError 206] 文件名或扩展名太长。，1/3次重试...
[2026-05-18 14:11:08] [LLMClient] [WARNING] 调用失败: [WinError 206] 文件名或扩展名太长。，2/3次重试...
[2026-05-18 14:11:13] [LLMClient] [ERROR] 调用失败，已达最大重试次数: [WinError 206] 文件名或扩展名太长。
[2026-05-18 14:11:13] [Planner] [ERROR] 第 201-225 章大纲生成失败
[2026-05-18 14:11:13] [Planner] [INFO] 正在生成第 226-250 章大纲...
[2026-05-18 14:11:13] [LLMClient] [WARNING] 调用失败: [WinError 206] 文件名或扩展名太长。，1/3次重试...
[2026-05-18 14:11:18] [LLMClient] [WARNING] 调用失败: [WinError 206] 文件名或扩展名太长。，2/3次重试...
[2026-05-18 14:11:23] [LLMClient] [ERROR] 调用失败，已达最大重试次数: [WinError 206] 文件名或扩展名太长。
[2026-05-18 14:11:23] [Planner] [ERROR] 第 226-250 章大纲生成失败
[2026-05-18 14:11:23] [Planner] [INFO] 正在生成第 251-275 章大纲...
[2026-05-18 14:11:23] [LLMClient] [WARNING] 调用失败: [WinError 206] 文件名或扩展名太长。，1/3次重试...
[2026-05-18 14:11:28] [LLMClient] [WARNING] 调用失败: [WinError 206] 文件名或扩展名太长。，2/3次重试...
[2026-05-18 14:11:33] [LLMClient] [ERROR] 调用失败，已达最大重试次数: [WinError 206] 文件名或扩展名太长。
[2026-05-18 14:11:33] [Planner] [ERROR] 第 251-275 章大纲生成失败
[2026-05-18 14:11:33] [Planner] [INFO] 正在生成第 276-300 章大纲...
[2026-05-18 14:11:33] [LLMClient] [WARNING] 调用失败: [WinError 206] 文件名或扩展名太长。，1/3次重试...
[2026-05-18 14:11:38] [LLMClient] [WARNING] 调用失败: [WinError 206] 文件名或扩展名太长。，2/3次重试...
[2026-05-18 14:11:43] [LLMClient] [ERROR] 调用失败，已达最大重试次数: [WinError 206] 文件名或扩展名太长。
[2026-05-18 14:11:43] [Planner] [ERROR] 第 276-300 章大纲生成失败
[2026-05-18 14:11:43] [Planner] [INFO] 正在生成第 301-325 章大纲...
[2026-05-18 14:11:43] [LLMClient] [WARNING] 调用失败: [WinError 206] 文件名或扩展名太长。，1/3次重试...
[2026-05-18 14:11:48] [LLMClient] [WARNING] 调用失败: [WinError 206] 文件名或扩展名太长。，2/3次重试...
[2026-05-18 14:11:53] [LLMClient] [ERROR] 调用失败，已达最大重试次数: [WinError 206] 文件名或扩展名太长。
[2026-05-18 14:11:53] [Planner] [ERROR] 第 301-325 章大纲生成失败
[2026-05-18 14:11:53] [Planner] [INFO] 正在生成第 326-350 章大纲...
[2026-05-18 14:11:53] [LLMClient] [WARNING] 调用失败: [WinError 206] 文件名或扩展名太长。，1/3次重试...
[2026-05-18 14:11:58] [LLMClient] [WARNING] 调用失败: [WinError 206] 文件名或扩展名太长。，2/3次重试...
[2026-05-18 14:12:03] [LLMClient] [ERROR] 调用失败，已达最大重试次数: [WinError 206] 文件名或扩展名太长。
[2026-05-18 14:12:03] [Planner] [ERROR] 第 326-350 章大纲生成失败
[2026-05-18 14:12:03] [Planner] [INFO] 正在生成第 351-375 章大纲...
[2026-05-18 14:12:03] [LLMClient] [WARNING] 调用失败: [WinError 206] 文件名或扩展名太长。，1/3次重试...
[2026-05-18 14:12:08] [LLMClient] [WARNING] 调用失败: [WinError 206] 文件名或扩展名太长。，2/3次重试...
[2026-05-18 14:12:14] [LLMClient] [ERROR] 调用失败，已达最大重试次数: [WinError 206] 文件名或扩展名太长。
[2026-05-18 14:12:14] [Planner] [ERROR] 第 351-375 章大纲生成失败
[2026-05-18 14:12:14] [Planner] [INFO] 正在生成第 376-400 章大纲...
[2026-05-18 14:12:14] [LLMClient] [WARNING] 调用失败: [WinError 206] 文件名或扩展名太长。，1/3次重试...
[2026-05-18 14:12:19] [LLMClient] [WARNING] 调用失败: [WinError 206] 文件名或扩展名太长。，2/3次重试...
[2026-05-18 14:12:24] [LLMClient] [ERROR] 调用失败，已达最大重试次数: [WinError 206] 文件名或扩展名太长。
[2026-05-18 14:12:24] [Planner] [ERROR] 第 376-400 章大纲生成失败
[2026-05-18 14:12:24] [Planner] [INFO] 正在生成第 401-425 章大纲...
[2026-05-18 14:12:24] [LLMClient] [WARNING] 调用失败: [WinError 206] 文件名或扩展名太长。，1/3次重试...
[2026-05-18 14:12:29] [LLMClient] [WARNING] 调用失败: [WinError 206] 文件名或扩展名太长。，2/3次重试...
[2026-05-18 14:12:34] [LLMClient] [ERROR] 调用失败，已达最大重试次数: [WinError 206] 文件名或扩展名太长。
[2026-05-18 14:12:34] [Planner] [ERROR] 第 401-425 章大纲生成失败
[2026-05-18 14:12:34] [Planner] [INFO] 正在生成第 426-450 章大纲...
[2026-05-18 14:12:34] [LLMClient] [WARNING] 调用失败: [WinError 206] 文件名或扩展名太长。，1/3次重试...
[2026-05-18 14:12:39] [LLMClient] [WARNING] 调用失败: [WinError 206] 文件名或扩展名太长。，2/3次重试...
[2026-05-18 14:12:44] [LLMClient] [ERROR] 调用失败，已达最大重试次数: [WinError 206] 文件名或扩展名太长。
[2026-05-18 14:12:44] [Planner] [ERROR] 第 426-450 章大纲生成失败
[2026-05-18 14:12:44] [Planner] [INFO] 正在生成第 451-475 章大纲...
[2026-05-18 14:12:44] [LLMClient] [WARNING] 调用失败: [WinError 206] 文件名或扩展名太长。，1/3次重试...
[2026-05-18 14:12:49] [LLMClient] [WARNING] 调用失败: [WinError 206] 文件名或扩展名太长。，2/3次重试...
[2026-05-18 14:12:54] [LLMClient] [ERROR] 调用失败，已达最大重试次数: [WinError 206] 文件名或扩展名太长。
[2026-05-18 14:12:54] [Planner] [ERROR] 第 451-475 章大纲生成失败
[2026-05-18 14:12:54] [Planner] [INFO] 正在生成第 476-500 章大纲...
[2026-05-18 14:12:54] [LLMClient] [WARNING] 调用失败: [WinError 206] 文件名或扩展名太长。，1/3次重试...
[2026-05-18 14:12:59] [LLMClient] [WARNING] 调用失败: [WinError 206] 文件名或扩展名太长。，2/3次重试...
[2026-05-18 14:13:04] [LLMClient] [ERROR] 调用失败，已达最大重试次数: [WinError 206] 文件名或扩展名太长。
[2026-05-18 14:13:04] [Planner] [ERROR] 第 476-500 章大纲生成失败
[2026-05-18 14:13:04] [Planner] [INFO] 正在生成第 501-525 章大纲...
[2026-05-18 14:13:04] [LLMClient] [WARNING] 调用失败: [WinError 206] 文件名或扩展名太长。，1/3次重试...
[2026-05-18 14:13:09] [LLMClient] [WARNING] 调用失败: [WinError 206] 文件名或扩展名太长。，2/3次重试...
[2026-05-18 14:13:14] [LLMClient] [ERROR] 调用失败，已达最大重试次数: [WinError 206] 文件名或扩展名太长。
[2026-05-18 14:13:14] [Planner] [ERROR] 第 501-525 章大纲生成失败
[2026-05-18 14:13:14] [Planner] [INFO] 正在生成第 526-550 章大纲...
[2026-05-18 14:13:14] [LLMClient] [WARNING] 调用失败: [WinError 206] 文件名或扩展名太长。，1/3次重试...
[2026-05-18 14:13:19] [LLMClient] [WARNING] 调用失败: [WinError 206] 文件名或扩展名太长。，2/3次重试...
[2026-05-18 14:13:24] [LLMClient] [ERROR] 调用失败，已达最大重试次数: [WinError 206] 文件名或扩展名太长。
[2026-05-18 14:13:24] [Planner] [ERROR] 第 526-550 章大纲生成失败
[2026-05-18 14:13:24] [Planner] [INFO] 正在生成第 551-575 章大纲...
[2026-05-18 14:13:24] [LLMClient] [WARNING] 调用失败: [WinError 206] 文件名或扩展名太长。，1/3次重试...
[2026-05-18 14:13:29] [LLMClient] [WARNING] 调用失败: [WinError 206] 文件名或扩展名太长。，2/3次重试...
[2026-05-18 14:13:34] [LLMClient] [ERROR] 调用失败，已达最大重试次数: [WinError 206] 文件名或扩展名太长。
[2026-05-18 14:13:34] [Planner] [ERROR] 第 551-575 章大纲生成失败
[2026-05-18 14:13:34] [Planner] [INFO] 正在生成第 576-600 章大纲...
[2026-05-18 14:13:34] [LLMClient] [WARNING] 调用失败: [WinError 206] 文件名或扩展名太长。，1/3次重试...
[2026-05-18 14:13:39] [LLMClient] [WARNING] 调用失败: [WinError 206] 文件名或扩展名太长。，2/3次重试...
[2026-05-18 14:13:44] [LLMClient] [ERROR] 调用失败，已达最大重试次数: [WinError 206] 文件名或扩展名太长。
[2026-05-18 14:13:44] [Planner] [ERROR] 第 576-600 章大纲生成失败
[2026-05-18 14:13:44] [Planner] [INFO] 正在生成第 601-625 章大纲...
[2026-05-18 14:13:44] [LLMClient] [WARNING] 调用失败: [WinError 206] 文件名或扩展名太长。，1/3次重试...
[2026-05-18 14:13:49] [LLMClient] [WARNING] 调用失败: [WinError 206] 文件名或扩展名太长。，2/3次重试...
[2026-05-18 14:13:54] [LLMClient] [ERROR] 调用失败，已达最大重试次数: [WinError 206] 文件名或扩展名太长。
[2026-05-18 14:13:54] [Planner] [ERROR] 第 601-625 章大纲生成失败
[2026-05-18 14:13:54] [Planner] [INFO] 正在生成第 626-650 章大纲...
[2026-05-18 14:13:54] [LLMClient] [WARNING] 调用失败: [WinError 206] 文件名或扩展名太长。，1/3次重试...
[2026-05-18 14:13:59] [LLMClient] [WARNING] 调用失败: [WinError 206] 文件名或扩展名太长。，2/3次重试...
[2026-05-18 14:14:04] [LLMClient] [ERROR] 调用失败，已达最大重试次数: [WinError 206] 文件名或扩展名太长。
[2026-05-18 14:14:04] [Planner] [ERROR] 第 626-650 章大纲生成失败
[2026-05-18 14:14:04] [Planner] [INFO] 正在生成第 651-675 章大纲...
[2026-05-18 14:14:04] [LLMClient] [WARNING] 调用失败: [WinError 206] 文件名或扩展名太长。，1/3次重试...
[2026-05-18 14:14:09] [LLMClient] [WARNING] 调用失败: [WinError 206] 文件名或扩展名太长。，2/3次重试...
[2026-05-18 14:14:14] [LLMClient] [ERROR] 调用失败，已达最大重试次数: [WinError 206] 文件名或扩展名太长。
[2026-05-18 14:14:14] [Planner] [ERROR] 第 651-675 章大纲生成失败
[2026-05-18 14:14:14] [Planner] [INFO] 正在生成第 676-700 章大纲...
[2026-05-18 14:14:14] [LLMClient] [WARNING] 调用失败: [WinError 206] 文件名或扩展名太长。，1/3次重试...
[2026-05-18 14:14:19] [LLMClient] [WARNING] 调用失败: [WinError 206] 文件名或扩展名太长。，2/3次重试...
[2026-05-18 14:14:24] [LLMClient] [ERROR] 调用失败，已达最大重试次数: [WinError 206] 文件名或扩展名太长。
[2026-05-18 14:14:24] [Planner] [ERROR] 第 676-700 章大纲生成失败
[2026-05-18 14:14:24] [Planner] [INFO] 正在生成第 701-725 章大纲...
[2026-05-18 14:14:24] [LLMClient] [WARNING] 调用失败: [WinError 206] 文件名或扩展名太长。，1/3次重试...
[2026-05-18 14:14:29] [LLMClient] [WARNING] 调用失败: [WinError 206] 文件名或扩展名太长。，2/3次重试...
[2026-05-18 14:14:34] [LLMClient] [ERROR] 调用失败，已达最大重试次数: [WinError 206] 文件名或扩展名太长。
[2026-05-18 14:14:34] [Planner] [ERROR] 第 701-725 章大纲生成失败
[2026-05-18 14:14:34] [Planner] [INFO] 正在生成第 726-750 章大纲...
[2026-05-18 14:14:34] [LLMClient] [WARNING] 调用失败: [WinError 206] 文件名或扩展名太长。，1/3次重试...
[2026-05-18 14:14:39] [LLMClient] [WARNING] 调用失败: [WinError 206] 文件名或扩展名太长。，2/3次重试...
[2026-05-18 14:14:44] [LLMClient] [ERROR] 调用失败，已达最大重试次数: [WinError 206] 文件名或扩展名太长。
[2026-05-18 14:14:44] [Planner] [ERROR] 第 726-750 章大纲生成失败
[2026-05-18 14:14:44] [Planner] [INFO] 正在生成第 751-775 章大纲...
[2026-05-18 14:14:44] [LLMClient] [WARNING] 调用失败: [WinError 206] 文件名或扩展名太长。，1/3次重试...
[2026-05-18 14:14:49] [LLMClient] [WARNING] 调用失败: [WinError 206] 文件名或扩展名太长。，2/3次重试...
[2026-05-18 14:14:54] [LLMClient] [ERROR] 调用失败，已达最大重试次数: [WinError 206] 文件名或扩展名太长。
[2026-05-18 14:14:54] [Planner] [ERROR] 第 751-775 章大纲生成失败
[2026-05-18 14:14:54] [Planner] [INFO] 正在生成第 776-800 章大纲...
[2026-05-18 14:14:54] [LLMClient] [WARNING] 调用失败: [WinError 206] 文件名或扩展名太长。，1/3次重试...
[2026-05-18 14:14:59] [LLMClient] [WARNING] 调用失败: [WinError 206] 文件名或扩展名太长。，2/3次重试...
[2026-05-18 14:15:04] [LLMClient] [ERROR] 调用失败，已达最大重试次数: [WinError 206] 文件名或扩展名太长。
[2026-05-18 14:15:04] [Planner] [ERROR] 第 776-800 章大纲生成失败
[2026-05-18 14:15:04] [Planner] [INFO] 正在生成第 801-825 章大纲...
[2026-05-18 14:15:04] [LLMClient] [WARNING] 调用失败: [WinError 206] 文件名或扩展名太长。，1/3次重试...
[2026-05-18 14:15:09] [LLMClient] [WARNING] 调用失败: [WinError 206] 文件名或扩展名太长。，2/3次重试...
[2026-05-18 14:15:14] [LLMClient] [ERROR] 调用失败，已达最大重试次数: [WinError 206] 文件名或扩展名太长。
[2026-05-18 14:15:14] [Planner] [ERROR] 第 801-825 章大纲生成失败
[2026-05-18 14:15:14] [Planner] [INFO] 正在生成第 826-850 章大纲...
[2026-05-18 14:15:14] [LLMClient] [WARNING] 调用失败: [WinError 206] 文件名或扩展名太长。，1/3次重试...
[2026-05-18 14:15:19] [LLMClient] [WARNING] 调用失败: [WinError 206] 文件名或扩展名太长。，2/3次重试...
[2026-05-18 14:15:24] [LLMClient] [ERROR] 调用失败，已达最大重试次数: [WinError 206] 文件名或扩展名太长。
[2026-05-18 14:15:24] [Planner] [ERROR] 第 826-850 章大纲生成失败
[2026-05-18 14:15:24] [Planner] [INFO] 正在生成第 851-875 章大纲...
[2026-05-18 14:15:24] [LLMClient] [WARNING] 调用失败: [WinError 206] 文件名或扩展名太长。，1/3次重试...
[2026-05-18 14:15:29] [LLMClient] [WARNING] 调用失败: [WinError 206] 文件名或扩展名太长。，2/3次重试...
[2026-05-18 14:15:34] [LLMClient] [ERROR] 调用失败，已达最大重试次数: [WinError 206] 文件名或扩展名太长。
[2026-05-18 14:15:34] [Planner] [ERROR] 第 851-875 章大纲生成失败
[2026-05-18 14:15:34] [Planner] [INFO] 正在生成第 876-900 章大纲...
[2026-05-18 14:15:34] [LLMClient] [WARNING] 调用失败: [WinError 206] 文件名或扩展名太长。，1/3次重试...
[2026-05-18 14:15:39] [LLMClient] [WARNING] 调用失败: [WinError 206] 文件名或扩展名太长。，2/3次重试...
[2026-05-18 14:15:44] [LLMClient] [ERROR] 调用失败，已达最大重试次数: [WinError 206] 文件名或扩展名太长。
[2026-05-18 14:15:44] [Planner] [ERROR] 第 876-900 章大纲生成失败
[2026-05-18 14:15:44] [Planner] [INFO] 正在生成第 901-925 章大纲...
[2026-05-18 14:15:44] [LLMClient] [WARNING] 调用失败: [WinError 206] 文件名或扩展名太长。，1/3次重试...
[2026-05-18 14:15:49] [LLMClient] [WARNING] 调用失败: [WinError 206] 文件名或扩展名太长。，2/3次重试...
[2026-05-18 14:15:54] [LLMClient] [ERROR] 调用失败，已达最大重试次数: [WinError 206] 文件名或扩展名太长。
[2026-05-18 14:15:54] [Planner] [ERROR] 第 901-925 章大纲生成失败
[2026-05-18 14:15:54] [Planner] [INFO] 正在生成第 926-950 章大纲...
[2026-05-18 14:15:54] [LLMClient] [WARNING] 调用失败: [WinError 206] 文件名或扩展名太长。，1/3次重试...
[2026-05-18 14:15:59] [LLMClient] [WARNING] 调用失败: [WinError 206] 文件名或扩展名太长。，2/3次重试...
[2026-05-18 14:16:04] [LLMClient] [ERROR] 调用失败，已达最大重试次数: [WinError 206] 文件名或扩展名太长。
[2026-05-18 14:16:04] [Planner] [ERROR] 第 926-950 章大纲生成失败
[2026-05-18 14:16:04] [Planner] [INFO] 正在生成第 951-975 章大纲...
[2026-05-18 14:16:04] [LLMClient] [WARNING] 调用失败: [WinError 206] 文件名或扩展名太长。，1/3次重试...
[2026-05-18 14:16:09] [LLMClient] [WARNING] 调用失败: [WinError 206] 文件名或扩展名太长。，2/3次重试...
[2026-05-18 14:16:14] [LLMClient] [ERROR] 调用失败，已达最大重试次数: [WinError 206] 文件名或扩展名太长。
[2026-05-18 14:16:14] [Planner] [ERROR] 第 951-975 章大纲生成失败
[2026-05-18 14:16:14] [Planner] [INFO] 正在生成第 976-1000 章大纲...
[2026-05-18 14:16:14] [LLMClient] [WARNING] 调用失败: [WinError 206] 文件名或扩展名太长。，1/3次重试...
[2026-05-18 14:16:19] [LLMClient] [WARNING] 调用失败: [WinError 206] 文件名或扩展名太长。，2/3次重试...
[2026-05-18 14:16:24] [LLMClient] [ERROR] 调用失败，已达最大重试次数: [WinError 206] 文件名或扩展名太长。
[2026-05-18 14:16:24] [Planner] [ERROR] 第 976-1000 章大纲生成失败
[2026-05-18 14:16:24] [Planner] [INFO] 正在生成第 1001-1025 章大纲...
[2026-05-18 14:16:24] [LLMClient] [WARNING] 调用失败: [WinError 206] 文件名或扩展名太长。，1/3次重试...
[2026-05-18 14:16:29] [LLMClient] [WARNING] 调用失败: [WinError 206] 文件名或扩展名太长。，2/3次重试...
[2026-05-18 14:16:34] [LLMClient] [ERROR] 调用失败，已达最大重试次数: [WinError 206] 文件名或扩展名太长。
[2026-05-18 14:16:34] [Planner] [ERROR] 第 1001-1025 章大纲生成失败
[2026-05-18 14:16:34] [Planner] [INFO] 正在生成第 1026-1050 章大纲...
[2026-05-18 14:16:34] [LLMClient] [WARNING] 调用失败: [WinError 206] 文件名或扩展名太长。，1/3次重试...
[2026-05-18 14:16:39] [LLMClient] [WARNING] 调用失败: [WinError 206] 文件名或扩展名太长。，2/3次重试...
[2026-05-18 14:16:44] [LLMClient] [ERROR] 调用失败，已达最大重试次数: [WinError 206] 文件名或扩展名太长。
[2026-05-18 14:16:44] [Planner] [ERROR] 第 1026-1050 章大纲生成失败
[2026-05-18 14:16:44] [Planner] [INFO] 正在生成第 1051-1075 章大纲...
[2026-05-18 14:16:44] [LLMClient] [WARNING] 调用失败: [WinError 206] 文件名或扩展名太长。，1/3次重试...
[2026-05-18 14:16:49] [LLMClient] [WARNING] 调用失败: [WinError 206] 文件名或扩展名太长。，2/3次重试...
[2026-05-18 14:16:54] [LLMClient] [ERROR] 调用失败，已达最大重试次数: [WinError 206] 文件名或扩展名太长。
[2026-05-18 14:16:54] [Planner] [ERROR] 第 1051-1075 章大纲生成失败
[2026-05-18 14:16:54] [Planner] [INFO] 正在生成第 1076-1100 章大纲...
[2026-05-18 14:16:54] [LLMClient] [WARNING] 调用失败: [WinError 206] 文件名或扩展名太长。，1/3次重试...
[2026-05-18 14:16:59] [LLMClient] [WARNING] 调用失败: [WinError 206] 文件名或扩展名太长。，2/3次重试...
[2026-05-18 14:17:04] [LLMClient] [ERROR] 调用失败，已达最大重试次数: [WinError 206] 文件名或扩展名太长。
[2026-05-18 14:17:04] [Planner] [ERROR] 第 1076-1100 章大纲生成失败
[2026-05-18 14:17:04] [Planner] [INFO] 正在生成第 1101-1125 章大纲...
[2026-05-18 14:17:04] [LLMClient] [WARNING] 调用失败: [WinError 206] 文件名或扩展名太长。，1/3次重试...
[2026-05-18 14:17:09] [LLMClient] [WARNING] 调用失败: [WinError 206] 文件名或扩展名太长。，2/3次重试...
[2026-05-18 14:17:14] [LLMClient] [ERROR] 调用失败，已达最大重试次数: [WinError 206] 文件名或扩展名太长。
[2026-05-18 14:17:14] [Planner] [ERROR] 第 1101-1125 章大纲生成失败
[2026-05-18 14:17:14] [Planner] [INFO] 正在生成第 1126-1150 章大纲...
[2026-05-18 14:17:14] [LLMClient] [WARNING] 调用失败: [WinError 206] 文件名或扩展名太长。，1/3次重试...
[2026-05-18 14:17:19] [LLMClient] [WARNING] 调用失败: [WinError 206] 文件名或扩展名太长。，2/3次重试...
[2026-05-18 14:17:24] [LLMClient] [ERROR] 调用失败，已达最大重试次数: [WinError 206] 文件名或扩展名太长。
[2026-05-18 14:17:24] [Planner] [ERROR] 第 1126-1150 章大纲生成失败
[2026-05-18 14:17:24] [Planner] [INFO] 正在生成第 1151-1175 章大纲...
[2026-05-18 14:17:24] [LLMClient] [WARNING] 调用失败: [WinError 206] 文件名或扩展名太长。，1/3次重试...
[2026-05-18 14:17:29] [LLMClient] [WARNING] 调用失败: [WinError 206] 文件名或扩展名太长。，2/3次重试...
[2026-05-18 14:17:34] [LLMClient] [ERROR] 调用失败，已达最大重试次数: [WinError 206] 文件名或扩展名太长。
[2026-05-18 14:17:34] [Planner] [ERROR] 第 1151-1175 章大纲生成失败
[2026-05-18 14:17:34] [Planner] [INFO] 正在生成第 1176-1200 章大纲...
[2026-05-18 14:17:34] [LLMClient] [WARNING] 调用失败: [WinError 206] 文件名或扩展名太长。，1/3次重试...
[2026-05-18 14:17:39] [LLMClient] [WARNING] 调用失败: [WinError 206] 文件名或扩展名太长。，2/3次重试...
[2026-05-18 14:17:44] [LLMClient] [ERROR] 调用失败，已达最大重试次数: [WinError 206] 文件名或扩展名太长。
[2026-05-18 14:17:44] [Planner] [ERROR] 第 1176-1200 章大纲生成失败
[2026-05-18 14:17:44] [Planner] [INFO] 正在生成第 1201-1225 章大纲...
[2026-05-18 14:17:44] [LLMClient] [WARNING] 调用失败: [WinError 206] 文件名或扩展名太长。，1/3次重试...
[2026-05-18 14:17:49] [LLMClient] [WARNING] 调用失败: [WinError 206] 文件名或扩展名太长。，2/3次重试...
[2026-05-18 14:17:54] [LLMClient] [ERROR] 调用失败，已达最大重试次数: [WinError 206] 文件名或扩展名太长。
[2026-05-18 14:17:54] [Planner] [ERROR] 第 1201-1225 章大纲生成失败
[2026-05-18 14:17:54] [Planner] [INFO] 正在生成第 1226-1250 章大纲...
[2026-05-18 14:17:54] [LLMClient] [WARNING] 调用失败: [WinError 206] 文件名或扩展名太长。，1/3次重试...
[2026-05-18 14:17:59] [LLMClient] [WARNING] 调用失败: [WinError 206] 文件名或扩展名太长。，2/3次重试...
[2026-05-18 14:18:04] [LLMClient] [ERROR] 调用失败，已达最大重试次数: [WinError 206] 文件名或扩展名太长。
[2026-05-18 14:18:04] [Planner] [ERROR] 第 1226-1250 章大纲生成失败
[2026-05-18 14:18:04] [Planner] [INFO] 正在生成第 1251-1275 章大纲...
[2026-05-18 14:18:04] [LLMClient] [WARNING] 调用失败: [WinError 206] 文件名或扩展名太长。，1/3次重试...
[2026-05-18 14:18:09] [LLMClient] [WARNING] 调用失败: [WinError 206] 文件名或扩展名太长。，2/3次重试...
[2026-05-18 14:18:14] [LLMClient] [ERROR] 调用失败，已达最大重试次数: [WinError 206] 文件名或扩展名太长。
[2026-05-18 14:18:14] [Planner] [ERROR] 第 1251-1275 章大纲生成失败
[2026-05-18 14:18:14] [Planner] [INFO] 正在生成第 1276-1300 章大纲...
[2026-05-18 14:18:14] [LLMClient] [WARNING] 调用失败: [WinError 206] 文件名或扩展名太长。，1/3次重试...
[2026-05-18 14:18:19] [LLMClient] [WARNING] 调用失败: [WinError 206] 文件名或扩展名太长。，2/3次重试...
[2026-05-18 14:18:24] [LLMClient] [ERROR] 调用失败，已达最大重试次数: [WinError 206] 文件名或扩展名太长。
[2026-05-18 14:18:24] [Planner] [ERROR] 第 1276-1300 章大纲生成失败
[2026-05-18 14:18:24] [Planner] [INFO] 正在生成第 1301-1325 章大纲...
[2026-05-18 14:18:24] [LLMClient] [WARNING] 调用失败: [WinError 206] 文件名或扩展名太长。，1/3次重试...
[2026-05-18 14:18:29] [LLMClient] [WARNING] 调用失败: [WinError 206] 文件名或扩展名太长。，2/3次重试...
[2026-05-18 14:18:34] [LLMClient] [ERROR] 调用失败，已达最大重试次数: [WinError 206] 文件名或扩展名太长。
[2026-05-18 14:18:34] [Planner] [ERROR] 第 1301-1325 章大纲生成失败
[2026-05-18 14:18:34] [Planner] [INFO] 正在生成第 1326-1350 章大纲...
[2026-05-18 14:18:34] [LLMClient] [WARNING] 调用失败: [WinError 206] 文件名或扩展名太长。，1/3次重试...
[2026-05-18 14:18:39] [LLMClient] [WARNING] 调用失败: [WinError 206] 文件名或扩展名太长。，2/3次重试...