[2026-05-18 20:43:37] ============================================================
[2026-05-18 20:43:37] Reviewer Scheduler 启动 | 并行: 20 | 每agent: 2章
[2026-05-18 20:43:37] ============================================================
[2026-05-18 20:43:37] 本轮调度: 20个agent, 共40章, 剩余待审查2000章
[2026-05-18 20:43:54] [OK] 第11章审查完成 (17.0s)
[2026-05-18 20:43:56] [OK] 第35章审查完成 (19.0s)
[2026-05-18 20:43:56] [OK] 第23章审查完成 (19.7s)
[2026-05-18 20:43:57] [OK] 第3章审查完成 (20.5s)
[2026-05-18 20:43:57] [OK] 第21章审查完成 (20.5s)
[2026-05-18 20:43:58] [OK] 第5章审查完成 (21.2s)
[2026-05-18 20:43:59] [OK] 第29章审查完成 (22.4s)
[2026-05-18 20:44:00] [OK] 第7章审查完成 (23.1s)
[2026-05-18 20:44:01] [OK] 第39章审查完成 (24.0s)
[2026-05-18 20:44:01] [OK] 第25章审查完成 (24.0s)
[2026-05-18 20:44:01] [OK] 第33章审查完成 (24.5s)
[2026-05-18 20:44:01] [OK] 第15章审查完成 (24.6s)
[2026-05-18 20:44:01] [OK] 第37章审查完成 (24.6s)
[2026-05-18 20:44:01] [OK] 第19章审查完成 (24.9s)
[2026-05-18 20:44:03] [OK] 第9章审查完成 (26.0s)
[2026-05-18 20:44:04] [OK] 第27章审查完成 (27.6s)
[2026-05-18 20:44:05] [OK] 第1章审查完成 (28.4s)
[2026-05-18 20:44:05] [OK] 第17章审查完成 (28.6s)
[2026-05-18 20:44:07] [OK] 第13章审查完成 (30.1s)
[2026-05-18 20:44:10] [OK] 第31章审查完成 (33.1s)
[2026-05-18 20:44:15] [OK] 第6章审查完成 (17.3s)
[2026-05-18 20:44:19] [OK] 第24章审查完成 (22.4s)
[2026-05-18 20:44:19] [OK] 第40章审查完成 (18.4s)
[2026-05-18 20:44:19] [OK] 第4章审查完成 (22.1s)
[2026-05-18 20:44:20] [OK] 第30章审查完成 (20.9s)
[2026-05-18 20:44:20] [OK] 第8章审查完成 (20.5s)
[2026-05-18 20:44:20] [OK] 第34章审查完成 (19.4s)
[2026-05-18 20:44:20] [OK] 第36章审查完成 (24.9s)
[2026-05-18 20:44:21] [OK] 第22章审查完成 (23.5s)
[2026-05-18 20:44:21] [OK] 第12章审查完成 (27.4s)
[2026-05-18 20:44:21] [OK] 第20章审查完成 (19.8s)
[2026-05-18 20:44:21] [OK] 第26章审查完成 (20.9s)
[2026-05-18 20:44:22] [OK] 第16章审查完成 (20.4s)
[2026-05-18 20:44:22] [OK] 第10章审查完成 (19.2s)
[2026-05-18 20:44:22] [OK] 第18章审查完成 (17.2s)
[2026-05-18 20:44:26] [OK] 第38章审查完成 (25.3s)
[2026-05-18 20:44:28] [OK] 第2章审查完成 (22.5s)
[2026-05-18 20:44:32] [OK] 第32章审查完成 (22.3s)
[2026-05-18 20:44:32] [OK] 第28章审查完成 (28.0s)
[2026-05-18 20:44:37] [OK] 第14章审查完成 (30.2s)
[2026-05-18 20:44:37] 累计: 成功40 | 失败0 | 速率39.8章/分钟
[2026-05-18 20:44:39] 本轮调度: 20个agent, 共40章, 剩余待审查1960章
[2026-05-18 20:44:57] [OK] 第41章审查完成 (18.2s)
[2026-05-18 20:44:58] [OK] 第49章审查完成 (19.2s)
[2026-05-18 20:44:59] [OK] 第65章审查完成 (20.3s)
[2026-05-18 20:44:59] [OK] 第63章审查完成 (20.3s)
[2026-05-18 20:45:00] [OK] 第61章审查完成 (21.5s)
[2026-05-18 20:45:00] [OK] 第51章审查完成 (21.6s)
[2026-05-18 20:45:00] [OK] 第55章审查完成 (21.7s)
[2026-05-18 20:45:01] [OK] 第73章审查完成 (21.9s)
[2026-05-18 20:45:01] [OK] 第59章审查完成 (22.7s)
[2026-05-18 20:45:02] [OK] 第43章审查完成 (23.2s)
[2026-05-18 20:45:02] [OK] 第67章审查完成 (23.6s)
[2026-05-18 20:45:03] [OK] 第47章审查完成 (23.9s)
[2026-05-18 20:45:04] [OK] 第53章审查完成 (25.2s)
[2026-05-18 20:45:05] [OK] 第79章审查完成 (25.9s)
[2026-05-18 20:45:05] [OK] 第71章审查完成 (25.9s)
[2026-05-18 20:45:05] [OK] 第69章审查完成 (26.2s)
[2026-05-18 20:45:05] [OK] 第75章审查完成 (26.6s)
[2026-05-18 20:45:06] [OK] 第45章审查完成 (27.4s)
[2026-05-18 20:45:07] [OK] 第57章审查完成 (28.4s)
[2026-05-18 20:45:09] [OK] 第77章审查完成 (30.7s)
[2026-05-18 20:45:14] [OK] 第42章审查完成 (17.4s)
[2026-05-18 20:45:19] [OK] 第62章审查完成 (18.7s)
[2026-05-18 20:45:20] [OK] 第64章审查完成 (20.5s)
[2026-05-18 20:45:22] [OK] 第68章审查完成 (19.4s)
[2026-05-18 20:45:22] [OK] 第56章审查完成 (21.9s)
[2026-05-18 20:45:23] [OK] 第48章审查完成 (20.1s)
[2026-05-18 20:45:23] [OK] 第50章审查完成 (25.3s)
[2026-05-18 20:45:25] [OK] 第66章审查完成 (25.5s)
[2026-05-18 20:45:25] [OK] 第52章审查完成 (24.7s)
[2026-05-18 20:45:26] [OK] 第80章审查完成 (21.6s)
[2026-05-18 20:45:26] [OK] 第70章审查完成 (21.5s)
[2026-05-18 20:45:26] [OK] 第54章审查完成 (22.5s)
[2026-05-18 20:45:27] [OK] 第76章审查完成 (21.5s)
[2026-05-18 20:45:28] [OK] 第46章审查完成 (21.5s)
[2026-05-18 20:45:29] [OK] 第74章审查完成 (28.5s)
[2026-05-18 20:45:29] [OK] 第60章审查完成 (27.8s)
[2026-05-18 20:45:30] [OK] 第44章审查完成 (28.3s)
[2026-05-18 20:45:32] [OK] 第58章审查完成 (24.5s)
[2026-05-18 20:45:32] [OK] 第72章审查完成 (27.4s)
[2026-05-18 20:45:35] [OK] 第78章审查完成 (25.7s)
[2026-05-18 20:45:35] 累计: 成功80 | 失败0 | 速率40.5章/分钟
[2026-05-18 20:45:36] 本轮调度: 20个agent, 共40章, 剩余待审查1920章
[2026-05-18 20:45:55] [OK] 第81章审查完成 (18.6s)
[2026-05-18 20:45:56] [OK] 第91章审查完成 (19.7s)
[2026-05-18 20:45:57] [OK] 第117章审查完成 (20.6s)
[2026-05-18 20:45:58] [OK] 第105章审查完成 (21.5s)
[2026-05-18 20:45:58] [OK] 第93章审查完成 (21.7s)
[2026-05-18 20:45:58] [OK] 第115章审查完成 (22.0s)
[2026-05-18 20:45:58] [OK] 第119章审查完成 (22.1s)
[2026-05-18 20:45:59] [OK] 第83章审查完成 (22.3s)
[2026-05-18 20:45:59] [OK] 第101章审查完成 (22.6s)
[2026-05-18 20:45:59] [OK] 第95章审查完成 (22.8s)
[2026-05-18 20:45:59] [OK] 第107章审查完成 (22.9s)
[2026-05-18 20:46:01] [OK] 第103章审查完成 (24.3s)
[2026-05-18 20:46:02] [OK] 第113章审查完成 (26.1s)
[2026-05-18 20:46:03] [OK] 第111章审查完成 (26.8s)
[2026-05-18 20:46:03] [OK] 第99章审查完成 (27.2s)
[2026-05-18 20:46:05] [OK] 第87章审查完成 (28.3s)
[2026-05-18 20:46:05] [OK] 第109章审查完成 (28.4s)
[2026-05-18 20:46:05] [OK] 第89章审查完成 (28.6s)
[2026-05-18 20:46:09] [OK] 第97章审查完成 (32.5s)
[2026-05-18 20:46:13] [OK] 第85章审查完成 (36.4s)
[2026-05-18 20:46:16] [OK] 第84章审查完成 (17.3s)
[2026-05-18 20:46:17] [OK] 第94章审查完成 (18.7s)
[2026-05-18 20:46:17] [OK] 第92章审查完成 (21.4s)
[2026-05-18 20:46:18] [OK] 第82章审查完成 (23.0s)
[2026-05-18 20:46:19] [FAIL] 第108章审查失败: unknown
[2026-05-18 20:46:20] [OK] 第96章审查完成 (20.6s)
[2026-05-18 20:46:20] [OK] 第118章审查完成 (22.8s)
[2026-05-18 20:46:22] [OK] 第106章审查完成 (24.5s)
[2026-05-18 20:46:23] [OK] 第114章审查完成 (20.2s)
[2026-05-18 20:46:23] [OK] 第104章审查完成 (22.6s)
[2026-05-18 20:46:24] [OK] 第116章审查完成 (26.2s)
[2026-05-18 20:46:26] [OK] 第90章审查完成 (20.8s)
[2026-05-18 20:46:26] [OK] 第120章审查完成 (27.4s)
[2026-05-18 20:46:28] [OK] 第98章审查完成 (19.0s)
[2026-05-18 20:46:28] [OK] 第110章审查完成 (23.4s)
[2026-05-18 20:46:29] [OK] 第88章审查完成 (24.4s)
[2026-05-18 20:46:30] [OK] 第112章审查完成 (27.0s)
[2026-05-18 20:46:32] [OK] 第100章审查完成 (28.8s)
[2026-05-18 20:46:32] [OK] 第86章审查完成 (19.8s)
[2026-05-18 20:46:43] [FAIL] 第102章审查失败: unknown
[2026-05-18 20:46:43] 累计: 成功118 | 失败2 | 速率38.1章/分钟
[2026-05-18 20:46:44] 本轮调度: 20个agent, 共40章, 剩余待审查1882章
[2026-05-18 20:47:02] [OK] 第123章审查完成 (18.7s)
[2026-05-18 20:47:03] [OK] 第133章审查完成 (19.2s)
[2026-05-18 20:47:03] [OK] 第139章审查完成 (19.8s)
[2026-05-18 20:47:04] [OK] 第147章审查完成 (20.0s)
[2026-05-18 20:47:04] [OK] 第143章审查完成 (20.3s)
[2026-05-18 20:47:04] [OK] 第135章审查完成 (20.8s)
[2026-05-18 20:47:05] [OK] 第149章审查完成 (21.0s)
[2026-05-18 20:47:05] [OK] 第121章审查完成 (21.1s)
[2026-05-18 20:47:06] [OK] 第127章审查完成 (22.5s)
[2026-05-18 20:47:06] [OK] 第129章审查完成 (22.8s)
[2026-05-18 20:47:07] [OK] 第157章审查完成 (23.1s)
[2026-05-18 20:47:07] [OK] 第153章审查完成 (23.4s)
[2026-05-18 20:47:07] [OK] 第155章审查完成 (23.6s)
[2026-05-18 20:47:07] [OK] 第131章审查完成 (23.6s)
[2026-05-18 20:47:08] [OK] 第125章审查完成 (23.9s)
[2026-05-18 20:47:08] [OK] 第145章审查完成 (24.4s)
[2026-05-18 20:47:09] [OK] 第141章审查完成 (25.7s)
[2026-05-18 20:47:10] [OK] 第151章审查完成 (26.3s)
[2026-05-18 20:47:10] [OK] 第137章审查完成 (26.8s)
[2026-05-18 20:47:13] [OK] 第102章审查完成 (29.3s)
[2026-05-18 20:47:20] [OK] 第148章审查完成 (16.7s)
[2026-05-18 20:47:23] [OK] 第158章审查完成 (16.2s)
[2026-05-18 20:47:24] [OK] 第154章审查完成 (16.6s)
[2026-05-18 20:47:24] [OK] 第124章审查完成 (21.5s)
[2026-05-18 20:47:24] [OK] 第144章审查完成 (20.3s)
[2026-05-18 20:47:24] [OK] 第140章审查完成 (21.1s)
[2026-05-18 20:47:26] [OK] 第146章审查完成 (17.9s)
[2026-05-18 20:47:26] [OK] 第126章审查完成 (18.8s)
[2026-05-18 20:47:27] [OK] 第122章审查完成 (22.3s)
[2026-05-18 20:47:27] [OK] 第136章审查完成 (23.1s)
[2026-05-18 20:47:28] [OK] 第130章审查完成 (21.4s)
[2026-05-18 20:47:28] [OK] 第128章审查完成 (21.9s)
[2026-05-18 20:47:29] [OK] 第156章审查完成 (21.9s)
[2026-05-18 20:47:29] [OK] 第150章审查完成 (24.6s)
[2026-05-18 20:47:29] [OK] 第132章审查完成 (22.0s)
[2026-05-18 20:47:30] [OK] 第138章审查完成 (19.2s)
[2026-05-18 20:47:30] [OK] 第108章审查完成 (16.8s)
[2026-05-18 20:47:31] [OK] 第134章审查完成 (27.8s)
[2026-05-18 20:47:32] [OK] 第142章审查完成 (22.8s)
[2026-05-18 20:47:33] [OK] 第152章审查完成 (22.6s)
[2026-05-18 20:47:33] 累计: 成功158 | 失败2 | 速率40.2章/分钟
[2026-05-18 20:47:34] 本轮调度: 20个agent, 共40章, 剩余待审查1842章
[2026-05-18 20:47:50] [OK] 第173章审查完成 (16.0s)
[2026-05-18 20:47:54] [OK] 第189章审查完成 (20.1s)
[2026-05-18 20:47:55] [OK] 第177章审查完成 (21.3s)
[2026-05-18 20:47:55] [OK] 第183章审查完成 (21.5s)
[2026-05-18 20:47:56] [OK] 第165章审查完成 (22.3s)
[2026-05-18 20:47:56] [OK] 第195章审查完成 (22.5s)
[2026-05-18 20:47:57] [OK] 第169章审查完成 (23.5s)
[2026-05-18 20:47:57] [OK] 第185章审查完成 (23.5s)
[2026-05-18 20:47:58] [OK] 第163章审查完成 (24.6s)
[2026-05-18 20:47:59] [FAIL] 第193章审查失败: unknown
[2026-05-18 20:47:59] [OK] 第191章审查完成 (25.3s)
[2026-05-18 20:48:01] [OK] 第175章审查完成 (27.0s)
[2026-05-18 20:48:02] [OK] 第197章审查完成 (28.1s)
[2026-05-18 20:48:03] [OK] 第187章审查完成 (29.3s)
[2026-05-18 20:48:03] [OK] 第159章审查完成 (29.7s)
[2026-05-18 20:48:04] [OK] 第179章审查完成 (30.3s)
[2026-05-18 20:48:05] [OK] 第167章审查完成 (31.5s)
[2026-05-18 20:48:05] [OK] 第181章审查完成 (31.6s)
[2026-05-18 20:48:05] [OK] 第161章审查完成 (31.9s)
[2026-05-18 20:48:11] [OK] 第171章审查完成 (37.1s)
[2026-05-18 20:48:11] [OK] 第174章审查完成 (21.4s)
[2026-05-18 20:48:13] [OK] 第166章审查完成 (17.3s)
[2026-05-18 20:48:13] [OK] 第178章审查完成 (18.3s)
[2026-05-18 20:48:14] [OK] 第196章审查完成 (18.0s)
[2026-05-18 20:48:15] [OK] 第190章审查完成 (21.6s)
[2026-05-18 20:48:17] [OK] 第184章审查完成 (21.9s)
[2026-05-18 20:48:18] [OK] 第170章审查完成 (20.8s)
[2026-05-18 20:48:20] [OK] 第186章审查完成 (23.1s)
[2026-05-18 20:48:22] [OK] 第176章审查完成 (20.9s)
[2026-05-18 20:48:22] [OK] 第164章审查完成 (23.7s)
[2026-05-18 20:48:22] [OK] 第198章审查完成 (20.3s)
[2026-05-18 20:48:22] [OK] 第194章审查完成 (23.3s)
[2026-05-18 20:48:24] [OK] 第180章审查完成 (19.6s)
[2026-05-18 20:48:25] [OK] 第182章审查完成 (19.4s)
[2026-05-18 20:48:25] [OK] 第188章审查完成 (22.0s)
[2026-05-18 20:48:27] [OK] 第172章审查完成 (16.0s)
[2026-05-18 20:48:27] [OK] 第160章审查完成 (23.8s)
[2026-05-18 20:48:28] [OK] 第162章审查完成 (22.4s)
[2026-05-18 20:48:28] [OK] 第168章审查完成 (23.3s)
[2026-05-18 20:48:35] [OK] 第192章审查完成 (35.9s)
[2026-05-18 20:48:35] 累计: 成功197 | 失败3 | 速率39.6章/分钟
[2026-05-18 20:48:36] 本轮调度: 20个agent, 共40章, 剩余待审查1803章
[2026-05-18 20:48:55] [OK] 第234章审查完成 (19.2s)
[2026-05-18 20:48:55] [OK] 第206章审查完成 (19.5s)
[2026-05-18 20:48:56] [OK] 第236章审查完成 (20.6s)
[2026-05-18 20:48:57] [OK] 第200章审查完成 (21.7s)
[2026-05-18 20:48:58] [OK] 第228章审查完成 (22.3s)
[2026-05-18 20:48:59] [OK] 第224章审查完成 (23.0s)
[2026-05-18 20:49:00] [OK] 第204章审查完成 (24.0s)
[2026-05-18 20:49:00] [OK] 第214章审查完成 (24.0s)
[2026-05-18 20:49:00] [OK] 第220章审查完成 (24.5s)
[2026-05-18 20:49:00] [OK] 第230章审查完成 (24.7s)
[2026-05-18 20:49:01] [OK] 第216章审查完成 (24.9s)
[2026-05-18 20:49:01] [OK] 第208章审查完成 (25.3s)
[2026-05-18 20:49:02] [OK] 第222章审查完成 (25.8s)
[2026-05-18 20:49:02] [OK] 第202章审查完成 (26.2s)
[2026-05-18 20:49:03] [OK] 第232章审查完成 (26.8s)
[2026-05-18 20:49:04] [OK] 第212章审查完成 (28.2s)
[2026-05-18 20:49:04] [OK] 第218章审查完成 (28.5s)
[2026-05-18 20:49:05] [OK] 第193章审查完成 (28.9s)
[2026-05-18 20:49:05] [OK] 第210章审查完成 (29.1s)
[2026-05-18 20:49:09] [OK] 第226章审查完成 (32.7s)
[2026-05-18 20:49:14] [OK] 第237章审查完成 (17.8s)
[2026-05-18 20:49:15] [OK] 第207章审查完成 (19.6s)
[2026-05-18 20:49:18] [OK] 第215章审查完成 (17.9s)
[2026-05-18 20:49:18] [OK] 第201章审查完成 (20.4s)
[2026-05-18 20:49:20] [OK] 第225章审查完成 (21.0s)
[2026-05-18 20:49:20] [OK] 第231章审查完成 (19.4s)
[2026-05-18 20:49:20] [OK] 第209章审查完成 (18.9s)
[2026-05-18 20:49:20] [OK] 第199章审查完成 (15.7s)
[2026-05-18 20:49:21] [OK] 第235章审查完成 (25.5s)
[2026-05-18 20:49:21] [OK] 第221章审查完成 (20.3s)
[2026-05-18 20:49:21] [OK] 第205章审查完成 (21.5s)
[2026-05-18 20:49:21] [OK] 第229章审查完成 (23.2s)
[2026-05-18 20:49:22] [OK] 第223章审查完成 (20.3s)
[2026-05-18 20:49:22] [OK] 第211章审查完成 (17.1s)
[2026-05-18 20:49:23] [OK] 第213章审查完成 (18.6s)
[2026-05-18 20:49:23] [OK] 第217章审查完成 (22.6s)
[2026-05-18 20:49:29] [OK] 第219章审查完成 (24.6s)
[2026-05-18 20:49:29] [OK] 第233章审查完成 (26.4s)
[2026-05-18 20:49:30] [OK] 第227章审查完成 (21.7s)
[2026-05-18 20:49:33] [OK] 第203章审查完成 (31.4s)
[2026-05-18 20:49:33] 累计: 成功237 | 失败3 | 速率39.8章/分钟
[2026-05-18 20:49:34] 本轮调度: 20个agent, 共40章, 剩余待审查1763章
[2026-05-18 20:49:53] [OK] 第262章审查完成 (18.4s)
[2026-05-18 20:49:54] [OK] 第268章审查完成 (19.2s)
[2026-05-18 20:49:54] [OK] 第248章审查完成 (19.5s)
[2026-05-18 20:49:54] [OK] 第276章审查完成 (19.6s)
[2026-05-18 20:49:54] [OK] 第266章审查完成 (19.7s)
[2026-05-18 20:49:55] [OK] 第272章审查完成 (20.2s)
[2026-05-18 20:49:55] [OK] 第242章审查完成 (20.7s)
[2026-05-18 20:49:56] [OK] 第254章审查完成 (21.0s)
[2026-05-18 20:49:56] [OK] 第260章审查完成 (21.5s)
[2026-05-18 20:49:56] [OK] 第238章审查完成 (21.6s)
[2026-05-18 20:49:56] [OK] 第258章审查完成 (21.9s)
[2026-05-18 20:49:56] [OK] 第250章审查完成 (22.0s)
[2026-05-18 20:49:57] [OK] 第240章审查完成 (22.3s)
[2026-05-18 20:49:57] [OK] 第246章审查完成 (22.4s)
[2026-05-18 20:49:57] [OK] 第264章审查完成 (22.5s)
[2026-05-18 20:49:58] [OK] 第252章审查完成 (23.9s)
[2026-05-18 20:49:59] [OK] 第244章审查完成 (24.4s)
[2026-05-18 20:50:00] [OK] 第256章审查完成 (25.4s)
[2026-05-18 20:50:00] [OK] 第270章审查完成 (25.9s)
[2026-05-18 20:50:03] [OK] 第274章审查完成 (28.0s)
[2026-05-18 20:50:13] [OK] 第255章审查完成 (17.0s)
[2026-05-18 20:50:14] [OK] 第249章审查完成 (19.8s)
[2026-05-18 20:50:14] [OK] 第263章审查完成 (21.5s)
[2026-05-18 20:50:16] [OK] 第277章审查完成 (21.7s)
[2026-05-18 20:50:17] [OK] 第267章审查完成 (22.4s)
[2026-05-18 20:50:17] [OK] 第265章审查完成 (19.9s)
[2026-05-18 20:50:17] [OK] 第269章审查完成 (23.4s)
[2026-05-18 20:50:17] [OK] 第241章审查完成 (20.4s)
[2026-05-18 20:50:18] [OK] 第245章审查完成 (19.4s)
[2026-05-18 20:50:20] [OK] 第259章审查完成 (23.3s)
[2026-05-18 20:50:20] [OK] 第253章审查完成 (21.3s)
[2026-05-18 20:50:20] [OK] 第239章审查完成 (23.7s)
[2026-05-18 20:50:20] [OK] 第251章审查完成 (23.6s)
[2026-05-18 20:50:20] [FAIL] 第247章审查失败: unknown
[2026-05-18 20:50:20] [OK] 第243章审查完成 (25.3s)
[2026-05-18 20:50:21] [OK] 第273章审查完成 (26.2s)
[2026-05-18 20:50:21] [OK] 第261章审查完成 (25.4s)
[2026-05-18 20:50:22] [OK] 第257章审查完成 (21.6s)
[2026-05-18 20:50:24] [OK] 第271章审查完成 (23.3s)
[2026-05-18 20:50:25] [OK] 第275章审查完成 (22.5s)
[2026-05-18 20:50:25] 累计: 成功276 | 失败4 | 速率40.5章/分钟
[2026-05-18 20:50:27] 本轮调度: 20个agent, 共40章, 剩余待审查1724章
[2026-05-18 20:50:48] [OK] 第297章审查完成 (20.7s)
[2026-05-18 20:50:48] [OK] 第299章审查完成 (21.1s)
[2026-05-18 20:50:48] [OK] 第247章审查完成 (21.6s)
[2026-05-18 20:50:48] [OK] 第313章审查完成 (21.6s)
[2026-05-18 20:50:50] [OK] 第305章审查完成 (23.0s)
[2026-05-18 20:50:50] [OK] 第279章审查完成 (23.3s)
[2026-05-18 20:50:50] [OK] 第285章审查完成 (23.5s)
[2026-05-18 20:50:51] [OK] 第295章审查完成 (23.7s)
[2026-05-18 20:50:51] [OK] 第307章审查完成 (24.0s)
[2026-05-18 20:50:52] [OK] 第311章审查完成 (25.3s)
[2026-05-18 20:50:52] [OK] 第291章审查完成 (25.4s)
[2026-05-18 20:50:53] [OK] 第309章审查完成 (26.4s)
[2026-05-18 20:50:54] [OK] 第293章审查完成 (26.9s)
[2026-05-18 20:50:54] [OK] 第315章审查完成 (27.0s)
[2026-05-18 20:50:55] [OK] 第281章审查完成 (28.6s)
[2026-05-18 20:50:56] [OK] 第289章审查完成 (29.6s)
[2026-05-18 20:50:58] [OK] 第303章审查完成 (31.2s)
[2026-05-18 20:51:01] [OK] 第301章审查完成 (34.6s)
[2026-05-18 20:51:06] [OK] 第314章审查完成 (17.7s)
[2026-05-18 20:51:07] [OK] 第278章审查完成 (19.0s)
[2026-05-18 20:51:08] [OK] 第298章审查完成 (20.9s)
[2026-05-18 20:51:09] [OK] 第300章审查完成 (21.2s)
[2026-05-18 20:51:12] [OK] 第292章审查完成 (19.5s)
[2026-05-18 20:51:12] [OK] 第308章审查完成 (20.9s)
[2026-05-18 20:51:12] [OK] 第280章审查完成 (22.2s)
[2026-05-18 20:51:14] [OK] 第312章审查完成 (21.6s)
[2026-05-18 20:51:15] [OK] 第316章审查完成 (20.9s)
[2026-05-18 20:51:16] [FAIL] 第310章审查失败: unknown
[2026-05-18 20:51:16] [OK] 第282章审查完成 (20.7s)
[2026-05-18 20:51:17] [OK] 第296章审查完成 (26.0s)
[2026-05-18 20:51:17] [FAIL] 第286章审查失败: unknown
[2026-05-18 20:51:21] [OK] 第306章审查完成 (31.0s)
[2026-05-18 20:51:21] [OK] 第290章审查完成 (24.7s)
[2026-05-18 20:51:22] [OK] 第304章审查完成 (23.7s)
[2026-05-18 20:51:24] [OK] 第302章审查完成 (22.2s)
[2026-05-18 20:51:24] [OK] 第294章审查完成 (30.3s)
[2026-05-18 20:52:56] [OK] 第283章审查完成 (148.8s)
[2026-05-18 20:52:58] [OK] 第287章审查完成 (151.0s)
[2026-05-18 20:53:14] [OK] 第284章审查完成 (18.1s)
[2026-05-18 20:53:14] [OK] 第288章审查完成 (15.9s)
[2026-05-18 20:53:14] 累计: 成功314 | 失败6 | 速率32.6章/分钟
[2026-05-18 20:53:15] 本轮调度: 20个agent, 共40章, 剩余待审查1686章
[2026-05-18 20:53:33] [OK] 第347章审查完成 (18.3s)
[2026-05-18 20:53:35] [OK] 第345章审查完成 (20.1s)
[2026-05-18 20:53:35] [OK] 第331章审查完成 (20.5s)
[2026-05-18 20:53:36] [OK] 第319章审查完成 (21.0s)
[2026-05-18 20:53:37] [OK] 第337章审查完成 (22.6s)
[2026-05-18 20:53:37] [OK] 第341章审查完成 (22.6s)
[2026-05-18 20:53:38] [OK] 第327章审查完成 (22.9s)
[2026-05-18 20:53:38] [OK] 第317章审查完成 (23.1s)
[2026-05-18 20:53:38] [OK] 第351章审查完成 (23.2s)
[2026-05-18 20:53:40] [OK] 第323章审查完成 (25.1s)
[2026-05-18 20:53:40] [OK] 第343章审查完成 (25.4s)
[2026-05-18 20:53:40] [OK] 第349章审查完成 (25.6s)
[2026-05-18 20:53:41] [OK] 第339章审查完成 (25.9s)
[2026-05-18 20:53:41] [OK] 第329章审查完成 (26.4s)
[2026-05-18 20:53:42] [OK] 第286章审查完成 (27.6s)
[2026-05-18 20:53:43] [OK] 第353章审查完成 (27.9s)
[2026-05-18 20:53:43] [OK] 第321章审查完成 (28.3s)
[2026-05-18 20:53:46] [OK] 第333章审查完成 (31.2s)
[2026-05-18 20:53:48] [OK] 第335章审查完成 (33.0s)
[2026-05-18 20:53:51] [OK] 第348章审查完成 (18.0s)
[2026-05-18 20:53:53] [OK] 第332章审查完成 (17.3s)
[2026-05-18 20:53:54] [OK] 第342章审查完成 (16.6s)
[2026-05-18 20:53:56] [OK] 第338章审查完成 (18.8s)
[2026-05-18 20:53:57] [OK] 第346章审查完成 (21.7s)
[2026-05-18 20:53:58] [OK] 第344章审查完成 (17.4s)
[2026-05-18 20:53:58] [OK] 第328章审查完成 (20.0s)
[2026-05-18 20:53:58] [OK] 第340章审查完成 (17.4s)
[2026-05-18 20:53:58] [OK] 第318章审查完成 (20.5s)
[2026-05-18 20:54:00] [FAIL] 第325章审查失败: unknown
[2026-05-18 20:54:00] [FAIL] 第320章审查失败: unknown
[2026-05-18 20:54:01] [OK] 第330章审查完成 (20.1s)
[2026-05-18 20:54:02] [OK] 第324章审查完成 (22.1s)
[2026-05-18 20:54:02] [OK] 第354章审查完成 (19.7s)
[2026-05-18 20:54:03] [OK] 第352章审查完成 (25.1s)
[2026-05-18 20:54:05] [OK] 第310章审查完成 (22.3s)
[2026-05-18 20:54:05] [OK] 第336章审查完成 (17.4s)
[2026-05-18 20:54:06] [OK] 第350章审查完成 (25.8s)
[2026-05-18 20:54:11] [OK] 第322章审查完成 (27.6s)
[2026-05-18 20:54:12] [OK] 第334章审查完成 (25.9s)
[2026-05-18 20:54:23] [OK] 第326章审查完成 (23.5s)
[2026-05-18 20:54:23] 累计: 成功352 | 失败8 | 速率32.7章/分钟
[2026-05-18 20:54:24] 本轮调度: 20个agent, 共40章, 剩余待审查1648章
[2026-05-18 20:54:42] [OK] 第359章审查完成 (17.4s)
[2026-05-18 20:54:43] [OK] 第357章审查完成 (18.9s)
[2026-05-18 20:54:44] [OK] 第320章审查完成 (19.7s)
[2026-05-18 20:54:44] [OK] 第383章审查完成 (19.9s)
[2026-05-18 20:54:45] [OK] 第387章审查完成 (20.6s)
[2026-05-18 20:54:46] [OK] 第389章审查完成 (21.6s)
[2026-05-18 20:54:47] [OK] 第377章审查完成 (22.7s)
[2026-05-18 20:54:47] [OK] 第371章审查完成 (23.0s)
[2026-05-18 20:54:47] [OK] 第391章审查完成 (23.0s)
[2026-05-18 20:54:47] [OK] 第363章审查完成 (23.3s)
[2026-05-18 20:54:48] [OK] 第381章审查完成 (23.6s)
[2026-05-18 20:54:49] [OK] 第379章审查完成 (24.7s)
[2026-05-18 20:54:49] [OK] 第367章审查完成 (25.0s)
[2026-05-18 20:54:50] [OK] 第373章审查完成 (25.4s)
[2026-05-18 20:54:50] [OK] 第355章审查完成 (25.5s)
[2026-05-18 20:54:51] [OK] 第375章审查完成 (26.9s)
[2026-05-18 20:54:52] [OK] 第365章审查完成 (27.4s)
[2026-05-18 20:54:52] [OK] 第361章审查完成 (28.1s)
[2026-05-18 20:54:55] [OK] 第385章审查完成 (30.6s)
[2026-05-18 20:55:01] [OK] 第360章审查完成 (19.4s)
[2026-05-18 20:55:01] [OK] 第384章审查完成 (17.1s)
[2026-05-18 20:55:03] [OK] 第388章审查完成 (18.7s)
[2026-05-18 20:55:04] [OK] 第358章审查完成 (21.2s)
[2026-05-18 20:55:05] [OK] 第325章审查完成 (21.1s)
[2026-05-18 20:55:09] [OK] 第382章审查完成 (21.5s)
[2026-05-18 20:55:10] [OK] 第364章审查完成 (22.9s)
[2026-05-18 20:55:11] [OK] 第378章审查完成 (23.8s)
[2026-05-18 20:55:11] [OK] 第356章审查完成 (21.5s)
[2026-05-18 20:55:11] [OK] 第372章审查完成 (24.3s)
[2026-05-18 20:55:12] [FAIL] 第370章审查失败: unknown
[2026-05-18 20:55:13] [OK] 第368章审查完成 (23.7s)
[2026-05-18 20:55:13] [OK] 第362章审查完成 (21.1s)
[2026-05-18 20:55:14] [OK] 第392章审查完成 (26.5s)
[2026-05-18 20:55:14] [OK] 第374章审查完成 (24.5s)
[2026-05-18 20:55:14] [OK] 第376章审查完成 (23.1s)
[2026-05-18 20:55:14] [OK] 第390章审查完成 (28.7s)
[2026-05-18 20:55:15] [OK] 第380章审查完成 (25.7s)
[2026-05-18 20:55:19] [OK] 第386章审查完成 (24.3s)
[2026-05-18 20:55:22] [OK] 第366章审查完成 (30.0s)
[2026-05-18 20:55:22] 累计: 成功391 | 失败9 | 速率33.3章/分钟
[2026-05-18 20:55:23] 本轮调度: 20个agent, 共40章, 剩余待审查1609章
[2026-05-18 20:55:41] [OK] 第400章审查完成 (18.9s)
[2026-05-18 20:55:42] [OK] 第424章审查完成 (18.9s)
[2026-05-18 20:55:43] [OK] 第426章审查完成 (19.9s)
[2026-05-18 20:55:43] [OK] 第394章审查完成 (20.1s)
[2026-05-18 20:55:43] [FAIL] 第396章审查失败: unknown
[2026-05-18 20:55:44] [OK] 第404章审查完成 (21.0s)
[2026-05-18 20:55:44] [OK] 第428章审查完成 (21.1s)
[2026-05-18 20:55:44] [OK] 第410章审查完成 (21.3s)
[2026-05-18 20:55:44] [OK] 第430章审查完成 (21.5s)
[2026-05-18 20:55:44] [OK] 第402章审查完成 (21.6s)
[2026-05-18 20:55:45] [OK] 第408章审查完成 (22.3s)
[2026-05-18 20:55:45] [OK] 第370章审查完成 (22.4s)
[2026-05-18 20:55:46] [OK] 第420章审查完成 (23.4s)
[2026-05-18 20:55:46] [OK] 第422章审查完成 (23.9s)
[2026-05-18 20:55:47] [OK] 第406章审查完成 (24.8s)
[2026-05-18 20:55:48] [OK] 第412章审查完成 (25.0s)
[2026-05-18 20:55:48] [OK] 第398章审查完成 (25.1s)
[2026-05-18 20:55:48] [OK] 第416章审查完成 (25.3s)
[2026-05-18 20:55:49] [OK] 第418章审查完成 (26.8s)
[2026-05-18 20:55:50] [OK] 第414章审查完成 (27.6s)
[2026-05-18 20:56:02] [OK] 第427章审查完成 (19.1s)
[2026-05-18 20:56:02] [OK] 第403章审查完成 (18.0s)
[2026-05-18 20:56:05] [OK] 第429章审查完成 (21.1s)
[2026-05-18 20:56:05] [OK] 第425章审查完成 (23.6s)
[2026-05-18 20:56:06] [OK] 第393章审查完成 (20.8s)
[2026-05-18 20:56:06] [OK] 第431章审查完成 (22.0s)
[2026-05-18 20:56:06] [OK] 第401章审查完成 (24.8s)
[2026-05-18 20:56:06] [OK] 第397章审查完成 (23.2s)
[2026-05-18 20:56:08] [OK] 第421章审查完成 (21.6s)
[2026-05-18 20:56:08] [OK] 第423章审查完成 (21.1s)
[2026-05-18 20:56:08] [OK] 第405章审查完成 (24.0s)
[2026-05-18 20:56:08] [OK] 第407章审查完成 (20.8s)
[2026-05-18 20:56:08] [OK] 第413章审查完成 (20.8s)
[2026-05-18 20:56:10] [OK] 第409章审查完成 (24.9s)
[2026-05-18 20:56:10] [OK] 第417章审查完成 (22.3s)
[2026-05-18 20:56:11] [OK] 第411章审查完成 (26.7s)
[2026-05-18 20:56:11] [OK] 第399章审查完成 (23.4s)
[2026-05-18 20:56:12] [OK] 第395章审查完成 (29.5s)
[2026-05-18 20:56:14] [OK] 第415章审查完成 (23.8s)
[2026-05-18 20:56:15] [OK] 第419章审查完成 (25.7s)
[2026-05-18 20:56:15] 累计: 成功430 | 失败10 | 速率34.0章/分钟
[2026-05-18 20:56:17] 本轮调度: 20个agent, 共40章, 剩余待审查1570章
[2026-05-18 20:56:36] [OK] 第451章审查完成 (18.9s)
[2026-05-18 20:56:37] [OK] 第441章审查完成 (20.1s)
[2026-05-18 20:56:38] [OK] 第465章审查完成 (21.2s)
[2026-05-18 20:56:38] [OK] 第461章审查完成 (21.4s)
[2026-05-18 20:56:39] [OK] 第435章审查完成 (21.6s)
[2026-05-18 20:56:40] [OK] 第433章审查完成 (22.7s)
[2026-05-18 20:56:40] [OK] 第459章审查完成 (23.0s)
[2026-05-18 20:56:40] [OK] 第396章审查完成 (23.5s)
[2026-05-18 20:56:41] [OK] 第457章审查完成 (23.9s)
[2026-05-18 20:56:41] [OK] 第453章审查完成 (24.0s)
[2026-05-18 20:56:41] [OK] 第443章审查完成 (24.4s)
[2026-05-18 20:56:41] [OK] 第455章审查完成 (24.5s)
[2026-05-18 20:56:43] [OK] 第463章审查完成 (25.7s)
[2026-05-18 20:56:43] [OK] 第469章审查完成 (26.0s)
[2026-05-18 20:56:46] [OK] 第439章审查完成 (28.7s)
[2026-05-18 20:56:46] [OK] 第449章审查完成 (29.5s)
[2026-05-18 20:56:47] [OK] 第445章审查完成 (30.1s)
[2026-05-18 20:56:47] [OK] 第467章审查完成 (30.2s)
[2026-05-18 20:56:48] [OK] 第447章审查完成 (31.5s)
[2026-05-18 20:56:49] [OK] 第437章审查完成 (32.6s)
[2026-05-18 20:56:58] [OK] 第434章审查完成 (18.6s)
[2026-05-18 20:56:58] [OK] 第442章审查完成 (21.4s)
[2026-05-18 20:57:03] [OK] 第468章审查完成 (15.9s)
[2026-05-18 20:57:03] [OK] 第466章审查完成 (25.1s)
[2026-05-18 20:57:03] [OK] 第460章审查完成 (23.4s)
[2026-05-18 20:57:04] [OK] 第452章审查完成 (27.7s)
[2026-05-18 20:57:04] [OK] 第436章审查完成 (25.6s)
[2026-05-18 20:57:05] [OK] 第470章审查完成 (22.3s)
[2026-05-18 20:57:05] [OK] 第432章审查完成 (24.9s)
[2026-05-18 20:57:05] [OK] 第462章审查完成 (26.9s)
[2026-05-18 20:57:06] [OK] 第458章审查完成 (24.9s)
[2026-05-18 20:57:06] [OK] 第444章审查完成 (24.9s)
[2026-05-18 20:57:07] [OK] 第446章审查完成 (19.6s)
[2026-05-18 20:57:07] [OK] 第464章审查完成 (24.2s)
[2026-05-18 20:57:08] [OK] 第440章审查完成 (22.8s)
[2026-05-18 20:57:09] [OK] 第454章审查完成 (28.5s)
[2026-05-18 20:57:10] [OK] 第456章审查完成 (28.7s)
[2026-05-18 20:57:13] [OK] 第448章审查完成 (24.1s)
[2026-05-18 20:57:13] [OK] 第450章审查完成 (26.7s)
[2026-05-18 20:57:15] [OK] 第438章审查完成 (25.7s)
[2026-05-18 20:57:15] 累计: 成功470 | 失败10 | 速率34.4章/分钟
[2026-05-18 20:57:16] 本轮调度: 20个agent, 共40章, 剩余待审查1530章
[2026-05-18 20:57:31] [OK] 第493章审查完成 (15.0s)
[2026-05-18 20:57:33] [OK] 第491章审查完成 (16.5s)
[2026-05-18 20:57:34] [OK] 第475章审查完成 (18.0s)
[2026-05-18 20:57:35] [OK] 第477章审查完成 (18.9s)
[2026-05-18 20:57:35] [OK] 第497章审查完成 (19.1s)
[2026-05-18 20:57:36] [OK] 第495章审查完成 (20.2s)
[2026-05-18 20:57:37] [OK] 第483章审查完成 (21.0s)
[2026-05-18 20:57:37] [OK] 第471章审查完成 (21.3s)
[2026-05-18 20:57:38] [OK] 第489章审查完成 (21.8s)
[2026-05-18 20:57:38] [OK] 第479章审查完成 (22.0s)
[2026-05-18 20:57:39] [OK] 第509章审查完成 (22.5s)
[2026-05-18 20:57:40] [OK] 第501章审查完成 (23.9s)
[2026-05-18 20:57:41] [OK] 第487章审查完成 (24.4s)
[2026-05-18 20:57:42] [OK] 第485章审查完成 (26.0s)
[2026-05-18 20:57:42] [OK] 第505章审查完成 (26.1s)
[2026-05-18 20:57:43] [OK] 第503章审查完成 (26.3s)
[2026-05-18 20:57:43] [OK] 第481章审查完成 (26.6s)
[2026-05-18 20:57:45] [OK] 第499章审查完成 (29.0s)
[2026-05-18 20:57:45] [OK] 第507章审查完成 (29.0s)
[2026-05-18 20:57:46] [OK] 第473章审查完成 (29.9s)
[2026-05-18 20:57:50] [OK] 第494章审查完成 (18.8s)
[2026-05-18 20:57:55] [OK] 第478章审查完成 (19.8s)
[2026-05-18 20:57:57] [OK] 第476章审查完成 (23.0s)
[2026-05-18 20:57:58] [OK] 第492章审查完成 (25.7s)
[2026-05-18 20:57:59] [OK] 第488章审查完成 (18.7s)
[2026-05-18 20:57:59] [OK] 第498章审查完成 (24.1s)
[2026-05-18 20:58:00] [OK] 第496章审查完成 (23.5s)
[2026-05-18 20:58:01] [OK] 第510章审查完成 (21.8s)
[2026-05-18 20:58:01] [OK] 第484章审查完成 (24.0s)
[2026-05-18 20:58:02] [OK] 第480章审查完成 (23.4s)
[2026-05-18 20:58:02] [FAIL] 第500章审查失败: unknown
[2026-05-18 20:58:02] [OK] 第502章审查完成 (21.7s)
[2026-05-18 20:58:02] [OK] 第482章审查完成 (19.2s)
[2026-05-18 20:58:02] [OK] 第472章审查完成 (24.7s)
[2026-05-18 20:58:04] [OK] 第490章审查完成 (25.6s)
[2026-05-18 20:58:04] [OK] 第504章审查完成 (21.4s)
[2026-05-18 20:58:05] [OK] 第506章审查完成 (23.0s)
[2026-05-18 20:58:05] [OK] 第486章审查完成 (23.1s)
[2026-05-18 20:58:07] [OK] 第508章审查完成 (22.1s)
[2026-05-18 20:58:12] [OK] 第474章审查完成 (25.7s)
[2026-05-18 20:58:12] 累计: 成功509 | 失败11 | 速率34.9章/分钟
[2026-05-18 20:58:13] 本轮调度: 20个agent, 共40章, 剩余待审查1491章
[2026-05-18 20:58:32] [OK] 第526章审查完成 (19.4s)
[2026-05-18 20:58:33] [OK] 第520章审查完成 (20.1s)
[2026-05-18 20:58:33] [OK] 第522章审查完成 (20.5s)
[2026-05-18 20:58:34] [OK] 第514章审查完成 (20.8s)
[2026-05-18 20:58:34] [OK] 第516章审查完成 (20.9s)
[2026-05-18 20:58:35] [OK] 第528章审查完成 (22.1s)
[2026-05-18 20:58:36] [OK] 第524章审查完成 (23.1s)
[2026-05-18 20:58:37] [OK] 第534章审查完成 (23.7s)
[2026-05-18 20:58:37] [OK] 第538章审查完成 (24.0s)
[2026-05-18 20:58:38] [OK] 第546章审查完成 (24.9s)
[2026-05-18 20:58:38] [OK] 第536章审查完成 (25.1s)
[2026-05-18 20:58:38] [OK] 第530章审查完成 (25.2s)
[2026-05-18 20:58:39] [OK] 第542章审查完成 (25.6s)
[2026-05-18 20:58:39] [OK] 第532章审查完成 (25.6s)
[2026-05-18 20:58:39] [FAIL] 第548章审查失败: unknown
[2026-05-18 20:58:39] [OK] 第500章审查完成 (26.4s)
[2026-05-18 20:58:40] [OK] 第540章审查完成 (27.1s)
[2026-05-18 20:58:41] [OK] 第512章审查完成 (28.2s)
[2026-05-18 20:58:42] [OK] 第518章审查完成 (28.7s)
[2026-05-18 20:58:49] [OK] 第544章审查完成 (35.7s)
[2026-05-18 20:58:54] [OK] 第515章审查完成 (19.9s)
[2026-05-18 20:58:54] [OK] 第527章审查完成 (21.6s)
[2026-05-18 20:58:55] [FAIL] 第529章审查失败: unknown
[2026-05-18 20:58:56] [OK] 第521章审查完成 (22.6s)
[2026-05-18 20:58:56] [OK] 第539章审查完成 (19.0s)
[2026-05-18 20:58:57] [OK] 第523章审查完成 (23.4s)
[2026-05-18 20:58:57] [OK] 第531章审查完成 (19.4s)
[2026-05-18 20:58:58] [OK] 第537章审查完成 (19.8s)
[2026-05-18 20:59:00] [OK] 第549章审查完成 (20.3s)
[2026-05-18 20:59:00] [OK] 第517章审查完成 (25.9s)
[2026-05-18 20:59:00] [OK] 第535章审查完成 (23.1s)
[2026-05-18 20:59:01] [OK] 第525章审查完成 (24.9s)
[2026-05-18 20:59:01] [OK] 第541章审查完成 (21.2s)
[2026-05-18 20:59:01] [OK] 第543章审查完成 (22.8s)
[2026-05-18 20:59:03] [OK] 第519章审查完成 (21.7s)
[2026-05-18 20:59:05] [OK] 第513章审查完成 (24.1s)
[2026-05-18 20:59:06] [OK] 第547章审查完成 (28.4s)
[2026-05-18 20:59:08] [OK] 第511章审查完成 (28.2s)
[2026-05-18 20:59:09] [OK] 第545章审查完成 (20.8s)
[2026-05-18 20:59:11] [OK] 第533章审查完成 (32.0s)
[2026-05-18 20:59:11] 累计: 成功547 | 失败13 | 速率35.1章/分钟
[2026-05-18 20:59:12] 本轮调度: 20个agent, 共40章, 剩余待审查1453章
[2026-05-18 20:59:30] [OK] 第550章审查完成 (18.9s)
[2026-05-18 20:59:31] [OK] 第582章审查完成 (19.3s)
[2026-05-18 20:59:32] [OK] 第568章审查完成 (20.8s)
[2026-05-18 20:59:34] [OK] 第529章审查完成 (22.2s)
[2026-05-18 20:59:35] [OK] 第570章审查完成 (23.1s)
[2026-05-18 20:59:35] [OK] 第566章审查完成 (23.4s)
[2026-05-18 20:59:35] [OK] 第584章审查完成 (23.7s)
[2026-05-18 20:59:35] [OK] 第552章审查完成 (23.9s)
[2026-05-18 20:59:36] [OK] 第558章审查完成 (24.0s)
[2026-05-18 20:59:36] [OK] 第576章审查完成 (24.6s)
[2026-05-18 20:59:37] [OK] 第572章审查完成 (25.1s)
[2026-05-18 20:59:37] [OK] 第560章审查完成 (25.1s)
[2026-05-18 20:59:37] [OK] 第556章审查完成 (25.8s)
[2026-05-18 20:59:38] [OK] 第580章审查完成 (25.9s)
[2026-05-18 20:59:38] [OK] 第578章审查完成 (26.4s)
[2026-05-18 20:59:38] [OK] 第562章审查完成 (26.7s)
[2026-05-18 20:59:39] [OK] 第586章审查完成 (27.4s)
[2026-05-18 20:59:39] [OK] 第554章审查完成 (27.6s)
[2026-05-18 20:59:41] [OK] 第574章审查完成 (29.9s)
[2026-05-18 20:59:43] [OK] 第564章审查完成 (31.7s)
[2026-05-18 20:59:51] [OK] 第569章审查完成 (18.8s)
[2026-05-18 20:59:53] [OK] 第583章审查完成 (21.7s)
[2026-05-18 20:59:53] [OK] 第553章审查完成 (17.3s)
[2026-05-18 20:59:54] [OK] 第551章审查完成 (23.6s)
[2026-05-18 20:59:54] [OK] 第585章审查完成 (19.0s)
[2026-05-18 20:59:54] [OK] 第548章审查完成 (20.6s)
[2026-05-18 20:59:55] [OK] 第567章审查完成 (20.0s)
[2026-05-18 20:59:55] [OK] 第577章审查完成 (19.2s)
[2026-05-18 20:59:58] [OK] 第559章审查完成 (22.0s)
[2026-05-18 20:59:58] [OK] 第561章审查完成 (21.4s)
[2026-05-18 20:59:59] [OK] 第557章审查完成 (21.6s)
[2026-05-18 20:59:59] [OK] 第587章审查完成 (20.0s)
[2026-05-18 21:00:00] [OK] 第563章审查完成 (21.3s)
[2026-05-18 21:00:00] [FAIL] 第579章审查失败: unknown
[2026-05-18 21:00:00] [FAIL] 第571章审查失败: unknown
[2026-05-18 21:00:02] [OK] 第581章审查完成 (24.9s)
[2026-05-18 21:00:03] [OK] 第575章审查完成 (21.5s)
[2026-05-18 21:00:05] [OK] 第573章审查完成 (28.1s)
[2026-05-18 21:00:08] [OK] 第565章审查完成 (24.4s)
[2026-05-18 21:00:09] [OK] 第555章审查完成 (29.8s)
[2026-05-18 21:00:09] 累计: 成功585 | 失败15 | 速率35.4章/分钟
[2026-05-18 21:00:10] 本轮调度: 20个agent, 共40章, 剩余待审查1415章
[2026-05-18 21:00:30] [OK] 第600章审查完成 (20.2s)
[2026-05-18 21:00:32] [OK] 第590章审查完成 (21.7s)
[2026-05-18 21:00:32] [OK] 第592章审查完成 (21.9s)
[2026-05-18 21:00:32] [OK] 第618章审查完成 (22.0s)
[2026-05-18 21:00:32] [OK] 第571章审查完成 (22.3s)
[2026-05-18 21:00:33] [OK] 第604章审查完成 (23.3s)
[2026-05-18 21:00:34] [OK] 第612章审查完成 (23.7s)
[2026-05-18 21:00:34] [OK] 第606章审查完成 (24.2s)
[2026-05-18 21:00:34] [OK] 第588章审查完成 (24.3s)
[2026-05-18 21:00:34] [OK] 第598章审查完成 (24.3s)
[2026-05-18 21:00:35] [OK] 第620章审查完成 (24.8s)
[2026-05-18 21:00:35] [OK] 第596章审查完成 (25.5s)
[2026-05-18 21:00:36] [OK] 第616章审查完成 (25.7s)
[2026-05-18 21:00:36] [OK] 第614章审查完成 (26.4s)
[2026-05-18 21:00:38] [OK] 第608章审查完成 (27.9s)
[2026-05-18 21:00:38] [OK] 第610章审查完成 (28.3s)
[2026-05-18 21:00:39] [OK] 第602章审查完成 (29.1s)
[2026-05-18 21:00:39] [OK] 第622章审查完成 (29.3s)
[2026-05-18 21:00:39] [OK] 第594章审查完成 (29.6s)
[2026-05-18 21:00:40] [OK] 第624章审查完成 (29.6s)
[2026-05-18 21:00:48] [OK] 第601章审查完成 (17.8s)
[2026-05-18 21:00:52] [OK] 第589章审查完成 (17.9s)
[2026-05-18 21:00:53] [OK] 第619章审查完成 (21.2s)
[2026-05-18 21:00:55] [OK] 第621章审查完成 (20.5s)
[2026-05-18 21:00:56] [OK] 第599章审查完成 (21.8s)
[2026-05-18 21:00:56] [OK] 第591章审查完成 (24.6s)
[2026-05-18 21:00:56] [OK] 第593章审查完成 (24.6s)
[2026-05-18 21:00:58] [OK] 第605章审查完成 (24.7s)
[2026-05-18 21:00:59] [OK] 第609章审查完成 (20.7s)
[2026-05-18 21:00:59] [OK] 第607章审查完成 (24.4s)
[2026-05-18 21:01:00] [OK] 第595章审查完成 (20.5s)
[2026-05-18 21:01:00] [OK] 第613章审查完成 (26.5s)
[2026-05-18 21:01:01] [OK] 第579章审查完成 (28.5s)
[2026-05-18 21:01:01] [OK] 第597章审查完成 (25.6s)
[2026-05-18 21:01:03] [OK] 第615章审查完成 (27.1s)
[2026-05-18 21:01:04] [OK] 第611章审查完成 (25.8s)
[2026-05-18 21:01:04] [OK] 第625章审查完成 (24.7s)
[2026-05-18 21:01:05] [OK] 第617章审查完成 (29.4s)
[2026-05-18 21:01:11] [OK] 第603章审查完成 (31.8s)
[2026-05-18 21:01:14] [OK] 第623章审查完成 (34.4s)
[2026-05-18 21:01:14] 累计: 成功625 | 失败15 | 速率35.5章/分钟
[2026-05-18 21:01:15] 本轮调度: 20个agent, 共40章, 剩余待审查1375章
[2026-05-18 21:01:35] [OK] 第646章审查完成 (20.7s)
[2026-05-18 21:01:36] [OK] 第642章审查完成 (21.5s)
[2026-05-18 21:01:36] [OK] 第636章审查完成 (21.8s)
[2026-05-18 21:01:37] [FAIL] 第640章审查失败: unknown
[2026-05-18 21:01:37] [OK] 第664章审查完成 (21.9s)
[2026-05-18 21:01:37] [OK] 第638章审查完成 (22.3s)
[2026-05-18 21:01:38] [OK] 第644章审查完成 (23.1s)
[2026-05-18 21:01:38] [OK] 第652章审查完成 (23.7s)
[2026-05-18 21:01:39] [OK] 第660章审查完成 (24.2s)
[2026-05-18 21:01:39] [OK] 第658章审查完成 (24.6s)
[2026-05-18 21:01:40] [OK] 第628章审查完成 (25.3s)
[2026-05-18 21:01:40] [OK] 第632章审查完成 (25.7s)
[2026-05-18 21:01:40] [OK] 第634章审查完成 (25.8s)
[2026-05-18 21:01:40] [OK] 第650章审查完成 (25.8s)
[2026-05-18 21:01:41] [OK] 第626章审查完成 (25.9s)
[2026-05-18 21:01:41] [OK] 第656章审查完成 (26.2s)
[2026-05-18 21:01:42] [OK] 第648章审查完成 (26.8s)
[2026-05-18 21:01:42] [OK] 第630章审查完成 (27.7s)
[2026-05-18 21:01:43] [OK] 第654章审查完成 (28.0s)
[2026-05-18 21:01:49] [OK] 第662章审查完成 (34.3s)
[2026-05-18 21:01:55] [FAIL] 第639章审查失败: unknown
[2026-05-18 21:01:58] [OK] 第665章审查完成 (21.6s)
[2026-05-18 21:01:59] [OK] 第643章审查完成 (22.7s)
[2026-05-18 21:01:59] [FAIL] 第647章审查失败: unknown
[2026-05-18 21:01:59] [OK] 第645章审查完成 (21.2s)
[2026-05-18 21:01:59] [OK] 第653章审查完成 (21.1s)
[2026-05-18 21:02:00] [OK] 第637章审查完成 (23.9s)
[2026-05-18 21:02:01] [OK] 第649章审查完成 (19.1s)
[2026-05-18 21:02:01] [OK] 第641章审查完成 (24.4s)
[2026-05-18 21:02:03] [OK] 第627章审查完成 (22.1s)
[2026-05-18 21:02:03] [OK] 第635章审查完成 (22.7s)
[2026-05-18 21:02:04] [OK] 第659章审查完成 (24.6s)
[2026-05-18 21:02:04] [OK] 第633章审查完成 (24.0s)
[2026-05-18 21:02:06] [OK] 第651章审查完成 (25.1s)
[2026-05-18 21:02:06] [OK] 第629章审查完成 (25.9s)
[2026-05-18 21:02:06] [OK] 第661章审查完成 (26.9s)
[2026-05-18 21:02:07] [OK] 第655章审查完成 (24.0s)
[2026-05-18 21:02:07] [OK] 第631章审查完成 (24.9s)
[2026-05-18 21:02:09] [OK] 第663章审查完成 (20.0s)
[2026-05-18 21:02:10] [OK] 第657章审查完成 (29.2s)
[2026-05-18 21:02:10] 累计: 成功662 | 失败18 | 速率35.7章/分钟
[2026-05-18 21:02:12] 本轮调度: 20个agent, 共40章, 剩余待审查1338章
[2026-05-18 21:02:29] [OK] 第671章审查完成 (16.8s)
[2026-05-18 21:02:30] [OK] 第639章审查完成 (18.1s)
[2026-05-18 21:02:33] [OK] 第677章审查完成 (20.8s)
[2026-05-18 21:02:34] [OK] 第697章审查完成 (22.1s)
[2026-05-18 21:02:35] [OK] 第667章审查完成 (22.8s)
[2026-05-18 21:02:35] [OK] 第683章审查完成 (23.4s)
[2026-05-18 21:02:35] [OK] 第685章审查完成 (23.4s)
[2026-05-18 21:02:35] [OK] 第647章审查完成 (23.6s)
[2026-05-18 21:02:36] [OK] 第669章审查完成 (24.6s)
[2026-05-18 21:02:37] [OK] 第701章审查完成 (24.7s)
[2026-05-18 21:02:37] [OK] 第675章审查完成 (25.1s)
[2026-05-18 21:02:37] [OK] 第689章审查完成 (25.1s)
[2026-05-18 21:02:37] [OK] 第681章审查完成 (25.3s)
[2026-05-18 21:02:38] [OK] 第687章审查完成 (25.8s)
[2026-05-18 21:02:39] [OK] 第679章审查完成 (27.1s)
[2026-05-18 21:02:39] [OK] 第699章审查完成 (27.4s)
[2026-05-18 21:02:40] [OK] 第695章审查完成 (28.1s)
[2026-05-18 21:02:41] [OK] 第673章审查完成 (28.7s)
[2026-05-18 21:02:43] [OK] 第691章审查完成 (31.3s)
[2026-05-18 21:02:46] [OK] 第693章审查完成 (34.1s)
[2026-05-18 21:02:52] [OK] 第672章审查完成 (23.1s)
[2026-05-18 21:02:55] [OK] 第640章审查完成 (25.0s)
[2026-05-18 21:02:55] [OK] 第684章审查完成 (19.8s)
[2026-05-18 21:02:55] [OK] 第698章审查完成 (21.3s)
[2026-05-18 21:02:55] [OK] 第678章审查完成 (22.8s)
[2026-05-18 21:02:57] [OK] 第666章审查完成 (21.3s)
[2026-05-18 21:02:57] [OK] 第668章审查完成 (22.4s)
[2026-05-18 21:02:58] [OK] 第670章审查完成 (21.5s)
[2026-05-18 21:03:01] [OK] 第676章审查完成 (23.8s)
[2026-05-18 21:03:02] [OK] 第674章审查完成 (21.2s)
[2026-05-18 21:03:02] [OK] 第686章审查完成 (26.6s)
[2026-05-18 21:03:02] [OK] 第702章审查完成 (25.9s)
[2026-05-18 21:03:04] [OK] 第700章审查完成 (24.4s)
[2026-05-18 21:03:04] [OK] 第690章审查完成 (27.3s)
[2026-05-18 21:03:05] [OK] 第696章审查完成 (24.6s)
[2026-05-18 21:03:05] [OK] 第694章审查完成 (19.2s)
[2026-05-18 21:03:05] [OK] 第682章审查完成 (28.1s)
[2026-05-18 21:03:07] [OK] 第692章审查完成 (23.5s)
[2026-05-18 21:03:09] [OK] 第680章审查完成 (30.1s)
[2026-05-18 21:03:09] [OK] 第688章审查完成 (31.8s)
[2026-05-18 21:03:09] 累计: 成功702 | 失败18 | 速率35.9章/分钟
[2026-05-18 21:03:10] 本轮调度: 20个agent, 共40章, 剩余待审查1298章
[2026-05-18 21:03:31] [OK] 第703章审查完成 (20.4s)
[2026-05-18 21:03:31] [OK] 第735章审查完成 (21.0s)
[2026-05-18 21:03:33] [OK] 第715章审查完成 (22.1s)
[2026-05-18 21:03:33] [OK] 第741章审查完成 (22.5s)
[2026-05-18 21:03:33] [OK] 第725章审查完成 (22.8s)
[2026-05-18 21:03:34] [OK] 第737章审查完成 (23.3s)
[2026-05-18 21:03:34] [OK] 第705章审查完成 (23.4s)
[2026-05-18 21:03:35] [OK] 第717章审查完成 (24.9s)
[2026-05-18 21:03:38] [OK] 第723章审查完成 (27.4s)
[2026-05-18 21:03:38] [OK] 第729章审查完成 (27.6s)
[2026-05-18 21:03:39] [OK] 第709章审查完成 (28.1s)
[2026-05-18 21:03:39] [OK] 第711章审查完成 (28.1s)
[2026-05-18 21:03:39] [OK] 第713章审查完成 (28.7s)
[2026-05-18 21:03:39] [OK] 第733章审查完成 (28.9s)
[2026-05-18 21:03:40] [OK] 第731章审查完成 (29.0s)
[2026-05-18 21:03:40] [OK] 第707章审查完成 (29.1s)
[2026-05-18 21:03:40] [OK] 第721章审查完成 (29.9s)
[2026-05-18 21:03:42] [OK] 第727章审查完成 (31.2s)
[2026-05-18 21:03:45] [OK] 第739章审查完成 (34.2s)
[2026-05-18 21:03:51] [OK] 第736章审查完成 (19.8s)
[2026-05-18 21:03:54] [OK] 第704章审查完成 (22.9s)
[2026-05-18 21:03:57] [OK] 第724章审查完成 (19.0s)
[2026-05-18 21:03:57] [OK] 第718章审查完成 (22.1s)
[2026-05-18 21:03:58] [OK] 第732章审查完成 (18.6s)
[2026-05-18 21:03:58] [OK] 第706章审查完成 (24.4s)
[2026-05-18 21:03:59] [OK] 第722章审查完成 (18.1s)
[2026-05-18 21:03:59] [OK] 第734章审查完成 (19.2s)
[2026-05-18 21:04:00] [OK] 第716章审查完成 (27.6s)
[2026-05-18 21:04:00] [OK] 第719章审查完成 (49.9s)
[2026-05-18 21:04:02] [OK] 第742章审查完成 (29.2s)
[2026-05-18 21:04:03] [OK] 第710章审查完成 (24.1s)
[2026-05-18 21:04:03] [OK] 第728章审查完成 (21.0s)
[2026-05-18 21:04:03] [OK] 第726章审查完成 (30.0s)
[2026-05-18 21:04:05] [OK] 第712章审查完成 (26.1s)
[2026-05-18 21:04:06] [OK] 第708章审查完成 (26.0s)
[2026-05-18 21:04:07] [OK] 第714章审查完成 (27.6s)
[2026-05-18 21:04:07] [OK] 第730章审查完成 (29.2s)
[2026-05-18 21:04:18] [OK] 第740章审查完成 (33.7s)
[2026-05-18 21:04:34] [OK] 第720章审查完成 (33.7s)
[2026-05-18 21:05:05] [OK] 第738章审查完成 (91.0s)
[2026-05-18 21:05:05] 累计: 成功742 | 失败18 | 速率34.6章/分钟
[2026-05-18 21:05:06] 本轮调度: 20个agent, 共40章, 剩余待审查1258章
[2026-05-18 21:05:26] [OK] 第751章审查完成 (20.6s)
[2026-05-18 21:05:28] [OK] 第779章审查完成 (21.8s)
[2026-05-18 21:05:29] [OK] 第757章审查完成 (22.9s)
[2026-05-18 21:05:29] [OK] 第747章审查完成 (23.1s)
[2026-05-18 21:05:30] [OK] 第759章审查完成 (23.8s)
[2026-05-18 21:05:30] [OK] 第781章审查完成 (24.4s)
[2026-05-18 21:05:31] [OK] 第749章审查完成 (25.1s)
[2026-05-18 21:05:31] [OK] 第761章审查完成 (25.1s)
[2026-05-18 21:05:32] [OK] 第745章审查完成 (25.7s)
[2026-05-18 21:05:33] [OK] 第763章审查完成 (26.9s)
[2026-05-18 21:05:34] [OK] 第775章审查完成 (28.0s)
[2026-05-18 21:05:34] [OK] 第769章审查完成 (28.1s)
[2026-05-18 21:05:34] [OK] 第773章审查完成 (28.6s)
[2026-05-18 21:05:35] [OK] 第777章审查完成 (29.2s)
[2026-05-18 21:05:35] [OK] 第755章审查完成 (29.4s)
[2026-05-18 21:05:35] [OK] 第765章审查完成 (29.7s)
[2026-05-18 21:05:36] [OK] 第771章审查完成 (30.1s)
[2026-05-18 21:05:36] [OK] 第767章审查完成 (30.3s)
[2026-05-18 21:05:38] [OK] 第753章审查完成 (32.0s)
[2026-05-18 21:05:40] [OK] 第743章审查完成 (34.0s)
[2026-05-18 21:05:47] [OK] 第780章审查完成 (19.0s)
[2026-05-18 21:05:49] [OK] 第760章审查完成 (19.1s)
[2026-05-18 21:05:51] [OK] 第758章审查完成 (22.2s)
[2026-05-18 21:05:52] [OK] 第752章审查完成 (26.0s)
[2026-05-18 21:05:54] [OK] 第746章审查完成 (22.2s)
[2026-05-18 21:05:54] [OK] 第774章审查完成 (20.0s)
[2026-05-18 21:05:55] [OK] 第748章审查完成 (25.7s)
[2026-05-18 21:05:55] [OK] 第782章审查完成 (24.6s)
[2026-05-18 21:05:55] [OK] 第768章审查完成 (18.8s)
[2026-05-18 21:05:57] [OK] 第770章审查完成 (22.9s)
[2026-05-18 21:05:58] [OK] 第750章审查完成 (27.2s)
[2026-05-18 21:05:58] [OK] 第756章审查完成 (23.0s)
[2026-05-18 21:05:59] [OK] 第776章审查完成 (25.4s)
[2026-05-18 21:06:00] [OK] 第778章审查完成 (25.1s)
[2026-05-18 21:06:00] [OK] 第764章审查完成 (27.7s)
[2026-05-18 21:06:01] [OK] 第766章审查完成 (25.8s)
[2026-05-18 21:06:02] [OK] 第772章审查完成 (25.6s)
[2026-05-18 21:06:02] [OK] 第744章审查完成 (22.5s)
[2026-05-18 21:06:04] [OK] 第762章审查完成 (32.7s)
[2026-05-18 21:06:11] [OK] 第754章审查完成 (33.1s)
[2026-05-18 21:06:11] 累计: 成功782 | 失败18 | 速率34.6章/分钟
[2026-05-18 21:06:12] 本轮调度: 20个agent, 共40章, 剩余待审查1218章
[2026-05-18 21:06:32] [OK] 第783章审查完成 (19.9s)
[2026-05-18 21:06:32] [OK] 第813章审查完成 (20.2s)
[2026-05-18 21:06:32] [OK] 第807章审查完成 (20.5s)
[2026-05-18 21:06:33] [OK] 第799章审查完成 (20.7s)
[2026-05-18 21:06:33] [OK] 第809章审查完成 (21.1s)
[2026-05-18 21:06:34] [OK] 第785章审查完成 (22.2s)
[2026-05-18 21:06:35] [OK] 第791章审查完成 (22.8s)
[2026-05-18 21:06:35] [OK] 第815章审查完成 (23.2s)
[2026-05-18 21:06:35] [OK] 第795章审查完成 (23.3s)
[2026-05-18 21:06:35] [OK] 第821章审查完成 (23.4s)
[2026-05-18 21:06:36] [OK] 第793章审查完成 (24.3s)
[2026-05-18 21:06:37] [OK] 第797章审查完成 (24.6s)
[2026-05-18 21:06:37] [OK] 第801章审查完成 (24.9s)
[2026-05-18 21:06:38] [OK] 第817章审查完成 (25.7s)
[2026-05-18 21:06:40] [OK] 第819章审查完成 (28.1s)
[2026-05-18 21:06:41] [OK] 第787章审查完成 (29.1s)
[2026-05-18 21:06:41] [OK] 第811章审查完成 (29.3s)
[2026-05-18 21:06:42] [OK] 第789章审查完成 (30.5s)
[2026-05-18 21:06:47] [OK] 第805章审查完成 (35.5s)
[2026-05-18 21:06:48] [OK] 第803章审查完成 (36.3s)
[2026-05-18 21:06:50] [OK] 第800章审查完成 (17.6s)
[2026-05-18 21:06:52] [OK] 第808章审查完成 (19.4s)
[2026-05-18 21:06:55] [OK] 第822章审查完成 (19.8s)
[2026-05-18 21:06:56] [OK] 第814章审查完成 (23.6s)
[2026-05-18 21:06:56] [OK] 第784章审查完成 (24.1s)
[2026-05-18 21:06:57] [OK] 第816章审查完成 (22.1s)
[2026-05-18 21:06:58] [OK] 第786章审查完成 (24.2s)
[2026-05-18 21:06:58] [OK] 第802章审查完成 (21.5s)
[2026-05-18 21:06:59] [OK] 第796章审查完成 (24.0s)
[2026-05-18 21:07:00] [OK] 第810章审查完成 (26.7s)
[2026-05-18 21:07:00] [OK] 第818章审查完成 (22.7s)
[2026-05-18 21:07:01] [OK] 第794章审查完成 (24.6s)
[2026-05-18 21:07:01] [OK] 第798章审查完成 (24.4s)
[2026-05-18 21:07:02] [OK] 第820章审查完成 (22.3s)
[2026-05-18 21:07:04] [OK] 第788章审查完成 (22.9s)
[2026-05-18 21:07:06] [OK] 第792章审查完成 (31.0s)
[2026-05-18 21:07:08] [OK] 第790章审查完成 (25.4s)
[2026-05-18 21:07:09] [OK] 第806章审查完成 (21.9s)
[2026-05-18 21:07:12] [OK] 第812章审查完成 (30.7s)
[2026-05-18 21:07:13] [OK] 第804章审查完成 (25.0s)
[2026-05-18 21:07:13] 累计: 成功822 | 失败18 | 速率34.8章/分钟
[2026-05-18 21:07:15] 本轮调度: 20个agent, 共40章, 剩余待审查1178章
[2026-05-18 21:07:35] [OK] 第833章审查完成 (19.4s)
[2026-05-18 21:07:35] [OK] 第855章审查完成 (19.7s)
[2026-05-18 21:07:35] [OK] 第825章审查完成 (20.4s)
[2026-05-18 21:07:36] [OK] 第839章审查完成 (20.7s)
[2026-05-18 21:07:36] [OK] 第847章审查完成 (21.3s)
[2026-05-18 21:07:37] [OK] 第843章审查完成 (21.8s)
[2026-05-18 21:07:37] [OK] 第823章审查完成 (21.9s)
[2026-05-18 21:07:37] [OK] 第829章审查完成 (22.2s)
[2026-05-18 21:07:38] [OK] 第837章审查完成 (22.7s)
[2026-05-18 21:07:38] [OK] 第859章审查完成 (23.1s)
[2026-05-18 21:07:39] [OK] 第861章审查完成 (23.5s)
[2026-05-18 21:07:40] [OK] 第845章审查完成 (24.5s)
[2026-05-18 21:07:41] [OK] 第851章审查完成 (25.9s)
[2026-05-18 21:07:42] [OK] 第835章审查完成 (26.5s)
[2026-05-18 21:07:42] [OK] 第831章审查完成 (27.2s)
[2026-05-18 21:07:44] [OK] 第853章审查完成 (29.1s)
[2026-05-18 21:07:44] [OK] 第857章审查完成 (29.2s)
[2026-05-18 21:07:45] [OK] 第841章审查完成 (29.8s)
[2026-05-18 21:07:47] [OK] 第849章审查完成 (32.3s)
[2026-05-18 21:07:48] [OK] 第827章审查完成 (33.0s)
[2026-05-18 21:07:54] [OK] 第826章审查完成 (18.3s)
[2026-05-18 21:07:54] [OK] 第860章审查完成 (15.7s)
[2026-05-18 21:07:56] [OK] 第844章审查完成 (18.8s)
[2026-05-18 21:07:57] [OK] 第830章审查完成 (20.0s)
[2026-05-18 21:07:58] [OK] 第834章审查完成 (23.2s)
[2026-05-18 21:07:59] [OK] 第862章审查完成 (19.9s)
[2026-05-18 21:08:00] [OK] 第856章审查完成 (24.8s)
[2026-05-18 21:08:01] [OK] 第852章审查完成 (20.3s)
[2026-05-18 21:08:03] [OK] 第848章审查完成 (26.2s)
[2026-05-18 21:08:04] [OK] 第846章审查完成 (24.2s)
[2026-05-18 21:08:04] [OK] 第840章审查完成 (28.4s)
[2026-05-18 21:08:04] [OK] 第832章审查完成 (22.2s)
[2026-05-18 21:08:05] [OK] 第824章审查完成 (27.9s)
[2026-05-18 21:08:05] [OK] 第836章审查完成 (23.5s)
[2026-05-18 21:08:07] [OK] 第842章审查完成 (21.9s)
[2026-05-18 21:08:07] [OK] 第838章审查完成 (29.1s)
[2026-05-18 21:08:08] [OK] 第854章审查完成 (24.0s)
[2026-05-18 21:08:08] [OK] 第828章审查完成 (20.2s)
[2026-05-18 21:08:10] [OK] 第858章审查完成 (25.9s)
[2026-05-18 21:09:19] [OK] 第850章审查完成 (91.2s)
[2026-05-18 21:09:19] 累计: 成功862 | 失败18 | 速率33.5章/分钟
[2026-05-18 21:09:20] 本轮调度: 20个agent, 共40章, 剩余待审查1138章
[2026-05-18 21:09:40] [OK] 第901章审查完成 (20.3s)
[2026-05-18 21:09:40] [OK] 第899章审查完成 (20.7s)
[2026-05-18 21:09:41] [FAIL] 第885章审查失败: unknown
[2026-05-18 21:09:41] [OK] 第863章审查完成 (21.5s)
[2026-05-18 21:09:42] [OK] 第867章审查完成 (22.0s)
[2026-05-18 21:09:42] [OK] 第889章审查完成 (22.5s)
[2026-05-18 21:09:43] [OK] 第883章审查完成 (23.5s)
[2026-05-18 21:09:43] [OK] 第869章审查完成 (23.7s)
[2026-05-18 21:09:44] [OK] 第873章审查完成 (23.8s)
[2026-05-18 21:09:44] [OK] 第893章审查完成 (24.1s)
[2026-05-18 21:09:44] [OK] 第897章审查完成 (24.4s)
[2026-05-18 21:09:44] [OK] 第891章审查完成 (24.6s)
[2026-05-18 21:09:45] [OK] 第895章审查完成 (24.8s)
[2026-05-18 21:09:45] [OK] 第887章审查完成 (25.0s)
[2026-05-18 21:09:45] [OK] 第871章审查完成 (25.2s)
[2026-05-18 21:09:45] [OK] 第865章审查完成 (25.7s)
[2026-05-18 21:09:46] [OK] 第877章审查完成 (26.3s)
[2026-05-18 21:09:47] [OK] 第881章审查完成 (27.2s)
[2026-05-18 21:09:53] [OK] 第879章审查完成 (33.5s)
[2026-05-18 21:09:54] [OK] 第875章审查完成 (34.5s)
[2026-05-18 21:09:58] [OK] 第900章审查完成 (17.7s)
[2026-05-18 21:10:01] [OK] 第902章审查完成 (20.7s)
[2026-05-18 21:10:02] [OK] 第898章审查完成 (18.1s)
[2026-05-18 21:10:03] [OK] 第874章审查完成 (19.3s)
[2026-05-18 21:10:04] [OK] 第894章审查完成 (20.6s)
[2026-05-18 21:10:05] [OK] 第870章审查完成 (21.3s)
[2026-05-18 21:10:05] [OK] 第882章审查完成 (18.1s)
[2026-05-18 21:10:06] [OK] 第866章审查完成 (20.1s)
[2026-05-18 21:10:06] [OK] 第884章审查完成 (22.6s)
[2026-05-18 21:10:06] [OK] 第896章审查完成 (21.6s)
[2026-05-18 21:10:06] [OK] 第886章审查完成 (25.5s)
[2026-05-18 21:10:07] [OK] 第864章审查完成 (25.6s)
[2026-05-18 21:10:09] [OK] 第868章审查完成 (27.0s)
[2026-05-18 21:10:10] [OK] 第888章审查完成 (25.1s)
[2026-05-18 21:10:11] [OK] 第890章审查完成 (28.9s)
[2026-05-18 21:10:11] [OK] 第872章审查完成 (26.3s)
[2026-05-18 21:10:15] [OK] 第876章审查完成 (21.1s)
[2026-05-18 21:10:17] [OK] 第878章审查完成 (31.0s)
[2026-05-18 21:10:18] [OK] 第880章审查完成 (25.0s)
[2026-05-18 21:10:20] [OK] 第892章审查完成 (36.0s)
[2026-05-18 21:10:20] 累计: 成功901 | 失败19 | 速率33.7章/分钟
[2026-05-18 21:10:21] 本轮调度: 20个agent, 共40章, 剩余待审查1099章
[2026-05-18 21:10:41] [OK] 第904章审查完成 (19.6s)
[2026-05-18 21:10:42] [OK] 第908章审查完成 (20.3s)
[2026-05-18 21:10:42] [OK] 第906章审查完成 (20.4s)
[2026-05-18 21:10:43] [OK] 第940章审查完成 (21.6s)
[2026-05-18 21:10:43] [OK] 第885章审查完成 (21.8s)
[2026-05-18 21:10:44] [OK] 第932章审查完成 (22.1s)
[2026-05-18 21:10:44] [OK] 第920章审查完成 (22.9s)
[2026-05-18 21:10:46] [OK] 第924章审查完成 (24.1s)
[2026-05-18 21:10:46] [OK] 第934章审查完成 (24.4s)
[2026-05-18 21:10:47] [OK] 第936章审查完成 (25.0s)
[2026-05-18 21:10:47] [OK] 第912章审查完成 (25.3s)
[2026-05-18 21:10:47] [OK] 第910章审查完成 (25.8s)
[2026-05-18 21:10:49] [OK] 第930章审查完成 (27.6s)
[2026-05-18 21:10:49] [OK] 第938章审查完成 (27.6s)
[2026-05-18 21:10:50] [OK] 第928章审查完成 (28.3s)
[2026-05-18 21:10:50] [OK] 第914章审查完成 (28.5s)
[2026-05-18 21:10:51] [OK] 第918章审查完成 (29.3s)
[2026-05-18 21:10:53] [OK] 第926章审查完成 (31.1s)
[2026-05-18 21:10:53] [OK] 第916章审查完成 (31.3s)
[2026-05-18 21:10:57] [OK] 第922章审查完成 (35.5s)
[2026-05-18 21:11:04] [OK] 第941章审查完成 (21.2s)
[2026-05-18 21:11:05] [OK] 第933章审查完成 (21.7s)
[2026-05-18 21:11:06] [OK] 第905章审查完成 (24.7s)
[2026-05-18 21:11:06] [OK] 第903章审查完成 (22.5s)
[2026-05-18 21:11:09] [OK] 第911章审查完成 (22.1s)
[2026-05-18 21:11:10] [OK] 第939章审查完成 (20.8s)
[2026-05-18 21:11:10] [OK] 第909章审查完成 (28.4s)
[2026-05-18 21:11:11] [OK] 第907章审查完成 (29.0s)
[2026-05-18 21:11:12] [OK] 第929章审查完成 (22.2s)
[2026-05-18 21:11:13] [OK] 第931章审查完成 (24.2s)
[2026-05-18 21:11:14] [OK] 第937章审查完成 (27.8s)
[2026-05-18 21:11:16] [OK] 第925章审查完成 (30.2s)
[2026-05-18 21:11:17] [OK] 第921章审查完成 (32.4s)
[2026-05-18 21:11:18] [OK] 第919章审查完成 (27.6s)
[2026-05-18 21:11:19] [OK] 第913章审查完成 (31.9s)
[2026-05-18 21:11:19] [OK] 第915章审查完成 (29.2s)
[2026-05-18 21:11:20] [OK] 第935章审查完成 (34.2s)
[2026-05-18 21:11:22] [OK] 第927章审查完成 (29.7s)
[2026-05-18 21:11:24] [OK] 第917章审查完成 (31.0s)
[2026-05-18 21:11:25] [OK] 第923章审查完成 (28.2s)
[2026-05-18 21:11:25] 累计: 成功941 | 失败19 | 速率33.8章/分钟
[2026-05-18 21:11:26] 本轮调度: 20个agent, 共40章, 剩余待审查1059章
[2026-05-18 21:11:47] [OK] 第944章审查完成 (20.9s)
[2026-05-18 21:11:48] [OK] 第948章审查完成 (21.3s)
[2026-05-18 21:11:48] [OK] 第968章审查完成 (21.4s)
[2026-05-18 21:11:48] [OK] 第954章审查完成 (21.6s)
[2026-05-18 21:11:48] [OK] 第972章审查完成 (21.8s)
[2026-05-18 21:11:50] [OK] 第950章审查完成 (23.3s)
[2026-05-18 21:11:50] [OK] 第946章审查完成 (23.6s)
[2026-05-18 21:11:51] [OK] 第974章审查完成 (24.3s)
[2026-05-18 21:11:51] [OK] 第956章审查完成 (24.5s)
[2026-05-18 21:11:51] [OK] 第958章审查完成 (24.7s)
[2026-05-18 21:11:51] [OK] 第970章审查完成 (25.1s)
[2026-05-18 21:11:52] [OK] 第942章审查完成 (25.6s)
[2026-05-18 21:11:52] [OK] 第966章审查完成 (25.8s)
[2026-05-18 21:11:52] [OK] 第964章审查完成 (25.9s)
[2026-05-18 21:11:52] [OK] 第976章审查完成 (26.1s)
[2026-05-18 21:11:53] [OK] 第960章审查完成 (26.6s)
[2026-05-18 21:11:54] [OK] 第980章审查完成 (27.3s)
[2026-05-18 21:11:57] [OK] 第952章审查完成 (30.2s)
[2026-05-18 21:11:57] [OK] 第978章审查完成 (30.9s)
[2026-05-18 21:11:57] [OK] 第962章审查完成 (30.9s)
[2026-05-18 21:12:12] [OK] 第959章审查完成 (20.8s)
[2026-05-18 21:12:12] [OK] 第949章审查完成 (24.4s)
[2026-05-18 21:12:12] [OK] 第969章审查完成 (24.3s)
[2026-05-18 21:12:12] [OK] 第967章审查完成 (20.2s)
[2026-05-18 21:12:13] [OK] 第965章审查完成 (20.6s)
[2026-05-18 21:12:14] [OK] 第955章审查完成 (25.6s)
[2026-05-18 21:12:14] [OK] 第947章审查完成 (23.6s)
[2026-05-18 21:12:15] [OK] 第975章审查完成 (23.9s)
[2026-05-18 21:12:15] [OK] 第971章审查完成 (23.4s)
[2026-05-18 21:12:15] [OK] 第951章审查完成 (25.5s)
[2026-05-18 21:12:18] [OK] 第943章审查完成 (25.7s)
[2026-05-18 21:12:21] [OK] 第953章审查完成 (24.4s)
[2026-05-18 21:12:21] [OK] 第963章审查完成 (24.2s)
[2026-05-18 21:12:24] [OK] 第979章审查完成 (26.6s)
[2026-05-18 21:12:24] [OK] 第961章审查完成 (31.0s)
[2026-05-18 21:12:24] [OK] 第973章审查完成 (36.3s)
[2026-05-18 21:12:25] [OK] 第981章审查完成 (31.0s)
[2026-05-18 21:12:25] [OK] 第945章审查完成 (37.9s)
[2026-05-18 21:12:25] [OK] 第957章审查完成 (34.3s)
[2026-05-18 21:12:32] [OK] 第977章审查完成 (39.2s)
[2026-05-18 21:12:32] 累计: 成功981 | 失败19 | 速率33.9章/分钟
[2026-05-18 21:12:34] 本轮调度: 20个agent, 共40章, 剩余待审查1019章
[2026-05-18 21:12:53] [OK] 第982章审查完成 (19.1s)
[2026-05-18 21:12:53] [OK] 第998章审查完成 (19.6s)
[2026-05-18 21:12:55] [OK] 第1010章审查完成 (21.3s)
[2026-05-18 21:12:55] [OK] 第996章审查完成 (21.7s)
[2026-05-18 21:12:56] [OK] 第1000章审查完成 (22.3s)
[2026-05-18 21:12:56] [OK] 第984章审查完成 (22.9s)
[2026-05-18 21:12:57] [OK] 第986章审查完成 (23.1s)
[2026-05-18 21:12:57] [OK] 第990章审查完成 (23.5s)
[2026-05-18 21:12:57] [OK] 第1012章审查完成 (23.8s)
[2026-05-18 21:12:58] [OK] 第1020章审查完成 (24.3s)
[2026-05-18 21:12:58] [OK] 第988章审查完成 (24.6s)
[2026-05-18 21:12:58] [OK] 第1002章审查完成 (24.8s)
[2026-05-18 21:12:59] [OK] 第1014章审查完成 (25.6s)
[2026-05-18 21:12:59] [OK] 第1008章审查完成 (25.7s)
[2026-05-18 21:12:59] [OK] 第1016章审查完成 (25.8s)
[2026-05-18 21:13:00] [OK] 第992章审查完成 (26.1s)
[2026-05-18 21:13:00] [FAIL] 第1006章审查失败: unknown
[2026-05-18 21:13:01] [OK] 第1004章审查完成 (27.0s)
[2026-05-18 21:13:02] [OK] 第994章审查完成 (28.0s)
[2026-05-18 21:13:09] [OK] 第1018章审查完成 (35.7s)
[2026-05-18 21:13:15] [OK] 第983章审查完成 (22.5s)
[2026-05-18 21:13:16] [OK] 第993章审查完成 (16.8s)
[2026-05-18 21:13:17] [OK] 第985章审查完成 (20.3s)
[2026-05-18 21:13:17] [OK] 第1015章审查完成 (18.0s)
[2026-05-18 21:13:18] [OK] 第987章审查完成 (21.0s)
[2026-05-18 21:13:18] [OK] 第1001章审查完成 (22.0s)
[2026-05-18 21:13:19] [OK] 第997章审查完成 (24.1s)
[2026-05-18 21:13:20] [OK] 第1011章审查完成 (25.5s)
[2026-05-18 21:13:22] [OK] 第991章审查完成 (25.2s)
[2026-05-18 21:13:22] [OK] 第1003章审查完成 (24.1s)
[2026-05-18 21:13:22] [OK] 第1017章审查完成 (23.1s)
[2026-05-18 21:13:23] [OK] 第1021章审查完成 (25.5s)
[2026-05-18 21:13:25] [OK] 第1005章审查完成 (24.5s)
[2026-05-18 21:13:26] [OK] 第999章审查完成 (32.8s)
[2026-05-18 21:13:26] [OK] 第1009章审查完成 (26.8s)
[2026-05-18 21:13:26] [OK] 第989章审查完成 (28.1s)
[2026-05-18 21:13:27] [OK] 第1013章审查完成 (29.5s)
[2026-05-18 21:13:30] [OK] 第1007章审查完成 (30.0s)
[2026-05-18 21:13:31] [OK] 第1019章审查完成 (21.8s)
[2026-05-18 21:15:29] [OK] 第995章审查完成 (147.3s)
[2026-05-18 21:15:29] 累计: 成功1020 | 失败20 | 速率32.0章/分钟
[2026-05-18 21:15:30] 本轮调度: 20个agent, 共40章, 剩余待审查980章
[2026-05-18 21:15:49] [OK] 第1029章审查完成 (18.8s)
[2026-05-18 21:15:49] [OK] 第1033章审查完成 (19.5s)
[2026-05-18 21:15:50] [OK] 第1037章审查完成 (20.1s)
[2026-05-18 21:15:50] [OK] 第1055章审查完成 (20.2s)
[2026-05-18 21:15:52] [OK] 第1027章审查完成 (21.8s)
[2026-05-18 21:15:52] [OK] 第1006章审查完成 (21.9s)
[2026-05-18 21:15:54] [OK] 第1051章审查完成 (24.0s)
[2026-05-18 21:15:54] [OK] 第1035章审查完成 (24.2s)
[2026-05-18 21:15:54] [OK] 第1045章审查完成 (24.4s)
[2026-05-18 21:15:55] [OK] 第1059章审查完成 (25.2s)
[2026-05-18 21:15:55] [OK] 第1025章审查完成 (25.6s)
[2026-05-18 21:15:56] [OK] 第1057章审查完成 (26.0s)
[2026-05-18 21:15:56] [OK] 第1043章审查完成 (26.0s)
[2026-05-18 21:15:57] [OK] 第1049章审查完成 (27.5s)
[2026-05-18 21:15:57] [OK] 第1041章审查完成 (27.5s)
[2026-05-18 21:15:58] [OK] 第1047章审查完成 (28.2s)
[2026-05-18 21:15:59] [OK] 第1053章审查完成 (28.8s)
[2026-05-18 21:16:01] [OK] 第1039章审查完成 (31.0s)
[2026-05-18 21:16:07] [OK] 第1023章审查完成 (36.8s)
[2026-05-18 21:16:08] [OK] 第1030章审查完成 (19.0s)
[2026-05-18 21:16:08] [OK] 第1034章审查完成 (18.9s)
[2026-05-18 21:16:10] [OK] 第1028章审查完成 (18.8s)
[2026-05-18 21:16:11] [OK] 第1031章审查完成 (41.4s)
[2026-05-18 21:16:13] [OK] 第1046章审查完成 (19.2s)
[2026-05-18 21:16:15] [OK] 第1060章审查完成 (19.7s)
[2026-05-18 21:16:15] [OK] 第1052章审查完成 (21.1s)
[2026-05-18 21:16:15] [OK] 第1042章审查完成 (18.0s)
[2026-05-18 21:16:16] [OK] 第1038章审查完成 (25.8s)
[2026-05-18 21:16:16] [OK] 第1026章审查完成 (20.9s)
[2026-05-18 21:16:17] [OK] 第1036章审查完成 (22.5s)
[2026-05-18 21:16:18] [OK] 第1050章审查完成 (21.2s)
[2026-05-18 21:16:19] [OK] 第1022章审查完成 (27.5s)
[2026-05-18 21:16:20] [OK] 第1058章审查完成 (24.5s)
[2026-05-18 21:16:23] [OK] 第1056章审查完成 (33.3s)
[2026-05-18 21:16:24] [OK] 第1040章审查完成 (23.1s)
[2026-05-18 21:16:26] [OK] 第1044章审查完成 (30.4s)
[2026-05-18 21:16:28] [OK] 第1048章审查完成 (29.7s)
[2026-05-18 21:16:28] [OK] 第1054章审查完成 (29.8s)
[2026-05-18 21:16:36] [OK] 第1024章审查完成 (29.5s)
[2026-05-18 21:16:38] [OK] 第1032章审查完成 (26.7s)
[2026-05-18 21:16:38] 累计: 成功1060 | 失败20 | 速率32.1章/分钟
[2026-05-18 21:16:39] 本轮调度: 20个agent, 共40章, 剩余待审查940章
[2026-05-18 21:17:00] [FAIL] 第1065章审查失败: unknown
[2026-05-18 21:17:00] [OK] 第1089章审查完成 (21.4s)
[2026-05-18 21:17:00] [OK] 第1063章审查完成 (21.5s)
[2026-05-18 21:17:01] [OK] 第1095章审查完成 (22.0s)
[2026-05-18 21:17:02] [OK] 第1079章审查完成 (23.2s)
[2026-05-18 21:17:02] [OK] 第1091章审查完成 (23.2s)
[2026-05-18 21:17:03] [OK] 第1081章审查完成 (23.9s)
[2026-05-18 21:17:03] [FAIL] 第1087章审查失败: unknown
[2026-05-18 21:17:04] [OK] 第1077章审查完成 (24.6s)
[2026-05-18 21:17:04] [OK] 第1069章审查完成 (24.8s)
[2026-05-18 21:17:05] [OK] 第1067章审查完成 (25.9s)
[2026-05-18 21:17:05] [OK] 第1099章审查完成 (26.3s)
[2026-05-18 21:17:06] [OK] 第1083章审查完成 (27.1s)
[2026-05-18 21:17:07] [OK] 第1097章审查完成 (27.9s)
[2026-05-18 21:17:07] [OK] 第1085章审查完成 (27.9s)
[2026-05-18 21:17:08] [OK] 第1071章审查完成 (28.7s)
[2026-05-18 21:17:10] [OK] 第1061章审查完成 (30.7s)
[2026-05-18 21:17:10] [OK] 第1075章审查完成 (31.1s)
[2026-05-18 21:17:13] [OK] 第1073章审查完成 (34.4s)
[2026-05-18 21:17:17] [OK] 第1090章审查完成 (17.0s)
[2026-05-18 21:17:19] [OK] 第1093章审查完成 (39.9s)
[2026-05-18 21:17:21] [OK] 第1064章审查完成 (20.9s)
[2026-05-18 21:17:23] [OK] 第1092章审查完成 (21.0s)
[2026-05-18 21:17:24] [OK] 第1070章审查完成 (20.2s)
[2026-05-18 21:17:24] [OK] 第1078章审查完成 (20.6s)
[2026-05-18 21:17:25] [OK] 第1066章审查完成 (25.1s)
[2026-05-18 21:17:26] [OK] 第1100章审查完成 (20.4s)
[2026-05-18 21:17:26] [OK] 第1096章审查完成 (25.2s)
[2026-05-18 21:17:27] [OK] 第1080章审查完成 (25.1s)
[2026-05-18 21:17:28] [OK] 第1082章审查完成 (24.8s)
[2026-05-18 21:17:30] [OK] 第1088章审查完成 (26.3s)
[2026-05-18 21:17:30] [OK] 第1072章审查完成 (22.1s)
[2026-05-18 21:17:30] [OK] 第1084章审查完成 (23.8s)
[2026-05-18 21:17:31] [OK] 第1086章审查完成 (24.3s)
[2026-05-18 21:17:32] [OK] 第1062章审查完成 (22.6s)
[2026-05-18 21:17:32] [OK] 第1098章审查完成 (25.5s)
[2026-05-18 21:17:33] [OK] 第1068章审查完成 (28.1s)
[2026-05-18 21:17:37] [OK] 第1076章审查完成 (26.4s)
[2026-05-18 21:17:38] [OK] 第1074章审查完成 (25.1s)
[2026-05-18 21:17:40] [OK] 第1094章审查完成 (21.2s)
[2026-05-18 21:17:40] 累计: 成功1098 | 失败22 | 速率32.2章/分钟
[2026-05-18 21:17:42] 本轮调度: 20个agent, 共40章, 剩余待审查902章
[2026-05-18 21:17:57] [FAIL] 第1065章审查失败: unknown
[2026-05-18 21:18:01] [OK] 第1119章审查完成 (19.1s)
[2026-05-18 21:18:02] [OK] 第1111章审查完成 (19.8s)
[2026-05-18 21:18:03] [OK] 第1123章审查完成 (21.1s)
[2026-05-18 21:18:04] [OK] 第1107章审查完成 (21.7s)
[2026-05-18 21:18:04] [OK] 第1101章审查完成 (21.9s)
[2026-05-18 21:18:04] [OK] 第1115章审查完成 (22.0s)
[2026-05-18 21:18:04] [OK] 第1133章审查完成 (22.1s)
[2026-05-18 21:18:05] [OK] 第1113章审查完成 (23.4s)
[2026-05-18 21:18:06] [OK] 第1135章审查完成 (23.4s)
[2026-05-18 21:18:06] [OK] 第1121章审查完成 (24.3s)
[2026-05-18 21:18:07] [OK] 第1105章审查完成 (24.5s)
[2026-05-18 21:18:07] [OK] 第1129章审查完成 (24.6s)
[2026-05-18 21:18:07] [OK] 第1103章审查完成 (24.8s)
[2026-05-18 21:18:07] [OK] 第1127章审查完成 (24.9s)
[2026-05-18 21:18:07] [OK] 第1117章审查完成 (25.1s)
[2026-05-18 21:18:10] [OK] 第1131章审查完成 (27.5s)
[2026-05-18 21:18:14] [OK] 第1125章审查完成 (32.0s)
[2026-05-18 21:18:15] [OK] 第1109章审查完成 (32.8s)
[2026-05-18 21:18:21] [OK] 第1087章审查完成 (23.7s)
[2026-05-18 21:18:23] [OK] 第1124章审查完成 (20.3s)
[2026-05-18 21:18:24] [OK] 第1136章审查完成 (18.1s)
[2026-05-18 21:18:24] [OK] 第1112章审查完成 (22.0s)
[2026-05-18 21:18:24] [OK] 第1104章审查完成 (17.3s)
[2026-05-18 21:18:24] [OK] 第1114章审查完成 (19.0s)
[2026-05-18 21:18:26] [OK] 第1120章审查完成 (25.1s)
[2026-05-18 21:18:27] [OK] 第1116章审查完成 (23.3s)
[2026-05-18 21:18:28] [OK] 第1102章审查完成 (24.0s)
[2026-05-18 21:18:28] [OK] 第1106章审查完成 (21.5s)
[2026-05-18 21:18:28] [OK] 第1122章审查完成 (22.0s)
[2026-05-18 21:18:29] [OK] 第1128章审查完成 (22.2s)
[2026-05-18 21:18:31] [OK] 第1138章审查完成 (27.5s)
[2026-05-18 21:18:32] [OK] 第1118章审查完成 (25.0s)
[2026-05-18 21:18:33] [OK] 第1134章审查完成 (28.5s)
[2026-05-18 21:18:33] [OK] 第1130章审查完成 (26.4s)
[2026-05-18 21:18:33] [OK] 第1126章审查完成 (19.3s)
[2026-05-18 21:18:34] [OK] 第1132章审查完成 (24.1s)
[2026-05-18 21:18:35] [OK] 第1108章审查完成 (30.8s)
[2026-05-18 21:18:35] [OK] 第1110章审查完成 (20.5s)
[2026-05-18 21:18:35] 累计: 成功1137 | 失败23 | 速率32.5章/分钟
[2026-05-18 21:18:36] 本轮调度: 20个agent, 共40章, 剩余待审查863章
[2026-05-18 21:18:57] [OK] 第1168章审查完成 (20.4s)
[2026-05-18 21:18:58] [OK] 第1144章审查完成 (21.6s)
[2026-05-18 21:18:58] [OK] 第1172章审查完成 (21.8s)
[2026-05-18 21:18:58] [OK] 第1162章审查完成 (21.9s)
[2026-05-18 21:18:59] [OK] 第1148章审查完成 (22.4s)
[2026-05-18 21:18:59] [OK] 第1170章审查完成 (22.7s)
[2026-05-18 21:19:00] [OK] 第1158章审查完成 (23.2s)
[2026-05-18 21:19:00] [OK] 第1152章审查完成 (23.9s)
[2026-05-18 21:19:01] [OK] 第1150章审查完成 (24.3s)
[2026-05-18 21:19:01] [FAIL] 第1166章审查失败: unknown
[2026-05-18 21:19:02] [OK] 第1164章审查完成 (25.3s)
[2026-05-18 21:19:02] [OK] 第1174章审查完成 (25.9s)
[2026-05-18 21:19:03] [OK] 第1176章审查完成 (26.2s)
[2026-05-18 21:19:03] [OK] 第1065章审查完成 (26.6s)
[2026-05-18 21:19:03] [OK] 第1160章审查完成 (26.6s)
[2026-05-18 21:19:07] [OK] 第1156章审查完成 (30.3s)
[2026-05-18 21:19:07] [OK] 第1154章审查完成 (30.5s)
[2026-05-18 21:19:07] [OK] 第1146章审查完成 (30.8s)
[2026-05-18 21:19:08] [OK] 第1140章审查完成 (31.1s)
[2026-05-18 21:19:10] [FAIL] 第1142章审查失败: unknown
[2026-05-18 21:19:16] [OK] 第1169章审查完成 (19.0s)
[2026-05-18 21:19:19] [OK] 第1171章审查完成 (19.5s)
[2026-05-18 21:19:19] [OK] 第1163章审查完成 (20.4s)
[2026-05-18 21:19:20] [OK] 第1145章审查完成 (22.1s)
[2026-05-18 21:19:21] [OK] 第1161章审查完成 (17.9s)
[2026-05-18 21:19:22] [OK] 第1165章审查完成 (20.1s)
[2026-05-18 21:19:23] [OK] 第1173章审查完成 (24.4s)
[2026-05-18 21:19:23] [OK] 第1159章审查完成 (23.3s)
[2026-05-18 21:19:25] [OK] 第1149章审查完成 (26.1s)
[2026-05-18 21:19:27] [OK] 第1157章审查完成 (20.0s)
[2026-05-18 21:19:28] [OK] 第1167章审查完成 (26.7s)
[2026-05-18 21:19:30] [OK] 第1141章审查完成 (22.2s)
[2026-05-18 21:19:30] [OK] 第1177章审查完成 (27.6s)
[2026-05-18 21:19:30] [OK] 第1147章审查完成 (23.2s)
[2026-05-18 21:19:31] [OK] 第1153章审查完成 (30.2s)
[2026-05-18 21:19:31] [OK] 第1175章审查完成 (28.4s)
[2026-05-18 21:19:32] [OK] 第1155章审查完成 (25.2s)
[2026-05-18 21:19:34] [OK] 第1139章审查完成 (30.9s)
[2026-05-18 21:19:44] [OK] 第1143章审查完成 (34.7s)
[2026-05-18 21:19:45] [OK] 第1151章审查完成 (44.5s)
[2026-05-18 21:19:45] 累计: 成功1175 | 失败25 | 速率32.5章/分钟
[2026-05-18 21:19:46] 本轮调度: 20个agent, 共40章, 剩余待审查825章
[2026-05-18 21:20:07] [OK] 第1210章审查完成 (20.5s)
[2026-05-18 21:20:07] [OK] 第1198章审查完成 (20.5s)
[2026-05-18 21:20:07] [OK] 第1142章审查完成 (20.6s)
[2026-05-18 21:20:09] [OK] 第1204章审查完成 (23.0s)
[2026-05-18 21:20:10] [OK] 第1190章审查完成 (23.7s)
[2026-05-18 21:20:11] [OK] 第1184章审查完成 (24.3s)
[2026-05-18 21:20:11] [OK] 第1186章审查完成 (24.6s)
[2026-05-18 21:20:11] [OK] 第1212章审查完成 (24.6s)
[2026-05-18 21:20:11] [OK] 第1202章审查完成 (24.8s)
[2026-05-18 21:20:12] [OK] 第1196章审查完成 (25.7s)
[2026-05-18 21:20:13] [OK] 第1180章审查完成 (26.6s)
[2026-05-18 21:20:13] [OK] 第1182章审查完成 (26.7s)
[2026-05-18 21:20:13] [OK] 第1178章审查完成 (26.7s)
[2026-05-18 21:20:14] [OK] 第1200章审查完成 (27.8s)
[2026-05-18 21:20:14] [OK] 第1188章审查完成 (27.8s)
[2026-05-18 21:20:15] [OK] 第1206章审查完成 (28.5s)
[2026-05-18 21:20:15] [OK] 第1192章审查完成 (29.1s)
[2026-05-18 21:20:16] [OK] 第1214章审查完成 (29.7s)
[2026-05-18 21:20:19] [OK] 第1208章审查完成 (32.9s)
[2026-05-18 21:20:20] [OK] 第1194章审查完成 (33.3s)
[2026-05-18 21:20:28] [OK] 第1166章审查完成 (21.4s)
[2026-05-18 21:20:28] [OK] 第1191章审查完成 (18.3s)
[2026-05-18 21:20:29] [OK] 第1213章审查完成 (17.8s)
[2026-05-18 21:20:30] [OK] 第1211章审查完成 (23.6s)
[2026-05-18 21:20:32] [OK] 第1201章审查完成 (18.0s)
[2026-05-18 21:20:33] [OK] 第1205章审查完成 (23.4s)
[2026-05-18 21:20:33] [OK] 第1185章审查完成 (22.3s)
[2026-05-18 21:20:33] [OK] 第1181章审查完成 (20.4s)
[2026-05-18 21:20:34] [OK] 第1199章审查完成 (26.6s)
[2026-05-18 21:20:34] [OK] 第1189章审查完成 (20.0s)
[2026-05-18 21:20:35] [OK] 第1197章审查完成 (23.4s)
[2026-05-18 21:20:36] [OK] 第1187章审查完成 (25.1s)
[2026-05-18 21:20:37] [OK] 第1193章审查完成 (21.2s)
[2026-05-18 21:20:38] [OK] 第1179章审查完成 (24.6s)
[2026-05-18 21:20:38] [OK] 第1203章审查完成 (27.0s)
[2026-05-18 21:20:39] [OK] 第1183章审查完成 (26.3s)
[2026-05-18 21:20:40] [OK] 第1215章审查完成 (24.4s)
[2026-05-18 21:20:44] [OK] 第1195章审查完成 (24.4s)
[2026-05-18 21:20:45] [OK] 第1207章审查完成 (29.8s)
[2026-05-18 21:20:45] [OK] 第1209章审查完成 (25.6s)
[2026-05-18 21:20:45] 累计: 成功1215 | 失败25 | 速率32.7章/分钟
[2026-05-18 21:20:46] 本轮调度: 20个agent, 共40章, 剩余待审查785章
[2026-05-18 21:21:03] [OK] 第1222章审查完成 (17.6s)
[2026-05-18 21:21:04] [OK] 第1250章审查完成 (17.7s)
[2026-05-18 21:21:05] [OK] 第1220章审查完成 (19.2s)
[2026-05-18 21:21:08] [OK] 第1224章审查完成 (22.2s)
[2026-05-18 21:21:09] [OK] 第1216章审查完成 (23.2s)
[2026-05-18 21:21:09] [OK] 第1234章审查完成 (23.2s)
[2026-05-18 21:21:09] [OK] 第1230章审查完成 (23.2s)
[2026-05-18 21:21:12] [OK] 第1218章审查完成 (26.4s)
[2026-05-18 21:21:12] [OK] 第1244章审查完成 (26.6s)
[2026-05-18 21:21:13] [OK] 第1252章审查完成 (26.8s)
[2026-05-18 21:21:13] [OK] 第1242章审查完成 (27.4s)
[2026-05-18 21:21:15] [OK] 第1248章审查完成 (28.7s)
[2026-05-18 21:21:15] [OK] 第1254章审查完成 (28.8s)
[2026-05-18 21:21:15] [OK] 第1238章审查完成 (29.2s)
[2026-05-18 21:21:15] [OK] 第1232章审查完成 (29.3s)
[2026-05-18 21:21:15] [OK] 第1226章审查完成 (29.5s)
[2026-05-18 21:21:15] [OK] 第1228章审查完成 (29.6s)
[2026-05-18 21:21:17] [OK] 第1240章审查完成 (31.6s)
[2026-05-18 21:21:18] [OK] 第1246章审查完成 (32.0s)
[2026-05-18 21:21:19] [OK] 第1236章审查完成 (32.9s)
[2026-05-18 21:21:21] [OK] 第1223章审查完成 (17.5s)
[2026-05-18 21:21:26] [OK] 第1217章审查完成 (17.1s)
[2026-05-18 21:21:30] [OK] 第1225章审查完成 (22.2s)
[2026-05-18 21:21:30] [OK] 第1251章审查完成 (26.7s)
[2026-05-18 21:21:32] [OK] 第1231章审查完成 (22.6s)
[2026-05-18 21:21:32] [OK] 第1221章审查完成 (27.0s)
[2026-05-18 21:21:33] [OK] 第1243章审查完成 (19.7s)
[2026-05-18 21:21:34] [OK] 第1235章审查完成 (24.6s)
[2026-05-18 21:21:34] [OK] 第1245章审查完成 (21.4s)
[2026-05-18 21:21:34] [OK] 第1253章审查完成 (21.7s)
[2026-05-18 21:21:35] [OK] 第1219章审查完成 (23.2s)
[2026-05-18 21:21:35] [OK] 第1255章审查完成 (20.8s)
[2026-05-18 21:21:36] [OK] 第1241章审查完成 (18.8s)
[2026-05-18 21:21:38] [OK] 第1239章审查完成 (23.1s)
[2026-05-18 21:21:39] [OK] 第1233章审查完成 (23.8s)
[2026-05-18 21:21:40] [OK] 第1249章审查完成 (25.9s)
[2026-05-18 21:21:41] [OK] 第1229章审查完成 (25.3s)
[2026-05-18 21:21:42] [OK] 第1227章审查完成 (26.2s)
[2026-05-18 21:21:43] [OK] 第1237章审查完成 (24.7s)
[2026-05-18 21:21:46] [OK] 第1247章审查完成 (27.9s)
[2026-05-18 21:21:46] 累计: 成功1255 | 失败25 | 速率32.9章/分钟
[2026-05-18 21:21:47] 本轮调度: 20个agent, 共40章, 剩余待审查745章
[2026-05-18 21:22:06] [OK] 第1258章审查完成 (18.8s)
[2026-05-18 21:22:07] [OK] 第1256章审查完成 (19.9s)
[2026-05-18 21:22:08] [OK] 第1272章审查完成 (20.8s)
[2026-05-18 21:22:09] [OK] 第1290章审查完成 (21.9s)
[2026-05-18 21:22:09] [OK] 第1280章审查完成 (22.2s)
[2026-05-18 21:22:09] [OK] 第1282章审查完成 (22.3s)
[2026-05-18 21:22:09] [OK] 第1274章审查完成 (22.6s)
[2026-05-18 21:22:10] [OK] 第1262章审查完成 (23.5s)
[2026-05-18 21:22:10] [OK] 第1270章审查完成 (23.6s)
[2026-05-18 21:22:11] [OK] 第1276章审查完成 (23.7s)
[2026-05-18 21:22:11] [OK] 第1294章审查完成 (24.1s)
[2026-05-18 21:22:11] [OK] 第1278章审查完成 (24.5s)
[2026-05-18 21:22:12] [OK] 第1260章审查完成 (24.7s)
[2026-05-18 21:22:12] [OK] 第1288章审查完成 (24.7s)
[2026-05-18 21:22:13] [OK] 第1266章审查完成 (26.1s)
[2026-05-18 21:22:15] [FAIL] 第1284章审查失败: unknown
[2026-05-18 21:22:16] [OK] 第1286章审查完成 (28.9s)
[2026-05-18 21:22:18] [OK] 第1268章审查完成 (30.8s)
[2026-05-18 21:22:18] [OK] 第1292章审查完成 (31.1s)
[2026-05-18 21:22:18] [OK] 第1264章审查完成 (31.3s)
[2026-05-18 21:22:26] [OK] 第1281章审查完成 (16.6s)
[2026-05-18 21:22:31] [OK] 第1283章审查完成 (21.6s)
[2026-05-18 21:22:31] [OK] 第1261章审查完成 (19.6s)
[2026-05-18 21:22:31] [OK] 第1277章审查完成 (20.9s)
[2026-05-18 21:22:33] [OK] 第1291章审查完成 (23.8s)
[2026-05-18 21:22:33] [OK] 第1259章审查完成 (27.5s)
[2026-05-18 21:22:34] [OK] 第1257章审查完成 (27.4s)
[2026-05-18 21:22:34] [OK] 第1275章审查完成 (24.8s)
[2026-05-18 21:22:35] [OK] 第1289章审查完成 (23.0s)
[2026-05-18 21:22:35] [OK] 第1263章审查完成 (24.8s)
[2026-05-18 21:22:36] [OK] 第1293章审查完成 (17.6s)
[2026-05-18 21:22:36] [OK] 第1287章审查完成 (20.6s)
[2026-05-18 21:22:37] [OK] 第1285章审查完成 (22.3s)
[2026-05-18 21:22:38] [OK] 第1271章审查完成 (28.1s)
[2026-05-18 21:22:39] [OK] 第1295章审查完成 (28.6s)
[2026-05-18 21:22:40] [OK] 第1279章审查完成 (29.1s)
[2026-05-18 21:22:40] [OK] 第1273章审查完成 (32.9s)
[2026-05-18 21:22:41] [OK] 第1267章审查完成 (27.9s)
[2026-05-18 21:22:43] [OK] 第1265章审查完成 (24.6s)
[2026-05-18 21:22:48] [OK] 第1269章审查完成 (30.1s)
[2026-05-18 21:22:48] 累计: 成功1294 | 失败26 | 速率33.0章/分钟
[2026-05-18 21:22:50] 本轮调度: 20个agent, 共40章, 剩余待审查706章
[2026-05-18 21:23:11] [OK] 第1329章审查完成 (21.2s)
[2026-05-18 21:23:11] [OK] 第1313章审查完成 (21.6s)
[2026-05-18 21:23:12] [OK] 第1284章审查完成 (22.0s)
[2026-05-18 21:23:12] [OK] 第1321章审查完成 (22.6s)
[2026-05-18 21:23:13] [OK] 第1297章审查完成 (22.8s)
[2026-05-18 21:23:13] [OK] 第1323章审查完成 (23.3s)
[2026-05-18 21:23:14] [OK] 第1299章审查完成 (24.4s)
[2026-05-18 21:23:14] [OK] 第1305章审查完成 (24.5s)
[2026-05-18 21:23:15] [OK] 第1319章审查完成 (25.0s)
[2026-05-18 21:23:16] [OK] 第1317章审查完成 (26.7s)
[2026-05-18 21:23:17] [OK] 第1301章审查完成 (27.6s)
[2026-05-18 21:23:17] [OK] 第1325章审查完成 (27.7s)
[2026-05-18 21:23:18] [OK] 第1311章审查完成 (27.9s)
[2026-05-18 21:23:18] [OK] 第1309章审查完成 (28.4s)
[2026-05-18 21:23:18] [OK] 第1307章审查完成 (28.6s)
[2026-05-18 21:23:19] [OK] 第1331章审查完成 (29.2s)
[2026-05-18 21:23:21] [OK] 第1315章审查完成 (31.0s)
[2026-05-18 21:23:21] [OK] 第1303章审查完成 (31.3s)
[2026-05-18 21:23:26] [OK] 第1327章审查完成 (36.5s)
[2026-05-18 21:23:27] [OK] 第1333章审查完成 (37.7s)
[2026-05-18 21:23:29] [OK] 第1330章审查完成 (17.8s)
[2026-05-18 21:23:33] [OK] 第1314章审查完成 (21.5s)
[2026-05-18 21:23:34] [OK] 第1306章审查完成 (19.5s)
[2026-05-18 21:23:34] [OK] 第1324章审查完成 (21.0s)
[2026-05-18 21:23:36] [OK] 第1322章审查完成 (23.8s)
[2026-05-18 21:23:37] [OK] 第1296章审查完成 (25.2s)
[2026-05-18 21:23:38] [OK] 第1318章审查完成 (21.5s)
[2026-05-18 21:23:39] [OK] 第1302章审查完成 (21.4s)
[2026-05-18 21:23:39] [OK] 第1310章审查完成 (21.3s)
[2026-05-18 21:23:40] [OK] 第1312章审查完成 (22.3s)
[2026-05-18 21:23:40] [OK] 第1300章审查完成 (25.9s)
[2026-05-18 21:23:40] [FAIL] 第1304章审查失败: unknown
[2026-05-18 21:23:40] [OK] 第1298章审查完成 (28.0s)
[2026-05-18 21:23:42] [OK] 第1326章审查完成 (24.5s)
[2026-05-18 21:23:42] [OK] 第1320章审查完成 (27.5s)
[2026-05-18 21:23:43] [OK] 第1308章审查完成 (25.0s)
[2026-05-18 21:23:49] [OK] 第1334章审查完成 (22.0s)
[2026-05-18 21:23:50] [OK] 第1328章审查完成 (23.5s)
[2026-05-18 21:23:51] [OK] 第1316章审查完成 (30.1s)
[2026-05-18 21:23:51] [OK] 第1332章审查完成 (32.2s)
[2026-05-18 21:23:51] 累计: 成功1333 | 失败27 | 速率33.1章/分钟
[2026-05-18 21:23:52] 本轮调度: 20个agent, 共40章, 剩余待审查667章
[2026-05-18 21:24:11] [OK] 第1342章审查完成 (19.1s)
[2026-05-18 21:24:12] [OK] 第1344章审查完成 (20.0s)
[2026-05-18 21:24:14] [OK] 第1360章审查完成 (21.3s)
[2026-05-18 21:24:14] [OK] 第1346章审查完成 (22.1s)
[2026-05-18 21:24:15] [OK] 第1350章审查完成 (22.8s)
[2026-05-18 21:24:15] [OK] 第1336章审查完成 (23.3s)
[2026-05-18 21:24:16] [OK] 第1338章审查完成 (23.4s)
[2026-05-18 21:24:16] [OK] 第1358章审查完成 (23.5s)
[2026-05-18 21:24:16] [OK] 第1348章审查完成 (24.1s)
[2026-05-18 21:24:17] [OK] 第1304章审查完成 (24.9s)
[2026-05-18 21:24:17] [OK] 第1368章审查完成 (25.1s)
[2026-05-18 21:24:18] [OK] 第1366章审查完成 (25.5s)
[2026-05-18 21:24:18] [FAIL] 第1372章审查失败: unknown
[2026-05-18 21:24:18] [OK] 第1340章审查完成 (25.9s)
[2026-05-18 21:24:18] [OK] 第1364章审查完成 (26.3s)
[2026-05-18 21:24:20] [OK] 第1352章审查完成 (27.5s)
[2026-05-18 21:24:22] [OK] 第1356章审查完成 (29.4s)
[2026-05-18 21:24:23] [OK] 第1370章审查完成 (31.2s)
[2026-05-18 21:24:25] [OK] 第1362章审查完成 (32.9s)
[2026-05-18 21:24:26] [OK] 第1354章审查完成 (33.8s)
[2026-05-18 21:24:35] [OK] 第1345章审查完成 (22.6s)
[2026-05-18 21:24:37] [OK] 第1367章审查完成 (19.1s)
[2026-05-18 21:24:38] [OK] 第1349章审查完成 (21.3s)
[2026-05-18 21:24:38] [OK] 第1351章审查完成 (23.1s)
[2026-05-18 21:24:38] [OK] 第1361章审查完成 (24.7s)
[2026-05-18 21:24:39] [OK] 第1343章审查完成 (27.5s)
[2026-05-18 21:24:39] [OK] 第1339章审查完成 (23.3s)
[2026-05-18 21:24:39] [OK] 第1359章审查完成 (23.4s)
[2026-05-18 21:24:40] [OK] 第1335章审查完成 (22.6s)
[2026-05-18 21:24:40] [OK] 第1347章审查完成 (25.8s)
[2026-05-18 21:24:41] [OK] 第1369章审查完成 (23.3s)
[2026-05-18 21:24:41] [OK] 第1365章审查完成 (23.0s)
[2026-05-18 21:24:42] [OK] 第1341章审查完成 (23.8s)
[2026-05-18 21:24:42] [OK] 第1371章审查完成 (18.6s)
[2026-05-18 21:24:42] [OK] 第1363章审查完成 (16.9s)
[2026-05-18 21:24:46] [OK] 第1337章审查完成 (30.5s)
[2026-05-18 21:24:46] [OK] 第1353章审查完成 (26.3s)
[2026-05-18 21:24:52] [OK] 第1355章审查完成 (26.1s)
[2026-05-18 21:24:54] [OK] 第1373章审查完成 (36.0s)
[2026-05-18 21:24:54] [OK] 第1357章审查完成 (32.6s)
[2026-05-18 21:24:54] 累计: 成功1372 | 失败28 | 速率33.2章/分钟
[2026-05-18 21:24:55] 本轮调度: 20个agent, 共40章, 剩余待审查628章
[2026-05-18 21:25:16] [OK] 第1403章审查完成 (20.4s)
[2026-05-18 21:25:16] [OK] 第1379章审查完成 (20.5s)
[2026-05-18 21:25:16] [OK] 第1409章审查完成 (20.8s)
[2026-05-18 21:25:16] [OK] 第1387章审查完成 (21.3s)
[2026-05-18 21:25:17] [OK] 第1399章审查完成 (21.9s)
[2026-05-18 21:25:18] [OK] 第1401章审查完成 (22.3s)
[2026-05-18 21:25:18] [OK] 第1385章审查完成 (23.0s)
[2026-05-18 21:25:18] [OK] 第1397章审查完成 (23.3s)
[2026-05-18 21:25:19] [OK] 第1411章审查完成 (23.8s)
[2026-05-18 21:25:19] [OK] 第1375章审查完成 (23.8s)
[2026-05-18 21:25:20] [OK] 第1372章审查完成 (24.4s)
[2026-05-18 21:25:20] [OK] 第1381章审查完成 (25.1s)
[2026-05-18 21:25:21] [OK] 第1393章审查完成 (25.8s)
[2026-05-18 21:25:21] [OK] 第1389章审查完成 (25.8s)
[2026-05-18 21:25:22] [OK] 第1377章审查完成 (26.6s)
[2026-05-18 21:25:22] [OK] 第1405章审查完成 (26.7s)
[2026-05-18 21:25:24] [OK] 第1407章审查完成 (28.8s)
[2026-05-18 21:25:26] [OK] 第1391章审查完成 (30.8s)
[2026-05-18 21:25:28] [OK] 第1395章审查完成 (32.9s)
[2026-05-18 21:25:30] [OK] 第1383章审查完成 (34.8s)
[2026-05-18 21:25:37] [OK] 第1404章审查完成 (21.3s)
[2026-05-18 21:25:40] [OK] 第1386章审查完成 (21.5s)
[2026-05-18 21:25:40] [OK] 第1402章审查完成 (22.4s)
[2026-05-18 21:25:41] [OK] 第1400章审查完成 (24.0s)
[2026-05-18 21:25:41] [OK] 第1410章审查完成 (25.4s)
[2026-05-18 21:25:42] [OK] 第1374章审查完成 (22.4s)
[2026-05-18 21:25:42] [OK] 第1388章审查完成 (25.9s)
[2026-05-18 21:25:43] [OK] 第1398章审查完成 (24.1s)
[2026-05-18 21:25:43] [OK] 第1380章审查完成 (27.1s)
[2026-05-18 21:25:44] [OK] 第1376章审查完成 (24.6s)
[2026-05-18 21:25:44] [OK] 第1412章审查完成 (25.0s)
[2026-05-18 21:25:44] [OK] 第1390章审查完成 (23.1s)
[2026-05-18 21:25:47] [OK] 第1396章审查完成 (18.7s)
[2026-05-18 21:25:48] [OK] 第1392章审查完成 (22.2s)
[2026-05-18 21:25:48] [OK] 第1378章审查完成 (26.5s)
[2026-05-18 21:25:48] [OK] 第1406章审查完成 (26.5s)
[2026-05-18 21:25:51] [OK] 第1408章审查完成 (27.0s)
[2026-05-18 21:25:52] [OK] 第1384章审查完成 (21.7s)
[2026-05-18 21:25:53] [OK] 第1382章审查完成 (32.4s)
[2026-05-18 21:27:40] [OK] 第1394章审查完成 (139.2s)
[2026-05-18 21:27:40] 累计: 成功1412 | 失败28 | 速率32.0章/分钟
[2026-05-18 21:27:41] 本轮调度: 20个agent, 共40章, 剩余待审查588章
[2026-05-18 21:27:59] [OK] 第1415章审查完成 (17.9s)
[2026-05-18 21:28:02] [OK] 第1443章审查完成 (21.1s)
[2026-05-18 21:28:04] [OK] 第1427章审查完成 (22.7s)
[2026-05-18 21:28:05] [OK] 第1435章审查完成 (23.7s)
[2026-05-18 21:28:05] [OK] 第1413章审查完成 (24.0s)
[2026-05-18 21:28:05] [OK] 第1431章审查完成 (24.0s)
[2026-05-18 21:28:05] [OK] 第1421章审查完成 (24.1s)
[2026-05-18 21:28:06] [OK] 第1419章审查完成 (24.6s)
[2026-05-18 21:28:06] [OK] 第1439章审查完成 (24.8s)
[2026-05-18 21:28:06] [OK] 第1437章审查完成 (25.1s)
[2026-05-18 21:28:06] [OK] 第1425章审查完成 (25.1s)
[2026-05-18 21:28:07] [OK] 第1417章审查完成 (25.5s)
[2026-05-18 21:28:07] [OK] 第1441章审查完成 (25.9s)
[2026-05-18 21:28:08] [OK] 第1451章审查完成 (26.2s)
[2026-05-18 21:28:08] [OK] 第1433章审查完成 (27.0s)
[2026-05-18 21:28:08] [OK] 第1429章审查完成 (27.1s)
[2026-05-18 21:28:09] [OK] 第1447章审查完成 (27.2s)
[2026-05-18 21:28:09] [OK] 第1445章审查完成 (27.4s)
[2026-05-18 21:28:10] [OK] 第1423章审查完成 (28.6s)
[2026-05-18 21:28:10] [OK] 第1449章审查完成 (29.1s)
[2026-05-18 21:28:21] [OK] 第1416章审查完成 (22.2s)
[2026-05-18 21:28:24] [OK] 第1444章审查完成 (21.2s)
[2026-05-18 21:28:24] [OK] 第1432章审查完成 (18.5s)
[2026-05-18 21:28:25] [OK] 第1426章审查完成 (19.1s)
[2026-05-18 21:28:26] [OK] 第1414章审查完成 (20.5s)
[2026-05-18 21:28:27] [OK] 第1420章审查完成 (21.4s)
[2026-05-18 21:28:28] [OK] 第1434章审查完成 (19.2s)
[2026-05-18 21:28:29] [OK] 第1428章审查完成 (25.0s)
[2026-05-18 21:28:30] [OK] 第1442章审查完成 (23.0s)
[2026-05-18 21:28:30] [OK] 第1440章审查完成 (24.3s)
[2026-05-18 21:28:30] [OK] 第1418章审查完成 (23.7s)
[2026-05-18 21:28:31] [OK] 第1438章审查完成 (24.2s)
[2026-05-18 21:28:31] [OK] 第1448章审查完成 (22.1s)
[2026-05-18 21:28:31] [OK] 第1422章审查完成 (25.5s)
[2026-05-18 21:28:31] [OK] 第1452章审查完成 (23.7s)
[2026-05-18 21:28:33] [OK] 第1436章审查完成 (27.5s)
[2026-05-18 21:28:33] [OK] 第1446章审查完成 (24.0s)
[2026-05-18 21:28:35] [OK] 第1430章审查完成 (26.2s)
[2026-05-18 21:28:35] [OK] 第1450章审查完成 (24.5s)
[2026-05-18 21:28:37] [OK] 第1424章审查完成 (26.9s)
[2026-05-18 21:28:37] 累计: 成功1452 | 失败28 | 速率32.3章/分钟
[2026-05-18 21:28:39] 本轮调度: 20个agent, 共40章, 剩余待审查548章
[2026-05-18 21:28:57] [OK] 第1453章审查完成 (18.6s)
[2026-05-18 21:28:58] [OK] 第1459章审查完成 (18.8s)
[2026-05-18 21:28:59] [OK] 第1485章审查完成 (20.2s)
[2026-05-18 21:28:59] [OK] 第1455章审查完成 (20.3s)
[2026-05-18 21:29:00] [OK] 第1469章审查完成 (21.1s)
[2026-05-18 21:29:01] [OK] 第1491章审查完成 (21.8s)
[2026-05-18 21:29:03] [OK] 第1483章审查完成 (23.7s)
[2026-05-18 21:29:04] [OK] 第1473章审查完成 (24.9s)
[2026-05-18 21:29:04] [OK] 第1479章审查完成 (25.0s)
[2026-05-18 21:29:04] [OK] 第1481章审查完成 (25.2s)
[2026-05-18 21:29:04] [OK] 第1461章审查完成 (25.5s)
[2026-05-18 21:29:04] [OK] 第1471章审查完成 (25.6s)
[2026-05-18 21:29:05] [OK] 第1457章审查完成 (26.0s)
[2026-05-18 21:29:06] [OK] 第1487章审查完成 (26.6s)
[2026-05-18 21:29:06] [OK] 第1465章审查完成 (27.0s)
[2026-05-18 21:29:06] [OK] 第1467章审查完成 (27.3s)
[2026-05-18 21:29:06] [OK] 第1489章审查完成 (27.5s)
[2026-05-18 21:29:07] [OK] 第1475章审查完成 (28.1s)
[2026-05-18 21:29:09] [OK] 第1477章审查完成 (30.0s)
[2026-05-18 21:29:16] [OK] 第1463章审查完成 (37.5s)
[2026-05-18 21:29:19] [OK] 第1454章审查完成 (21.3s)
[2026-05-18 21:29:21] [OK] 第1486章审查完成 (21.6s)
[2026-05-18 21:29:21] [OK] 第1466章审查完成 (14.8s)
[2026-05-18 21:29:23] [OK] 第1480章审查完成 (18.8s)
[2026-05-18 21:29:23] [OK] 第1492章审查完成 (22.1s)
[2026-05-18 21:29:24] [OK] 第1470章审查完成 (23.5s)
[2026-05-18 21:29:24] [OK] 第1460章审查完成 (26.0s)
[2026-05-18 21:29:25] [OK] 第1472章审查完成 (20.3s)
[2026-05-18 21:29:26] [OK] 第1458章审查完成 (21.6s)
[2026-05-18 21:29:27] [OK] 第1462章审查完成 (22.9s)
[2026-05-18 21:29:27] [OK] 第1484章审查完成 (24.9s)
[2026-05-18 21:29:28] [OK] 第1474章审查完成 (23.7s)
[2026-05-18 21:29:28] [OK] 第1482章审查完成 (24.0s)
[2026-05-18 21:29:28] [OK] 第1468章审查完成 (22.1s)
[2026-05-18 21:29:33] [FAIL] 第1476章审查失败: unknown
[2026-05-18 21:29:34] [OK] 第1488章审查完成 (28.1s)
[2026-05-18 21:29:34] [OK] 第1478章审查完成 (25.5s)
[2026-05-18 21:29:36] [OK] 第1490章审查完成 (29.4s)
[2026-05-18 21:29:39] [OK] 第1464章审查完成 (22.8s)
[2026-05-18 21:30:28] [OK] 第1456章审查完成 (89.1s)
[2026-05-18 21:30:28] 累计: 成功1491 | 失败29 | 速率31.8章/分钟
[2026-05-18 21:30:29] 本轮调度: 20个agent, 共40章, 剩余待审查509章
[2026-05-18 21:30:49] [OK] 第1476章审查完成 (20.1s)
[2026-05-18 21:30:50] [OK] 第1494章审查完成 (20.4s)
[2026-05-18 21:30:50] [OK] 第1498章审查完成 (21.2s)
[2026-05-18 21:30:52] [OK] 第1514章审查完成 (22.6s)
[2026-05-18 21:30:52] [OK] 第1508章审查完成 (22.7s)
[2026-05-18 21:30:52] [OK] 第1518章审查完成 (23.2s)
[2026-05-18 21:30:53] [OK] 第1510章审查完成 (23.2s)
[2026-05-18 21:30:53] [OK] 第1530章审查完成 (23.4s)
[2026-05-18 21:30:53] [FAIL] 第1500章审查失败: unknown
[2026-05-18 21:30:53] [OK] 第1496章审查完成 (24.0s)
[2026-05-18 21:30:53] [OK] 第1512章审查完成 (24.1s)
[2026-05-18 21:30:54] [OK] 第1520章审查完成 (24.5s)
[2026-05-18 21:30:54] [OK] 第1516章审查完成 (25.2s)
[2026-05-18 21:30:56] [OK] 第1524章审查完成 (26.6s)
[2026-05-18 21:30:56] [OK] 第1522章审查完成 (26.7s)
[2026-05-18 21:30:56] [OK] 第1504章审查完成 (27.1s)
[2026-05-18 21:30:56] [OK] 第1526章审查完成 (27.1s)
[2026-05-18 21:30:56] [OK] 第1528章审查完成 (27.1s)
[2026-05-18 21:30:58] [OK] 第1502章审查完成 (29.0s)
[2026-05-18 21:31:01] [OK] 第1506章审查完成 (31.9s)
[2026-05-18 21:31:09] [OK] 第1493章审查完成 (19.5s)
[2026-05-18 21:31:12] [FAIL] 第1499章审查失败: unknown
[2026-05-18 21:31:13] [OK] 第1519章审查完成 (20.1s)
[2026-05-18 21:31:13] [OK] 第1513章审查完成 (19.1s)
[2026-05-18 21:31:13] [OK] 第1495章审查完成 (23.4s)
[2026-05-18 21:31:13] [OK] 第1501章审查完成 (20.6s)
[2026-05-18 21:31:14] [OK] 第1531章审查完成 (21.5s)
[2026-05-18 21:31:14] [OK] 第1509章审查完成 (22.3s)
[2026-05-18 21:31:14] [OK] 第1505章审查完成 (18.1s)
[2026-05-18 21:31:15] [OK] 第1511章审查完成 (22.5s)
[2026-05-18 21:31:16] [OK] 第1527章审查完成 (19.5s)
[2026-05-18 21:31:17] [OK] 第1525章审查完成 (21.2s)
[2026-05-18 21:31:18] [OK] 第1517章审查完成 (23.6s)
[2026-05-18 21:31:18] [OK] 第1507章审查完成 (16.9s)
[2026-05-18 21:31:19] [OK] 第1523章审查完成 (23.3s)
[2026-05-18 21:31:21] [FAIL] 第1503章审查失败: unknown
[2026-05-18 21:31:21] [OK] 第1515章审查完成 (29.3s)
[2026-05-18 21:31:21] [OK] 第1521章审查完成 (27.4s)
[2026-05-18 21:31:22] [OK] 第1497章审查完成 (28.7s)
[2026-05-18 21:31:23] [OK] 第1529章审查完成 (26.6s)
[2026-05-18 21:31:23] 累计: 成功1528 | 失败32 | 速率32.0章/分钟
[2026-05-18 21:31:24] 本轮调度: 20个agent, 共40章, 剩余待审查472章
[2026-05-18 21:31:43] [OK] 第1503章审查完成 (19.1s)
[2026-05-18 21:31:43] [OK] 第1537章审查完成 (19.3s)
[2026-05-18 21:31:45] [OK] 第1561章审查完成 (21.3s)
[2026-05-18 21:31:46] [OK] 第1563章审查完成 (22.2s)
[2026-05-18 21:31:47] [OK] 第1539章审查完成 (23.1s)
[2026-05-18 21:31:47] [OK] 第1543章审查完成 (23.2s)
[2026-05-18 21:31:48] [OK] 第1549章审查完成 (23.8s)
[2026-05-18 21:31:48] [FAIL] 第1545章审查失败: unknown
[2026-05-18 21:31:48] [OK] 第1551章审查完成 (24.3s)
[2026-05-18 21:31:48] [OK] 第1559章审查完成 (24.5s)
[2026-05-18 21:31:49] [OK] 第1553章审查完成 (24.9s)
[2026-05-18 21:31:49] [OK] 第1567章审查完成 (25.0s)
[2026-05-18 21:31:49] [OK] 第1547章审查完成 (25.2s)
[2026-05-18 21:31:50] [OK] 第1557章审查完成 (26.0s)
[2026-05-18 21:31:51] [OK] 第1533章审查完成 (26.9s)
[2026-05-18 21:31:52] [OK] 第1565章审查完成 (27.9s)
[2026-05-18 21:31:52] [OK] 第1499章审查完成 (28.0s)
[2026-05-18 21:31:54] [OK] 第1541章审查完成 (29.6s)
[2026-05-18 21:31:54] [OK] 第1555章审查完成 (30.0s)
[2026-05-18 21:32:00] [OK] 第1535章审查完成 (35.5s)
[2026-05-18 21:32:05] [OK] 第1532章审查完成 (22.0s)
[2026-05-18 21:32:06] [OK] 第1568章审查完成 (16.5s)
[2026-05-18 21:32:06] [OK] 第1564章审查完成 (19.6s)
[2026-05-18 21:32:07] [OK] 第1538章审查完成 (23.6s)
[2026-05-18 21:32:08] [OK] 第1554章审查完成 (18.6s)
[2026-05-18 21:32:09] [OK] 第1540章审查完成 (21.5s)
[2026-05-18 21:32:09] [OK] 第1552章审查完成 (20.4s)
[2026-05-18 21:32:09] [OK] 第1560章审查完成 (20.5s)
[2026-05-18 21:32:10] [OK] 第1546章审查完成 (21.5s)
[2026-05-18 21:32:10] [OK] 第1550章审查完成 (22.1s)
[2026-05-18 21:32:10] [OK] 第1562章审查完成 (25.2s)
[2026-05-18 21:32:11] [OK] 第1544章审查完成 (23.6s)
[2026-05-18 21:32:12] [OK] 第1542章审查完成 (18.2s)
[2026-05-18 21:32:12] [OK] 第1534章审查完成 (21.3s)
[2026-05-18 21:32:12] [OK] 第1566章审查完成 (20.6s)
[2026-05-18 21:32:15] [FAIL] 第1500章审查失败: unknown
[2026-05-18 21:32:18] [OK] 第1556章审查完成 (24.5s)
[2026-05-18 21:32:21] [OK] 第1558章审查完成 (31.2s)
[2026-05-18 21:32:23] [OK] 第1548章审查完成 (34.2s)
[2026-05-18 21:32:25] [OK] 第1536章审查完成 (25.4s)
[2026-05-18 21:32:25] 累计: 成功1566 | 失败34 | 速率32.1章/分钟
[2026-05-18 21:32:26] 本轮调度: 20个agent, 共40章, 剩余待审查434章
[2026-05-18 21:32:44] [OK] 第1597章审查完成 (17.6s)
[2026-05-18 21:32:45] [OK] 第1573章审查完成 (18.8s)
[2026-05-18 21:32:45] [OK] 第1599章审查完成 (19.2s)
[2026-05-18 21:32:47] [OK] 第1571章审查完成 (21.1s)
[2026-05-18 21:32:49] [OK] 第1585章审查完成 (23.1s)
[2026-05-18 21:32:49] [OK] 第1601章审查完成 (23.2s)
[2026-05-18 21:32:49] [OK] 第1595章审查完成 (23.4s)
[2026-05-18 21:32:50] [OK] 第1587章审查完成 (23.5s)
[2026-05-18 21:32:50] [OK] 第1593章审查完成 (23.5s)
[2026-05-18 21:32:50] [OK] 第1603章审查完成 (24.1s)
[2026-05-18 21:32:51] [OK] 第1569章审查完成 (24.6s)
[2026-05-18 21:32:51] [OK] 第1579章审查完成 (24.6s)
[2026-05-18 21:32:51] [OK] 第1589章审查完成 (25.2s)
[2026-05-18 21:32:51] [OK] 第1591章审查完成 (25.2s)
[2026-05-18 21:32:52] [OK] 第1500章审查完成 (26.0s)
[2026-05-18 21:32:54] [OK] 第1575章审查完成 (28.1s)
[2026-05-18 21:32:54] [FAIL] 第1605章审查失败: unknown
[2026-05-18 21:32:55] [OK] 第1581章审查完成 (28.7s)
[2026-05-18 21:32:56] [OK] 第1583章审查完成 (29.6s)
[2026-05-18 21:32:58] [OK] 第1577章审查完成 (31.6s)
[2026-05-18 21:33:07] [OK] 第1570章审查完成 (16.3s)
[2026-05-18 21:33:08] [OK] 第1600章审查完成 (22.6s)
[2026-05-18 21:33:09] [OK] 第1602章审查完成 (20.2s)
[2026-05-18 21:33:10] [OK] 第1574章审查完成 (24.8s)
[2026-05-18 21:33:10] [OK] 第1604章审查完成 (19.7s)
[2026-05-18 21:33:13] [OK] 第1586章审查完成 (24.0s)
[2026-05-18 21:33:13] [OK] 第1596章审查完成 (23.9s)
[2026-05-18 21:33:14] [OK] 第1572章审查完成 (27.1s)
[2026-05-18 21:33:15] [FAIL] 第1580章审查失败: unknown
[2026-05-18 21:33:15] [OK] 第1598章审查完成 (31.2s)
[2026-05-18 21:33:15] [OK] 第1584章审查完成 (19.5s)
[2026-05-18 21:33:15] [OK] 第1582章审查完成 (20.6s)
[2026-05-18 21:33:15] [OK] 第1590章审查完成 (24.1s)
[2026-05-18 21:33:16] [OK] 第1545章审查完成 (23.8s)
[2026-05-18 21:33:16] [OK] 第1588章审查完成 (26.9s)
[2026-05-18 21:33:17] [OK] 第1606章审查完成 (22.3s)
[2026-05-18 21:33:17] [FAIL] 第1594章审查失败: unknown
[2026-05-18 21:33:18] [OK] 第1576章审查完成 (23.7s)
[2026-05-18 21:33:20] [OK] 第1592章审查完成 (28.9s)
[2026-05-18 21:33:27] [OK] 第1578章审查完成 (29.3s)
[2026-05-18 21:33:27] 累计: 成功1603 | 失败37 | 速率32.2章/分钟
[2026-05-18 21:33:28] 本轮调度: 20个agent, 共40章, 剩余待审查397章
[2026-05-18 21:33:48] [OK] 第1618章审查完成 (20.3s)
[2026-05-18 21:33:48] [OK] 第1628章审查完成 (20.5s)
[2026-05-18 21:33:50] [OK] 第1608章审查完成 (22.4s)
[2026-05-18 21:33:50] [OK] 第1638章审查完成 (22.5s)
[2026-05-18 21:33:51] [OK] 第1622章审查完成 (23.1s)
[2026-05-18 21:33:53] [OK] 第1580章审查完成 (24.7s)
[2026-05-18 21:33:54] [OK] 第1636章审查完成 (25.6s)
[2026-05-18 21:33:55] [OK] 第1624章审查完成 (26.8s)
[2026-05-18 21:33:55] [OK] 第1640章审查完成 (26.9s)
[2026-05-18 21:33:55] [OK] 第1605章审查完成 (27.0s)
[2026-05-18 21:33:55] [OK] 第1610章审查完成 (27.0s)
[2026-05-18 21:33:55] [FAIL] 第1632章审查失败: unknown
[2026-05-18 21:33:56] [OK] 第1616章审查完成 (28.2s)
[2026-05-18 21:33:57] [OK] 第1642章审查完成 (29.1s)
[2026-05-18 21:33:57] [OK] 第1630章审查完成 (29.1s)
[2026-05-18 21:33:57] [OK] 第1634章审查完成 (29.4s)
[2026-05-18 21:33:58] [OK] 第1626章审查完成 (30.0s)
[2026-05-18 21:33:58] [OK] 第1614章审查完成 (30.2s)
[2026-05-18 21:33:59] [OK] 第1612章审查完成 (30.7s)
[2026-05-18 21:34:01] [OK] 第1620章审查完成 (32.7s)
[2026-05-18 21:34:08] [OK] 第1619章审查完成 (19.9s)
[2026-05-18 21:34:11] [OK] 第1609章审查完成 (20.8s)
[2026-05-18 21:34:14] [OK] 第1629章审查完成 (25.5s)
[2026-05-18 21:34:14] [OK] 第1639章审查完成 (23.5s)
[2026-05-18 21:34:15] [OK] 第1594章审查完成 (22.3s)
[2026-05-18 21:34:15] [FAIL] 第1617章审查失败: unknown
[2026-05-18 21:34:15] [OK] 第1611章审查完成 (20.3s)
[2026-05-18 21:34:15] [FAIL] 第1623章审查失败: unknown
[2026-05-18 21:34:16] [OK] 第1625章审查完成 (20.7s)
[2026-05-18 21:34:16] [OK] 第1633章审查完成 (20.5s)
[2026-05-18 21:34:18] [OK] 第1613章审查完成 (19.1s)
[2026-05-18 21:34:20] [OK] 第1607章审查完成 (25.0s)
[2026-05-18 21:34:22] [OK] 第1631章审查完成 (25.4s)
[2026-05-18 21:34:23] [OK] 第1643章审查完成 (25.5s)
[2026-05-18 21:34:23] [OK] 第1637章审查完成 (29.1s)
[2026-05-18 21:34:24] [OK] 第1641章审查完成 (29.0s)
[2026-05-18 21:34:24] [OK] 第1635章审查完成 (26.6s)
[2026-05-18 21:34:25] [OK] 第1627章审查完成 (27.3s)
[2026-05-18 21:34:25] [OK] 第1615章审查完成 (27.2s)
[2026-05-18 21:34:31] [OK] 第1621章审查完成 (30.6s)
[2026-05-18 21:34:31] 累计: 成功1640 | 失败40 | 速率32.2章/分钟
[2026-05-18 21:34:33] 本轮调度: 20个agent, 共40章, 剩余待审查360章
[2026-05-18 21:34:53] [OK] 第1655章审查完成 (19.5s)
[2026-05-18 21:34:56] [OK] 第1651章审查完成 (22.9s)
[2026-05-18 21:34:57] [OK] 第1632章审查完成 (24.2s)
[2026-05-18 21:34:58] [FAIL] 第1665章审查失败: unknown
[2026-05-18 21:34:58] [OK] 第1649章审查完成 (25.0s)
[2026-05-18 21:34:58] [OK] 第1677章审查完成 (25.0s)
[2026-05-18 21:34:58] [OK] 第1647章审查完成 (25.2s)
[2026-05-18 21:34:59] [OK] 第1617章审查完成 (25.9s)
[2026-05-18 21:34:59] [OK] 第1667章审查完成 (26.1s)
[2026-05-18 21:35:02] [OK] 第1653章审查完成 (28.6s)
[2026-05-18 21:35:02] [OK] 第1669章审查完成 (28.6s)
[2026-05-18 21:35:02] [OK] 第1663章审查完成 (28.7s)
[2026-05-18 21:35:02] [OK] 第1675章审查完成 (28.7s)
[2026-05-18 21:35:03] [OK] 第1679章审查完成 (29.4s)
[2026-05-18 21:35:03] [OK] 第1671章审查完成 (29.7s)
[2026-05-18 21:35:03] [OK] 第1645章审查完成 (29.9s)
[2026-05-18 21:35:03] [OK] 第1661章审查完成 (30.1s)
[2026-05-18 21:35:05] [OK] 第1657章审查完成 (31.4s)
[2026-05-18 21:35:05] [OK] 第1673章审查完成 (31.8s)
[2026-05-18 21:35:11] [OK] 第1659章审查完成 (37.5s)
[2026-05-18 21:35:12] [OK] 第1656章审查完成 (19.7s)
[2026-05-18 21:35:19] [OK] 第1644章审查完成 (21.7s)
[2026-05-18 21:35:20] [OK] 第1666章审查完成 (22.9s)
[2026-05-18 21:35:21] [OK] 第1678章审查完成 (22.3s)
[2026-05-18 21:35:21] [OK] 第1658章审查完成 (15.9s)
[2026-05-18 21:35:22] [OK] 第1680章审查完成 (19.3s)
[2026-05-18 21:35:24] [OK] 第1623章审查完成 (24.8s)
[2026-05-18 21:35:24] [OK] 第1648章审查完成 (25.8s)
[2026-05-18 21:35:25] [OK] 第1650章审查完成 (26.4s)
[2026-05-18 21:35:25] [OK] 第1668章审查完成 (25.5s)
[2026-05-18 21:35:26] [OK] 第1674章审查完成 (21.2s)
[2026-05-18 21:35:27] [OK] 第1652章审查完成 (30.6s)
[2026-05-18 21:35:27] [OK] 第1676章审查完成 (24.9s)
[2026-05-18 21:35:28] [OK] 第1646章审查完成 (24.4s)
[2026-05-18 21:35:28] [OK] 第1654章审查完成 (25.9s)
[2026-05-18 21:35:28] [OK] 第1672章审查完成 (25.2s)
[2026-05-18 21:35:28] [OK] 第1664章审查完成 (26.3s)
[2026-05-18 21:35:30] [OK] 第1662章审查完成 (26.4s)
[2026-05-18 21:35:30] [OK] 第1670章审查完成 (27.9s)
[2026-05-18 21:35:42] [OK] 第1660章审查完成 (31.4s)
[2026-05-18 21:35:42] 累计: 成功1679 | 失败41 | 速率32.2章/分钟
[2026-05-18 21:35:43] 本轮调度: 20个agent, 共40章, 剩余待审查321章
[2026-05-18 21:36:04] [OK] 第1665章审查完成 (20.6s)
[2026-05-18 21:36:04] [OK] 第1692章审查完成 (21.0s)
[2026-05-18 21:36:04] [OK] 第1682章审查完成 (21.3s)
[2026-05-18 21:36:05] [OK] 第1708章审查完成 (22.1s)
[2026-05-18 21:36:06] [OK] 第1716章审查完成 (23.1s)
[2026-05-18 21:36:07] [OK] 第1684章审查完成 (23.4s)
[2026-05-18 21:36:07] [OK] 第1694章审查完成 (23.5s)
[2026-05-18 21:36:07] [OK] 第1718章审查完成 (23.5s)
[2026-05-18 21:36:07] [OK] 第1700章审查完成 (24.1s)
[2026-05-18 21:36:08] [OK] 第1702章审查完成 (25.1s)
[2026-05-18 21:36:09] [OK] 第1698章审查完成 (26.0s)
[2026-05-18 21:36:09] [OK] 第1688章审查完成 (26.1s)
[2026-05-18 21:36:10] [OK] 第1714章审查完成 (26.6s)
[2026-05-18 21:36:10] [OK] 第1696章审查完成 (26.8s)
[2026-05-18 21:36:11] [OK] 第1712章审查完成 (28.0s)
[2026-05-18 21:36:12] [OK] 第1704章审查完成 (29.1s)
[2026-05-18 21:36:15] [OK] 第1686章审查完成 (31.7s)
[2026-05-18 21:36:15] [OK] 第1706章审查完成 (32.1s)
[2026-05-18 21:36:17] [OK] 第1710章审查完成 (33.5s)
[2026-05-18 21:36:23] [OK] 第1717章审查完成 (17.1s)
[2026-05-18 21:36:24] [OK] 第1709章审查完成 (18.4s)
[2026-05-18 21:36:26] [OK] 第1685章审查完成 (19.6s)
[2026-05-18 21:36:28] [OK] 第1693章审查完成 (23.5s)
[2026-05-18 21:36:28] [OK] 第1681章审查完成 (23.9s)
[2026-05-18 21:36:30] [OK] 第1719章审查完成 (23.0s)
[2026-05-18 21:36:30] [OK] 第1691章审查完成 (21.8s)
[2026-05-18 21:36:31] [OK] 第1695章审查完成 (24.8s)
[2026-05-18 21:36:32] [OK] 第1683章审查完成 (27.4s)
[2026-05-18 21:36:32] [OK] 第1699章审查完成 (22.9s)
[2026-05-18 21:36:32] [OK] 第1701章审查完成 (24.8s)
[2026-05-18 21:36:32] [OK] 第1713章审查完成 (21.0s)
[2026-05-18 21:36:33] [OK] 第1705章审查完成 (21.2s)
[2026-05-18 21:36:34] [OK] 第1703章审查完成 (25.5s)
[2026-05-18 21:36:34] [OK] 第1707章审查完成 (19.0s)
[2026-05-18 21:36:35] [OK] 第1697章审查完成 (25.4s)
[2026-05-18 21:36:35] [OK] 第1715章审查完成 (25.7s)
[2026-05-18 21:36:37] [OK] 第1689章审查完成 (27.4s)
[2026-05-18 21:36:37] [OK] 第1687章审查完成 (22.7s)
[2026-05-18 21:36:48] [OK] 第1711章审查完成 (31.6s)
[2026-05-18 21:36:48] 累计: 成功1719 | 失败41 | 速率32.3章/分钟
[2026-05-18 21:36:49] 本轮调度: 20个agent, 共40章, 剩余待审查281章
[2026-05-18 21:37:10] [OK] 第1736章审查完成 (20.7s)
[2026-05-18 21:37:10] [OK] 第1726章审查完成 (20.8s)
[2026-05-18 21:37:11] [OK] 第1742章审查完成 (21.5s)
[2026-05-18 21:37:11] [OK] 第1748章审查完成 (22.0s)
[2026-05-18 21:37:11] [OK] 第1730章审查完成 (22.1s)
[2026-05-18 21:37:12] [OK] 第1724章审查完成 (22.6s)
[2026-05-18 21:37:14] [OK] 第1734章审查完成 (24.3s)
[2026-05-18 21:37:16] [OK] 第1740章审查完成 (26.5s)
[2026-05-18 21:37:16] [OK] 第1752章审查完成 (26.5s)
[2026-05-18 21:37:16] [OK] 第1732章审查完成 (27.0s)
[2026-05-18 21:37:17] [OK] 第1738章审查完成 (27.4s)
[2026-05-18 21:37:17] [OK] 第1744章审查完成 (27.7s)
[2026-05-18 21:37:18] [OK] 第1754章审查完成 (28.7s)
[2026-05-18 21:37:19] [OK] 第1728章审查完成 (29.7s)
[2026-05-18 21:37:19] [OK] 第1758章审查完成 (29.9s)
[2026-05-18 21:37:20] [OK] 第1746章审查完成 (30.2s)
[2026-05-18 21:37:20] [OK] 第1756章审查完成 (30.9s)
[2026-05-18 21:37:20] [OK] 第1750章审查完成 (31.1s)
[2026-05-18 21:37:22] [OK] 第1720章审查完成 (32.4s)
[2026-05-18 21:37:23] [OK] 第1722章审查完成 (33.5s)
[2026-05-18 21:37:31] [OK] 第1725章审查完成 (18.8s)
[2026-05-18 21:37:31] [OK] 第1737章审查完成 (20.8s)
[2026-05-18 21:37:34] [OK] 第1727章审查完成 (23.9s)
[2026-05-18 21:37:34] [OK] 第1743章审查完成 (23.4s)
[2026-05-18 21:37:35] [OK] 第1749章审查完成 (23.5s)
[2026-05-18 21:37:35] [OK] 第1731章审查完成 (23.8s)
[2026-05-18 21:37:36] [FAIL] 第1739章审查失败: unknown
[2026-05-18 21:37:36] [OK] 第1753章审查完成 (20.1s)
[2026-05-18 21:37:37] [OK] 第1741章审查完成 (21.4s)
[2026-05-18 21:37:39] [OK] 第1729章审查完成 (19.6s)
[2026-05-18 21:37:40] [OK] 第1735章审查完成 (26.6s)
[2026-05-18 21:37:41] [OK] 第1755章审查完成 (22.5s)
[2026-05-18 21:37:41] [OK] 第1733章审查完成 (24.4s)
[2026-05-18 21:37:42] [OK] 第1721章审查完成 (20.6s)
[2026-05-18 21:37:43] [OK] 第1759章审查完成 (23.3s)
[2026-05-18 21:37:43] [FAIL] 第1757章审查失败: unknown
[2026-05-18 21:37:43] [OK] 第1723章审查完成 (20.7s)
[2026-05-18 21:37:44] [OK] 第1751章审查完成 (23.4s)
[2026-05-18 21:37:44] [OK] 第1747章审查完成 (24.9s)
[2026-05-18 21:37:45] [OK] 第1745章审查完成 (27.5s)
[2026-05-18 21:37:45] 累计: 成功1757 | 失败43 | 速率32.5章/分钟
[2026-05-18 21:37:46] 本轮调度: 20个agent, 共40章, 剩余待审查243章
[2026-05-18 21:38:06] [OK] 第1739章审查完成 (21.0s)
[2026-05-18 21:38:07] [OK] 第1786章审查完成 (21.1s)
[2026-05-18 21:38:08] [OK] 第1796章审查完成 (22.1s)
[2026-05-18 21:38:08] [OK] 第1790章审查完成 (22.3s)
[2026-05-18 21:38:08] [OK] 第1776章审查完成 (22.4s)
[2026-05-18 21:38:08] [OK] 第1778章审查完成 (22.4s)
[2026-05-18 21:38:09] [OK] 第1768章审查完成 (23.4s)
[2026-05-18 21:38:09] [OK] 第1762章审查完成 (23.6s)
[2026-05-18 21:38:09] [OK] 第1784章审查完成 (23.8s)
[2026-05-18 21:38:09] [OK] 第1788章审查完成 (23.9s)
[2026-05-18 21:38:10] [OK] 第1782章审查完成 (24.3s)
[2026-05-18 21:38:11] [OK] 第1794章审查完成 (25.0s)
[2026-05-18 21:38:11] [OK] 第1780章审查完成 (25.1s)
[2026-05-18 21:38:11] [OK] 第1766章审查完成 (25.2s)
[2026-05-18 21:38:11] [OK] 第1792章审查完成 (25.8s)
[2026-05-18 21:38:12] [OK] 第1764章审查完成 (26.0s)
[2026-05-18 21:38:13] [OK] 第1760章审查完成 (27.4s)
[2026-05-18 21:38:14] [OK] 第1774章审查完成 (28.6s)
[2026-05-18 21:38:17] [OK] 第1772章审查完成 (31.5s)
[2026-05-18 21:38:17] [OK] 第1770章审查完成 (31.8s)
[2026-05-18 21:38:25] [OK] 第1789章审查完成 (15.9s)
[2026-05-18 21:38:28] [OK] 第1765章审查完成 (16.1s)
[2026-05-18 21:38:29] [OK] 第1757章审查完成 (23.0s)
[2026-05-18 21:38:29] [OK] 第1779章审查完成 (21.5s)
[2026-05-18 21:38:30] [OK] 第1781章审查完成 (18.9s)
[2026-05-18 21:38:30] [OK] 第1769章审查完成 (21.6s)
[2026-05-18 21:38:31] [OK] 第1763章审查完成 (21.9s)
[2026-05-18 21:38:32] [OK] 第1783章审查完成 (21.8s)
[2026-05-18 21:38:32] [OK] 第1791章审查完成 (24.5s)
[2026-05-18 21:38:33] [OK] 第1797章审查完成 (25.3s)
[2026-05-18 21:38:34] [OK] 第1785章审查完成 (24.5s)
[2026-05-18 21:38:34] [OK] 第1795章审查完成 (23.5s)
[2026-05-18 21:38:36] [OK] 第1775章审查完成 (22.2s)
[2026-05-18 21:38:38] [OK] 第1767章审查完成 (27.6s)
[2026-05-18 21:38:39] [OK] 第1773章审查完成 (22.0s)
[2026-05-18 21:38:39] [OK] 第1777章审查完成 (31.3s)
[2026-05-18 21:38:40] [OK] 第1787章审查完成 (33.3s)
[2026-05-18 21:38:40] [OK] 第1771章审查完成 (23.1s)
[2026-05-18 21:38:41] [OK] 第1793章审查完成 (29.3s)
[2026-05-18 21:38:41] [OK] 第1761章审查完成 (28.1s)
[2026-05-18 21:38:41] 累计: 成功1797 | 失败43 | 速率32.6章/分钟
[2026-05-18 21:38:42] 本轮调度: 20个agent, 共40章, 剩余待审查203章
[2026-05-18 21:39:03] [OK] 第1828章审查完成 (20.6s)
[2026-05-18 21:39:04] [OK] 第1836章审查完成 (21.8s)
[2026-05-18 21:39:05] [OK] 第1802章审查完成 (22.4s)
[2026-05-18 21:39:05] [OK] 第1820章审查完成 (22.6s)
[2026-05-18 21:39:05] [OK] 第1800章审查完成 (22.9s)
[2026-05-18 21:39:06] [OK] 第1806章审查完成 (24.2s)
[2026-05-18 21:39:06] [OK] 第1834章审查完成 (24.2s)
[2026-05-18 21:39:07] [OK] 第1822章审查完成 (24.7s)
[2026-05-18 21:39:08] [OK] 第1830章审查完成 (26.3s)
[2026-05-18 21:39:09] [OK] 第1798章审查完成 (26.6s)
[2026-05-18 21:39:09] [OK] 第1808章审查完成 (27.1s)
[2026-05-18 21:39:10] [OK] 第1818章审查完成 (27.8s)
[2026-05-18 21:39:12] [OK] 第1816章审查完成 (29.5s)
[2026-05-18 21:39:12] [OK] 第1810章审查完成 (29.5s)
[2026-05-18 21:39:12] [OK] 第1814章审查完成 (29.5s)
[2026-05-18 21:39:12] [OK] 第1804章审查完成 (30.3s)
[2026-05-18 21:39:14] [OK] 第1832章审查完成 (31.5s)
[2026-05-18 21:39:14] [OK] 第1824章审查完成 (31.7s)
[2026-05-18 21:39:14] [OK] 第1812章审查完成 (32.1s)
[2026-05-18 21:39:17] [OK] 第1826章审查完成 (34.5s)
[2026-05-18 21:39:23] [OK] 第1829章审查完成 (20.7s)
[2026-05-18 21:39:23] [OK] 第1823章审查完成 (16.6s)
[2026-05-18 21:39:24] [OK] 第1821章审查完成 (19.3s)
[2026-05-18 21:39:25] [OK] 第1837章审查完成 (20.9s)
[2026-05-18 21:39:26] [OK] 第1803章审查完成 (21.3s)
[2026-05-18 21:39:30] [OK] 第1807章审查完成 (23.6s)
[2026-05-18 21:39:30] [OK] 第1809章审查完成 (20.6s)
[2026-05-18 21:39:30] [OK] 第1799章审查完成 (21.2s)
[2026-05-18 21:39:30] [OK] 第1801章审查完成 (25.2s)
[2026-05-18 21:39:31] [OK] 第1831章审查完成 (22.2s)
[2026-05-18 21:39:31] [OK] 第1805章审查完成 (18.8s)
[2026-05-18 21:39:32] [OK] 第1817章审查完成 (20.5s)
[2026-05-18 21:39:32] [OK] 第1819章审查完成 (22.3s)
[2026-05-18 21:39:32] [OK] 第1811章审查完成 (20.7s)
[2026-05-18 21:39:35] [OK] 第1815章审查完成 (23.7s)
[2026-05-18 21:39:36] [OK] 第1825章审查完成 (22.5s)
[2026-05-18 21:39:37] [OK] 第1827章审查完成 (19.9s)
[2026-05-18 21:39:37] [OK] 第1835章审查完成 (30.6s)
[2026-05-18 21:39:40] [OK] 第1833章审查完成 (26.3s)
[2026-05-18 21:39:41] [OK] 第1813章审查完成 (27.1s)
[2026-05-18 21:39:41] 累计: 成功1837 | 失败43 | 速率32.8章/分钟
[2026-05-18 21:39:43] 本轮调度: 20个agent, 共40章, 剩余待审查163章
[2026-05-18 21:40:02] [OK] 第1868章审查完成 (18.7s)
[2026-05-18 21:40:06] [OK] 第1840章审查完成 (22.3s)
[2026-05-18 21:40:06] [OK] 第1874章审查完成 (22.3s)
[2026-05-18 21:40:06] [OK] 第1872章审查完成 (22.6s)
[2026-05-18 21:40:06] [OK] 第1854章审查完成 (22.7s)
[2026-05-18 21:40:06] [OK] 第1864章审查完成 (22.9s)
[2026-05-18 21:40:07] [OK] 第1842章审查完成 (23.4s)
[2026-05-18 21:40:07] [OK] 第1860章审查完成 (23.4s)
[2026-05-18 21:40:07] [OK] 第1862章审查完成 (23.6s)
[2026-05-18 21:40:08] [OK] 第1838章审查完成 (24.2s)
[2026-05-18 21:40:08] [OK] 第1876章审查完成 (24.8s)
[2026-05-18 21:40:08] [OK] 第1850章审查完成 (24.9s)
[2026-05-18 21:40:09] [OK] 第1856章审查完成 (25.6s)
[2026-05-18 21:40:11] [OK] 第1866章审查完成 (27.4s)
[2026-05-18 21:40:11] [OK] 第1852章审查完成 (27.7s)
[2026-05-18 21:40:11] [OK] 第1870章审查完成 (27.7s)
[2026-05-18 21:40:12] [OK] 第1844章审查完成 (28.3s)
[2026-05-18 21:40:12] [OK] 第1858章审查完成 (28.4s)
[2026-05-18 21:40:13] [OK] 第1848章审查完成 (30.0s)
[2026-05-18 21:40:19] [OK] 第1846章审查完成 (35.8s)
[2026-05-18 21:40:22] [OK] 第1869章审查完成 (20.2s)
[2026-05-18 21:40:23] [OK] 第1863章审查完成 (16.3s)
[2026-05-18 21:40:28] [OK] 第1843章审查完成 (21.2s)
[2026-05-18 21:40:29] [OK] 第1857章审查完成 (19.8s)
[2026-05-18 21:40:29] [OK] 第1841章审查完成 (23.3s)
[2026-05-18 21:40:30] [OK] 第1865章审查完成 (23.4s)
[2026-05-18 21:40:30] [OK] 第1861章审查完成 (23.0s)
[2026-05-18 21:40:30] [OK] 第1839章审查完成 (22.8s)
[2026-05-18 21:40:31] [OK] 第1855章审查完成 (24.4s)
[2026-05-18 21:40:32] [OK] 第1859章审查完成 (19.8s)
[2026-05-18 21:40:32] [OK] 第1867章审查完成 (21.4s)
[2026-05-18 21:40:33] [OK] 第1849章审查完成 (19.6s)
[2026-05-18 21:40:34] [OK] 第1873章审查完成 (27.6s)
[2026-05-18 21:40:34] [OK] 第1851章审查完成 (26.2s)
[2026-05-18 21:40:35] [OK] 第1853章审查完成 (23.5s)
[2026-05-18 21:40:35] [OK] 第1845章审查完成 (23.0s)
[2026-05-18 21:40:35] [OK] 第1877章审查完成 (27.1s)
[2026-05-18 21:40:39] [OK] 第1875章审查完成 (33.2s)
[2026-05-18 21:40:41] [OK] 第1871章审查完成 (30.1s)
[2026-05-18 21:40:42] [OK] 第1847章审查完成 (23.2s)
[2026-05-18 21:40:42] 累计: 成功1877 | 失败43 | 速率32.9章/分钟
[2026-05-18 21:40:43] 本轮调度: 20个agent, 共40章, 剩余待审查123章
[2026-05-18 21:41:00] [OK] 第1892章审查完成 (16.9s)
[2026-05-18 21:41:04] [OK] 第1884章审查完成 (20.4s)
[2026-05-18 21:41:04] [OK] 第1880章审查完成 (20.4s)
[2026-05-18 21:41:04] [OK] 第1900章审查完成 (20.8s)
[2026-05-18 21:41:05] [OK] 第1908章审查完成 (21.4s)
[2026-05-18 21:41:06] [OK] 第1898章审查完成 (22.6s)
[2026-05-18 21:41:07] [OK] 第1896章审查完成 (23.2s)
[2026-05-18 21:41:07] [OK] 第1912章审查完成 (23.4s)
[2026-05-18 21:41:07] [OK] 第1914章审查完成 (24.0s)
[2026-05-18 21:41:08] [OK] 第1882章审查完成 (24.3s)
[2026-05-18 21:41:08] [OK] 第1878章审查完成 (24.4s)
[2026-05-18 21:41:08] [OK] 第1886章审查完成 (24.4s)
[2026-05-18 21:41:08] [OK] 第1910章审查完成 (24.4s)
[2026-05-18 21:41:08] [OK] 第1890章审查完成 (24.7s)
[2026-05-18 21:41:09] [OK] 第1906章审查完成 (25.2s)
[2026-05-18 21:41:09] [OK] 第1916章审查完成 (25.6s)
[2026-05-18 21:41:11] [OK] 第1888章审查完成 (27.4s)
[2026-05-18 21:41:13] [OK] 第1894章审查完成 (29.1s)
[2026-05-18 21:41:13] [OK] 第1902章审查完成 (29.5s)
[2026-05-18 21:41:18] [OK] 第1904章审查完成 (34.9s)
[2026-05-18 21:41:23] [OK] 第1881章审查完成 (19.0s)
[2026-05-18 21:41:23] [OK] 第1893章审查完成 (22.9s)
[2026-05-18 21:41:27] [OK] 第1885章审查完成 (22.9s)
[2026-05-18 21:41:27] [OK] 第1909章审查完成 (22.4s)
[2026-05-18 21:41:28] [OK] 第1917章审查完成 (18.6s)
[2026-05-18 21:41:30] [OK] 第1879章审查完成 (21.9s)
[2026-05-18 21:41:30] [OK] 第1915章审查完成 (22.4s)
[2026-05-18 21:41:31] [OK] 第1907章审查完成 (22.2s)
[2026-05-18 21:41:31] [OK] 第1897章审查完成 (24.4s)
[2026-05-18 21:41:31] [OK] 第1911章审查完成 (23.3s)
[2026-05-18 21:41:32] [OK] 第1883章审查完成 (23.8s)
[2026-05-18 21:41:32] [OK] 第1889章审查完成 (21.5s)
[2026-05-18 21:41:32] [OK] 第1899章审查完成 (26.4s)
[2026-05-18 21:41:35] [OK] 第1901章审查完成 (31.0s)
[2026-05-18 21:41:35] [OK] 第1895章审查完成 (22.8s)
[2026-05-18 21:41:36] [OK] 第1913章审查完成 (28.9s)
[2026-05-18 21:41:36] [OK] 第1905章审查完成 (17.7s)
[2026-05-18 21:41:40] [OK] 第1887章审查完成 (32.3s)
[2026-05-18 21:41:43] [OK] 第1891章审查完成 (34.7s)
[2026-05-18 21:41:47] [OK] 第1903章审查完成 (33.7s)
[2026-05-18 21:41:47] 累计: 成功1917 | 失败43 | 速率33.0章/分钟
[2026-05-18 21:41:48] 本轮调度: 20个agent, 共40章, 剩余待审查83章
[2026-05-18 21:42:06] [OK] 第1920章审查完成 (18.6s)
[2026-05-18 21:42:08] [OK] 第1950章审查完成 (20.2s)
[2026-05-18 21:42:08] [OK] 第1922章审查完成 (20.4s)
[2026-05-18 21:42:09] [OK] 第1924章审查完成 (20.8s)
[2026-05-18 21:42:10] [OK] 第1944章审查完成 (22.1s)
[2026-05-18 21:42:10] [OK] 第1946章审查完成 (22.2s)
[2026-05-18 21:42:10] [OK] 第1938章审查完成 (22.3s)
[2026-05-18 21:42:10] [OK] 第1918章审查完成 (22.4s)
[2026-05-18 21:42:10] [OK] 第1928章审查完成 (22.5s)
[2026-05-18 21:42:10] [OK] 第1926章审查完成 (22.7s)
[2026-05-18 21:42:12] [OK] 第1952章审查完成 (24.6s)
[2026-05-18 21:42:14] [OK] 第1930章审查完成 (26.3s)
[2026-05-18 21:42:14] [OK] 第1948章审查完成 (26.6s)
[2026-05-18 21:42:14] [OK] 第1932章审查完成 (26.6s)
[2026-05-18 21:42:15] [OK] 第1940章审查完成 (27.1s)
[2026-05-18 21:42:15] [OK] 第1934章审查完成 (27.4s)
[2026-05-18 21:42:17] [OK] 第1954章审查完成 (29.2s)
[2026-05-18 21:42:17] [OK] 第1942章审查完成 (29.5s)
[2026-05-18 21:42:18] [OK] 第1936章审查完成 (30.0s)
[2026-05-18 21:42:22] [OK] 第1956章审查完成 (33.8s)
[2026-05-18 21:42:28] [OK] 第1921章审查完成 (21.8s)
[2026-05-18 21:42:30] [OK] 第1927章审查完成 (19.6s)
[2026-05-18 21:42:30] [OK] 第1945章审查完成 (20.7s)
[2026-05-18 21:42:31] [OK] 第1939章审查完成 (21.0s)
[2026-05-18 21:42:31] [OK] 第1951章审查完成 (23.5s)
[2026-05-18 21:42:32] [OK] 第1947章审查完成 (22.4s)
[2026-05-18 21:42:33] [OK] 第1929章审查完成 (22.6s)
[2026-05-18 21:42:34] [OK] 第1923章审查完成 (25.7s)
[2026-05-18 21:42:34] [OK] 第1931章审查完成 (20.2s)
[2026-05-18 21:42:36] [OK] 第1953章审查完成 (23.4s)
[2026-05-18 21:42:36] [OK] 第1949章审查完成 (21.9s)
[2026-05-18 21:42:36] [OK] 第1943章审查完成 (19.0s)
[2026-05-18 21:42:37] [OK] 第1919章审查完成 (27.1s)
[2026-05-18 21:42:37] [OK] 第1941章审查完成 (22.5s)
[2026-05-18 21:42:40] [OK] 第1955章审查完成 (23.1s)
[2026-05-18 21:42:40] [OK] 第1925章审查完成 (31.6s)
[2026-05-18 21:42:41] [OK] 第1933章审查完成 (26.3s)
[2026-05-18 21:42:41] [OK] 第1937章审查完成 (23.4s)
[2026-05-18 21:42:42] [OK] 第1935章审查完成 (26.6s)
[2026-05-18 21:42:47] [OK] 第1957章审查完成 (25.3s)
[2026-05-18 21:42:47] 累计: 成功1957 | 失败43 | 速率33.1章/分钟
[2026-05-18 21:42:48] 本轮调度: 20个agent, 共40章, 剩余待审查43章
[2026-05-18 21:43:08] [OK] 第1962章审查完成 (19.9s)
[2026-05-18 21:43:09] [OK] 第1994章审查完成 (20.6s)
[2026-05-18 21:43:09] [OK] 第1978章审查完成 (20.8s)
[2026-05-18 21:43:09] [OK] 第1976章审查完成 (21.1s)
[2026-05-18 21:43:09] [OK] 第1964章审查完成 (21.3s)
[2026-05-18 21:43:10] [OK] 第1980章审查完成 (21.7s)
[2026-05-18 21:43:10] [OK] 第1990章审查完成 (22.1s)
[2026-05-18 21:43:10] [OK] 第1958章审查完成 (22.4s)
[2026-05-18 21:43:11] [OK] 第1966章审查完成 (22.8s)
[2026-05-18 21:43:12] [OK] 第1988章审查完成 (24.2s)
[2026-05-18 21:43:13] [OK] 第1986章审查完成 (25.1s)
[2026-05-18 21:43:16] [OK] 第1960章审查完成 (27.9s)
[2026-05-18 21:43:16] [OK] 第1974章审查完成 (28.2s)
[2026-05-18 21:43:17] [OK] 第1970章审查完成 (28.6s)
[2026-05-18 21:43:17] [OK] 第1996章审查完成 (28.7s)
[2026-05-18 21:43:17] [OK] 第1968章审查完成 (29.4s)
[2026-05-18 21:43:18] [OK] 第1972章审查完成 (29.7s)
[2026-05-18 21:43:19] [OK] 第1984章审查完成 (31.1s)
[2026-05-18 21:43:20] [OK] 第1982章审查完成 (31.8s)
[2026-05-18 21:43:21] [OK] 第1992章审查完成 (32.6s)
[2026-05-18 21:43:27] [OK] 第1963章审查完成 (19.3s)
[2026-05-18 21:43:29] [OK] 第1979章审查完成 (20.7s)
[2026-05-18 21:43:31] [OK] 第1981章审查完成 (21.0s)
[2026-05-18 21:43:31] [OK] 第1967章审查完成 (20.0s)
[2026-05-18 21:43:32] [OK] 第1959章审查完成 (22.0s)
[2026-05-18 21:43:33] [OK] 第1977章审查完成 (23.8s)
[2026-05-18 21:43:33] [OK] 第1989章审查完成 (21.0s)
[2026-05-18 21:43:35] [OK] 第1995章审查完成 (26.9s)
[2026-05-18 21:43:36] [OK] 第1971章审查完成 (19.6s)
[2026-05-18 21:43:37] [OK] 第1983章审查完成 (16.8s)
[2026-05-18 21:43:37] [OK] 第1987章审查完成 (24.2s)
[2026-05-18 21:43:38] [OK] 第1965章审查完成 (29.0s)
[2026-05-18 21:43:39] [OK] 第1991章审查完成 (28.7s)
[2026-05-18 21:43:39] [OK] 第1969章审查完成 (22.2s)
[2026-05-18 21:43:41] [OK] 第1997章审查完成 (24.6s)
[2026-05-18 21:43:42] [OK] 第1961章审查完成 (25.7s)
[2026-05-18 21:43:45] [OK] 第1975章审查完成 (28.7s)
[2026-05-18 21:43:47] [OK] 第1993章审查完成 (26.4s)
[2026-05-18 21:43:52] [OK] 第1985章审查完成 (33.2s)
[2026-05-18 21:43:56] [OK] 第1973章审查完成 (38.8s)
[2026-05-18 21:43:56] 累计: 成功1997 | 失败43 | 速率33.1章/分钟
[2026-05-18 21:43:58] 本轮调度: 2个agent, 共3章, 剩余待审查3章
[2026-05-18 21:44:20] [OK] 第1998章审查完成 (22.6s)
[2026-05-18 21:44:21] [OK] 第2000章审查完成 (23.3s)
[2026-05-18 21:44:42] [OK] 第1999章审查完成 (21.6s)
[2026-05-18 21:44:42] 累计: 成功2000 | 失败43 | 速率32.7章/分钟
[2026-05-18 21:44:43] 全部章节已审查完毕！
[2026-05-18 21:44:44] ============================================================
[2026-05-18 21:44:44] Scheduler 结束 | 成功: 2000 | 失败: 43
[2026-05-18 21:44:44] ============================================================
