[2026-05-18 23:06:10] [ERROR] buildings/void_rift: [WinError 2] 系统找不到指定的文件。
[2026-05-18 23:06:10] [ERROR] buildings/immortal_king_palace: [WinError 2] 系统找不到指定的文件。
[2026-05-18 23:06:10] [ERROR] buildings/cultivation_market: [WinError 2] 系统找不到指定的文件。
[2026-05-18 23:06:10] [ERROR] buildings/lin_yuan_cottage: [WinError 2] 系统找不到指定的文件。
[2026-05-18 23:06:10] [ERROR] buildings/devil_abyss_entrance: [WinError 2] 系统找不到指定的文件。
[2026-05-18 23:06:10] [ERROR] buildings/tiandao_sect_hall: [WinError 2] 系统找不到指定的文件。
[2026-05-18 23:06:10] [ERROR] buildings/xiao_family_mansion: [WinError 2] 系统找不到指定的文件。
[2026-05-18 23:06:10] [ERROR] buildings/reincarnation_hall: [WinError 2] 系统找不到指定的文件。
[2026-05-18 23:06:10] [ERROR] buildings/ancient_ruins: [WinError 2] 系统找不到指定的文件。
[2026-05-18 23:06:10] [ERROR] buildings/yunlanzong_gate: [WinError 2] 系统找不到指定的文件。
[2026-05-18 23:06:11] [ERROR] scenes/village_hometown: [WinError 2] 系统找不到指定的文件。
[2026-05-18 23:06:11] [ERROR] scenes/bloody_battlefield: [WinError 2] 系统找不到指定的文件。
[2026-05-18 23:06:11] [ERROR] scenes/spirit_world_entrance: [WinError 2] 系统找不到指定的文件。
[2026-05-18 23:06:11] [ERROR] scenes/dark_forest: [WinError 2] 系统找不到指定的文件。
[2026-05-18 23:06:11] [ERROR] scenes/desert_ancient_city: [WinError 2] 系统找不到指定的文件。
[2026-05-18 23:06:11] [ERROR] scenes/dragon_palace_undersea: [WinError 2] 系统找不到指定的文件。
[2026-05-18 23:06:11] [ERROR] scenes/cliff_waterfall: [WinError 2] 系统找不到指定的文件。
[2026-05-18 23:06:11] [ERROR] scenes/volcano_lava_cave: [WinError 2] 系统找不到指定的文件。
[2026-05-18 23:06:11] [ERROR] scenes/frozen_snowfield: [WinError 2] 系统找不到指定的文件。
[2026-05-18 23:06:11] [ERROR] scenes/ancient_star_path: [WinError 2] 系统找不到指定的文件。
[2026-05-18 23:06:11] [ERROR] fairylands/nine_heavens: [WinError 2] 系统找不到指定的文件。
[2026-05-18 23:06:11] [ERROR] fairylands/penglai_island: [WinError 2] 系统找不到指定的文件。
[2026-05-18 23:06:11] [ERROR] fairylands/jade_pond: [WinError 2] 系统找不到指定的文件。
[2026-05-18 23:06:11] [ERROR] fairylands/kunlun_mountain: [WinError 2] 系统找不到指定的文件。
[2026-05-18 23:06:11] [ERROR] fairylands/milky_way_waterfall: [WinError 2] 系统找不到指定的文件。
[2026-05-18 23:06:11] [ERROR] fairylands/purple_bamboo_grove: [WinError 2] 系统找不到指定的文件。
[2026-05-18 23:06:11] [ERROR] fairylands/peach_blossom_valley: [WinError 2] 系统找不到指定的文件。
[2026-05-18 23:06:11] [ERROR] fairylands/immortal_herb_valley: [WinError 2] 系统找不到指定的文件。
[2026-05-18 23:06:11] [ERROR] fairylands/cloud_sea_sunrise: [WinError 2] 系统找不到指定的文件。
[2026-05-18 23:06:11] [ERROR] fairylands/yuxu_palace: [WinError 2] 系统找不到指定的文件。
[2026-05-18 23:06:12] [ERROR] monsters/frost_dragon: [WinError 2] 系统找不到指定的文件。
[2026-05-18 23:06:12] [ERROR] monsters/fire_kylin: [WinError 2] 系统找不到指定的文件。
[2026-05-18 23:06:12] [ERROR] monsters/soul_devouring_wolf: [WinError 2] 系统找不到指定的文件。
[2026-05-18 23:06:12] [ERROR] monsters/nine_head_serpent: [WinError 2] 系统找不到指定的文件。
[2026-05-18 23:06:12] [ERROR] monsters/golden_wing_peng: [WinError 2] 系统找不到指定的文件。
[2026-05-18 23:06:12] [ERROR] monsters/ghost_tiger: [WinError 2] 系统找不到指定的文件。
[2026-05-18 23:06:12] [ERROR] monsters/mystic_turtle: [WinError 2] 系统找不到指定的文件。
[2026-05-18 23:06:12] [ERROR] monsters/blood_eye_spider: [WinError 2] 系统找不到指定的文件。
[2026-05-18 23:06:12] [ERROR] monsters/void_tentacle: [WinError 2] 系统找不到指定的文件。
[2026-05-18 23:06:12] [ERROR] monsters/thunder_leopard: [WinError 2] 系统找不到指定的文件。
[2026-05-18 23:06:12] [ERROR] weapons/karma_wheel: [WinError 2] 系统找不到指定的文件。
[2026-05-18 23:06:12] [ERROR] weapons/blood_artifact: [WinError 2] 系统找不到指定的文件。
[2026-05-18 23:06:12] [ERROR] weapons/heavenly_order: [WinError 2] 系统找不到指定的文件。
[2026-05-18 23:06:12] [ERROR] weapons/reincarnation_seal: [WinError 2] 系统找不到指定的文件。
[2026-05-18 23:06:12] [ERROR] weapons/nitiandao_sword: [WinError 2] 系统找不到指定的文件。
[2026-05-18 23:06:12] [ERROR] weapons/demon_slaying_blade: [WinError 2] 系统找不到指定的文件。
[2026-05-18 23:06:12] [ERROR] weapons/universe_bag: [WinError 2] 系统找不到指定的文件。
[2026-05-18 23:06:12] [ERROR] weapons/spirit_flying_sword: [WinError 2] 系统找不到指定的文件。
[2026-05-18 23:06:12] [ERROR] weapons/soul_suppressing_bell: [WinError 2] 系统找不到指定的文件。
[2026-05-18 23:06:12] [ERROR] weapons/void_blade: [WinError 2] 系统找不到指定的文件。
[2026-05-18 23:06:12] ============================================================
[2026-05-18 23:06:12] 全部完成! 成功: 0, 失败: 50, 耗时: 0.0分钟
[2026-05-18 23:06:12] ============================================================
[2026-05-18 23:07:19] [OK] buildings/void_rift 完成 (17.7s)
[2026-05-18 23:07:19] [OK] buildings/xiao_family_mansion 完成 (17.7s)
[2026-05-18 23:07:19] [OK] buildings/cultivation_market 完成 (17.8s)
[2026-05-18 23:07:19] [OK] buildings/reincarnation_hall 完成 (17.8s)
[2026-05-18 23:07:19] [OK] buildings/lin_yuan_cottage 完成 (17.8s)
[2026-05-18 23:07:19] [OK] buildings/immortal_king_palace 完成 (18.2s)
[2026-05-18 23:07:19] [OK] buildings/yunlanzong_gate 完成 (18.3s)
[2026-05-18 23:07:20] [FAIL] scenes/bloody_battlefield:  10,
    "message": "Input content flagged by sensitivity filter (rate limit exceeded(RPM))."
  }
}

[2026-05-18 23:07:20] [FAIL] scenes/spirit_world_entrance:  10,
    "message": "Input content flagged by sensitivity filter (rate limit exceeded(RPM))."
  }
}

[2026-05-18 23:07:20] [FAIL] scenes/cliff_waterfall:  10,
    "message": "Input content flagged by sensitivity filter (rate limit exceeded(RPM))."
  }
}

[2026-05-18 23:07:20] [OK] buildings/devil_abyss_entrance 完成 (18.8s)
[2026-05-18 23:07:20] [FAIL] scenes/dragon_palace_undersea:  10,
    "message": "Input content flagged by sensitivity filter (rate limit exceeded(RPM))."
  }
}

[2026-05-18 23:07:20] [FAIL] scenes/desert_ancient_city:  10,
    "message": "Input content flagged by sensitivity filter (rate limit exceeded(RPM))."
  }
}

[2026-05-18 23:07:20] [OK] buildings/tiandao_sect_hall 完成 (19.2s)
[2026-05-18 23:07:20] [FAIL] scenes/ancient_star_path:  10,
    "message": "Input content flagged by sensitivity filter (rate limit exceeded(RPM))."
  }
}

[2026-05-18 23:07:20] [FAIL] scenes/frozen_snowfield:  10,
    "message": "Input content flagged by sensitivity filter (rate limit exceeded(RPM))."
  }
}

[2026-05-18 23:07:21] [FAIL] fairylands/nine_heavens:  10,
    "message": "Input content flagged by sensitivity filter (rate limit exceeded(RPM))."
  }
}

[2026-05-18 23:07:21] [FAIL] fairylands/penglai_island:  10,
    "message": "Input content flagged by sensitivity filter (rate limit exceeded(RPM))."
  }
}

[2026-05-18 23:07:21] [FAIL] fairylands/jade_pond:  10,
    "message": "Input content flagged by sensitivity filter (rate limit exceeded(RPM))."
  }
}

[2026-05-18 23:07:21] [OK] buildings/ancient_ruins 完成 (19.9s)
[2026-05-18 23:07:21] [FAIL] fairylands/kunlun_mountain:  10,
    "message": "Input content flagged by sensitivity filter (rate limit exceeded(RPM))."
  }
}

[2026-05-18 23:07:21] [FAIL] fairylands/peach_blossom_valley:  10,
    "message": "Input content flagged by sensitivity filter (rate limit exceeded(RPM))."
  }
}

[2026-05-18 23:07:21] [FAIL] fairylands/purple_bamboo_grove:  10,
    "message": "Input content flagged by sensitivity filter (rate limit exceeded(RPM))."
  }
}

[2026-05-18 23:07:21] [FAIL] fairylands/milky_way_waterfall:  10,
    "message": "Input content flagged by sensitivity filter (rate limit exceeded(RPM))."
  }
}

[2026-05-18 23:07:22] [FAIL] fairylands/cloud_sea_sunrise:  10,
    "message": "Input content flagged by sensitivity filter (rate limit exceeded(RPM))."
  }
}

[2026-05-18 23:07:22] [FAIL] fairylands/immortal_herb_valley:  10,
    "message": "Input content flagged by sensitivity filter (rate limit exceeded(RPM))."
  }
}

[2026-05-18 23:07:22] [FAIL] monsters/nine_head_serpent:  10,
    "message": "Input content flagged by sensitivity filter (rate limit exceeded(RPM))."
  }
}

[2026-05-18 23:07:22] [FAIL] fairylands/yuxu_palace:  10,
    "message": "Input content flagged by sensitivity filter (rate limit exceeded(RPM))."
  }
}

[2026-05-18 23:07:22] [FAIL] monsters/fire_kylin:  10,
    "message": "Input content flagged by sensitivity filter (rate limit exceeded(RPM))."
  }
}

[2026-05-18 23:07:22] [FAIL] monsters/frost_dragon:  10,
    "message": "Input content flagged by sensitivity filter (rate limit exceeded(RPM))."
  }
}

[2026-05-18 23:07:22] [FAIL] monsters/soul_devouring_wolf:  10,
    "message": "Input content flagged by sensitivity filter (rate limit exceeded(RPM))."
  }
}

[2026-05-18 23:07:23] [FAIL] monsters/golden_wing_peng:  10,
    "message": "Input content flagged by sensitivity filter (rate limit exceeded(RPM))."
  }
}

[2026-05-18 23:07:23] [FAIL] monsters/mystic_turtle:  10,
    "message": "Input content flagged by sensitivity filter (rate limit exceeded(RPM))."
  }
}

[2026-05-18 23:07:23] [FAIL] monsters/ghost_tiger:  10,
    "message": "Input content flagged by sensitivity filter (rate limit exceeded(RPM))."
  }
}

[2026-05-18 23:07:23] [FAIL] monsters/blood_eye_spider:  10,
    "message": "Input content flagged by sensitivity filter (rate limit exceeded(RPM))."
  }
}

[2026-05-18 23:07:23] [FAIL] monsters/thunder_leopard:  10,
    "message": "Input content flagged by sensitivity filter (rate limit exceeded(RPM))."
  }
}

[2026-05-18 23:07:23] [FAIL] monsters/void_tentacle:  10,
    "message": "Input content flagged by sensitivity filter (rate limit exceeded(RPM))."
  }
}

[2026-05-18 23:07:23] [FAIL] weapons/nitiandao_sword:  10,
    "message": "Input content flagged by sensitivity filter (rate limit exceeded(RPM))."
  }
}

[2026-05-18 23:07:24] [FAIL] weapons/karma_wheel:  10,
    "message": "Input content flagged by sensitivity filter (rate limit exceeded(RPM))."
  }
}

[2026-05-18 23:07:24] [FAIL] weapons/reincarnation_seal:  10,
    "message": "Input content flagged by sensitivity filter (rate limit exceeded(RPM))."
  }
}

[2026-05-18 23:07:24] [FAIL] weapons/blood_artifact:  10,
    "message": "Input content flagged by sensitivity filter (rate limit exceeded(RPM))."
  }
}

[2026-05-18 23:07:24] [FAIL] weapons/demon_slaying_blade:  10,
    "message": "Input content flagged by sensitivity filter (rate limit exceeded(RPM))."
  }
}

[2026-05-18 23:07:24] [FAIL] weapons/heavenly_order:  10,
    "message": "Input content flagged by sensitivity filter (rate limit exceeded(RPM))."
  }
}

[2026-05-18 23:07:24] [FAIL] weapons/universe_bag:  10,
    "message": "Input content flagged by sensitivity filter (rate limit exceeded(RPM))."
  }
}

[2026-05-18 23:07:24] [FAIL] weapons/spirit_flying_sword:  10,
    "message": "Input content flagged by sensitivity filter (rate limit exceeded(RPM))."
  }
}

[2026-05-18 23:07:24] [FAIL] weapons/soul_suppressing_bell:  10,
    "message": "Input content flagged by sensitivity filter (rate limit exceeded(RPM))."
  }
}

[2026-05-18 23:07:24] [FAIL] weapons/void_blade:  10,
    "message": "Input content flagged by sensitivity filter (rate limit exceeded(RPM))."
  }
}

[2026-05-18 23:07:37] [OK] scenes/village_hometown 完成 (17.7s)
[2026-05-18 23:07:37] [OK] scenes/dark_forest 完成 (17.9s)
[2026-05-18 23:07:37] [OK] scenes/volcano_lava_cave 完成 (17.2s)
[2026-05-18 23:07:37] ============================================================
[2026-05-18 23:07:37] 全部完成! 成功: 13, 失败: 37, 耗时: 0.6分钟
[2026-05-18 23:07:37] ============================================================
[2026-05-18 23:10:05] [SKIP] buildings/yunlanzong_gate 已存在
[2026-05-18 23:10:05] [SKIP] buildings/ancient_ruins 已存在
[2026-05-18 23:10:05] [SKIP] buildings/reincarnation_hall 已存在
[2026-05-18 23:10:05] [SKIP] buildings/xiao_family_mansion 已存在
[2026-05-18 23:10:05] [SKIP] buildings/tiandao_sect_hall 已存在
[2026-05-18 23:10:05] [SKIP] buildings/devil_abyss_entrance 已存在
[2026-05-18 23:10:05] [SKIP] buildings/lin_yuan_cottage 已存在
[2026-05-18 23:10:05] [SKIP] buildings/immortal_king_palace 已存在
[2026-05-18 23:10:05] [SKIP] buildings/void_rift 已存在
[2026-05-18 23:10:05] [SKIP] buildings/cultivation_market 已存在
[2026-05-18 23:10:05] [SKIP] scenes/village_hometown 已存在
[2026-05-18 23:10:05] [SKIP] scenes/dark_forest 已存在
[2026-05-18 23:10:23] [OK] scenes/spirit_world_entrance 完成 (17.3s)
[2026-05-18 23:10:24] [OK] scenes/cliff_waterfall 完成 (19.2s)
[2026-05-18 23:10:26] [OK] scenes/bloody_battlefield 完成 (20.8s)
[2026-05-18 23:10:26] [SKIP] scenes/volcano_lava_cave 已存在
[2026-05-18 23:10:39] [OK] scenes/desert_ancient_city 完成 (16.5s)
[2026-05-18 23:10:43] [OK] scenes/ancient_star_path 完成 (17.4s)
[2026-05-18 23:10:46] [OK] scenes/dragon_palace_undersea 完成 (21.3s)
[2026-05-18 23:11:01] [OK] scenes/frozen_snowfield 完成 (21.9s)
[2026-05-18 23:11:04] [OK] fairylands/nine_heavens 完成 (20.9s)
[2026-05-18 23:11:05] [OK] fairylands/penglai_island 完成 (19.0s)
[2026-05-18 23:11:18] [OK] fairylands/jade_pond 完成 (17.5s)
[2026-05-18 23:11:22] [OK] fairylands/kunlun_mountain 完成 (17.5s)
[2026-05-18 23:11:23] [OK] fairylands/peach_blossom_valley 完成 (18.8s)
[2026-05-18 23:11:36] [OK] fairylands/purple_bamboo_grove 完成 (17.6s)
[2026-05-18 23:11:39] [OK] fairylands/milky_way_waterfall 完成 (17.0s)
[2026-05-18 23:11:41] [OK] fairylands/cloud_sea_sunrise 完成 (17.7s)
[2026-05-18 23:11:54] [OK] fairylands/immortal_herb_valley 完成 (18.2s)
[2026-05-18 23:11:57] [OK] fairylands/yuxu_palace 完成 (17.7s)
[2026-05-18 23:11:59] [OK] monsters/nine_head_serpent 完成 (18.0s)
[2026-05-18 23:12:13] [OK] monsters/fire_kylin 完成 (18.4s)
[2026-05-18 23:12:14] [OK] monsters/frost_dragon 完成 (17.3s)
[2026-05-18 23:12:17] [OK] monsters/soul_devouring_wolf 完成 (17.5s)
[2026-05-18 23:12:30] [OK] monsters/golden_wing_peng 完成 (17.3s)
[2026-05-18 23:12:34] [OK] monsters/blood_eye_spider 完成 (17.5s)
[2026-05-18 23:12:37] [OK] monsters/mystic_turtle 完成 (23.0s)
[2026-05-18 23:12:48] [OK] monsters/ghost_tiger 完成 (18.1s)
[2026-05-18 23:12:54] [OK] monsters/void_tentacle 完成 (16.9s)
[2026-05-18 23:12:56] [OK] monsters/thunder_leopard 完成 (21.9s)
[2026-05-18 23:13:10] [OK] weapons/karma_wheel 完成 (16.2s)
[2026-05-18 23:13:14] [OK] weapons/reincarnation_seal 完成 (18.0s)
[2026-05-18 23:13:14] [OK] weapons/nitiandao_sword 完成 (26.4s)
[2026-05-18 23:13:27] [OK] weapons/blood_artifact 完成 (17.2s)
[2026-05-18 23:13:30] [OK] weapons/heavenly_order 完成 (16.0s)
[2026-05-18 23:13:33] [OK] weapons/demon_slaying_blade 完成 (18.1s)
[2026-05-18 23:13:44] [OK] weapons/universe_bag 完成 (16.9s)
[2026-05-18 23:13:48] [OK] weapons/spirit_flying_sword 完成 (17.6s)
[2026-05-18 23:13:50] [OK] weapons/soul_suppressing_bell 完成 (17.5s)
[2026-05-18 23:14:03] [OK] weapons/void_blade 完成 (18.5s)
[2026-05-18 23:14:03] ============================================================
[2026-05-18 23:14:03] 全部完成! 成功:37 | 已存在:13 | 失败:0 | 耗时:4.0分钟
[2026-05-18 23:14:03] ============================================================
