[2026-05-18 18:10:08] ============================================================
[2026-05-18 18:10:08] Writer Scheduler 启动 | 并行: 15 | 每agent: 2章
[2026-05-18 18:10:08] ============================================================
[2026-05-18 18:10:08] 本轮调度: 15个agent, 共30章, 剩余缺失1835章
[2026-05-18 18:10:58] [OK] 第83章完成 (49.9s)
[2026-05-18 18:10:58] [OK] 第71章完成 (50.6s)
[2026-05-18 18:10:59] [OK] 第72章完成 (0.1s)
[2026-05-18 18:10:59] [OK] 第93章完成 (50.9s)
[2026-05-18 18:11:01] [OK] 第81章完成 (52.8s)
[2026-05-18 18:11:03] [OK] 第95章完成 (55.2s)
[2026-05-18 18:11:05] [OK] 第79章完成 (57.6s)
[2026-05-18 18:11:06] [OK] 第91章完成 (58.2s)
[2026-05-18 18:11:09] [OK] 第87章完成 (61.3s)
[2026-05-18 18:11:10] [OK] 第73章完成 (62.4s)
[2026-05-18 18:11:11] [OK] 第75章完成 (62.9s)
[2026-05-18 18:11:11] [OK] 第76章完成 (0.1s)
[2026-05-18 18:11:11] [OK] 第85章完成 (63.6s)
[2026-05-18 18:11:17] [OK] 第89章完成 (69.1s)
[2026-05-18 18:11:21] [OK] 第77章完成 (73.5s)
[2026-05-18 18:11:28] [OK] 第97章完成 (80.1s)
[2026-05-18 18:11:38] [OK] 第69章完成 (90.3s)
[2026-05-18 18:11:38] [OK] 第70章完成 (0.1s)
[2026-05-18 18:11:52] [OK] 第94章完成 (53.3s)
[2026-05-18 18:11:54] [OK] 第80章完成 (48.6s)
[2026-05-18 18:11:55] [OK] 第84章完成 (57.1s)
[2026-05-18 18:12:09] [OK] 第92章完成 (63.1s)
[2026-05-18 18:12:10] [OK] 第96章完成 (66.7s)
[2026-05-18 18:12:14] [OK] 第74章完成 (64.1s)
[2026-05-18 18:12:16] [OK] 第78章完成 (54.6s)
[2026-05-18 18:12:18] [OK] 第90章完成 (60.6s)
[2026-05-18 18:12:19] [OK] 第82章完成 (78.0s)
[2026-05-18 18:12:26] [OK] 第86章完成 (74.8s)
[2026-05-18 18:12:29] [OK] 第88章完成 (80.2s)
[2026-05-18 18:12:48] [OK] 第98章完成 (79.6s)
[2026-05-18 18:12:48] 累计: 成功30 | 失败0 | 速率11.3章/分钟
[2026-05-18 18:12:49] 本轮调度: 15个agent, 共30章, 剩余缺失1776章
[2026-05-18 18:13:40] [OK] 第170章完成 (51.9s)
[2026-05-18 18:13:42] [OK] 第172章完成 (53.2s)
[2026-05-18 18:13:45] [OK] 第174章完成 (56.2s)
[2026-05-18 18:13:52] [OK] 第178章完成 (63.0s)
[2026-05-18 18:13:55] [OK] 第180章完成 (66.9s)
[2026-05-18 18:13:56] [OK] 第176章完成 (67.7s)
[2026-05-18 18:14:02] [OK] 第186章完成 (73.0s)
[2026-05-18 18:14:02] [OK] 第184章完成 (73.1s)
[2026-05-18 18:14:02] [OK] 第162章完成 (73.2s)
[2026-05-18 18:14:02] [OK] 第163章完成 (0.2s)
[2026-05-18 18:14:03] [OK] 第160章完成 (74.7s)
[2026-05-18 18:14:03] [OK] 第161章完成 (0.1s)
[2026-05-18 18:14:04] [OK] 第182章完成 (75.2s)
[2026-05-18 18:14:06] [OK] 第168章完成 (77.7s)
[2026-05-18 18:14:06] [OK] 第99章完成 (77.7s)
[2026-05-18 18:14:07] [OK] 第166章完成 (78.7s)
[2026-05-18 18:14:12] [OK] 第164章完成 (83.6s)
[2026-05-18 18:14:47] [OK] 第177章完成 (51.0s)
[2026-05-18 18:14:47] [OK] 第171章完成 (67.0s)
[2026-05-18 18:14:56] [OK] 第173章完成 (73.8s)
[2026-05-18 18:14:56] [OK] 第181章完成 (60.6s)
[2026-05-18 18:14:57] [OK] 第183章完成 (53.2s)
[2026-05-18 18:15:01] [OK] 第165章完成 (48.4s)
[2026-05-18 18:15:05] [OK] 第175章完成 (80.1s)
[2026-05-18 18:15:08] [OK] 第187章完成 (66.3s)
[2026-05-18 18:15:08] [OK] 第179章完成 (76.7s)
[2026-05-18 18:15:18] [OK] 第169章完成 (72.1s)
[2026-05-18 18:15:20] [OK] 第185章完成 (78.2s)
[2026-05-18 18:15:21] [OK] 第100章完成 (74.4s)
[2026-05-18 18:15:30] [OK] 第167章完成 (83.0s)
[2026-05-18 18:15:30] 累计: 成功60 | 失败0 | 速率11.2章/分钟
[2026-05-18 18:15:31] 本轮调度: 15个agent, 共30章, 剩余缺失1736章
[2026-05-18 18:16:17] [OK] 第287章完成 (45.8s)
[2026-05-18 18:16:21] [OK] 第293章完成 (49.4s)
[2026-05-18 18:16:24] [OK] 第283章完成 (53.1s)
[2026-05-18 18:16:25] [OK] 第291章完成 (53.4s)
[2026-05-18 18:16:28] [OK] 第289章完成 (56.4s)
[2026-05-18 18:16:29] [OK] 第196章完成 (58.2s)
[2026-05-18 18:16:34] [OK] 第188章完成 (62.4s)
[2026-05-18 18:16:38] [OK] 第194章完成 (66.5s)
[2026-05-18 18:16:40] [OK] 第279章完成 (68.6s)
[2026-05-18 18:16:40] [OK] 第280章完成 (0.1s)
[2026-05-18 18:16:46] [OK] 第281章完成 (75.1s)
[2026-05-18 18:16:46] [OK] 第282章完成 (0.1s)
[2026-05-18 18:16:49] [OK] 第190章完成 (77.8s)
[2026-05-18 18:16:50] [OK] 第192章完成 (79.2s)
[2026-05-18 18:16:52] [OK] 第200章完成 (80.9s)
[2026-05-18 18:16:52] [OK] 第278章完成 (0.1s)
[2026-05-18 18:16:59] [OK] 第285章完成 (88.1s)
[2026-05-18 18:17:09] [OK] 第198章完成 (97.3s)
[2026-05-18 18:17:20] [OK] 第292章完成 (55.7s)
[2026-05-18 18:17:23] [OK] 第288章完成 (65.4s)
[2026-05-18 18:17:26] [OK] 第197章完成 (56.5s)
[2026-05-18 18:17:27] [OK] 第294章完成 (66.3s)
[2026-05-18 18:17:35] [OK] 第189章完成 (61.7s)
[2026-05-18 18:17:46] [OK] 第290章完成 (77.8s)
[2026-05-18 18:17:46] [OK] 第284章完成 (82.0s)
[2026-05-18 18:17:55] [OK] 第195章完成 (77.7s)
[2026-05-18 18:18:00] [OK] 第191章完成 (70.8s)
[2026-05-18 18:18:04] [OK] 第286章完成 (64.6s)
[2026-05-18 18:18:04] [OK] 第193章完成 (73.8s)
[2026-05-18 18:18:15] [OK] 第199章完成 (66.0s)
[2026-05-18 18:18:15] 累计: 成功90 | 失败0 | 速率11.1章/分钟
[2026-05-18 18:18:16] 本轮调度: 15个agent, 共30章, 剩余缺失1706章
[2026-05-18 18:19:02] [OK] 第200章完成 (46.8s)
[2026-05-18 18:19:03] [OK] 第296章完成 (0.2s)
[2026-05-18 18:19:07] ============================================================
[2026-05-18 18:19:07] Writer Scheduler 启动 | 并行: 15 | 每agent: 2章
[2026-05-18 18:19:07] ============================================================
[2026-05-18 18:19:07] 本轮调度: 15个agent, 共30章, 剩余缺失1701章
[2026-05-18 18:19:07] [OK] 第305章完成 (51.8s)
[2026-05-18 18:19:08] [OK] 第323章完成 (52.6s)
[2026-05-18 18:19:09] [OK] 第307章完成 (53.0s)
[2026-05-18 18:19:09] [OK] 第303章完成 (53.8s)
[2026-05-18 18:19:10] [OK] 第315章完成 (54.3s)
[2026-05-18 18:19:14] [OK] 第319章完成 (58.1s)
[2026-05-18 18:19:15] [OK] 第309章完成 (59.8s)
[2026-05-18 18:19:15] ============================================================
[2026-05-18 18:19:15] Writer Scheduler 启动 | 并行: 30 | 每agent: 2章
[2026-05-18 18:19:15] ============================================================
[2026-05-18 18:19:15] 本轮调度: 30个agent, 共60章, 剩余缺失1693章
[2026-05-18 18:19:17] [OK] 第311章完成 (61.6s)
[2026-05-18 18:19:17] [OK] 第299章完成 (61.7s)
[2026-05-18 18:19:18] [OK] 第300章完成 (1.0s)
[2026-05-18 18:19:22] [OK] 第317章完成 (66.0s)
[2026-05-18 18:19:23] [OK] 第321章完成 (67.5s)
[2026-05-18 18:19:23] [OK] 第301章完成 (67.6s)
[2026-05-18 18:19:29] [OK] 第297章完成 (73.1s)
[2026-05-18 18:19:29] [OK] 第298章完成 (0.1s)
[2026-05-18 18:19:29] [OK] 第313章完成 (73.9s)
[2026-05-18 18:19:58] [OK] 第326章完成 (51.5s)
[2026-05-18 18:20:02] [OK] 第306章完成 (54.6s)
[2026-05-18 18:20:02] [OK] 第324章完成 (55.5s)
[2026-05-18 18:20:03] [OK] 第306章完成 (56.2s)
[2026-05-18 18:20:03] [OK] 第307章完成 (0.2s)
[2026-05-18 18:20:04] [OK] 第318章完成 (48.2s)
[2026-05-18 18:20:06] [OK] 第366章完成 (50.2s)
[2026-05-18 18:20:06] [OK] 第348章完成 (50.7s)
[2026-05-18 18:20:06] [OK] 第312章完成 (49.1s)
[2026-05-18 18:20:07] [OK] 第318章完成 (60.6s)
[2026-05-18 18:20:07] [OK] 第319章完成 (0.1s)
[2026-05-18 18:20:08] [OK] 第312章完成 (60.9s)
[2026-05-18 18:20:08] [OK] 第304章完成 (52.1s)
[2026-05-18 18:20:08] [OK] 第324章完成 (59.6s)
[2026-05-18 18:20:08] [OK] 第313章完成 (0.2s)
[2026-05-18 18:20:08] [OK] 第306章完成 (0.2s)
[2026-05-18 18:20:11] [OK] 第344章完成 (55.1s)
[2026-05-18 18:20:11] [OK] 第332章完成 (56.0s)
[2026-05-18 18:20:11] [OK] 第354章完成 (56.1s)
[2026-05-18 18:20:13] [OK] 第358章完成 (57.5s)
[2026-05-18 18:20:15] [OK] 第330章完成 (59.2s)
[2026-05-18 18:20:15] [OK] 第310章完成 (68.7s)
[2026-05-18 18:20:15] [OK] 第311章完成 (0.2s)
[2026-05-18 18:20:16] [OK] 第328章完成 (69.1s)
[2026-05-18 18:20:17] [OK] 第316章完成 (66.9s)
[2026-05-18 18:20:17] [OK] 第360章完成 (61.9s)
[2026-05-18 18:20:19] [OK] 第301章完成 (63.2s)
[2026-05-18 18:20:20] [OK] 第328章完成 (64.1s)
[2026-05-18 18:20:20] [OK] 第336章完成 (64.5s)
[2026-05-18 18:20:21] [OK] 第299章完成 (74.2s)
[2026-05-18 18:20:21] [OK] 第301章完成 (0.1s)
[2026-05-18 18:20:22] [OK] 第314章完成 (75.1s)
[2026-05-18 18:20:22] [OK] 第315章完成 (0.2s)
[2026-05-18 18:20:22] [OK] 第338章完成 (66.8s)
[2026-05-18 18:20:23] [OK] 第311章完成 (67.1s)
[2026-05-18 18:20:23] [OK] 第304章完成 (73.4s)
[2026-05-18 18:20:23] [OK] 第304章完成 (76.2s)
[2026-05-18 18:20:23] [OK] 第312章完成 (0.3s)
[2026-05-18 18:20:23] [OK] 第321章完成 (67.5s)
[2026-05-18 18:20:23] [OK] 第305章完成 (0.2s)
[2026-05-18 18:20:23] [OK] 第308章完成 (74.9s)
[2026-05-18 18:20:24] [OK] 第318章完成 (62.5s)
[2026-05-18 18:20:25] [OK] 第342章完成 (69.2s)
[2026-05-18 18:20:25] [OK] 第356章完成 (69.6s)
[2026-05-18 18:20:25] [OK] 第302章完成 (78.6s)
[2026-05-18 18:20:25] [OK] 第316章完成 (78.8s)
[2026-05-18 18:20:25] [OK] 第303章完成 (0.3s)
[2026-05-18 18:20:26] [OK] 第320章完成 (79.0s)
[2026-05-18 18:20:26] [OK] 第317章完成 (0.3s)
[2026-05-18 18:20:26] [OK] 第321章完成 (0.2s)
[2026-05-18 18:20:26] [OK] 第350章完成 (70.6s)
[2026-05-18 18:20:27] [OK] 第316章完成 (71.6s)
[2026-05-18 18:20:27] [OK] 第317章完成 (0.2s)
[2026-05-18 18:20:29] [OK] 第324章完成 (73.4s)
[2026-05-18 18:20:30] [OK] 第314章完成 (60.7s)
[2026-05-18 18:20:30] [OK] 第352章完成 (75.1s)
[2026-05-18 18:20:31] [OK] 第364章完成 (75.2s)
[2026-05-18 18:20:31] [OK] 第340章完成 (75.7s)
[2026-05-18 18:20:36] [OK] 第322章完成 (72.8s)
[2026-05-18 18:20:37] [OK] 第320章完成 (83.5s)
[2026-05-18 18:20:39] [OK] 第308章完成 (83.3s)
[2026-05-18 18:20:39] [OK] 第310章完成 (0.1s)
[2026-05-18 18:20:39] [OK] 第313章完成 (83.6s)
[2026-05-18 18:20:39] [OK] 第314章完成 (0.1s)
[2026-05-18 18:20:40] [OK] 第362章完成 (84.1s)
[2026-05-18 18:20:44] [OK] 第346章完成 (89.0s)
[2026-05-18 18:20:49] [OK] 第302章完成 (85.6s)
[2026-05-18 18:20:51] [OK] 第327章完成 (53.0s)
[2026-05-18 18:20:53] [OK] 第326章完成 (97.3s)
[2026-05-18 18:20:53] [OK] 第327章完成 (0.1s)
[2026-05-18 18:20:56] [OK] 第322章完成 (109.4s)
[2026-05-18 18:20:56] [OK] 第323章完成 (0.1s)
[2026-05-18 18:21:01] [OK] 第310章完成 (106.0s)
[2026-05-18 18:21:01] 累计: 成功120 | 失败0 | 速率11.0章/分钟
[2026-05-18 18:21:02] 本轮调度: 15个agent, 共30章, 剩余缺失1655章
[2026-05-18 18:21:03] [OK] 第359章完成 (50.5s)
[2026-05-18 18:21:04] [OK] 第334章完成 (108.7s)
[2026-05-18 18:21:08] [OK] 第325章完成 (65.6s)
[2026-05-18 18:21:10] [OK] 第308章完成 (123.8s)
[2026-05-18 18:21:11] [OK] 第309章完成 (0.1s)
[2026-05-18 18:21:13] [OK] 第329章完成 (54.0s)
[2026-05-18 18:21:16] [OK] 第361章完成 (58.6s)
[2026-05-18 18:21:16] [OK] 第337章完成 (56.3s)
[2026-05-18 18:21:16] [OK] 第343章完成 (51.8s)
[2026-05-18 18:21:17] [OK] 第355章完成 (65.7s)
[2026-05-18 18:21:20] [OK] 第357章完成 (54.6s)
[2026-05-18 18:21:20] [OK] 第349章完成 (73.8s)
[2026-05-18 18:21:21] [OK] 第331章完成 (66.6s)
[2026-05-18 18:21:22] [OK] 第329章完成 (66.0s)
[2026-05-18 18:21:22] 累计: 成功30 | 失败0 | 速率13.3章/分钟
[2026-05-18 18:21:23] 本轮调度: 15个agent, 共30章, 剩余缺失1644章
[2026-05-18 18:21:24] [OK] 第320章完成 (80.4s)
[2026-05-18 18:21:24] [OK] 第353章完成 (53.6s)
[2026-05-18 18:21:24] [OK] 第367章完成 (78.5s)
[2026-05-18 18:21:27] [OK] 第339章完成 (64.6s)
[2026-05-18 18:21:27] [OK] 第345章完成 (76.3s)
[2026-05-18 18:21:27] [OK] 第363章完成 (47.4s)
[2026-05-18 18:21:27] [OK] 第365章完成 (56.7s)
[2026-05-18 18:21:27] [OK] 第322章完成 (64.5s)
[2026-05-18 18:21:28] [OK] 第302章完成 (69.0s)
[2026-05-18 18:21:37] [OK] 第351章完成 (71.2s)
[2026-05-18 18:21:43] [OK] 第325章完成 (73.6s)
[2026-05-18 18:21:45] [OK] 第347章完成 (60.4s)
[2026-05-18 18:21:48] [OK] 第331章完成 (45.4s)
[2026-05-18 18:21:54] [OK] 第341章完成 (82.7s)
[2026-05-18 18:21:57] [OK] 第365章完成 (54.2s)
[2026-05-18 18:21:57] [OK] 第367章完成 (0.1s)
[2026-05-18 18:21:57] [OK] 第368章完成 (55.1s)
[2026-05-18 18:21:59] [OK] 第349章完成 (56.4s)
[2026-05-18 18:21:59] [OK] 第351章完成 (0.1s)
[2026-05-18 18:22:01] [OK] 第337章完成 (58.2s)
[2026-05-18 18:22:01] [OK] 第339章完成 (0.1s)
[2026-05-18 18:22:01] [OK] 第374章完成 (59.1s)
[2026-05-18 18:22:03] [OK] 第335章完成 (59.1s)
[2026-05-18 18:22:04] [OK] 第370章完成 (62.0s)
[2026-05-18 18:22:05] [OK] 第341章完成 (62.2s)
[2026-05-18 18:22:05] [OK] 第343章完成 (0.2s)
[2026-05-18 18:22:05] [OK] 第333章完成 (113.4s)
[2026-05-18 18:22:05] 累计: 成功60 | 失败0 | 速率21.2章/分钟
[2026-05-18 18:22:06] [OK] 第361章完成 (63.6s)
[2026-05-18 18:22:06] [OK] 第363章完成 (0.1s)
[2026-05-18 18:22:06] 本轮调度: 30个agent, 共60章, 剩余缺失1630章
[2026-05-18 18:22:08] [OK] 第334章完成 (65.6s)
[2026-05-18 18:22:09] [OK] 第335章完成 (0.8s)
[2026-05-18 18:22:09] [OK] 第353章完成 (66.7s)
[2026-05-18 18:22:09] [OK] 第355章完成 (0.3s)
[2026-05-18 18:22:10] [OK] 第339章完成 (47.3s)
[2026-05-18 18:22:11] [OK] 第341章完成 (0.2s)
[2026-05-18 18:22:11] [OK] 第385章完成 (48.1s)
[2026-05-18 18:22:16] [OK] 第375章完成 (52.3s)
[2026-05-18 18:22:20] [OK] 第357章完成 (77.2s)
[2026-05-18 18:22:20] [OK] 第359章完成 (0.1s)
[2026-05-18 18:22:22] [OK] 第325章完成 (79.1s)
[2026-05-18 18:22:22] [OK] 第329章完成 (0.1s)
[2026-05-18 18:22:23] [OK] 第383章完成 (59.4s)
[2026-05-18 18:22:24] [OK] 第369章完成 (61.0s)
[2026-05-18 18:22:24] [OK] 第370章完成 (0.1s)
[2026-05-18 18:22:25] [OK] 第372章完成 (82.3s)
[2026-05-18 18:22:25] [OK] 第373章完成 (61.6s)
[2026-05-18 18:22:25] [OK] 第373章完成 (0.1s)
[2026-05-18 18:22:25] [OK] 第374章完成 (0.1s)
[2026-05-18 18:22:26] [OK] 第345章完成 (83.4s)
[2026-05-18 18:22:26] [OK] 第347章完成 (0.2s)
[2026-05-18 18:22:27] [OK] 第333章完成 (64.2s)
[2026-05-18 18:22:27] [OK] 第335章完成 (0.1s)
[2026-05-18 18:22:28] [OK] 第381章完成 (65.2s)
[2026-05-18 18:22:30] [OK] 第363章完成 (66.4s)
[2026-05-18 18:22:30] [OK] 第365章完成 (0.1s)
[2026-05-18 18:22:33] [OK] 第379章完成 (69.7s)
[2026-05-18 18:22:34] [OK] 第367章完成 (70.4s)
[2026-05-18 18:22:34] [OK] 第368章完成 (0.2s)
[2026-05-18 18:22:39] [OK] 第351章完成 (75.7s)
[2026-05-18 18:22:39] [OK] 第353章完成 (0.1s)
[2026-05-18 18:22:51] [OK] 第345章完成 (87.6s)
[2026-05-18 18:22:51] [OK] 第347章完成 (0.1s)
[2026-05-18 18:22:55] [OK] 第369章完成 (57.2s)
[2026-05-18 18:22:56] [OK] 第397章完成 (49.6s)
[2026-05-18 18:22:56] [OK] 第377章完成 (49.8s)
[2026-05-18 18:22:59] [OK] 第409章完成 (52.6s)
[2026-05-18 18:22:59] [OK] 第411章完成 (53.3s)
[2026-05-18 18:23:00] [OK] 第379章完成 (54.0s)
[2026-05-18 18:23:00] [OK] 第372章完成 (54.2s)
[2026-05-18 18:23:00] [OK] 第373章完成 (0.1s)
[2026-05-18 18:23:02] [OK] 第423章完成 (55.5s)
[2026-05-18 18:23:02] [OK] 第407章完成 (55.7s)
[2026-05-18 18:23:03] [OK] 第371章完成 (58.2s)
[2026-05-18 18:23:03] [OK] 第333章完成 (75.1s)
[2026-05-18 18:23:05] [OK] 第393章完成 (58.9s)
[2026-05-18 18:23:05] [OK] 第425章完成 (59.0s)
[2026-05-18 18:23:06] [OK] 第371章完成 (103.0s)
[2026-05-18 18:23:06] [OK] 第372章完成 (0.1s)
[2026-05-18 18:23:08] [OK] 第405章完成 (62.0s)
[2026-05-18 18:23:09] [OK] 第389章完成 (62.4s)
[2026-05-18 18:23:09] [OK] 第385章完成 (62.8s)
[2026-05-18 18:23:09] [OK] 第383章完成 (63.0s)
[2026-05-18 18:23:09] [OK] 第417章完成 (63.3s)
[2026-05-18 18:23:41] ============================================================
[2026-05-18 18:23:41] Writer Scheduler 启动 | 并行: 30 | 每agent: 2章
[2026-05-18 18:23:41] ============================================================
[2026-05-18 18:23:41] 本轮调度: 30个agent, 共60章, 剩余缺失1593章
[2026-05-18 18:24:28] [OK] 第402章完成 (46.7s)
[2026-05-18 18:24:29] [OK] 第390章完成 (47.6s)
[2026-05-18 18:24:33] [OK] 第462章完成 (51.3s)
[2026-05-18 18:24:34] [OK] 第452章完成 (52.2s)
[2026-05-18 18:24:35] [OK] 第406章完成 (53.8s)
[2026-05-18 18:24:35] [OK] 第408章完成 (0.1s)
[2026-05-18 18:24:37] [OK] 第456章完成 (56.0s)
[2026-05-18 18:24:38] [OK] 第450章完成 (56.7s)
[2026-05-18 18:24:39] [OK] 第448章完成 (57.9s)
[2026-05-18 18:24:42] [OK] 第430章完成 (60.6s)
[2026-05-18 18:24:43] [OK] 第422章完成 (61.4s)
[2026-05-18 18:24:43] [OK] 第424章完成 (0.2s)
[2026-05-18 18:24:44] [OK] 第434章完成 (62.2s)
[2026-05-18 18:24:44] [OK] 第426章完成 (62.4s)
[2026-05-18 18:24:45] [OK] 第394章完成 (63.4s)
[2026-05-18 18:24:45] [OK] 第444章完成 (63.7s)
[2026-05-18 18:24:46] [OK] 第418章完成 (65.0s)
[2026-05-18 18:24:49] [OK] 第454章完成 (67.2s)
[2026-05-18 18:24:49] [OK] 第446章完成 (67.2s)
[2026-05-18 18:24:49] [OK] 第438章完成 (67.4s)
[2026-05-18 18:24:49] [OK] 第440章完成 (67.6s)
[2026-05-18 18:24:52] [OK] 第436章完成 (70.3s)
[2026-05-18 18:24:52] [OK] 第458章完成 (70.4s)
[2026-05-18 18:24:52] [OK] 第398章完成 (70.8s)
[2026-05-18 18:24:55] [OK] 第460章完成 (73.3s)
[2026-05-18 18:24:56] [OK] 第432章完成 (74.2s)
[2026-05-18 18:24:56] [OK] 第464章完成 (74.8s)
[2026-05-18 18:24:57] [OK] 第442章完成 (75.8s)
[2026-05-18 18:24:59] [OK] 第410章完成 (78.0s)
[2026-05-18 18:24:59] [OK] 第412章完成 (0.1s)
[2026-05-18 18:25:04] [OK] 第378章完成 (82.5s)
[2026-05-18 18:25:05] [OK] 第414章完成 (83.4s)
[2026-05-18 18:25:06] [OK] 第404章完成 (38.1s)
[2026-05-18 18:25:07] [OK] 第466章完成 (85.7s)
[2026-05-18 18:25:22] [OK] 第451章完成 (43.7s)
[2026-05-18 18:25:28] [OK] 第453章完成 (54.2s)
[2026-05-18 18:25:34] [OK] 第396章完成 (48.8s)
[2026-05-18 18:25:37] [OK] 第392章完成 (68.1s)
[2026-05-18 18:25:39] [OK] 第449章完成 (59.9s)
[2026-05-18 18:25:41] [OK] 第439章完成 (52.4s)
[2026-05-18 18:25:49] [OK] 第463章完成 (76.6s)
[2026-05-18 18:25:52] [OK] 第400章完成 (59.8s)
[2026-05-18 18:25:53] [OK] 第445章完成 (67.8s)
[2026-05-18 18:25:54] [OK] 第433章完成 (58.9s)
[2026-05-18 18:25:55] [OK] 第431章完成 (72.7s)
[2026-05-18 18:25:56] [OK] 第461章完成 (61.6s)
[2026-05-18 18:25:57] [OK] 第459章完成 (64.9s)
[2026-05-18 18:25:58] [OK] 第435章完成 (74.5s)
[2026-05-18 18:25:58] [OK] 第465章完成 (62.3s)
[2026-05-18 18:25:59] [OK] 第441章完成 (70.2s)
[2026-05-18 18:26:02] [OK] 第416章完成 (57.4s)
[2026-05-18 18:26:05] [OK] 第443章完成 (67.4s)
[2026-05-18 18:26:06] [OK] 第420章完成 (79.2s)
[2026-05-18 18:26:08] [OK] 第447章完成 (79.5s)
[2026-05-18 18:26:10] [OK] 第457章完成 (92.8s)
[2026-05-18 18:26:12] [OK] 第428章完成 (88.0s)
[2026-05-18 18:26:14] [OK] 第467章完成 (67.3s)
[2026-05-18 18:26:20] [OK] 第388章完成 (76.4s)
[2026-05-18 18:26:27] [OK] 第437章完成 (95.7s)
[2026-05-18 18:26:34] [OK] 第455章完成 (105.1s)
[2026-05-18 18:26:34] 累计: 成功60 | 失败0 | 速率20.9章/分钟
[2026-05-18 18:26:35] 本轮调度: 30个agent, 共60章, 剩余缺失1533章
[2026-05-18 18:27:16] [OK] 第504章完成 (40.8s)
[2026-05-18 18:27:24] [OK] 第490章完成 (48.8s)
[2026-05-18 18:27:25] [OK] 第518章完成 (49.5s)
[2026-05-18 18:27:26] [OK] 第476章完成 (50.6s)
[2026-05-18 18:27:33] [OK] 第526章完成 (57.4s)
[2026-05-18 18:27:34] [OK] 第512章完成 (58.7s)
[2026-05-18 18:27:34] [OK] 第468章完成 (59.1s)
[2026-05-18 18:27:34] [OK] 第470章完成 (59.3s)
[2026-05-18 18:27:35] [OK] 第494章完成 (59.3s)
[2026-05-18 18:27:36] [OK] 第500章完成 (60.6s)
[2026-05-18 18:27:38] [OK] 第482章完成 (62.6s)
[2026-05-18 18:27:38] [OK] 第524章完成 (63.0s)
[2026-05-18 18:27:39] [OK] 第486章完成 (63.4s)
[2026-05-18 18:27:39] [OK] 第478章完成 (63.9s)
[2026-05-18 18:27:39] [OK] 第496章完成 (64.2s)
[2026-05-18 18:27:41] [OK] 第522章完成 (65.4s)
[2026-05-18 18:27:41] [OK] 第488章完成 (66.2s)
[2026-05-18 18:27:42] [OK] 第492章完成 (66.3s)
[2026-05-18 18:27:42] [OK] 第472章完成 (66.5s)
[2026-05-18 18:27:44] [OK] 第506章完成 (69.0s)
[2026-05-18 18:27:45] [OK] 第480章完成 (69.4s)
[2026-05-18 18:27:45] [OK] 第516章完成 (70.2s)
[2026-05-18 18:27:47] [OK] 第510章完成 (72.0s)
[2026-05-18 18:27:52] [OK] 第474章完成 (77.0s)
[2026-05-18 18:27:54] [OK] 第502章完成 (79.1s)
[2026-05-18 18:27:57] [OK] 第484章完成 (82.1s)
[2026-05-18 18:28:02] [OK] 第514章完成 (87.0s)
[2026-05-18 18:28:03] [OK] 第498章完成 (87.5s)
[2026-05-18 18:28:04] [OK] 第520章完成 (88.4s)
[2026-05-18 18:28:05] [OK] 第508章完成 (89.5s)
[2026-05-18 18:28:12] [OK] 第505章完成 (56.1s)
[2026-05-18 18:28:22] [OK] 第477章完成 (56.3s)
[2026-05-18 18:28:26] [OK] 第489章完成 (44.9s)
[2026-05-18 18:28:28] [OK] 第527章完成 (55.0s)
[2026-05-18 18:28:29] [OK] 第519章完成 (63.9s)
[2026-05-18 18:28:30] [OK] 第479章完成 (50.4s)
[2026-05-18 18:28:40] [OK] 第483章完成 (62.0s)
[2026-05-18 18:28:41] [OK] 第507章完成 (56.6s)
[2026-05-18 18:28:42] [OK] 第525章完成 (63.8s)
[2026-05-18 18:28:42] [OK] 第475章完成 (50.0s)
[2026-05-18 18:28:43] [OK] 第501章完成 (67.6s)
[2026-05-18 18:28:43] [OK] 第473章完成 (61.8s)
[2026-05-18 18:28:44] [OK] 第491章完成 (80.0s)
[2026-05-18 18:28:45] [OK] 第513章完成 (70.7s)
[2026-05-18 18:28:47] [OK] 第469章完成 (72.3s)
[2026-05-18 18:28:48] [OK] 第495章完成 (73.8s)
[2026-05-18 18:28:48] [OK] 第523章完成 (67.7s)
[2026-05-18 18:28:49] [OK] 第471章完成 (75.0s)
[2026-05-18 18:28:52] [OK] 第487章完成 (73.2s)
[2026-05-18 18:28:55] [OK] 第493章完成 (73.0s)
[2026-05-18 18:28:57] [OK] 第517章完成 (71.2s)
[2026-05-18 18:28:59] [OK] 第515章完成 (56.3s)
[2026-05-18 18:29:02] [OK] 第503章完成 (67.4s)
[2026-05-18 18:29:03] [OK] 第511章完成 (76.0s)
[2026-05-18 18:29:05] [OK] 第521章完成 (61.6s)
[2026-05-18 18:29:07] [OK] 第499章完成 (64.7s)
[2026-05-18 18:29:14] [OK] 第481章完成 (88.9s)
[2026-05-18 18:29:20] [OK] 第509章完成 (75.2s)
[2026-05-18 18:29:20] [OK] 第497章完成 (100.8s)
[2026-05-18 18:29:25] [OK] 第485章完成 (87.7s)
[2026-05-18 18:29:25] 累计: 成功120 | 失败0 | 速率20.9章/分钟
[2026-05-18 18:29:26] 本轮调度: 30个agent, 共60章, 剩余缺失1473章
[2026-05-18 18:30:12] [OK] 第532章完成 (45.9s)
[2026-05-18 18:30:13] [OK] 第550章完成 (47.1s)
[2026-05-18 18:30:14] [OK] 第542章完成 (48.2s)
[2026-05-18 18:30:15] [OK] 第564章完成 (48.9s)
[2026-05-18 18:30:18] [OK] 第584章完成 (52.0s)
[2026-05-18 18:30:20] [OK] 第566章完成 (53.8s)
[2026-05-18 18:30:21] [OK] 第586章完成 (54.7s)
[2026-05-18 18:30:21] [OK] 第576章完成 (55.0s)
[2026-05-18 18:30:23] [OK] 第538章完成 (56.8s)
[2026-05-18 18:30:23] [OK] 第574章完成 (56.9s)
[2026-05-18 18:30:23] [OK] 第578章完成 (57.2s)
[2026-05-18 18:30:26] [OK] 第572章完成 (59.5s)
[2026-05-18 18:30:27] [OK] 第546章完成 (61.1s)
[2026-05-18 18:30:28] [OK] 第570章完成 (62.1s)
[2026-05-18 18:30:30] [OK] 第582章完成 (64.1s)
[2026-05-18 18:30:30] [OK] 第580章完成 (64.2s)
[2026-05-18 18:30:31] [OK] 第556章完成 (64.6s)
[2026-05-18 18:30:31] [OK] 第562章完成 (64.6s)
[2026-05-18 18:30:33] [OK] 第554章完成 (66.9s)
[2026-05-18 18:30:33] [OK] 第548章完成 (67.2s)
[2026-05-18 18:30:33] [OK] 第552章完成 (67.4s)
[2026-05-18 18:30:34] [OK] 第560章完成 (67.9s)
[2026-05-18 18:30:37] [OK] 第558章完成 (70.6s)
[2026-05-18 18:30:37] [OK] 第528章完成 (71.1s)
[2026-05-18 18:30:37] [OK] 第540章完成 (71.4s)
[2026-05-18 18:30:42] [OK] 第568章完成 (76.2s)
[2026-05-18 18:30:43] [OK] 第530章完成 (76.7s)
[2026-05-18 18:30:49] [OK] 第534章完成 (83.1s)
[2026-05-18 18:30:50] [OK] 第544章完成 (84.2s)
[2026-05-18 18:30:55] [OK] 第536章完成 (89.1s)
[2026-05-18 18:31:07] [OK] 第585章完成 (48.6s)
[2026-05-18 18:31:09] [OK] 第543章完成 (54.7s)
[2026-05-18 18:31:13] [OK] 第533章完成 (61.5s)
[2026-05-18 18:31:18] [OK] 第573章完成 (52.0s)
[2026-05-18 18:31:18] [OK] 第577章完成 (57.0s)
[2026-05-18 18:31:21] [OK] 第539章完成 (58.3s)
[2026-05-18 18:31:22] [OK] 第583章完成 (51.5s)
[2026-05-18 18:31:24] [OK] 第587章完成 (63.0s)
[2026-05-18 18:31:25] [OK] 第541章完成 (47.9s)
[2026-05-18 18:31:26] [OK] 第579章完成 (62.3s)
[2026-05-18 18:31:30] [OK] 第559章完成 (53.3s)
[2026-05-18 18:31:30] [OK] 第549章完成 (56.8s)
[2026-05-18 18:31:32] [OK] 第575章完成 (69.3s)
[2026-05-18 18:31:32] [OK] 第551章完成 (79.3s)
[2026-05-18 18:31:35] [OK] 第561章完成 (60.6s)
[2026-05-18 18:31:35] [OK] 第581章完成 (64.7s)
[2026-05-18 18:31:36] [OK] 第547章完成 (68.8s)
[2026-05-18 18:31:36] [OK] 第563章完成 (65.4s)
[2026-05-18 18:31:36] [OK] 第529章完成 (59.2s)
[2026-05-18 18:31:37] [OK] 第565章完成 (82.3s)
[2026-05-18 18:31:43] [OK] 第571章完成 (74.9s)
[2026-05-18 18:31:44] [OK] 第545章完成 (54.0s)
[2026-05-18 18:31:50] [OK] 第553章完成 (77.0s)
[2026-05-18 18:31:51] [OK] 第567章完成 (90.9s)
[2026-05-18 18:31:52] [OK] 第557章完成 (81.3s)
[2026-05-18 18:31:54] [OK] 第569章完成 (71.5s)
[2026-05-18 18:31:56] [OK] 第531章完成 (73.5s)
[2026-05-18 18:32:01] [OK] 第555章完成 (87.7s)
[2026-05-18 18:32:01] [OK] 第535章完成 (71.6s)
[2026-05-18 18:32:09] [OK] 第537章完成 (73.6s)
[2026-05-18 18:32:09] 累计: 成功180 | 失败0 | 速率21.3章/分钟
[2026-05-18 18:32:10] 本轮调度: 30个agent, 共60章, 剩余缺失1413章
[2026-05-18 18:33:00] [OK] 第634章完成 (49.5s)
[2026-05-18 18:33:02] [OK] 第590章完成 (51.4s)
[2026-05-18 18:33:03] [OK] 第606章完成 (53.3s)
[2026-05-18 18:33:07] [OK] 第598章完成 (56.9s)
[2026-05-18 18:33:07] [OK] 第614章完成 (57.0s)
[2026-05-18 18:33:08] [OK] 第646章完成 (57.4s)
[2026-05-18 18:33:08] [OK] 第624章完成 (57.8s)
[2026-05-18 18:33:09] [OK] 第604章完成 (58.9s)
[2026-05-18 18:33:10] [OK] 第642章完成 (59.7s)
[2026-05-18 18:33:11] [OK] 第608章完成 (61.2s)
[2026-05-18 18:33:11] [OK] 第594章完成 (61.2s)
[2026-05-18 18:33:14] [OK] 第640章完成 (63.3s)
[2026-05-18 18:33:14] [OK] 第588章完成 (63.9s)
[2026-05-18 18:33:14] [OK] 第610章完成 (64.3s)
[2026-05-18 18:33:15] [OK] 第596章完成 (64.8s)
[2026-05-18 18:33:15] [OK] 第592章完成 (64.9s)
[2026-05-18 18:33:16] [OK] 第602章完成 (65.6s)
[2026-05-18 18:33:17] [OK] 第622章完成 (66.4s)
[2026-05-18 18:33:18] [OK] 第620章完成 (67.9s)
[2026-05-18 18:33:19] [OK] 第630章完成 (68.7s)
[2026-05-18 18:33:20] [OK] 第612章完成 (69.9s)
[2026-05-18 18:33:23] [OK] 第616章完成 (73.1s)
[2026-05-18 18:33:26] [OK] 第632章完成 (76.2s)
[2026-05-18 18:33:27] [OK] 第618章完成 (77.0s)
[2026-05-18 18:33:32] [OK] 第636章完成 (82.0s)
[2026-05-18 18:33:35] [OK] 第628章完成 (85.0s)
[2026-05-18 18:33:36] [OK] 第626章完成 (85.3s)
[2026-05-18 18:33:44] [OK] 第644章完成 (93.8s)
[2026-05-18 18:33:44] [OK] 第600章完成 (94.0s)
[2026-05-18 18:33:53] [OK] 第635章完成 (53.4s)
[2026-05-18 18:33:56] [OK] 第615章完成 (48.6s)
[2026-05-18 18:33:58] [OK] 第647章完成 (50.5s)
[2026-05-18 18:33:58] [OK] 第607章完成 (55.0s)
[2026-05-18 18:34:01] [OK] 第599章完成 (54.3s)
[2026-05-18 18:34:07] [OK] 第643章完成 (57.1s)
[2026-05-18 18:34:07] [OK] 第593章完成 (52.4s)
[2026-05-18 18:34:08] [OK] 第631章完成 (49.1s)
[2026-05-18 18:34:11] [OK] 第591章完成 (69.7s)
[2026-05-18 18:34:14] [OK] 第638章完成 (123.4s)
[2026-05-18 18:34:15] [OK] 第623章完成 (57.9s)
[2026-05-18 18:34:15] [OK] 第605章完成 (66.2s)
[2026-05-18 18:34:16] [OK] 第613章完成 (55.6s)
[2026-05-18 18:34:18] [OK] 第595章完成 (66.8s)
[2026-05-18 18:34:18] [OK] 第621章完成 (60.3s)
[2026-05-18 18:34:19] [OK] 第609章完成 (67.4s)
[2026-05-18 18:34:19] [OK] 第617章完成 (55.9s)
[2026-05-18 18:34:25] [OK] 第641章完成 (71.8s)
[2026-05-18 18:34:26] [OK] 第603章完成 (69.8s)
[2026-05-18 18:34:27] [OK] 第625章完成 (78.7s)
[2026-05-18 18:34:29] [OK] 第627章完成 (52.9s)
[2026-05-18 18:34:29] [OK] 第619章完成 (61.4s)
[2026-05-18 18:34:31] [OK] 第589章完成 (77.2s)
[2026-05-18 18:34:33] [OK] 第611章完成 (78.4s)
[2026-05-18 18:34:34] [OK] 第597章完成 (78.9s)
[2026-05-18 18:34:36] [OK] 第633章完成 (69.4s)
[2026-05-18 18:34:41] [OK] 第637章完成 (69.2s)
[2026-05-18 18:34:48] [OK] 第601章完成 (64.0s)
[2026-05-18 18:34:56] [OK] 第629章完成 (80.6s)
[2026-05-18 18:34:59] [OK] 第645章完成 (74.9s)
[2026-05-18 18:35:10] [OK] 第639章完成 (56.7s)
[2026-05-18 18:35:10] 累计: 成功240 | 失败0 | 速率20.9章/分钟
[2026-05-18 18:35:11] 本轮调度: 30个agent, 共60章, 剩余缺失1353章
[2026-05-18 18:35:59] [OK] 第650章完成 (48.1s)
[2026-05-18 18:36:00] [OK] 第658章完成 (48.9s)
[2026-05-18 18:36:01] [OK] 第686章完成 (50.0s)
[2026-05-18 18:36:02] [OK] 第664章完成 (50.2s)
[2026-05-18 18:36:02] [OK] 第688章完成 (50.8s)
[2026-05-18 18:36:03] [OK] 第670章完成 (51.2s)
[2026-05-18 18:36:04] [OK] 第654章完成 (52.7s)
[2026-05-18 18:36:05] [OK] 第692章完成 (54.0s)
[2026-05-18 18:36:07] [OK] 第666章完成 (56.2s)
[2026-05-18 18:36:08] [OK] 第702章完成 (56.8s)
[2026-05-18 18:36:09] [OK] 第656章完成 (57.4s)
[2026-05-18 18:36:10] [OK] 第690章完成 (58.8s)
[2026-05-18 18:36:10] [OK] 第684章完成 (59.1s)
[2026-05-18 18:36:12] [OK] 第674章完成 (60.8s)
[2026-05-18 18:36:14] [OK] 第696章完成 (62.3s)
[2026-05-18 18:36:14] [OK] 第668章完成 (62.5s)
[2026-05-18 18:36:17] [OK] 第682章完成 (65.9s)
[2026-05-18 18:36:19] [OK] 第698章完成 (67.4s)
[2026-05-18 18:36:19] [OK] 第694章完成 (67.8s)
[2026-05-18 18:36:20] [OK] 第676章完成 (68.7s)
[2026-05-18 18:36:21] [OK] 第706章完成 (69.6s)
[2026-05-18 18:36:22] [OK] 第652章完成 (70.8s)
[2026-05-18 18:36:24] [OK] 第700章完成 (73.1s)
[2026-05-18 18:36:25] [OK] 第678章完成 (73.7s)
[2026-05-18 18:36:26] [OK] 第662章完成 (74.2s)
[2026-05-18 18:36:27] [OK] 第704章完成 (75.9s)
[2026-05-18 18:36:27] [OK] 第660章完成 (76.2s)
[2026-05-18 18:36:31] [OK] 第672章完成 (79.8s)
[2026-05-18 18:36:32] [OK] 第648章完成 (81.2s)
[2026-05-18 18:36:42] [OK] 第685章完成 (31.8s)
[2026-05-18 18:36:44] [OK] 第680章完成 (92.9s)
[2026-05-18 18:36:52] [OK] 第675章完成 (39.5s)
[2026-05-18 18:36:52] [OK] 第659章完成 (52.0s)
[2026-05-18 18:37:00] [OK] 第651章完成 (60.4s)
[2026-05-18 18:37:01] [OK] 第687章完成 (59.7s)
[2026-05-18 18:37:02] [OK] 第671章完成 (59.6s)
[2026-05-18 18:37:07] [OK] 第665章完成 (65.1s)
[2026-05-18 18:37:07] [OK] 第657章完成 (58.2s)
[2026-05-18 18:37:08] [OK] 第667章完成 (60.4s)
[2026-05-18 18:37:08] [OK] 第691章完成 (58.0s)
[2026-05-18 18:37:08] [OK] 第693章完成 (63.0s)
[2026-05-18 18:37:10] [OK] 第669章完成 (55.7s)
[2026-05-18 18:37:15] [OK] 第677章完成 (54.7s)
[2026-05-18 18:37:15] [OK] 第703章完成 (67.3s)
[2026-05-18 18:37:17] [OK] 第695章完成 (58.2s)
[2026-05-18 18:37:17] [OK] 第655章完成 (73.5s)
[2026-05-18 18:37:23] [OK] 第679章完成 (58.2s)
[2026-05-18 18:37:24] [FAIL] 第653章失败: unknown
[2026-05-18 18:37:27] [OK] 第661章完成 (60.0s)
[2026-05-18 18:37:28] [OK] 第705章完成 (61.2s)
[2026-05-18 18:37:30] [OK] 第697章完成 (76.1s)
[2026-05-18 18:37:32] [OK] 第707章完成 (71.4s)
[2026-05-18 18:37:34] [OK] 第689章完成 (91.6s)
[2026-05-18 18:37:34] [OK] 第699章完成 (75.6s)
[2026-05-18 18:37:37] [OK] 第649章完成 (64.4s)
[2026-05-18 18:37:44] [OK] 第673章完成 (72.6s)
[2026-05-18 18:37:46] [OK] 第701章完成 (81.2s)
[2026-05-18 18:37:53] [OK] 第683章完成 (96.2s)
[2026-05-18 18:37:54] [OK] 第663章完成 (88.6s)
[2026-05-18 18:38:16] [OK] 第681章完成 (91.9s)
[2026-05-18 18:38:16] 累计: 成功299 | 失败1 | 速率20.5章/分钟
[2026-05-18 18:38:18] 本轮调度: 30个agent, 共60章, 剩余缺失1294章
[2026-05-18 18:39:06] [OK] 第717章完成 (48.9s)
[2026-05-18 18:39:11] [OK] 第709章完成 (53.7s)
[2026-05-18 18:39:11] [OK] 第721章完成 (53.8s)
[2026-05-18 18:39:17] [OK] 第723章完成 (59.5s)
[2026-05-18 18:39:17] [OK] 第713章完成 (59.9s)
[2026-05-18 18:39:18] [OK] 第653章完成 (60.0s)
[2026-05-18 18:39:18] [OK] 第743章完成 (59.9s)
[2026-05-18 18:39:18] [OK] 第747章完成 (60.5s)
[2026-05-18 18:39:19] [OK] 第719章完成 (61.3s)
[2026-05-18 18:39:19] [OK] 第739章完成 (61.4s)
[2026-05-18 18:39:19] [OK] 第735章完成 (61.9s)
[2026-05-18 18:39:20] [OK] 第763章完成 (62.0s)
[2026-05-18 18:39:23] [OK] 第749章完成 (65.7s)
[2026-05-18 18:39:25] [OK] 第737章完成 (67.1s)
[2026-05-18 18:39:26] [OK] 第753章完成 (68.5s)
[2026-05-18 18:39:28] [OK] 第759章完成 (70.8s)
[2026-05-18 18:39:29] [OK] 第711章完成 (71.0s)
[2026-05-18 18:39:31] [OK] 第761章完成 (73.6s)
[2026-05-18 18:39:32] [OK] 第755章完成 (74.5s)
[2026-05-18 18:39:34] [OK] 第725章完成 (76.0s)
[2026-05-18 18:39:34] [OK] 第733章完成 (76.7s)
[2026-05-18 18:39:35] [OK] 第727章完成 (77.8s)
[2026-05-18 18:39:36] [OK] 第715章完成 (78.6s)
[2026-05-18 18:39:38] [FAIL] 第751章失败: unknown
[2026-05-18 18:39:40] [OK] 第741章完成 (82.7s)
[2026-05-18 18:39:41] [OK] 第765章完成 (83.0s)
[2026-05-18 18:39:41] [OK] 第729章完成 (83.1s)
[2026-05-18 18:39:41] [OK] 第757章完成 (83.5s)
[2026-05-18 18:40:04] [OK] 第736章完成 (44.2s)
[2026-05-18 18:40:05] [OK] 第745章完成 (107.1s)
[2026-05-18 18:40:06] [OK] 第718章完成 (59.2s)
[2026-05-18 18:40:12] [OK] 第744章完成 (54.0s)
[2026-05-18 18:40:14] [OK] 第748章完成 (56.0s)
[2026-05-18 18:40:17] [OK] 第724章完成 (60.0s)
[2026-05-18 18:40:18] [OK] 第722章完成 (66.8s)
[2026-05-18 18:40:21] [OK] 第740章完成 (62.4s)
[2026-05-18 18:40:22] [OK] 第714章完成 (64.6s)
[2026-05-18 18:40:25] [OK] 第752章完成 (47.1s)
[2026-05-18 18:40:26] [OK] 第710章完成 (74.3s)
[2026-05-18 18:40:26] [OK] 第754章完成 (59.4s)
[2026-05-18 18:40:26] [OK] 第756章完成 (54.3s)
[2026-05-18 18:40:27] [OK] 第708章完成 (69.1s)
[2026-05-18 18:40:27] [OK] 第760章完成 (58.5s)
[2026-05-18 18:40:28] [OK] 第712章完成 (59.0s)
[2026-05-18 18:40:31] [OK] 第731章完成 (133.6s)
[2026-05-18 18:40:33] [OK] 第750章完成 (69.3s)
[2026-05-18 18:40:33] [OK] 第764章完成 (73.6s)
[2026-05-18 18:40:35] [OK] 第716章完成 (58.8s)
[2026-05-18 18:40:38] [OK] 第734章完成 (63.2s)
[2026-05-18 18:40:39] [OK] 第726章完成 (65.5s)
[2026-05-18 18:40:39] [OK] 第742章完成 (59.0s)
[2026-05-18 18:40:40] [OK] 第728章完成 (64.8s)
[2026-05-18 18:40:41] [OK] 第738章完成 (76.5s)
[2026-05-18 18:40:53] [OK] 第758章完成 (72.2s)
[2026-05-18 18:40:55] [OK] 第720章完成 (96.6s)
[2026-05-18 18:41:12] [OK] 第762章完成 (100.3s)
[2026-05-18 18:41:15] [OK] 第746章完成 (70.5s)
[2026-05-18 18:41:18] [OK] 第730章完成 (96.9s)
[2026-05-18 18:41:21] [OK] 第766章完成 (100.3s)
[2026-05-18 18:41:41] [OK] 第732章完成 (69.8s)
[2026-05-18 18:41:41] 累计: 成功358 | 失败2 | 速率19.9章/分钟
[2026-05-18 18:41:42] 本轮调度: 30个agent, 共60章, 剩余缺失1235章
[2026-05-18 18:42:31] [OK] 第814章完成 (49.3s)
[2026-05-18 18:42:31] [OK] 第786章完成 (49.5s)
[2026-05-18 18:42:32] [OK] 第782章完成 (49.5s)
[2026-05-18 18:42:34] [OK] 第820章完成 (51.6s)
[2026-05-18 18:42:35] [OK] 第810章完成 (52.7s)
[2026-05-18 18:42:37] [OK] 第822章完成 (55.2s)
[2026-05-18 18:42:37] [OK] 第824章完成 (55.4s)
[2026-05-18 18:42:38] [OK] 第796章完成 (55.9s)
[2026-05-18 18:42:39] [OK] 第818章完成 (57.3s)
[2026-05-18 18:42:40] [OK] 第774章完成 (57.7s)
[2026-05-18 18:42:40] [OK] 第780章完成 (58.1s)
[2026-05-18 18:42:40] [OK] 第804章完成 (58.4s)
[2026-05-18 18:42:41] [OK] 第772章完成 (58.5s)
[2026-05-18 18:42:43] [OK] 第792章完成 (60.9s)
[2026-05-18 18:42:43] [OK] 第790章完成 (61.3s)
[2026-05-18 18:42:44] [OK] 第794章完成 (62.4s)
[2026-05-18 18:42:45] [OK] 第784章完成 (63.1s)
[2026-05-18 18:42:46] [OK] 第770章完成 (63.6s)
[2026-05-18 18:42:46] [OK] 第808章完成 (64.3s)
[2026-05-18 18:42:48] [OK] 第802章完成 (65.6s)
[2026-05-18 18:42:49] [OK] 第768章完成 (67.0s)
[2026-05-18 18:42:50] [OK] 第812章完成 (68.4s)
[2026-05-18 18:42:53] [OK] 第816章完成 (71.1s)
[2026-05-18 18:42:55] [OK] 第776章完成 (73.0s)
[2026-05-18 18:42:56] [OK] 第806章完成 (74.4s)
[2026-05-18 18:42:57] [OK] 第778章完成 (75.3s)
[2026-05-18 18:42:59] [OK] 第800章完成 (76.7s)
[2026-05-18 18:42:59] [OK] 第751章完成 (76.9s)
[2026-05-18 18:43:00] [FAIL] 第798章失败: unknown
[2026-05-18 18:43:09] [OK] 第788章完成 (86.7s)
[2026-05-18 18:43:24] [OK] 第783章完成 (52.3s)
[2026-05-18 18:43:26] [OK] 第819章完成 (46.5s)
[2026-05-18 18:43:26] [OK] 第825章完成 (48.5s)
[2026-05-18 18:43:28] [OK] 第821章完成 (54.5s)
[2026-05-18 18:43:28] [OK] 第811章完成 (53.6s)
[2026-05-18 18:43:32] [OK] 第805章完成 (51.9s)
[2026-05-18 18:43:32] [OK] 第781章完成 (52.3s)
[2026-05-18 18:43:32] [OK] 第809章完成 (46.1s)
[2026-05-18 18:43:39] [OK] 第803章完成 (50.9s)
[2026-05-18 18:43:44] [OK] 第793章完成 (60.8s)
[2026-05-18 18:43:47] [OK] 第807章完成 (50.7s)
[2026-05-18 18:43:49] [OK] 第771章完成 (63.0s)
[2026-05-18 18:43:51] [OK] 第791章完成 (67.4s)
[2026-05-18 18:43:51] [OK] 第779章完成 (54.0s)
[2026-05-18 18:43:52] [OK] 第769章完成 (63.0s)
[2026-05-18 18:43:52] [OK] 第787章完成 (80.8s)
[2026-05-18 18:43:56] [OK] 第797章完成 (78.0s)
[2026-05-18 18:43:56] [OK] 第817章完成 (62.9s)
[2026-05-18 18:43:56] [OK] 第777章完成 (61.5s)
[2026-05-18 18:43:58] [OK] 第801章完成 (59.2s)
[2026-05-18 18:43:59] [OK] 第795章完成 (74.9s)
[2026-05-18 18:43:59] [OK] 第815章完成 (88.2s)
[2026-05-18 18:44:01] [OK] 第823章完成 (83.5s)
[2026-05-18 18:44:03] [OK] 第813章完成 (73.0s)
[2026-05-18 18:44:10] [OK] 第767章完成 (71.5s)
[2026-05-18 18:44:16] [OK] 第789章完成 (67.0s)
[2026-05-18 18:44:21] [OK] 第775章完成 (101.7s)
[2026-05-18 18:44:26] [OK] 第785章完成 (100.5s)
[2026-05-18 18:44:35] [OK] 第799章完成 (94.8s)
[2026-05-18 18:44:58] [OK] 第773章完成 (137.5s)
[2026-05-18 18:44:58] 累计: 成功417 | 失败3 | 速率19.6章/分钟
[2026-05-18 18:45:00] 本轮调度: 30个agent, 共60章, 剩余缺失1176章
[2026-05-18 18:45:46] [OK] 第869章完成 (46.1s)
[2026-05-18 18:45:53] [OK] 第847章完成 (53.2s)
[2026-05-18 18:45:54] [OK] 第851章完成 (54.6s)
[2026-05-18 18:45:54] [OK] 第873章完成 (54.9s)
[2026-05-18 18:45:55] [OK] 第843章完成 (55.2s)
[2026-05-18 18:45:56] [OK] 第877章完成 (56.9s)
[2026-05-18 18:45:57] [OK] 第849章完成 (57.6s)
[2026-05-18 18:45:58] [OK] 第829章完成 (58.5s)
[2026-05-18 18:45:59] [OK] 第865章完成 (59.1s)
[2026-05-18 18:45:59] [OK] 第863章完成 (59.8s)
[2026-05-18 18:46:00] [OK] 第845章完成 (60.2s)
[2026-05-18 18:46:03] [OK] 第798章完成 (63.1s)
[2026-05-18 18:46:03] [OK] 第831章完成 (63.8s)
[2026-05-18 18:46:04] [OK] 第855章完成 (64.0s)
[2026-05-18 18:46:04] [OK] 第871章完成 (64.0s)
[2026-05-18 18:46:04] [OK] 第867章完成 (64.1s)
[2026-05-18 18:46:04] [OK] 第837章完成 (64.3s)
[2026-05-18 18:46:04] [OK] 第857章完成 (64.6s)
[2026-05-18 18:46:05] [OK] 第827章完成 (65.7s)
[2026-05-18 18:46:11] [OK] 第839章完成 (71.2s)
[2026-05-18 18:46:12] [OK] 第853章完成 (72.2s)
[2026-05-18 18:46:12] [OK] 第835章完成 (72.8s)
[2026-05-18 18:46:12] [OK] 第883章完成 (72.9s)
[2026-05-18 18:46:13] [OK] 第879章完成 (73.3s)
[2026-05-18 18:46:14] [OK] 第861章完成 (74.0s)
[2026-05-18 18:46:14] [OK] 第875章完成 (74.3s)
[2026-05-18 18:46:14] [FAIL] 第841章失败: unknown
[2026-05-18 18:46:15] [OK] 第833章完成 (75.7s)
[2026-05-18 18:46:27] [OK] 第859章完成 (87.1s)
[2026-05-18 18:46:27] [OK] 第881章完成 (87.6s)
[2026-05-18 18:46:42] [OK] 第852章完成 (48.0s)
[2026-05-18 18:46:53] [OK] 第844章完成 (58.6s)
[2026-05-18 18:46:54] [OK] 第866章完成 (55.6s)
[2026-05-18 18:46:55] [OK] 第870章完成 (68.9s)
[2026-05-18 18:46:57] [OK] 第868章完成 (53.3s)
[2026-05-18 18:46:59] [OK] 第838章完成 (55.1s)
[2026-05-18 18:46:59] [OK] 第848章完成 (66.5s)
[2026-05-18 18:47:00] [OK] 第878章完成 (63.8s)
[2026-05-18 18:47:01] [OK] 第826章完成 (58.8s)
[2026-05-18 18:47:02] [OK] 第840章完成 (51.2s)
[2026-05-18 18:47:03] [OK] 第828章完成 (57.5s)
[2026-05-18 18:47:04] [OK] 第850章完成 (66.4s)
[2026-05-18 18:47:04] [OK] 第872章完成 (60.2s)
[2026-05-18 18:47:04] [OK] 第880章完成 (51.4s)
[2026-05-18 18:47:04] [OK] 第854章完成 (52.6s)
[2026-05-18 18:47:05] [OK] 第864章完成 (65.2s)
[2026-05-18 18:47:06] [OK] 第856章完成 (62.0s)
[2026-05-18 18:47:06] [OK] 第858章完成 (61.5s)
[2026-05-18 18:47:06] [OK] 第884章完成 (53.3s)
[2026-05-18 18:47:06] [OK] 第846章完成 (66.2s)
[2026-05-18 18:47:10] [OK] 第830章完成 (71.8s)
[2026-05-18 18:47:11] [OK] 第842章完成 (56.5s)
[2026-05-18 18:47:13] [OK] 第876章完成 (59.0s)
[2026-05-18 18:47:17] [OK] 第832章完成 (73.3s)
[2026-05-18 18:47:17] [OK] 第836章完成 (64.3s)
[2026-05-18 18:47:17] [OK] 第834章完成 (61.9s)
[2026-05-18 18:47:27] [OK] 第874章完成 (92.5s)
[2026-05-18 18:47:27] [OK] 第882章完成 (60.2s)
[2026-05-18 18:47:31] [OK] 第862章完成 (77.7s)
[2026-05-18 18:47:32] [OK] 第860章完成 (65.5s)
[2026-05-18 18:47:32] 累计: 成功476 | 失败4 | 速率20.0章/分钟
[2026-05-18 18:47:33] 本轮调度: 30个agent, 共60章, 剩余缺失1117章
[2026-05-18 18:48:23] [OK] 第898章完成 (49.8s)
[2026-05-18 18:48:23] [OK] 第908章完成 (50.0s)
[2026-05-18 18:48:24] [OK] 第936章完成 (50.2s)
[2026-05-18 18:48:27] [OK] 第934章完成 (53.7s)
[2026-05-18 18:48:27] [OK] 第896章完成 (53.8s)
[2026-05-18 18:48:29] [OK] 第942章完成 (55.9s)
[2026-05-18 18:48:30] [OK] 第924章完成 (56.5s)
[2026-05-18 18:48:30] [OK] 第892章完成 (56.8s)
[2026-05-18 18:48:31] [OK] 第894章完成 (57.4s)
[2026-05-18 18:48:31] [OK] 第916章完成 (57.8s)
[2026-05-18 18:48:32] [OK] 第940章完成 (58.3s)
[2026-05-18 18:48:33] [OK] 第912章完成 (59.9s)
[2026-05-18 18:48:34] [OK] 第914章完成 (60.3s)
[2026-05-18 18:48:34] [OK] 第926章完成 (60.4s)
[2026-05-18 18:48:34] [OK] 第890章完成 (60.7s)
[2026-05-18 18:48:34] [OK] 第930章完成 (60.8s)
[2026-05-18 18:48:34] [OK] 第906章完成 (60.9s)
[2026-05-18 18:48:34] [OK] 第928章完成 (60.9s)
[2026-05-18 18:48:34] [OK] 第888章完成 (61.2s)
[2026-05-18 18:48:36] [OK] 第932章完成 (62.4s)
[2026-05-18 18:48:40] [OK] 第920章完成 (67.2s)
[2026-05-18 18:48:47] [OK] 第886章完成 (73.9s)
[2026-05-18 18:48:47] [OK] 第938章完成 (74.1s)
[2026-05-18 18:48:49] [OK] 第904章完成 (75.3s)
[2026-05-18 18:48:52] [OK] 第902章完成 (78.8s)
[2026-05-18 18:48:53] [OK] 第922章完成 (79.6s)
[2026-05-18 18:48:56] [FAIL] 第900章失败: unknown
[2026-05-18 18:49:10] [OK] 第943章完成 (40.5s)
[2026-05-18 18:49:15] [OK] 第841章完成 (101.5s)
[2026-05-18 18:49:19] [OK] 第918章完成 (106.0s)
[2026-05-18 18:49:21] [OK] 第935章完成 (53.7s)
[2026-05-18 18:49:22] [OK] 第893章完成 (51.5s)
[2026-05-18 18:49:24] [OK] 第899章完成 (60.9s)
[2026-05-18 18:49:26] [OK] 第910章完成 (113.0s)
[2026-05-18 18:49:29] [OK] 第897章完成 (61.9s)
[2026-05-18 18:49:29] [OK] 第909章完成 (65.8s)
[2026-05-18 18:49:36] [OK] 第887章完成 (48.4s)
[2026-05-18 18:49:36] [OK] 第931章完成 (61.5s)
[2026-05-18 18:49:41] [OK] 第937章完成 (77.3s)
[2026-05-18 18:49:42] [OK] 第933章完成 (66.8s)
[2026-05-18 18:49:43] [OK] 第889章完成 (68.4s)
[2026-05-18 18:49:43] [OK] 第921章完成 (62.4s)
[2026-05-18 18:49:43] [OK] 第891章完成 (69.2s)
[2026-05-18 18:49:47] [OK] 第915章完成 (73.8s)
[2026-05-18 18:49:48] [OK] 第923章完成 (55.2s)
[2026-05-18 18:49:50] [OK] 第903章完成 (57.6s)
[2026-05-18 18:49:51] [OK] 第939章完成 (63.5s)
[2026-05-18 18:49:52] [OK] 第895章完成 (81.6s)
[2026-05-18 18:49:53] [OK] 第907章完成 (79.0s)
[2026-05-18 18:49:54] [OK] 第917章完成 (82.6s)
[2026-05-18 18:49:54] [OK] 第927章完成 (80.2s)
[2026-05-18 18:49:57] [OK] 第913章完成 (84.3s)
[2026-05-18 18:49:58] [OK] 第925章完成 (88.0s)
[2026-05-18 18:50:04] [OK] 第885章完成 (49.5s)
[2026-05-18 18:50:07] [OK] 第941章完成 (95.6s)
[2026-05-18 18:50:10] [OK] 第905章完成 (81.1s)
[2026-05-18 18:50:15] [OK] 第929章完成 (101.0s)
[2026-05-18 18:50:19] [OK] 第911章完成 (52.8s)
[2026-05-18 18:50:36] [OK] 第919章完成 (77.0s)
[2026-05-18 18:50:38] [OK] 第901章完成 (101.2s)
[2026-05-18 18:50:38] 累计: 成功535 | 失败5 | 速率19.9章/分钟
[2026-05-18 18:50:39] 本轮调度: 30个agent, 共60章, 剩余缺失1058章
[2026-05-18 18:51:32] [OK] 第963章完成 (52.5s)
[2026-05-18 18:51:34] [OK] 第959章完成 (54.9s)
[2026-05-18 18:51:36] [OK] 第993章完成 (56.6s)
[2026-05-18 18:51:37] [OK] 第987章完成 (57.9s)
[2026-05-18 18:51:37] [OK] 第953章完成 (58.4s)
[2026-05-18 18:51:38] [OK] 第945章完成 (58.7s)
[2026-05-18 18:51:39] [OK] 第900章完成 (60.0s)
[2026-05-18 18:51:39] [OK] 第1001章完成 (60.2s)
[2026-05-18 18:51:42] [OK] 第951章完成 (62.4s)
[2026-05-18 18:51:43] [OK] 第961章完成 (63.5s)
[2026-05-18 18:51:43] [OK] 第989章完成 (63.6s)
[2026-05-18 18:51:43] [OK] 第999章完成 (63.9s)
[2026-05-18 18:51:44] [OK] 第983章完成 (64.6s)
[2026-05-18 18:51:44] [OK] 第969章完成 (64.6s)
[2026-05-18 18:51:44] [OK] 第975章完成 (64.9s)
[2026-05-18 18:51:46] [OK] 第985章完成 (66.5s)
[2026-05-18 18:51:46] [OK] 第967章完成 (66.8s)
[2026-05-18 18:51:46] [OK] 第955章完成 (67.0s)
[2026-05-18 18:51:47] [OK] 第971章完成 (67.7s)
[2026-05-18 18:51:48] [OK] 第997章完成 (69.1s)
[2026-05-18 18:51:49] [OK] 第991章完成 (69.4s)
[2026-05-18 18:51:50] [OK] 第979章完成 (70.7s)
[2026-05-18 18:51:51] [OK] 第965章完成 (71.6s)
[2026-05-18 18:51:52] [OK] 第977章完成 (72.8s)
[2026-05-18 18:51:53] [OK] 第947章完成 (73.6s)
[2026-05-18 18:51:53] [OK] 第973章完成 (74.3s)
[2026-05-18 18:51:56] [OK] 第995章完成 (77.2s)
[2026-05-18 18:51:57] [OK] 第981章完成 (77.9s)
[2026-05-18 18:52:02] [OK] 第949章完成 (82.4s)
[2026-05-18 18:52:12] [OK] 第957章完成 (92.5s)
[2026-05-18 18:52:26] [OK] 第988章完成 (49.3s)
[2026-05-18 18:52:28] [OK] 第954章完成 (50.4s)
[2026-05-18 18:52:30] [OK] 第972章完成 (43.5s)
[2026-05-18 18:52:35] [OK] 第994章完成 (59.5s)
[2026-05-18 18:52:36] [OK] 第944章完成 (56.5s)
[2026-05-18 18:52:37] [OK] 第970章完成 (52.9s)
[2026-05-18 18:52:37] [OK] 第1002章完成 (58.0s)
[2026-05-18 18:52:38] [OK] 第976章完成 (54.0s)
[2026-05-18 18:52:38] [OK] 第960章完成 (64.3s)
[2026-05-18 18:52:38] [OK] 第952章完成 (57.0s)
[2026-05-18 18:52:41] [OK] 第946章完成 (63.6s)
[2026-05-18 18:52:42] [OK] 第968章完成 (56.2s)
[2026-05-18 18:52:42] [OK] 第986章完成 (56.6s)
[2026-05-18 18:52:42] [OK] 第966章完成 (51.6s)
[2026-05-18 18:52:42] [OK] 第962章完成 (59.8s)
[2026-05-18 18:52:48] [OK] 第1000章完成 (64.5s)
[2026-05-18 18:52:51] [OK] 第956章完成 (64.4s)
[2026-05-18 18:52:51] [OK] 第992章完成 (62.6s)
[2026-05-18 18:52:52] [OK] 第964章完成 (80.1s)
[2026-05-18 18:52:52] [OK] 第974章完成 (58.4s)
[2026-05-18 18:52:52] [OK] 第998章完成 (63.8s)
[2026-05-18 18:52:55] [OK] 第996章完成 (58.5s)
[2026-05-18 18:52:55] [OK] 第978章完成 (63.4s)
[2026-05-18 18:52:56] [OK] 第980章完成 (66.5s)
[2026-05-18 18:53:00] [OK] 第984章完成 (75.8s)
[2026-05-18 18:53:01] [OK] 第958章完成 (49.8s)
[2026-05-18 18:53:06] [OK] 第990章完成 (83.5s)
[2026-05-18 18:53:07] [OK] 第948章完成 (74.6s)
[2026-05-18 18:53:11] [OK] 第982章完成 (74.0s)
[2026-05-18 18:53:15] [OK] 第950章完成 (73.4s)
[2026-05-18 18:53:15] 累计: 成功595 | 失败5 | 速率20.1章/分钟
[2026-05-18 18:53:16] 本轮调度: 30个agent, 共60章, 剩余缺失998章
[2026-05-18 18:54:02] [OK] 第1057章完成 (46.2s)
[2026-05-18 18:54:07] [OK] 第1039章完成 (50.8s)
[2026-05-18 18:54:07] [OK] 第1013章完成 (51.4s)
[2026-05-18 18:54:08] [OK] 第1033章完成 (51.5s)
[2026-05-18 18:54:09] [OK] 第1029章完成 (52.5s)
[2026-05-18 18:54:10] [OK] 第1031章完成 (53.9s)
[2026-05-18 18:54:11] [OK] 第1027章完成 (55.2s)
[2026-05-18 18:54:12] [OK] 第1035章完成 (55.8s)
[2026-05-18 18:54:12] [OK] 第1059章完成 (56.2s)
[2026-05-18 18:54:15] [OK] 第1009章完成 (59.3s)
[2026-05-18 18:54:16] [OK] 第1055章完成 (59.8s)
[2026-05-18 18:54:17] [OK] 第1021章完成 (60.6s)
[2026-05-18 18:54:18] [OK] 第1003章完成 (62.1s)
[2026-05-18 18:54:19] [OK] 第1043章完成 (62.8s)
[2026-05-18 18:54:19] [OK] 第1041章完成 (63.0s)
[2026-05-18 18:54:20] [OK] 第1045章完成 (63.8s)
[2026-05-18 18:54:22] [OK] 第1011章完成 (66.0s)
[2026-05-18 18:54:22] [OK] 第1025章完成 (66.3s)
[2026-05-18 18:54:24] [OK] 第1049章完成 (68.2s)
[2026-05-18 18:54:26] [OK] 第1047章完成 (70.1s)
[2026-05-18 18:54:27] [OK] 第1005章完成 (71.3s)
[2026-05-18 18:54:28] [OK] 第1061章完成 (71.7s)
[2026-05-18 18:54:30] [OK] 第1053章完成 (74.4s)
[2026-05-18 18:54:31] [OK] 第1019章完成 (75.1s)
[2026-05-18 18:54:31] [OK] 第1023章完成 (75.3s)
[2026-05-18 18:54:35] [OK] 第1037章完成 (78.8s)
[2026-05-18 18:54:37] [OK] 第1015章完成 (81.4s)
[2026-05-18 18:54:37] [OK] 第1007章完成 (81.5s)
[2026-05-18 18:54:38] [OK] 第1051章完成 (82.2s)
[2026-05-18 18:54:49] [OK] 第1058章完成 (46.4s)
[2026-05-18 18:55:04] [OK] 第1017章完成 (108.5s)
[2026-05-18 18:55:06] [OK] 第1046章完成 (46.5s)
[2026-05-18 18:55:10] [OK] 第1028章完成 (59.1s)
[2026-05-18 18:55:11] [OK] 第1034章完成 (63.0s)
[2026-05-18 18:55:11] [OK] 第1012章完成 (49.1s)
[2026-05-18 18:55:12] [OK] 第1060章完成 (60.0s)
[2026-05-18 18:55:13] [OK] 第1030章完成 (64.5s)
[2026-05-18 18:55:14] [OK] 第1032章完成 (63.9s)
[2026-05-18 18:55:14] [OK] 第1040章完成 (67.0s)
[2026-05-18 18:55:14] [OK] 第1042章完成 (55.0s)
[2026-05-18 18:55:14] [OK] 第1004章完成 (56.2s)
[2026-05-18 18:55:16] [OK] 第1014章完成 (68.7s)
[2026-05-18 18:55:17] [OK] 第1022章完成 (60.7s)
[2026-05-18 18:55:18] [OK] 第1044章完成 (59.1s)
[2026-05-18 18:55:20] [OK] 第1056章完成 (64.3s)
[2026-05-18 18:55:27] [OK] 第1050章完成 (63.0s)
[2026-05-18 18:55:31] [OK] 第1062章完成 (62.9s)
[2026-05-18 18:55:32] [OK] 第1020章完成 (60.7s)
[2026-05-18 18:55:34] [OK] 第1036章完成 (82.3s)
[2026-05-18 18:55:35] [OK] 第1052章完成 (56.9s)
[2026-05-18 18:55:38] [OK] 第1006章完成 (70.7s)
[2026-05-18 18:55:38] [OK] 第1048章完成 (72.1s)
[2026-05-18 18:55:39] [OK] 第1026章完成 (76.9s)
[2026-05-18 18:55:42] [OK] 第1024章完成 (71.1s)
[2026-05-18 18:55:47] [OK] 第1038章完成 (72.1s)
[2026-05-18 18:55:47] [OK] 第1010章完成 (91.8s)
[2026-05-18 18:55:51] [OK] 第1016章完成 (73.4s)
[2026-05-18 18:55:53] [OK] 第1008章完成 (75.2s)
[2026-05-18 18:55:55] [OK] 第1054章完成 (84.6s)
[2026-05-18 18:56:37] [OK] 第1018章完成 (92.3s)
[2026-05-18 18:56:37] 累计: 成功655 | 失败5 | 速率19.9章/分钟
[2026-05-18 18:56:38] 本轮调度: 30个agent, 共60章, 剩余缺失938章
[2026-05-18 18:57:29] [OK] 第1063章完成 (50.6s)
[2026-05-18 18:57:31] [OK] 第1077章完成 (52.7s)
[2026-05-18 18:57:32] [OK] 第1109章完成 (53.9s)
[2026-05-18 18:57:32] [OK] 第1107章完成 (54.0s)
[2026-05-18 18:57:33] [OK] 第1081章完成 (54.2s)
[2026-05-18 18:57:33] [OK] 第1071章完成 (54.4s)
[2026-05-18 18:57:36] [OK] 第1089章完成 (57.9s)
[2026-05-18 18:57:37] [OK] 第1087章完成 (58.8s)
[2026-05-18 18:57:41] [OK] 第1093章完成 (62.3s)
[2026-05-18 18:57:43] [OK] 第1111章完成 (64.4s)
[2026-05-18 18:57:44] [OK] 第1117章完成 (65.4s)
[2026-05-18 18:57:44] [OK] 第1101章完成 (65.7s)
[2026-05-18 18:57:46] [OK] 第1097章完成 (67.3s)
[2026-05-18 18:57:46] [OK] 第1085章完成 (67.5s)
[2026-05-18 18:57:47] [OK] 第1095章完成 (68.3s)
[2026-05-18 18:57:48] [OK] 第1075章完成 (69.6s)
[2026-05-18 18:57:50] [OK] 第1121章完成 (71.3s)
[2026-05-18 18:57:51] [OK] 第1067章完成 (72.5s)
[2026-05-18 18:57:52] [OK] 第1113章完成 (73.4s)
[2026-05-18 18:57:52] [OK] 第1079章完成 (73.4s)
[2026-05-18 18:57:52] [OK] 第1099章完成 (73.4s)
[2026-05-18 18:57:52] [OK] 第1069章完成 (74.1s)
[2026-05-18 18:57:55] [OK] 第1115章完成 (76.3s)
[2026-05-18 18:57:55] [OK] 第1091章完成 (76.9s)
[2026-05-18 18:57:56] [OK] 第1073章完成 (77.5s)
[2026-05-18 18:58:00] [OK] 第1119章完成 (81.6s)
[2026-05-18 18:58:00] [OK] 第1105章完成 (81.8s)
[2026-05-18 18:58:04] [OK] 第1103章完成 (85.5s)
[2026-05-18 18:58:07] [OK] 第1083章完成 (89.1s)
[2026-05-18 18:58:23] [OK] 第1078章完成 (51.6s)
[2026-05-18 18:58:32] [OK] 第1090章完成 (55.4s)
[2026-05-18 18:58:36] [OK] 第1106章完成 (35.6s)
[2026-05-18 18:58:36] [OK] 第1108章完成 (63.8s)
[2026-05-18 18:58:37] [OK] 第1086章完成 (51.5s)
[2026-05-18 18:58:40] [OK] 第1082章完成 (67.0s)
[2026-05-18 18:58:40] [OK] 第1116章完成 (45.4s)
[2026-05-18 18:58:40] [OK] 第1072章完成 (67.5s)
[2026-05-18 18:58:42] [OK] 第1118章完成 (58.0s)
[2026-05-18 18:58:42] [OK] 第1080章完成 (50.6s)
[2026-05-18 18:58:44] [OK] 第1110章完成 (72.1s)
[2026-05-18 18:58:45] [OK] 第1114章完成 (52.9s)
[2026-05-18 18:58:46] [OK] 第1120章完成 (46.1s)
[2026-05-18 18:58:48] [OK] 第1076章完成 (60.0s)
[2026-05-18 18:58:49] [OK] 第1094章完成 (68.8s)
[2026-05-18 18:58:50] [OK] 第1068章完成 (59.1s)
[2026-05-18 18:58:52] [OK] 第1102章完成 (68.0s)
[2026-05-18 18:58:57] [OK] 第1096章完成 (70.3s)
[2026-05-18 18:58:57] [OK] 第1104章完成 (53.6s)
[2026-05-18 18:58:59] [OK] 第1122章完成 (69.8s)
[2026-05-18 18:59:01] [OK] 第1065章完成 (142.8s)
[2026-05-18 18:59:05] [OK] 第1092章完成 (70.2s)
[2026-05-18 18:59:07] [OK] 第1070章完成 (74.2s)
[2026-05-18 18:59:09] [OK] 第1088章完成 (91.5s)
[2026-05-18 18:59:12] [OK] 第1100章完成 (79.8s)
[2026-05-18 18:59:13] [OK] 第1098章完成 (87.6s)
[2026-05-18 18:59:15] [OK] 第1074章完成 (79.7s)
[2026-05-18 18:59:35] [FAIL] 第1084章失败: unknown
[2026-05-18 18:59:58] [OK] 第1064章完成 (148.7s)
[2026-05-18 19:00:12] [OK] 第1112章完成 (149.2s)
[2026-05-18 19:00:13] [OK] 第1066章完成 (72.4s)
[2026-05-18 19:00:13] 累计: 成功714 | 失败6 | 速率19.5章/分钟
[2026-05-18 19:00:14] 本轮调度: 30个agent, 共60章, 剩余缺失879章
[2026-05-18 19:01:05] [OK] 第1172章完成 (50.7s)
[2026-05-18 19:01:06] [OK] 第1150章完成 (51.6s)
[2026-05-18 19:01:11] [OK] 第1160章完成 (56.6s)
[2026-05-18 19:01:14] [OK] 第1154章完成 (59.1s)
[2026-05-18 19:01:16] [OK] 第1136章完成 (61.5s)
[2026-05-18 19:01:17] [OK] 第1152章完成 (62.3s)
[2026-05-18 19:01:17] [OK] 第1148章完成 (62.4s)
[2026-05-18 19:01:17] [OK] 第1084章完成 (62.7s)
[2026-05-18 19:01:19] [OK] 第1168章完成 (64.5s)
[2026-05-18 19:01:21] [OK] 第1178章完成 (66.3s)
[2026-05-18 19:01:21] [OK] 第1158章完成 (66.6s)
[2026-05-18 19:01:21] [OK] 第1128章完成 (66.7s)
[2026-05-18 19:01:22] [OK] 第1134章完成 (67.2s)
[2026-05-18 19:01:23] [OK] 第1132章完成 (68.8s)
[2026-05-18 19:01:25] [OK] 第1126章完成 (70.5s)
[2026-05-18 19:01:27] [OK] 第1140章完成 (72.5s)
[2026-05-18 19:01:28] [OK] 第1164章完成 (73.7s)
[2026-05-18 19:01:31] [OK] 第1144章完成 (76.2s)
[2026-05-18 19:01:31] [OK] 第1142章完成 (76.9s)
[2026-05-18 19:01:31] [OK] 第1180章完成 (76.9s)
[2026-05-18 19:01:32] [OK] 第1156章完成 (77.2s)
[2026-05-18 19:01:34] [OK] 第1166章完成 (79.6s)
[2026-05-18 19:01:35] [OK] 第1176章完成 (80.2s)
[2026-05-18 19:01:36] [OK] 第1146章完成 (81.3s)
[2026-05-18 19:01:36] [OK] 第1174章完成 (81.6s)
[2026-05-18 19:01:36] [OK] 第1138章完成 (81.7s)
[2026-05-18 19:01:41] [OK] 第1130章完成 (86.9s)
[2026-05-18 19:01:43] [OK] 第1124章完成 (88.1s)
[2026-05-18 19:01:50] [OK] 第1170章完成 (95.4s)
[2026-05-18 19:01:59] [OK] 第1162章完成 (104.4s)
[2026-05-18 19:02:09] [OK] 第1159章完成 (47.5s)
[2026-05-18 19:02:12] [OK] 第1169章完成 (52.8s)
[2026-05-18 19:02:12] [OK] 第1127章完成 (47.2s)
[2026-05-18 19:02:13] [OK] 第1133章完成 (49.2s)
[2026-05-18 19:02:13] [OK] 第1149章完成 (56.5s)
[2026-05-18 19:02:13] [OK] 第1155章完成 (59.9s)
[2026-05-18 19:02:14] [OK] 第1151章完成 (68.4s)
[2026-05-18 19:02:15] [OK] 第1161章完成 (63.5s)
[2026-05-18 19:02:20] [OK] 第1173章完成 (75.1s)
[2026-05-18 19:02:21] [OK] 第1179章完成 (60.4s)
[2026-05-18 19:02:29] [OK] 第1137章完成 (73.1s)
[2026-05-18 19:02:34] [OK] 第1129章完成 (72.3s)
[2026-05-18 19:02:35] [OK] 第1131章完成 (53.8s)
[2026-05-18 19:02:37] [OK] 第1147章完成 (61.5s)
[2026-05-18 19:02:39] [OK] 第1175章完成 (63.3s)
[2026-05-18 19:02:41] [OK] 第1143章完成 (69.7s)
[2026-05-18 19:02:42] [OK] 第1167章完成 (67.8s)
[2026-05-18 19:02:43] [OK] 第1139章完成 (66.3s)
[2026-05-18 19:02:46] [OK] 第1165章完成 (77.4s)
[2026-05-18 19:02:46] [OK] 第1145章完成 (74.9s)
[2026-05-18 19:02:46] [OK] 第1135章完成 (84.7s)
[2026-05-18 19:02:47] [OK] 第1123章完成 (89.6s)
[2026-05-18 19:02:48] [OK] 第1177章完成 (73.3s)
[2026-05-18 19:02:48] [OK] 第1157章完成 (76.4s)
[2026-05-18 19:02:50] [OK] 第1141章完成 (82.8s)
[2026-05-18 19:02:53] [OK] 第1181章完成 (82.0s)
[2026-05-18 19:02:54] [OK] 第1125章完成 (71.6s)
[2026-05-18 19:03:01] [OK] 第1153章完成 (104.5s)
[2026-05-18 19:03:10] [OK] 第1163章完成 (70.9s)
[2026-05-18 19:03:15] [OK] 第1171章完成 (85.3s)
[2026-05-18 19:03:15] 累计: 成功774 | 失败6 | 速率19.6章/分钟
[2026-05-18 19:03:17] 本轮调度: 30个agent, 共60章, 剩余缺失819章
[2026-05-18 19:04:10] [OK] 第1192章完成 (53.0s)
[2026-05-18 19:04:15] [OK] 第1234章完成 (58.4s)
[2026-05-18 19:04:15] [OK] 第1200章完成 (58.7s)
[2026-05-18 19:04:18] [OK] 第1226章完成 (61.3s)
[2026-05-18 19:04:20] [OK] 第1218章完成 (63.2s)
[2026-05-18 19:04:20] [OK] 第1198章完成 (63.4s)
[2026-05-18 19:04:20] [OK] 第1220章完成 (63.4s)
[2026-05-18 19:04:21] [OK] 第1212章完成 (64.2s)
[2026-05-18 19:04:26] [OK] 第1240章完成 (68.8s)
[2026-05-18 19:04:27] [OK] 第1236章完成 (69.8s)
[2026-05-18 19:04:27] [OK] 第1210章完成 (70.3s)
[2026-05-18 19:04:28] [OK] 第1230章完成 (70.9s)
[2026-05-18 19:04:28] [OK] 第1184章完成 (71.0s)
[2026-05-18 19:04:29] [OK] 第1190章完成 (72.4s)
[2026-05-18 19:04:31] [OK] 第1182章完成 (74.0s)
[2026-05-18 19:04:31] [OK] 第1186章完成 (74.7s)
[2026-05-18 19:04:32] [OK] 第1214章完成 (75.0s)
[2026-05-18 19:04:34] [OK] 第1196章完成 (77.0s)
[2026-05-18 19:04:36] [OK] 第1232章完成 (78.7s)
[2026-05-18 19:04:36] [OK] 第1194章完成 (79.4s)
[2026-05-18 19:04:38] [OK] 第1188章完成 (81.4s)
[2026-05-18 19:04:39] [OK] 第1222章完成 (81.9s)
[2026-05-18 19:04:39] [OK] 第1216章完成 (82.4s)
[2026-05-18 19:04:39] [OK] 第1206章完成 (82.7s)
[2026-05-18 19:04:41] [OK] 第1208章完成 (84.3s)
[2026-05-18 19:04:44] [OK] 第1238章完成 (86.8s)
[2026-05-18 19:04:44] [OK] 第1204章完成 (86.9s)
[2026-05-18 19:04:45] [OK] 第1202章完成 (88.3s)
[2026-05-18 19:04:54] [OK] 第1224章完成 (97.0s)
[2026-05-18 19:05:01] [OK] 第1228章完成 (104.0s)
[2026-05-18 19:05:17] [OK] 第1235章完成 (61.9s)
[2026-05-18 19:05:21] [OK] 第1193章完成 (71.4s)
[2026-05-18 19:05:22] [OK] 第1197章完成 (48.0s)
[2026-05-18 19:05:23] [OK] 第1221章完成 (62.9s)
[2026-05-18 19:05:24] [OK] 第1195章完成 (47.4s)
[2026-05-18 19:05:24] [OK] 第1237章完成 (56.9s)
[2026-05-18 19:05:31] [OK] 第1215章完成 (59.7s)
[2026-05-18 19:05:32] [OK] 第1199章完成 (72.2s)
[2026-05-18 19:05:34] [OK] 第1231章完成 (66.7s)
[2026-05-18 19:05:36] [OK] 第1233章完成 (60.9s)
[2026-05-18 19:05:37] [OK] 第1201章完成 (81.8s)
[2026-05-18 19:05:37] [OK] 第1191章完成 (68.3s)
[2026-05-18 19:05:38] [OK] 第1213章完成 (77.4s)
[2026-05-18 19:05:39] [OK] 第1185章完成 (71.3s)
[2026-05-18 19:05:39] [OK] 第1211章完成 (72.3s)
[2026-05-18 19:05:44] [OK] 第1205章完成 (60.1s)
[2026-05-18 19:05:46] [OK] 第1241章完成 (80.1s)
[2026-05-18 19:05:49] [OK] 第1227章完成 (90.9s)
[2026-05-18 19:05:49] [FAIL] 第1239章失败: unknown
[2026-05-18 19:05:53] [OK] 第1225章完成 (58.8s)
[2026-05-18 19:05:53] [OK] 第1187章完成 (81.7s)
[2026-05-18 19:05:59] [OK] 第1189章完成 (81.0s)
[2026-05-18 19:06:01] [OK] 第1217章完成 (81.6s)
[2026-05-18 19:06:01] [OK] 第1209章完成 (79.8s)
[2026-05-18 19:06:07] [OK] 第1207章完成 (87.8s)
[2026-05-18 19:06:08] [OK] 第1219章完成 (107.8s)
[2026-05-18 19:06:09] [OK] 第1223章完成 (90.1s)
[2026-05-18 19:06:17] [OK] 第1183章完成 (106.5s)
[2026-05-18 19:06:20] [OK] 第1203章完成 (95.3s)
[2026-05-18 19:06:34] [OK] 第1229章完成 (93.3s)
[2026-05-18 19:06:34] 累计: 成功833 | 失败7 | 速率19.4章/分钟
[2026-05-18 19:06:35] 本轮调度: 30个agent, 共60章, 剩余缺失760章
[2026-05-18 19:07:24] [OK] 第1277章完成 (49.2s)
[2026-05-18 19:07:28] [OK] 第1285章完成 (53.0s)
[2026-05-18 19:07:28] [OK] 第1245章完成 (53.2s)
[2026-05-18 19:07:28] [OK] 第1279章完成 (53.2s)
[2026-05-18 19:07:30] [OK] 第1249章完成 (54.7s)
[2026-05-18 19:07:33] [OK] 第1253章完成 (57.7s)
[2026-05-18 19:07:35] [OK] 第1251章完成 (59.7s)
[2026-05-18 19:07:35] [OK] 第1293章完成 (60.0s)
[2026-05-18 19:07:38] [OK] 第1291章完成 (63.0s)
[2026-05-18 19:07:38] [OK] 第1255章完成 (63.2s)
[2026-05-18 19:07:39] [OK] 第1267章完成 (64.3s)
[2026-05-18 19:07:41] [OK] 第1263章完成 (65.7s)
[2026-05-18 19:07:44] [OK] 第1287章完成 (68.4s)
[2026-05-18 19:07:44] [OK] 第1297章完成 (68.6s)
[2026-05-18 19:07:44] [OK] 第1261章完成 (68.6s)
[2026-05-18 19:07:46] [OK] 第1265章完成 (70.8s)
[2026-05-18 19:07:47] [OK] 第1257章完成 (72.0s)
[2026-05-18 19:07:48] [OK] 第1299章完成 (72.4s)
[2026-05-18 19:07:49] [OK] 第1271章完成 (74.1s)
[2026-05-18 19:07:50] [OK] 第1243章完成 (75.0s)
[2026-05-18 19:07:52] [OK] 第1275章完成 (77.1s)
[2026-05-18 19:07:52] [OK] 第1295章完成 (77.2s)
[2026-05-18 19:07:54] [OK] 第1247章完成 (78.4s)
[2026-05-18 19:07:54] [OK] 第1289章完成 (78.5s)
[2026-05-18 19:07:57] [OK] 第1259章完成 (82.2s)
[2026-05-18 19:08:02] [OK] 第1239章完成 (86.5s)
[2026-05-18 19:08:04] [OK] 第1281章完成 (88.9s)
[2026-05-18 19:08:08] [OK] 第1269章完成 (93.3s)
[2026-05-18 19:08:17] [OK] 第1280章完成 (49.1s)
[2026-05-18 19:08:20] [OK] 第1283章完成 (104.7s)
[2026-05-18 19:08:24] [OK] 第1246章完成 (55.2s)
[2026-05-18 19:08:30] [OK] 第1278章完成 (65.6s)
[2026-05-18 19:08:31] [OK] 第1252章完成 (56.2s)
[2026-05-18 19:08:33] [OK] 第1286章完成 (64.5s)
[2026-05-18 19:08:41] [OK] 第1250章完成 (71.4s)
[2026-05-18 19:08:41] [OK] 第1256章完成 (63.0s)
[2026-05-18 19:08:42] [OK] 第1254章完成 (69.3s)
[2026-05-18 19:08:47] [OK] 第1282章完成 (43.2s)
[2026-05-18 19:08:49] [OK] 第1262章完成 (65.6s)
[2026-05-18 19:08:49] [OK] 第1294章完成 (74.3s)
[2026-05-18 19:08:50] [OK] 第1264章完成 (69.6s)
[2026-05-18 19:08:52] [OK] 第1242章完成 (50.2s)
[2026-05-18 19:08:53] [OK] 第1296章完成 (60.1s)
[2026-05-18 19:08:53] [OK] 第1268章完成 (73.2s)
[2026-05-18 19:08:54] [OK] 第1292章完成 (75.7s)
[2026-05-18 19:08:56] [OK] 第1258章完成 (68.4s)
[2026-05-18 19:08:56] [OK] 第1288章完成 (72.0s)
[2026-05-18 19:08:57] [OK] 第1244章完成 (66.5s)
[2026-05-18 19:08:57] [OK] 第1290章完成 (63.5s)
[2026-05-18 19:09:00] [OK] 第1273章完成 (144.7s)
[2026-05-18 19:09:02] [OK] 第1300章完成 (74.0s)
[2026-05-18 19:09:07] [OK] 第1272章完成 (77.4s)
[2026-05-18 19:09:07] [OK] 第1276章完成 (75.1s)
[2026-05-18 19:09:10] [OK] 第1260章完成 (72.2s)
[2026-05-18 19:09:12] [OK] 第1248章完成 (78.7s)
[2026-05-18 19:09:13] [OK] 第1298章完成 (88.8s)
[2026-05-18 19:09:17] [OK] 第1266章完成 (90.8s)
[2026-05-18 19:09:18] [OK] 第1270章完成 (69.6s)
[2026-05-18 19:09:46] [OK] 第1284章完成 (86.4s)
[2026-05-18 19:10:13] [OK] 第1274章完成 (72.9s)
[2026-05-18 19:10:13] 累计: 成功893 | 失败7 | 速率19.2章/分钟
[2026-05-18 19:10:14] 本轮调度: 30个agent, 共60章, 剩余缺失700章
[2026-05-18 19:11:06] [OK] 第1317章完成 (51.4s)
[2026-05-18 19:11:10] [OK] 第1343章完成 (55.8s)
[2026-05-18 19:11:12] [OK] 第1325章完成 (57.6s)
[2026-05-18 19:11:13] [OK] 第1301章完成 (58.2s)
[2026-05-18 19:11:13] [OK] 第1303章完成 (58.9s)
[2026-05-18 19:11:20] [OK] 第1331章完成 (65.2s)
[2026-05-18 19:11:20] [OK] 第1345章完成 (65.5s)
[2026-05-18 19:11:20] [OK] 第1355章完成 (65.9s)
[2026-05-18 19:11:21] [OK] 第1315章完成 (66.3s)
[2026-05-18 19:11:23] [OK] 第1349章完成 (68.5s)
[2026-05-18 19:11:23] [OK] 第1357章完成 (68.8s)
[2026-05-18 19:11:25] [OK] 第1307章完成 (70.2s)
[2026-05-18 19:11:25] [OK] 第1321章完成 (70.3s)
[2026-05-18 19:11:25] [OK] 第1309章完成 (70.9s)
[2026-05-18 19:11:26] [OK] 第1323章完成 (71.4s)
[2026-05-18 19:11:26] [OK] 第1339章完成 (71.8s)
[2026-05-18 19:11:27] [OK] 第1305章完成 (72.3s)
[2026-05-18 19:11:27] [OK] 第1327章完成 (72.8s)
[2026-05-18 19:11:29] [OK] 第1335章完成 (74.1s)
[2026-05-18 19:11:30] [OK] 第1313章完成 (75.2s)
[2026-05-18 19:11:30] [OK] 第1319章完成 (75.4s)
[2026-05-18 19:11:30] [OK] 第1333章完成 (75.5s)
[2026-05-18 19:11:35] [OK] 第1351章完成 (80.8s)
[2026-05-18 19:11:36] [OK] 第1329章完成 (81.2s)
[2026-05-18 19:11:38] [OK] 第1341章完成 (83.9s)
[2026-05-18 19:11:39] [OK] 第1337章完成 (84.9s)
[2026-05-18 19:11:48] [OK] 第1347章完成 (93.2s)
[2026-05-18 19:11:51] [OK] 第1353章完成 (96.3s)
[2026-05-18 19:11:51] [OK] 第1359章完成 (97.0s)
[2026-05-18 19:12:04] [OK] 第1308章完成 (39.8s)
[2026-05-18 19:12:06] [OK] 第1344章完成 (55.9s)
[2026-05-18 19:12:08] [OK] 第1311章完成 (113.2s)
[2026-05-18 19:12:08] [OK] 第1318章完成 (62.5s)
[2026-05-18 19:12:17] [OK] 第1328章完成 (49.4s)
[2026-05-18 19:12:19] [OK] 第1356章完成 (58.2s)
[2026-05-18 19:12:19] [OK] 第1332章完成 (59.0s)
[2026-05-18 19:12:21] [OK] 第1320章完成 (51.4s)
[2026-05-18 19:12:21] [OK] 第1304章完成 (67.9s)
[2026-05-18 19:12:23] [OK] 第1326章完成 (70.9s)
[2026-05-18 19:12:24] [OK] 第1346章完成 (64.5s)
[2026-05-18 19:12:31] [OK] 第1350章完成 (68.1s)
[2026-05-18 19:12:31] [OK] 第1316章完成 (70.8s)
[2026-05-18 19:12:32] [OK] 第1336章完成 (63.8s)
[2026-05-18 19:12:33] [OK] 第1302章完成 (80.5s)
[2026-05-18 19:12:36] [OK] 第1330章完成 (60.7s)
[2026-05-18 19:12:38] [OK] 第1310章完成 (73.0s)
[2026-05-18 19:12:39] [OK] 第1342章完成 (60.4s)
[2026-05-18 19:12:41] [OK] 第1352章完成 (66.2s)
[2026-05-18 19:12:42] [OK] 第1334章完成 (72.3s)
[2026-05-18 19:12:47] [OK] 第1324章完成 (81.6s)
[2026-05-18 19:12:48] [OK] 第1340章完成 (82.3s)
[2026-05-18 19:12:49] [OK] 第1314章完成 (79.6s)
[2026-05-18 19:12:53] [OK] 第1338章完成 (73.8s)
[2026-05-18 19:12:54] [OK] 第1348章完成 (66.8s)
[2026-05-18 19:12:57] [OK] 第1322章完成 (91.9s)
[2026-05-18 19:13:00] [OK] 第1360章完成 (68.6s)
[2026-05-18 19:13:03] [OK] 第1312章完成 (55.9s)
[2026-05-18 19:13:05] [OK] 第1358章完成 (101.4s)
[2026-05-18 19:13:09] [OK] 第1354章完成 (77.8s)
[2026-05-18 19:13:09] 累计: 成功953 | 失败7 | 速率19.3章/分钟
[2026-05-18 19:13:10] 本轮调度: 30个agent, 共60章, 剩余缺失640章
[2026-05-18 19:13:57] [OK] 第1377章完成 (47.1s)
[2026-05-18 19:13:59] [OK] 第1361章完成 (49.7s)
[2026-05-18 19:14:01] [OK] 第1409章完成 (51.5s)
[2026-05-18 19:14:02] [OK] 第1401章完成 (52.9s)
[2026-05-18 19:14:05] [OK] 第1393章完成 (55.2s)
[2026-05-18 19:14:05] [OK] 第1385章完成 (55.5s)
[2026-05-18 19:14:06] [OK] 第1419章完成 (56.0s)
[2026-05-18 19:14:06] [OK] 第1397章完成 (56.7s)
[2026-05-18 19:14:07] [OK] 第1391章完成 (57.6s)
[2026-05-18 19:14:09] [OK] 第1387章完成 (59.7s)
[2026-05-18 19:14:10] [OK] 第1403章完成 (60.5s)
[2026-05-18 19:14:11] [OK] 第1411章完成 (61.7s)
[2026-05-18 19:14:15] [OK] 第1381章完成 (65.4s)
[2026-05-18 19:14:15] [OK] 第1413章完成 (65.9s)
[2026-05-18 19:14:16] [OK] 第1399章完成 (66.4s)
[2026-05-18 19:14:17] [OK] 第1367章完成 (67.1s)
[2026-05-18 19:14:18] [OK] 第1365章完成 (68.2s)
[2026-05-18 19:14:19] [OK] 第1395章完成 (69.6s)
[2026-05-18 19:14:22] [OK] 第1379章完成 (72.9s)
[2026-05-18 19:14:23] [OK] 第1415章完成 (73.4s)
[2026-05-18 19:14:24] [OK] 第1389章完成 (74.1s)
[2026-05-18 19:14:27] [OK] 第1375章完成 (77.1s)
[2026-05-18 19:14:27] [OK] 第1373章完成 (77.8s)
[2026-05-18 19:14:29] [OK] 第1369章完成 (79.0s)
[2026-05-18 19:14:29] [OK] 第1383章完成 (79.3s)
[2026-05-18 19:14:32] [OK] 第1371章完成 (82.0s)
[2026-05-18 19:14:34] [OK] 第1363章完成 (84.6s)
[2026-05-18 19:14:35] [OK] 第1417章完成 (84.9s)
[2026-05-18 19:14:40] [OK] 第1407章完成 (90.1s)
[2026-05-18 19:14:47] [OK] 第1405章完成 (97.2s)
[2026-05-18 19:14:55] [OK] 第1402章完成 (52.7s)
[2026-05-18 19:14:57] [OK] 第1410章完成 (55.6s)
[2026-05-18 19:14:59] [OK] 第1362章完成 (59.4s)
[2026-05-18 19:15:00] [OK] 第1392章完成 (52.4s)
[2026-05-18 19:15:06] [OK] 第1404章完成 (56.0s)
[2026-05-18 19:15:07] [OK] 第1396章完成 (47.4s)
[2026-05-18 19:15:08] [OK] 第1412章完成 (56.2s)
[2026-05-18 19:15:11] [OK] 第1388章完成 (61.2s)
[2026-05-18 19:15:12] [OK] 第1394章完成 (67.2s)
[2026-05-18 19:15:14] [OK] 第1368章完成 (57.4s)
[2026-05-18 19:15:17] [OK] 第1400章完成 (60.6s)
[2026-05-18 19:15:20] [OK] 第1420章完成 (74.2s)
[2026-05-18 19:15:20] [OK] 第1370章完成 (51.8s)
[2026-05-18 19:15:21] [OK] 第1382章完成 (66.3s)
[2026-05-18 19:15:24] [OK] 第1366章完成 (66.3s)
[2026-05-18 19:15:29] [OK] 第1416章完成 (65.7s)
[2026-05-18 19:15:29] [OK] 第1384章完成 (60.6s)
[2026-05-18 19:15:30] [OK] 第1374章完成 (63.1s)
[2026-05-18 19:15:31] [OK] 第1390章完成 (67.7s)
[2026-05-18 19:15:34] [OK] 第1380章完成 (71.7s)
[2026-05-18 19:15:39] [OK] 第1408章完成 (59.4s)
[2026-05-18 19:15:43] [OK] 第1398章完成 (96.3s)
[2026-05-18 19:15:44] [OK] 第1386章完成 (98.7s)
[2026-05-18 19:15:49] [OK] 第1414章完成 (93.1s)
[2026-05-18 19:15:52] [OK] 第1378章完成 (115.6s)
[2026-05-18 19:15:59] [OK] 第1406章完成 (72.0s)
[2026-05-18 19:15:59] [OK] 第1372章完成 (87.2s)
[2026-05-18 19:16:04] [OK] 第1364章完成 (89.9s)
[2026-05-18 19:16:06] [OK] 第1376章完成 (99.3s)
[2026-05-18 19:16:17] [OK] 第1418章完成 (102.5s)
[2026-05-18 19:16:17] 累计: 成功1013 | 失败7 | 速率19.3章/分钟
[2026-05-18 19:16:19] 本轮调度: 30个agent, 共60章, 剩余缺失580章
[2026-05-18 19:17:03] [OK] 第1439章完成 (44.6s)
[2026-05-18 19:17:11] [OK] 第1427章完成 (52.6s)
[2026-05-18 19:17:12] [OK] 第1457章完成 (53.6s)
[2026-05-18 19:17:14] [OK] 第1465章完成 (55.4s)
[2026-05-18 19:17:15] [OK] 第1447章完成 (56.8s)
[2026-05-18 19:17:17] [OK] 第1441章完成 (58.4s)
[2026-05-18 19:17:17] [OK] 第1437章完成 (58.7s)
[2026-05-18 19:17:18] [OK] 第1421章完成 (59.6s)
[2026-05-18 19:17:19] [OK] 第1479章完成 (60.1s)
[2026-05-18 19:17:19] [OK] 第1433章完成 (60.8s)
[2026-05-18 19:17:22] [OK] 第1469章完成 (63.5s)
[2026-05-18 19:17:23] [OK] 第1449章完成 (64.1s)
[2026-05-18 19:17:25] [OK] 第1455章完成 (66.1s)
[2026-05-18 19:17:25] [OK] 第1453章完成 (66.7s)
[2026-05-18 19:17:26] [FAIL] 第1461章失败: unknown
[2026-05-18 19:17:28] [OK] 第1463章完成 (69.1s)
[2026-05-18 19:17:28] [OK] 第1459章完成 (69.2s)
[2026-05-18 19:17:31] [OK] 第1467章完成 (71.9s)
[2026-05-18 19:17:31] [OK] 第1445章完成 (72.1s)
[2026-05-18 19:17:33] [OK] 第1471章完成 (74.4s)
[2026-05-18 19:17:33] [OK] 第1473章完成 (74.6s)
[2026-05-18 19:17:34] [OK] 第1443章完成 (75.5s)
[2026-05-18 19:17:34] [OK] 第1429章完成 (75.6s)
[2026-05-18 19:17:35] [OK] 第1435章完成 (76.7s)
[2026-05-18 19:17:35] [OK] 第1477章完成 (76.8s)
[2026-05-18 19:17:37] [OK] 第1475章完成 (78.3s)
[2026-05-18 19:17:43] [OK] 第1431章完成 (84.6s)
[2026-05-18 19:17:46] [OK] 第1425章完成 (87.1s)
[2026-05-18 19:17:47] [OK] 第1423章完成 (88.1s)
[2026-05-18 19:17:51] [OK] 第1451章完成 (92.2s)
[2026-05-18 19:18:00] [OK] 第1438章完成 (42.9s)
[2026-05-18 19:18:04] [OK] 第1466章完成 (49.8s)
[2026-05-18 19:18:04] [OK] 第1428章完成 (52.9s)
[2026-05-18 19:18:06] [OK] 第1440章完成 (62.9s)
[2026-05-18 19:18:15] [OK] 第1448章完成 (59.2s)
[2026-05-18 19:18:15] [OK] 第1434章完成 (56.0s)
[2026-05-18 19:18:16] [OK] 第1442章完成 (58.6s)
[2026-05-18 19:18:17] [OK] 第1458章完成 (64.9s)
[2026-05-18 19:18:18] [OK] 第1446章完成 (47.1s)
[2026-05-18 19:18:20] [OK] 第1472章完成 (47.5s)
[2026-05-18 19:18:22] [OK] 第1480章完成 (63.6s)
[2026-05-18 19:18:23] [OK] 第1444章完成 (48.5s)
[2026-05-18 19:18:23] [OK] 第1422章完成 (64.9s)
[2026-05-18 19:18:28] [OK] 第1470章完成 (65.5s)
[2026-05-18 19:18:28] [OK] 第1436章完成 (52.6s)
[2026-05-18 19:18:29] [OK] 第1456章完成 (63.8s)
[2026-05-18 19:18:31] [OK] 第1462章完成 (64.7s)
[2026-05-18 19:18:33] [OK] 第1464章完成 (64.8s)
[2026-05-18 19:18:35] [OK] 第1478章完成 (59.4s)
[2026-05-18 19:18:37] [OK] 第1460章完成 (69.5s)
[2026-05-18 19:18:38] [OK] 第1430章完成 (63.7s)
[2026-05-18 19:18:39] [OK] 第1454章完成 (73.7s)
[2026-05-18 19:18:43] [OK] 第1452章完成 (52.0s)
[2026-05-18 19:18:43] [OK] 第1468章完成 (72.6s)
[2026-05-18 19:18:43] [OK] 第1450章完成 (80.5s)
[2026-05-18 19:18:45] [OK] 第1476章完成 (67.9s)
[2026-05-18 19:18:46] [OK] 第1474章完成 (73.1s)
[2026-05-18 19:18:50] [OK] 第1424章完成 (63.8s)
[2026-05-18 19:18:58] [OK] 第1426章完成 (72.4s)
[2026-05-18 19:19:00] [OK] 第1432章完成 (76.7s)
[2026-05-18 19:19:00] 累计: 成功1072 | 失败8 | 速率19.4章/分钟
[2026-05-18 19:19:01] 本轮调度: 30个agent, 共60章, 剩余缺失521章
[2026-05-18 19:19:54] [OK] 第1512章完成 (52.7s)
[2026-05-18 19:19:55] [OK] 第1514章完成 (54.1s)
[2026-05-18 19:19:57] [OK] 第1510章完成 (56.1s)
[2026-05-18 19:20:00] [OK] 第1504章完成 (59.3s)
[2026-05-18 19:20:00] [OK] 第1528章完成 (59.4s)
[2026-05-18 19:20:01] [OK] 第1502章完成 (59.5s)
[2026-05-18 19:20:02] [OK] 第1486章完成 (60.8s)
[2026-05-18 19:20:02] [OK] 第1488章完成 (61.0s)
[2026-05-18 19:20:02] [OK] 第1484章完成 (61.5s)
[2026-05-18 19:20:03] [OK] 第1496章完成 (62.0s)
[2026-05-18 19:20:03] [OK] 第1506章完成 (62.5s)
[2026-05-18 19:20:04] [OK] 第1482章完成 (63.0s)
[2026-05-18 19:20:04] [OK] 第1490章完成 (63.0s)
[2026-05-18 19:20:05] [OK] 第1526章完成 (63.7s)
[2026-05-18 19:20:05] [OK] 第1500章完成 (63.8s)
[2026-05-18 19:20:06] [OK] 第1538章完成 (65.1s)
[2026-05-18 19:20:09] [OK] 第1520章完成 (67.7s)
[2026-05-18 19:20:09] [OK] 第1494章完成 (68.2s)
[2026-05-18 19:20:10] [OK] 第1492章完成 (69.2s)
[2026-05-18 19:20:11] [OK] 第1536章完成 (70.1s)
[2026-05-18 19:20:12] [OK] 第1461章完成 (71.0s)
[2026-05-18 19:20:14] [OK] 第1534章完成 (73.5s)
[2026-05-18 19:20:15] [FAIL] 第1524章失败: unknown
[2026-05-18 19:20:19] [OK] 第1530章完成 (77.8s)
[2026-05-18 19:20:21] [OK] 第1516章完成 (79.5s)
[2026-05-18 19:20:23] [OK] 第1522章完成 (82.3s)
[2026-05-18 19:20:25] [OK] 第1498章完成 (84.2s)
[2026-05-18 19:20:26] [OK] 第1532章完成 (84.8s)
[2026-05-18 19:20:28] [OK] 第1518章完成 (87.2s)
[2026-05-18 19:20:33] [OK] 第1508章完成 (91.5s)
[2026-05-18 19:20:53] [OK] 第1511章完成 (55.7s)
[2026-05-18 19:20:54] [OK] 第1491章完成 (50.3s)
[2026-05-18 19:21:00] [OK] 第1529章完成 (59.3s)
[2026-05-18 19:21:03] [OK] 第1487章完成 (61.0s)
[2026-05-18 19:21:03] [OK] 第1539章完成 (56.8s)
[2026-05-18 19:21:06] [OK] 第1527章完成 (61.0s)
[2026-05-18 19:21:07] [OK] 第1515章完成 (72.3s)
[2026-05-18 19:21:09] [OK] 第1495章完成 (59.5s)
[2026-05-18 19:21:09] [OK] 第1505章完成 (68.5s)
[2026-05-18 19:21:11] [OK] 第1513章完成 (77.2s)
[2026-05-18 19:21:13] [OK] 第1503章完成 (72.6s)
[2026-05-18 19:21:15] [OK] 第1523章完成 (51.7s)
[2026-05-18 19:21:16] [OK] 第1535章完成 (61.3s)
[2026-05-18 19:21:16] [OK] 第1489章完成 (73.9s)
[2026-05-18 19:21:18] [OK] 第1485章完成 (75.4s)
[2026-05-18 19:21:19] [OK] 第1507章完成 (75.1s)
[2026-05-18 19:21:22] [OK] 第1497章完成 (78.8s)
[2026-05-18 19:21:22] [OK] 第1499章完成 (56.6s)
[2026-05-18 19:21:23] [OK] 第1537章完成 (71.5s)
[2026-05-18 19:21:25] [OK] 第1521章完成 (76.7s)
[2026-05-18 19:21:26] [OK] 第1493章完成 (76.0s)
[2026-05-18 19:21:26] [OK] 第1525章完成 (71.9s)
[2026-05-18 19:21:30] [OK] 第1533章完成 (64.5s)
[2026-05-18 19:21:30] [OK] 第1483章完成 (86.5s)
[2026-05-18 19:21:32] [OK] 第1519章完成 (64.2s)
[2026-05-18 19:21:34] [OK] 第1531章完成 (75.3s)
[2026-05-18 19:21:38] [OK] 第1509章完成 (65.6s)
[2026-05-18 19:21:40] [OK] 第1501章完成 (95.1s)
[2026-05-18 19:21:42] [FAIL] 第1481章失败: unknown
[2026-05-18 19:21:44] [OK] 第1517章完成 (83.2s)
[2026-05-18 19:21:44] 累计: 成功1130 | 失败10 | 速率19.5章/分钟
[2026-05-18 19:21:45] 本轮调度: 30个agent, 共60章, 剩余缺失463章
[2026-05-18 19:22:26] [OK] 第1586章完成 (41.0s)
[2026-05-18 19:22:31] [OK] 第1584章完成 (46.1s)
[2026-05-18 19:22:32] [OK] 第1544章完成 (46.6s)
[2026-05-18 19:22:33] [OK] 第1566章完成 (47.5s)
[2026-05-18 19:22:34] [OK] 第1550章完成 (48.8s)
[2026-05-18 19:22:37] [OK] 第1556章完成 (51.5s)
[2026-05-18 19:22:39] [OK] 第1588章完成 (53.7s)
[2026-05-18 19:22:40] [OK] 第1596章完成 (54.2s)
[2026-05-18 19:22:40] [OK] 第1576章完成 (54.8s)
[2026-05-18 19:22:41] [OK] 第1572章完成 (55.7s)
[2026-05-18 19:22:43] [OK] 第1590章完成 (57.5s)
[2026-05-18 19:22:43] [OK] 第1554章完成 (57.6s)
[2026-05-18 19:22:46] [OK] 第1542章完成 (60.3s)
[2026-05-18 19:22:46] [OK] 第1578章完成 (60.8s)
[2026-05-18 19:22:48] [OK] 第1558章完成 (63.0s)
[2026-05-18 19:22:50] [OK] 第1570章完成 (64.9s)
[2026-05-18 19:22:51] [OK] 第1580章完成 (65.4s)
[2026-05-18 19:22:54] [OK] 第1540章完成 (68.3s)
[2026-05-18 19:22:56] [OK] 第1574章完成 (70.7s)
[2026-05-18 19:22:57] [OK] 第1582章完成 (71.9s)
[2026-05-18 19:22:59] [OK] 第1560章完成 (73.9s)
[2026-05-18 19:23:01] [OK] 第1568章完成 (75.4s)
[2026-05-18 19:23:01] [OK] 第1564章完成 (75.8s)
[2026-05-18 19:23:02] [OK] 第1481章完成 (77.0s)
[2026-05-18 19:23:03] [OK] 第1594章完成 (77.9s)
[2026-05-18 19:23:07] [OK] 第1592章完成 (82.2s)
[2026-05-18 19:23:11] [OK] 第1552章完成 (85.6s)
[2026-05-18 19:23:12] [OK] 第1587章完成 (45.5s)
[2026-05-18 19:23:31] [OK] 第1551章完成 (56.5s)
[2026-05-18 19:23:32] [OK] 第1585章完成 (60.8s)
[2026-05-18 19:23:34] [OK] 第1555章完成 (50.7s)
[2026-05-18 19:23:34] [OK] 第1597章完成 (54.8s)
[2026-05-18 19:23:37] [OK] 第1589章完成 (57.7s)
[2026-05-18 19:23:40] [OK] 第1571章完成 (50.3s)
[2026-05-18 19:23:43] [OK] 第1567章完成 (69.8s)
[2026-05-18 19:23:43] [OK] 第1557章完成 (66.5s)
[2026-05-18 19:23:43] [OK] 第1579章完成 (57.3s)
[2026-05-18 19:23:49] [OK] 第1583章完成 (52.0s)
[2026-05-18 19:23:51] [OK] 第1545章完成 (78.9s)
[2026-05-18 19:23:51] [OK] 第1543章完成 (65.8s)
[2026-05-18 19:23:53] [OK] 第1561章完成 (53.6s)
[2026-05-18 19:23:54] [OK] 第1577章完成 (74.3s)
[2026-05-18 19:23:55] [OK] 第1581章完成 (64.2s)
[2026-05-18 19:23:57] [OK] 第1548章完成 (132.0s)
[2026-05-18 19:24:01] [OK] 第1591章完成 (78.0s)
[2026-05-18 19:24:08] [OK] 第1562章完成 (143.2s)
[2026-05-18 19:24:09] [OK] 第1565章完成 (67.6s)
[2026-05-18 19:24:13] [OK] 第1541章完成 (79.7s)
[2026-05-18 19:24:14] [OK] 第1593章完成 (66.5s)
[2026-05-18 19:24:14] [OK] 第1559章完成 (86.2s)
[2026-05-18 19:24:16] [OK] 第1546章完成 (150.5s)
[2026-05-18 19:24:17] [OK] 第1575章完成 (80.7s)
[2026-05-18 19:24:21] [OK] 第1553章完成 (69.8s)
[2026-05-18 19:24:24] [OK] 第1524章完成 (82.0s)
[2026-05-18 19:24:26] [OK] 第1595章完成 (82.7s)
[2026-05-18 19:24:33] [OK] 第1573章完成 (111.8s)
[2026-05-18 19:24:57] [OK] 第1549章完成 (59.7s)
[2026-05-18 19:24:58] [OK] 第1569章完成 (117.5s)
[2026-05-18 19:25:15] [OK] 第1547章完成 (58.9s)
[2026-05-18 19:25:23] [OK] 第1563章完成 (74.6s)
[2026-05-18 19:25:23] 累计: 成功1190 | 失败10 | 速率19.3章/分钟
[2026-05-18 19:25:24] 本轮调度: 30个agent, 共60章, 剩余缺失403章
[2026-05-18 19:26:06] [OK] 第1616章完成 (41.8s)
[2026-05-18 19:26:16] [OK] 第1626章完成 (52.0s)
[2026-05-18 19:26:17] [OK] 第1646章完成 (52.6s)
[2026-05-18 19:26:17] [OK] 第1610章完成 (53.1s)
[2026-05-18 19:26:19] [OK] 第1598章完成 (54.9s)
[2026-05-18 19:26:20] [OK] 第1634章完成 (55.9s)
[2026-05-18 19:26:21] [OK] 第1614章完成 (56.6s)
[2026-05-18 19:26:21] [OK] 第1608章完成 (56.9s)
[2026-05-18 19:26:21] [OK] 第1636章完成 (57.3s)
[2026-05-18 19:26:23] [OK] 第1654章完成 (59.1s)
[2026-05-18 19:26:23] [OK] 第1630章完成 (59.2s)
[2026-05-18 19:26:27] [OK] 第1648章完成 (62.6s)
[2026-05-18 19:26:28] [OK] 第1656章完成 (63.6s)
[2026-05-18 19:26:28] [OK] 第1628章完成 (64.0s)
[2026-05-18 19:26:28] [OK] 第1638章完成 (64.2s)
[2026-05-18 19:26:29] [OK] 第1650章完成 (64.6s)
[2026-05-18 19:26:30] [OK] 第1620章完成 (65.8s)
[2026-05-18 19:26:30] [OK] 第1652章完成 (66.2s)
[2026-05-18 19:26:31] [OK] 第1624章完成 (67.1s)
[2026-05-18 19:26:33] [OK] 第1644章完成 (68.9s)
[2026-05-18 19:26:33] [OK] 第1612章完成 (69.4s)
[2026-05-18 19:26:37] [OK] 第1606章完成 (72.8s)
[2026-05-18 19:26:40] [OK] 第1640章完成 (75.6s)
[2026-05-18 19:26:43] [OK] 第1622章完成 (79.0s)
[2026-05-18 19:26:44] [OK] 第1602章完成 (79.5s)
[2026-05-18 19:26:45] [OK] 第1600章完成 (80.6s)
[2026-05-18 19:26:56] [OK] 第1618章完成 (92.3s)
[2026-05-18 19:26:57] [OK] 第1632章完成 (92.5s)
[2026-05-18 19:26:57] [OK] 第1642章完成 (92.7s)
[2026-05-18 19:27:02] [OK] 第1627章完成 (46.0s)
[2026-05-18 19:27:02] [OK] 第1599章完成 (43.2s)
[2026-05-18 19:27:03] [OK] 第1617章完成 (56.8s)
[2026-05-18 19:27:07] [OK] 第1611章完成 (49.9s)
[2026-05-18 19:27:12] [OK] 第1604章完成 (108.0s)
[2026-05-18 19:27:15] [OK] 第1621章完成 (44.7s)
[2026-05-18 19:27:19] [OK] 第1647章完成 (62.3s)
[2026-05-18 19:27:20] [OK] 第1615章完成 (59.1s)
[2026-05-18 19:27:21] [OK] 第1653章完成 (50.2s)
[2026-05-18 19:27:23] [OK] 第1601章完成 (38.7s)
[2026-05-18 19:27:27] [OK] 第1657章完成 (59.4s)
[2026-05-18 19:27:28] [OK] 第1631章完成 (64.7s)
[2026-05-18 19:27:30] [OK] 第1629章完成 (61.6s)
[2026-05-18 19:27:31] [OK] 第1641章完成 (51.1s)
[2026-05-18 19:27:31] [OK] 第1649章完成 (64.5s)
[2026-05-18 19:27:33] [OK] 第1637章完成 (71.7s)
[2026-05-18 19:27:34] [OK] 第1609章完成 (73.0s)
[2026-05-18 19:27:34] [OK] 第1651章完成 (65.6s)
[2026-05-18 19:27:38] [OK] 第1613章完成 (64.1s)
[2026-05-18 19:27:38] [OK] 第1645章完成 (65.2s)
[2026-05-18 19:27:38] [OK] 第1639章完成 (70.0s)
[2026-05-18 19:27:39] [OK] 第1625章完成 (67.5s)
[2026-05-18 19:27:40] [OK] 第1655章完成 (76.7s)
[2026-05-18 19:27:44] [OK] 第1635章完成 (84.4s)
[2026-05-18 19:27:54] [OK] 第1623章完成 (70.4s)
[2026-05-18 19:27:56] [OK] 第1619章完成 (59.6s)
[2026-05-18 19:27:59] [OK] 第1643章完成 (61.8s)
[2026-05-18 19:28:03] [OK] 第1607章完成 (85.7s)
[2026-05-18 19:28:06] [OK] 第1603章完成 (82.1s)
[2026-05-18 19:28:12] [OK] 第1605章完成 (60.4s)
[2026-05-18 19:28:41] [OK] 第1633章完成 (104.0s)
[2026-05-18 19:28:41] 累计: 成功1250 | 失败10 | 速率19.2章/分钟
[2026-05-18 19:28:42] 本轮调度: 30个agent, 共60章, 剩余缺失343章
[2026-05-18 19:29:27] [OK] 第1682章完成 (45.1s)
[2026-05-18 19:29:31] [OK] 第1664章完成 (48.5s)
[2026-05-18 19:29:34] [OK] 第1716章完成 (52.0s)
[2026-05-18 19:29:35] [OK] 第1700章完成 (52.3s)
[2026-05-18 19:29:37] [OK] 第1660章完成 (54.4s)
[2026-05-18 19:29:40] [OK] 第1684章完成 (58.1s)
[2026-05-18 19:29:41] [OK] 第1710章完成 (59.2s)
[2026-05-18 19:29:43] [OK] 第1662章完成 (60.5s)
[2026-05-18 19:29:43] [OK] 第1666章完成 (60.8s)
[2026-05-18 19:29:45] [OK] 第1706章完成 (62.6s)
[2026-05-18 19:29:45] [OK] 第1678章完成 (63.1s)
[2026-05-18 19:29:47] [OK] 第1694章完成 (64.7s)
[2026-05-18 19:29:47] [OK] 第1674章完成 (64.7s)
[2026-05-18 19:29:47] [OK] 第1670章完成 (65.1s)
[2026-05-18 19:29:48] [OK] 第1690章完成 (65.9s)
[2026-05-18 19:29:48] [OK] 第1692章完成 (66.1s)
[2026-05-18 19:29:50] [OK] 第1668章完成 (67.4s)
[2026-05-18 19:29:52] [OK] 第1676章完成 (69.5s)
[2026-05-18 19:29:53] [OK] 第1712章完成 (71.2s)
[2026-05-18 19:29:55] [OK] 第1686章完成 (73.3s)
[2026-05-18 19:29:58] [OK] 第1658章完成 (76.0s)
[2026-05-18 19:29:58] [OK] 第1708章完成 (76.2s)
[2026-05-18 19:30:00] [OK] 第1696章完成 (77.7s)
[2026-05-18 19:30:00] [OK] 第1672章完成 (77.8s)
[2026-05-18 19:30:01] [OK] 第1688章完成 (78.9s)
[2026-05-18 19:30:04] [OK] 第1704章完成 (81.7s)
[2026-05-18 19:30:08] [OK] 第1680章完成 (86.1s)
[2026-05-18 19:30:20] [OK] 第1698章完成 (97.8s)
[2026-05-18 19:30:23] [OK] 第1714章完成 (100.5s)
[2026-05-18 19:30:24] [OK] 第1665章完成 (53.7s)
[2026-05-18 19:30:25] [OK] 第1702章完成 (102.9s)
[2026-05-18 19:30:25] [OK] 第1679章完成 (39.9s)
[2026-05-18 19:30:30] [OK] 第1701章完成 (55.7s)
[2026-05-18 19:30:36] [OK] 第1711章完成 (54.4s)
[2026-05-18 19:30:40] [OK] 第1663章完成 (57.1s)
[2026-05-18 19:30:43] [OK] 第1683章完成 (75.9s)
[2026-05-18 19:30:46] [OK] 第1691章完成 (57.9s)
[2026-05-18 19:30:48] [OK] 第1667章完成 (65.1s)
[2026-05-18 19:30:48] [OK] 第1717章完成 (73.8s)
[2026-05-18 19:30:49] [OK] 第1669章完成 (59.0s)
[2026-05-18 19:30:50] [OK] 第1687章完成 (54.5s)
[2026-05-18 19:30:53] [OK] 第1685章完成 (72.4s)
[2026-05-18 19:30:53] [OK] 第1713章完成 (59.4s)
[2026-05-18 19:30:54] [OK] 第1675章完成 (67.0s)
[2026-05-18 19:30:57] [OK] 第1677章完成 (65.2s)
[2026-05-18 19:30:57] [OK] 第1661章完成 (80.9s)
[2026-05-18 19:30:58] [OK] 第1681章完成 (49.4s)
[2026-05-18 19:30:58] [OK] 第1695章完成 (70.9s)
[2026-05-18 19:31:01] [OK] 第1689章完成 (59.7s)
[2026-05-18 19:31:04] [OK] 第1707章完成 (79.2s)
[2026-05-18 19:31:05] [OK] 第1671章完成 (77.7s)
[2026-05-18 19:31:07] [OK] 第1693章完成 (78.4s)
[2026-05-18 19:31:08] [OK] 第1705章完成 (63.6s)
[2026-05-18 19:31:08] [OK] 第1673章完成 (67.8s)
[2026-05-18 19:31:08] [OK] 第1709章完成 (69.9s)
[2026-05-18 19:31:10] [OK] 第1715章完成 (46.7s)
[2026-05-18 19:31:13] [OK] 第1697章完成 (72.9s)
[2026-05-18 19:31:16] [OK] 第1659章完成 (77.6s)
[2026-05-18 19:31:23] [OK] 第1699章完成 (62.6s)
[2026-05-18 19:31:23] [OK] 第1703章完成 (58.0s)
[2026-05-18 19:31:23] 累计: 成功1310 | 失败10 | 速率19.4章/分钟
[2026-05-18 19:31:24] 本轮调度: 30个agent, 共60章, 剩余缺失283章
[2026-05-18 19:32:15] [OK] 第1766章完成 (50.6s)
[2026-05-18 19:32:15] [OK] 第1776章完成 (51.0s)
[2026-05-18 19:32:16] [OK] 第1760章完成 (52.1s)
[2026-05-18 19:32:19] [OK] 第1740章完成 (54.6s)
[2026-05-18 19:32:20] [OK] 第1732章完成 (55.6s)
[2026-05-18 19:32:20] [OK] 第1748章完成 (56.1s)
[2026-05-18 19:32:20] [OK] 第1734章完成 (56.3s)
[2026-05-18 19:32:21] [OK] 第1744章完成 (57.0s)
[2026-05-18 19:32:23] [OK] 第1738章完成 (59.3s)
[2026-05-18 19:32:26] [OK] 第1720章完成 (61.4s)
[2026-05-18 19:32:27] [OK] 第1764章完成 (62.5s)
[2026-05-18 19:32:27] [OK] 第1752章完成 (62.6s)
[2026-05-18 19:32:27] [OK] 第1726章完成 (63.1s)
[2026-05-18 19:32:28] [OK] 第1724章完成 (63.6s)
[2026-05-18 19:32:28] [OK] 第1730章完成 (63.7s)
[2026-05-18 19:32:28] [OK] 第1750章完成 (64.0s)
[2026-05-18 19:32:28] [OK] 第1718章完成 (64.3s)
[2026-05-18 19:32:29] [OK] 第1728章完成 (64.7s)
[2026-05-18 19:32:29] [OK] 第1754章完成 (64.7s)
[2026-05-18 19:32:29] [OK] 第1772章完成 (64.8s)
[2026-05-18 19:32:30] [OK] 第1756章完成 (65.8s)
[2026-05-18 19:32:31] [OK] 第1758章完成 (66.9s)
[2026-05-18 19:32:32] [OK] 第1722章完成 (68.0s)
[2026-05-18 19:32:34] [OK] 第1770章完成 (69.6s)
[2026-05-18 19:32:34] [OK] 第1774章完成 (70.1s)
[2026-05-18 19:32:35] [OK] 第1746章完成 (71.3s)
[2026-05-18 19:32:44] [OK] 第1742章完成 (79.7s)
[2026-05-18 19:32:44] [OK] 第1768章完成 (79.9s)
[2026-05-18 19:32:52] [OK] 第1762章完成 (88.1s)
[2026-05-18 19:32:54] [OK] 第1736章完成 (89.7s)
[2026-05-18 19:33:08] [OK] 第1777章完成 (52.8s)
[2026-05-18 19:33:11] [OK] 第1739章完成 (47.7s)
[2026-05-18 19:33:12] [OK] 第1767章完成 (57.1s)
[2026-05-18 19:33:18] [OK] 第1745章完成 (56.5s)
[2026-05-18 19:33:21] [OK] 第1773章完成 (51.9s)
[2026-05-18 19:33:23] [OK] 第1753章完成 (56.1s)
[2026-05-18 19:33:25] [OK] 第1741章完成 (66.0s)
[2026-05-18 19:33:25] [OK] 第1757章完成 (55.3s)
[2026-05-18 19:33:26] [OK] 第1775章完成 (51.3s)
[2026-05-18 19:33:26] [OK] 第1755章完成 (57.6s)
[2026-05-18 19:33:27] [FAIL] 第1729章失败: unknown
[2026-05-18 19:33:28] [OK] 第1725章完成 (59.9s)
[2026-05-18 19:33:32] [OK] 第1723章完成 (59.9s)
[2026-05-18 19:33:34] [OK] 第1735章完成 (73.2s)
[2026-05-18 19:33:35] [OK] 第1751章完成 (66.8s)
[2026-05-18 19:33:35] [OK] 第1765章完成 (68.7s)
[2026-05-18 19:33:38] [OK] 第1721章完成 (72.9s)
[2026-05-18 19:33:39] [OK] 第1731章完成 (70.9s)
[2026-05-18 19:33:39] [OK] 第1719章完成 (70.7s)
[2026-05-18 19:33:42] [OK] 第1763章完成 (49.5s)
[2026-05-18 19:33:43] [OK] 第1759章完成 (71.5s)
[2026-05-18 19:33:46] [OK] 第1771章完成 (72.7s)
[2026-05-18 19:33:47] [OK] 第1749章完成 (86.8s)
[2026-05-18 19:33:49] [OK] 第1747章完成 (73.7s)
[2026-05-18 19:33:51] [OK] 第1743章完成 (66.9s)
[2026-05-18 19:33:51] [OK] 第1727章完成 (84.2s)
[2026-05-18 19:34:02] [OK] 第1761章完成 (105.8s)
[2026-05-18 19:34:04] [OK] 第1769章完成 (79.5s)
[2026-05-18 19:34:14] [OK] 第1733章完成 (114.5s)
[2026-05-18 19:34:14] [OK] 第1737章完成 (80.5s)
[2026-05-18 19:34:14] 累计: 成功1369 | 失败11 | 速率19.4章/分钟
[2026-05-18 19:34:16] 本轮调度: 30个agent, 共60章, 剩余缺失224章
[2026-05-18 19:35:03] [OK] 第1791章完成 (47.6s)
[2026-05-18 19:35:11] [OK] 第1795章完成 (54.6s)
[2026-05-18 19:35:12] [OK] 第1831章完成 (56.1s)
[2026-05-18 19:35:13] [OK] 第1817章完成 (56.7s)
[2026-05-18 19:35:13] [OK] 第1803章完成 (57.4s)
[2026-05-18 19:35:15] [OK] 第1781章完成 (58.7s)
[2026-05-18 19:35:16] [OK] 第1829章完成 (60.4s)
[2026-05-18 19:35:17] [OK] 第1819章完成 (61.1s)
[2026-05-18 19:35:19] [OK] 第1833章完成 (63.4s)
[2026-05-18 19:35:21] [OK] 第1783章完成 (65.6s)
[2026-05-18 19:35:22] [OK] 第1807章完成 (65.9s)
[2026-05-18 19:35:22] [OK] 第1815章完成 (66.3s)
[2026-05-18 19:35:23] [OK] 第1729章完成 (66.6s)
[2026-05-18 19:35:23] [OK] 第1805章完成 (67.5s)
[2026-05-18 19:35:24] [OK] 第1813章完成 (68.4s)
[2026-05-18 19:35:24] [OK] 第1799章完成 (68.5s)
[2026-05-18 19:35:26] [OK] 第1809章完成 (69.8s)
[2026-05-18 19:35:26] [OK] 第1793章完成 (70.1s)
[2026-05-18 19:35:27] [OK] 第1823章完成 (70.9s)
[2026-05-18 19:35:27] [OK] 第1779章完成 (71.1s)
[2026-05-18 19:35:28] [OK] 第1827章完成 (72.2s)
[2026-05-18 19:35:28] [OK] 第1789章完成 (72.4s)
[2026-05-18 19:35:30] [OK] 第1825章完成 (74.5s)
[2026-05-18 19:35:31] [OK] 第1787章完成 (75.4s)
[2026-05-18 19:35:33] [OK] 第1801章完成 (77.0s)
[2026-05-18 19:35:34] [OK] 第1811章完成 (77.7s)
[2026-05-18 19:35:36] [OK] 第1821章完成 (80.1s)
[2026-05-18 19:35:38] [OK] 第1835章完成 (82.4s)
[2026-05-18 19:36:07] [OK] 第1782章完成 (52.0s)
[2026-05-18 19:36:08] [OK] 第1785章完成 (112.2s)
[2026-05-18 19:36:08] [OK] 第1792章完成 (65.0s)
[2026-05-18 19:36:09] [OK] 第1800章完成 (44.6s)
[2026-05-18 19:36:12] [OK] 第1778章完成 (49.2s)
[2026-05-18 19:36:12] [OK] 第1797章完成 (116.0s)
[2026-05-18 19:36:13] [OK] 第1832章完成 (60.5s)
[2026-05-18 19:36:14] [OK] 第1804章完成 (60.8s)
[2026-05-18 19:36:14] [OK] 第1830章完成 (58.0s)
[2026-05-18 19:36:16] [OK] 第1818章完成 (63.2s)
[2026-05-18 19:36:19] [OK] 第1808章完成 (57.5s)
[2026-05-18 19:36:23] [OK] 第1794章完成 (56.6s)
[2026-05-18 19:36:24] [OK] 第1806章完成 (60.5s)
[2026-05-18 19:36:25] [OK] 第1834章完成 (65.4s)
[2026-05-18 19:36:26] [OK] 第1824章完成 (58.8s)
[2026-05-18 19:36:26] [OK] 第1820章完成 (69.4s)
[2026-05-18 19:36:28] [OK] 第1816章完成 (65.9s)
[2026-05-18 19:36:33] [OK] 第1810章完成 (67.4s)
[2026-05-18 19:36:33] [OK] 第1790章完成 (64.9s)
[2026-05-18 19:36:36] [OK] 第1812章完成 (62.1s)
[2026-05-18 19:36:37] [OK] 第1780章完成 (70.2s)
[2026-05-18 19:36:43] [OK] 第1784章完成 (81.0s)
[2026-05-18 19:36:43] [OK] 第1822章完成 (66.9s)
[2026-05-18 19:36:43] [OK] 第1836章完成 (65.1s)
[2026-05-18 19:36:46] [OK] 第1796章完成 (95.8s)
[2026-05-18 19:36:50] [OK] 第1828章完成 (81.4s)
[2026-05-18 19:36:55] [OK] 第1788章完成 (83.6s)
[2026-05-18 19:36:56] [OK] 第1786章完成 (48.3s)
[2026-05-18 19:37:00] [OK] 第1814章完成 (95.7s)
[2026-05-18 19:37:01] [OK] 第1826章完成 (90.6s)
[2026-05-18 19:37:10] [OK] 第1802章完成 (97.1s)
[2026-05-18 19:37:17] [OK] 第1798章完成 (65.2s)
[2026-05-18 19:37:17] 累计: 成功1429 | 失败11 | 速率19.4章/分钟
[2026-05-18 19:37:18] 本轮调度: 30个agent, 共60章, 剩余缺失164章
[2026-05-18 19:38:11] [OK] 第1855章完成 (52.5s)
[2026-05-18 19:38:12] [OK] 第1893章完成 (54.2s)
[2026-05-18 19:38:16] [OK] 第1837章完成 (58.3s)
[2026-05-18 19:38:18] [OK] 第1857章完成 (59.4s)
[2026-05-18 19:38:18] [OK] 第1849章完成 (59.8s)
[2026-05-18 19:38:18] [OK] 第1871章完成 (60.1s)
[2026-05-18 19:38:19] [OK] 第1845章完成 (60.8s)
[2026-05-18 19:38:19] [OK] 第1889章完成 (61.0s)
[2026-05-18 19:38:20] [OK] 第1875章完成 (61.7s)
[2026-05-18 19:38:21] [OK] 第1867章完成 (63.0s)
[2026-05-18 19:38:21] [OK] 第1863章完成 (63.1s)
[2026-05-18 19:38:21] [OK] 第1891章完成 (63.2s)
[2026-05-18 19:38:22] [OK] 第1883章完成 (63.8s)
[2026-05-18 19:38:22] [OK] 第1847章完成 (64.1s)
[2026-05-18 19:38:22] [OK] 第1881章完成 (64.2s)
[2026-05-18 19:38:23] [OK] 第1861章完成 (64.4s)
[2026-05-18 19:38:24] [OK] 第1851章完成 (65.5s)
[2026-05-18 19:38:27] [OK] 第1865章完成 (68.8s)
[2026-05-18 19:38:27] [OK] 第1869章完成 (69.2s)
[2026-05-18 19:38:30] [OK] 第1885章完成 (71.6s)
[2026-05-18 19:38:30] [OK] 第1873章完成 (71.8s)
[2026-05-18 19:38:32] [OK] 第1877章完成 (74.1s)
[2026-05-18 19:38:33] [OK] 第1887章完成 (74.4s)
[2026-05-18 19:38:34] [OK] 第1859章完成 (76.0s)
[2026-05-18 19:38:37] [OK] 第1895章完成 (78.7s)
[2026-05-18 19:38:39] [OK] 第1839章完成 (81.1s)
[2026-05-18 19:38:44] [OK] 第1843章完成 (86.0s)
[2026-05-18 19:38:45] [OK] 第1841章完成 (86.4s)
[2026-05-18 19:38:51] [OK] 第1879章完成 (92.7s)
[2026-05-18 19:39:09] [OK] 第1850章完成 (50.7s)
[2026-05-18 19:39:10] [OK] 第1848章完成 (47.8s)
[2026-05-18 19:39:11] [OK] 第1853章完成 (112.7s)
[2026-05-18 19:39:12] [OK] 第1894章完成 (59.2s)
[2026-05-18 19:39:15] [OK] 第1858章完成 (57.5s)
[2026-05-18 19:39:18] [OK] 第1870章完成 (50.8s)
[2026-05-18 19:39:23] [OK] 第1856章完成 (72.0s)
[2026-05-18 19:39:23] [OK] 第1872章完成 (64.9s)
[2026-05-18 19:39:24] [OK] 第1892章完成 (62.5s)
[2026-05-18 19:39:25] [OK] 第1882章完成 (62.5s)
[2026-05-18 19:39:25] [OK] 第1884章完成 (63.1s)
[2026-05-18 19:39:26] [OK] 第1864章完成 (64.9s)
[2026-05-18 19:39:30] [OK] 第1842章完成 (45.3s)
[2026-05-18 19:39:30] [OK] 第1838章完成 (73.6s)
[2026-05-18 19:39:30] [OK] 第1874章完成 (60.3s)
[2026-05-18 19:39:31] [OK] 第1860章完成 (56.5s)
[2026-05-18 19:39:34] [OK] 第1888章完成 (61.7s)
[2026-05-18 19:39:37] [OK] 第1862章完成 (73.9s)
[2026-05-18 19:39:37] [OK] 第1866章完成 (70.2s)
[2026-05-18 19:39:42] [OK] 第1890章完成 (82.4s)
[2026-05-18 19:39:44] [OK] 第1876章完成 (84.1s)
[2026-05-18 19:39:45] [OK] 第1868章完成 (84.0s)
[2026-05-18 19:39:49] [OK] 第1880章完成 (58.2s)
[2026-05-18 19:39:51] [OK] 第1846章完成 (92.0s)
[2026-05-18 19:39:51] [OK] 第1896章完成 (74.4s)
[2026-05-18 19:39:52] [OK] 第1852章完成 (88.6s)
[2026-05-18 19:39:53] [OK] 第1886章完成 (82.7s)
[2026-05-18 19:39:54] [OK] 第1840章完成 (74.8s)
[2026-05-18 19:39:56] [OK] 第1878章完成 (84.2s)
[2026-05-18 19:40:14] [OK] 第1844章完成 (89.5s)
[2026-05-18 19:40:52] [OK] 第1854章完成 (101.1s)
[2026-05-18 19:40:52] 累计: 成功1489 | 失败11 | 速率19.3章/分钟
[2026-05-18 19:40:54] 本轮调度: 30个agent, 共60章, 剩余缺失104章
[2026-05-18 19:41:33] [OK] 第1923章完成 (39.1s)
[2026-05-18 19:41:44] [OK] 第1951章完成 (50.4s)
[2026-05-18 19:41:48] [OK] 第1905章完成 (54.6s)
[2026-05-18 19:41:49] [OK] 第1931章完成 (55.8s)
[2026-05-18 19:41:51] [OK] 第1909章完成 (57.2s)
[2026-05-18 19:41:52] [OK] 第1937章完成 (58.5s)
[2026-05-18 19:41:53] [OK] 第1915章完成 (59.7s)
[2026-05-18 19:41:53] [OK] 第1911章完成 (59.8s)
[2026-05-18 19:41:54] [OK] 第1941章完成 (60.1s)
[2026-05-18 19:41:55] [OK] 第1925章完成 (60.9s)
[2026-05-18 19:41:55] [OK] 第1917章完成 (61.1s)
[2026-05-18 19:41:55] [OK] 第1899章完成 (61.4s)
[2026-05-18 19:41:55] [OK] 第1929章完成 (61.5s)
[2026-05-18 19:41:55] [OK] 第1947章完成 (61.6s)
[2026-05-18 19:41:57] [OK] 第1901章完成 (63.1s)
[2026-05-18 19:41:57] [OK] 第1933章完成 (63.1s)
[2026-05-18 19:41:57] [OK] 第1953章完成 (63.2s)
[2026-05-18 19:41:59] [OK] 第1907章完成 (65.2s)
[2026-05-18 19:42:01] [OK] 第1935章完成 (67.4s)
[2026-05-18 19:42:03] [OK] 第1903章完成 (69.2s)
[2026-05-18 19:42:05] [OK] 第1955章完成 (71.8s)
[2026-05-18 19:42:07] [OK] 第1919章完成 (73.6s)
[2026-05-18 19:42:12] [OK] 第1943章完成 (78.7s)
[2026-05-18 19:42:12] [OK] 第1921章完成 (78.9s)
[2026-05-18 19:42:13] [OK] 第1913章完成 (79.8s)
[2026-05-18 19:42:14] [OK] 第1939章完成 (80.6s)
[2026-05-18 19:42:17] [OK] 第1945章完成 (83.9s)
[2026-05-18 19:42:20] [OK] 第1927章完成 (86.7s)
[2026-05-18 19:42:30] [OK] 第1949章完成 (96.1s)
[2026-05-18 19:42:33] [OK] 第1897章完成 (99.0s)
[2026-05-18 19:42:35] [OK] 第1916章完成 (41.3s)
[2026-05-18 19:42:39] [OK] 第1924章完成 (65.9s)
[2026-05-18 19:42:40] [OK] 第1952章完成 (55.5s)
[2026-05-18 19:42:42] [OK] 第1954章完成 (45.3s)
[2026-05-18 19:42:44] [OK] 第1930章完成 (49.0s)
[2026-05-18 19:42:46] [OK] 第1932章完成 (57.1s)
[2026-05-18 19:42:48] [OK] 第1912章完成 (54.8s)
[2026-05-18 19:42:49] [OK] 第1900章完成 (54.1s)
[2026-05-18 19:42:50] [OK] 第1934章完成 (53.2s)
[2026-05-18 19:42:52] [OK] 第1938章完成 (59.5s)
[2026-05-18 19:42:54] [OK] 第1918章完成 (59.4s)
[2026-05-18 19:42:56] [OK] 第1910章完成 (65.2s)
[2026-05-18 19:42:57] [OK] 第1908章完成 (57.9s)
[2026-05-18 19:42:57] [OK] 第1902章完成 (60.6s)
[2026-05-18 19:43:01] [OK] 第1914章完成 (47.6s)
[2026-05-18 19:43:01] [OK] 第1944章完成 (49.0s)
[2026-05-18 19:43:02] [OK] 第1956章完成 (56.6s)
[2026-05-18 19:43:04] [OK] 第1936章完成 (63.4s)
[2026-05-18 19:43:05] [OK] 第1942章完成 (71.0s)
[2026-05-18 19:43:05] [OK] 第1906章完成 (77.1s)
[2026-05-18 19:43:06] [OK] 第1904章完成 (63.5s)
[2026-05-18 19:43:07] [OK] 第1940章完成 (52.4s)
[2026-05-18 19:43:10] [OK] 第1928章完成 (49.7s)
[2026-05-18 19:43:12] [OK] 第1920章完成 (64.5s)
[2026-05-18 19:43:18] [OK] 第1926章完成 (83.3s)
[2026-05-18 19:43:18] [OK] 第1922章完成 (65.4s)
[2026-05-18 19:43:25] [OK] 第1948章完成 (90.0s)
[2026-05-18 19:43:28] [OK] 第1946章完成 (70.2s)
[2026-05-18 19:43:50] [OK] 第1898章完成 (77.4s)
[2026-05-18 19:43:51] [OK] 第1950章完成 (80.8s)
[2026-05-18 19:43:51] 累计: 成功1549 | 失败11 | 速率19.3章/分钟
[2026-05-18 19:43:52] 本轮调度: 22个agent, 共44章, 剩余缺失44章
[2026-05-18 19:44:40] [OK] 第1963章完成 (48.0s)
[2026-05-18 19:44:48] [OK] 第1967章完成 (56.5s)
[2026-05-18 19:44:50] [OK] 第1975章完成 (58.3s)
[2026-05-18 19:44:51] [OK] 第1965章完成 (59.0s)
[2026-05-18 19:44:51] [OK] 第1979章完成 (59.4s)
[2026-05-18 19:44:53] [OK] 第1959章完成 (61.3s)
[2026-05-18 19:44:54] [OK] 第1995章完成 (61.9s)
[2026-05-18 19:44:55] [OK] 第1997章完成 (63.1s)
[2026-05-18 19:44:55] [OK] 第1983章完成 (63.5s)
[2026-05-18 19:44:57] [OK] 第1981章完成 (65.2s)
[2026-05-18 19:44:57] [OK] 第1973章完成 (65.5s)
[2026-05-18 19:44:59] [OK] 第1977章完成 (67.1s)
[2026-05-18 19:45:01] [OK] 第1969章完成 (69.5s)
[2026-05-18 19:45:03] [OK] 第1985章完成 (71.0s)
[2026-05-18 19:45:03] [OK] 第1989章完成 (71.2s)
[2026-05-18 19:45:04] [OK] 第1971章完成 (72.7s)
[2026-05-18 19:45:08] [OK] 第1993章完成 (76.5s)
[2026-05-18 19:45:11] [OK] 第1999章完成 (79.0s)
[2026-05-18 19:45:11] [OK] 第1987章完成 (79.1s)
[2026-05-18 19:45:14] [OK] 第1991章完成 (82.2s)
[2026-05-18 19:45:14] [OK] 第1957章完成 (82.6s)
[2026-05-18 19:45:15] [OK] 第1961章完成 (83.0s)
[2026-05-18 19:45:41] [OK] 第1964章完成 (61.0s)
[2026-05-18 19:45:47] [OK] 第1980章完成 (55.7s)
[2026-05-18 19:45:49] [OK] 第1996章完成 (55.8s)
[2026-05-18 19:45:52] [OK] 第1972章完成 (47.6s)
[2026-05-18 19:45:53] [OK] 第1998章完成 (58.5s)
[2026-05-18 19:45:57] [OK] 第1990章完成 (54.1s)
[2026-05-18 19:46:01] [OK] 第1976章完成 (71.1s)
[2026-05-18 19:46:02] [OK] 第1986章完成 (59.0s)
[2026-05-18 19:46:03] [OK] 第1978章完成 (63.9s)
[2026-05-18 19:46:05] [OK] 第1968章完成 (76.9s)
[2026-05-18 19:46:05] [OK] 第1960章完成 (72.0s)
[2026-05-18 19:46:05] [OK] 第1974章完成 (68.3s)
[2026-05-18 19:46:08] [OK] 第1966章完成 (77.9s)
[2026-05-18 19:46:10] [OK] 第1994章完成 (61.9s)
[2026-05-18 19:46:11] [OK] 第2000章完成 (60.4s)
[2026-05-18 19:46:13] [OK] 第1962章完成 (58.8s)
[2026-05-18 19:46:17] [OK] 第1970章完成 (75.5s)
[2026-05-18 19:46:18] [OK] 第1988章完成 (67.8s)
[2026-05-18 19:46:21] [OK] 第1992章完成 (67.3s)
[2026-05-18 19:46:23] [OK] 第1982章完成 (85.9s)
[2026-05-18 19:46:24] [OK] 第1958章完成 (70.3s)
[2026-05-18 19:46:34] [OK] 第1984章完成 (98.5s)
[2026-05-18 19:46:34] 累计: 成功1593 | 失败11 | 速率19.2章/分钟
[2026-05-18 19:46:35] 全部章节已生成完毕！
[2026-05-18 19:46:36] ============================================================
[2026-05-18 19:46:36] Scheduler 结束 | 成功: 1593 | 失败: 11
[2026-05-18 19:46:36] ============================================================
