============================================================
Reviewer Agent 启动
项目: D:\AiProject\Node\projects\novels8
============================================================
[2026-05-19 05:03:51] [Reviewer] 第481章已有有效审查报告，跳过
[2026-05-19 05:03:52] [Reviewer] 正在审查第482章...
[2026-05-19 05:04:30] [Reviewer] 第482章审查完成，评分: 8.5， verdict: 通过
[2026-05-19 05:04:31] [Reviewer] 正在审查第483章...
[2026-05-19 05:05:08] [Reviewer] 第483章审查完成，评分: 7.5， verdict: 需修改
[2026-05-19 05:05:09] [Reviewer] 正在审查第484章...
[2026-05-19 05:05:55] [Reviewer] 第484章审查完成，评分: 7.2， verdict: 需修改
[2026-05-19 05:05:56] [Reviewer] 正在审查第485章...
[2026-05-19 05:06:34] [Reviewer] 第485章审查完成，评分: 8.0， verdict: 需修改
[2026-05-19 05:06:36] [Reviewer] 正在审查第486章...
[2026-05-19 05:07:08] [Reviewer] 第486章审查完成，评分: 8.5， verdict: 通过
[2026-05-19 05:07:09] [Reviewer] 正在审查第487章...
[2026-05-19 05:07:41] [Reviewer] 第487章审查完成，评分: 8.0， verdict: 通过
[2026-05-19 05:07:42] [Reviewer] 正在审查第488章...
[2026-05-19 05:08:13] [Reviewer] 第488章审查完成，评分: 8.5， verdict: 通过
[2026-05-19 05:08:14] [Reviewer] 正在审查第489章...
[2026-05-19 05:08:42] [Reviewer] 第489章审查完成，评分: 8.5， verdict: 通过
[2026-05-19 05:08:43] [Reviewer] 正在审查第490章...
[2026-05-19 05:09:18] [Reviewer] 第490章审查完成，评分: 8.5， verdict: 通过
[2026-05-19 05:09:19] [Reviewer] 全部完成
8.5， verdict: 通过
[2026-05-19 05:09:04] [Reviewer] 全部完成
============================================================
Reviewer Agent 启动
项目: D:\AiProject\Node\projects\novels8
============================================================
[2026-05-19 06:29:52] [Reviewer] 第481章已有有效审查报告，跳过
[2026-05-19 06:29:53] [Reviewer] 第482章已有有效审查报告，跳过
[2026-05-19 06:29:54] [Reviewer] 第483章已有有效审查报告，跳过
[2026-05-19 06:29:55] [Reviewer] 第484章已有有效审查报告，跳过
[2026-05-19 06:29:56] [Reviewer] 第485章已有有效审查报告，跳过
[2026-05-19 06:29:57] [Reviewer] 第486章已有有效审查报告，跳过
[2026-05-19 06:29:58] [Reviewer] 第487章已有有效审查报告，跳过
[2026-05-19 06:29:59] [Reviewer] 第488章已有有效审查报告，跳过
[2026-05-19 06:30:00] [Reviewer] 第489章已有有效审查报告，跳过
[2026-05-19 06:30:01] [Reviewer] 第490章已有有效审查报告，跳过
[2026-05-19 06:30:02] [Reviewer] 全部完成
