============================================================
Reviewer Agent 启动
项目: D:\AiProject\Node\projects\novels8
============================================================
[2026-05-19 05:18:15] [Reviewer] 第501章已有有效审查报告，跳过
[2026-05-19 05:18:16] [Reviewer] 正在审查第502章...
[2026-05-19 05:18:56] [Reviewer] 第502章审查完成，评分: 8.5， verdict: 通过
[2026-05-19 05:18:57] [Reviewer] 正在审查第503章...
[2026-05-19 05:19:26] [Reviewer] 第503章审查完成，评分: 7.8， verdict: 需修改
[2026-05-19 05:19:27] [Reviewer] 正在审查第504章...
[2026-05-19 05:19:56] [Reviewer] 第504章审查完成，评分: 8.5， verdict: 通过
[2026-05-19 05:19:57] [Reviewer] 正在审查第505章...
[2026-05-19 05:20:29] [Reviewer] 第505章审查完成，评分: 7.8， verdict: 需修改
[2026-05-19 05:20:30] [Reviewer] 正在审查第506章...
[2026-05-19 05:21:09] [Reviewer] 第506章审查完成，评分: 8.3， verdict: 通过
[2026-05-19 05:21:10] [Reviewer] 正在审查第507章...
[2026-05-19 05:21:46] [Reviewer] 第507章审查完成，评分: 8， verdict: 通过
[2026-05-19 05:21:47] [Reviewer] 正在审查第508章...
[2026-05-19 05:22:27] [Reviewer] 第508章审查完成，评分: 8.0， verdict: 通过
[2026-05-19 05:22:28] [Reviewer] 正在审查第509章...
[2026-05-19 05:23:08] [Reviewer] 第509章审查完成，评分: 7.5， verdict: 通过
[2026-05-19 05:23:09] [Reviewer] 正在审查第510章...
[2026-05-19 05:23:45] [Reviewer] 第510章审查完成，评分: 8.5， verdict: 通过
[2026-05-19 05:23:46] [Reviewer] 全部完成
[2026-05-19 05:22:38] [Reviewer] 正在审查第510章...
[2026-05-19 05:23:12] [Reviewer] 第510章审查完成，评分: 8.5， verdict: 通过
[2026-05-19 05:23:13] [Reviewer] 全部完成
============================================================
Reviewer Agent 启动
项目: D:\AiProject\Node\projects\novels8
============================================================
[2026-05-19 06:30:18] [Reviewer] 第501章已有有效审查报告，跳过
[2026-05-19 06:30:19] [Reviewer] 第502章已有有效审查报告，跳过
[2026-05-19 06:30:20] [Reviewer] 第503章已有有效审查报告，跳过
[2026-05-19 06:30:21] [Reviewer] 第504章已有有效审查报告，跳过
[2026-05-19 06:30:22] [Reviewer] 第505章已有有效审查报告，跳过
[2026-05-19 06:30:23] [Reviewer] 第506章已有有效审查报告，跳过
[2026-05-19 06:30:24] [Reviewer] 第507章已有有效审查报告，跳过
[2026-05-19 06:30:25] [Reviewer] 第508章已有有效审查报告，跳过
[2026-05-19 06:30:26] [Reviewer] 第509章已有有效审查报告，跳过
[2026-05-19 06:30:27] [Reviewer] 第510章已有有效审查报告，跳过
[2026-05-19 06:30:28] [Reviewer] 全部完成
