============================================================
Reviewer Agent фТ╤╞
оНд©: D:\AiProject\Node\projects\novels8
============================================================
[2026-05-19 06:36:40] [Reviewer] ╣з611убряспспп╖иС╡И╠╗╦Фё╛лЬ╧Щ
[2026-05-19 06:36:41] [Reviewer] уЩтзиС╡И╣з612уб...
[2026-05-19 06:37:17] [Reviewer] ╣з612убиС╡ИмЙЁиё╛фю╥ж: 7.8ё╛ verdict: м╗╧Щ
[2026-05-19 06:37:18] [Reviewer] уЩтзиС╡И╣з613уб...
[2026-05-19 06:37:55] [Reviewer] ╣з613убиС╡ИмЙЁиё╛фю╥ж: 8.0ё╛ verdict: м╗╧Щ
[2026-05-19 06:37:56] [Reviewer] уЩтзиС╡И╣з614уб...
[2026-05-19 06:38:37] [Reviewer] ╣з614убиС╡ИмЙЁиё╛фю╥ж: 7.8ё╛ verdict: м╗╧Щ
[2026-05-19 06:38:38] [Reviewer] уЩтзиС╡И╣з615уб...
[2026-05-19 06:39:12] [Reviewer] ╣з615убиС╡ИмЙЁиё╛фю╥ж: 8.5ё╛ verdict: м╗╧Щ
[2026-05-19 06:39:13] [Reviewer] уЩтзиС╡И╣з616уб...
[2026-05-19 06:39:45] [Reviewer] ╣з616убиС╡ИмЙЁиё╛фю╥ж: 8ё╛ verdict: м╗╧Щ
[2026-05-19 06:39:46] [Reviewer] ╣з617убряспспп╖иС╡И╠╗╦Фё╛лЬ╧Щ
[2026-05-19 06:39:47] [Reviewer] ╣з618убряспспп╖иС╡И╠╗╦Фё╛лЬ╧Щ
[2026-05-19 06:39:48] [Reviewer] ╣з619убряспспп╖иС╡И╠╗╦Фё╛лЬ╧Щ
[2026-05-19 06:39:49] [Reviewer] ╣з620убряспспп╖иС╡И╠╗╦Фё╛лЬ╧Щ
[2026-05-19 06:39:50] [Reviewer] х╚╡©мЙЁи
╖иС╡И╠╗╦Фё╛лЬ╧Щ
[2026-05-19 06:39:42] [Reviewer] ╣з619убряспспп╖иС╡И╠╗╦Фё╛лЬ╧Щ
[2026-05-19 06:39:43] [Reviewer] ╣з620убряспспп╖иС╡И╠╗╦Фё╛лЬ╧Щ
[2026-05-19 06:39:44] [Reviewer] х╚╡©мЙЁи
