============================================================
Reviewer Agent 启动
项目: D:\AiProject\Node\projects\novels8
============================================================
[2026-05-19 03:40:50] [Reviewer] 正在审查第401章...
[2026-05-19 03:41:25] [Reviewer] 第401章审查完成，评分: 8.2， verdict: 通过
[2026-05-19 03:41:26] [Reviewer] 正在审查第402章...
[2026-05-19 03:41:58] [Reviewer] 第402章审查完成，评分: 8.2， verdict: 通过
[2026-05-19 03:41:59] [Reviewer] 正在审查第403章...
[2026-05-19 03:42:30] [Reviewer] 第403章审查完成，评分: 7.8， verdict: 通过
[2026-05-19 03:42:31] [Reviewer] 正在审查第404章...
[2026-05-19 03:43:09] [Reviewer] 第404章审查完成，评分: 8.5， verdict: 通过
[2026-05-19 03:43:10] [Reviewer] 正在审查第405章...
[2026-05-19 03:43:38] [Reviewer] 第405章审查完成，评分: 8， verdict: 通过
[2026-05-19 03:43:39] [Reviewer] 正在审查第406章...
[2026-05-19 03:44:12] [Reviewer] 第406章审查完成，评分: 8.5， verdict: 通过
[2026-05-19 03:44:13] [Reviewer] 正在审查第407章...
[2026-05-19 03:44:42] [Reviewer] 第407章审查完成，评分: 7.8， verdict: 需修改
[2026-05-19 03:44:43] [Reviewer] 正在审查第408章...
[2026-05-19 03:45:08] [Reviewer] 第408章审查完成，评分: 7.8， verdict: 需修改
[2026-05-19 03:45:09] [Reviewer] 正在审查第409章...
[2026-05-19 03:45:44] [Reviewer] 第409章审查完成，评分: 7.2， verdict: 需修改
[2026-05-19 03:45:45] [Reviewer] 正在审查第410章...
[2026-05-19 03:46:18] [Reviewer] 第410章审查完成，评分: 8.5， verdict: 通过
[2026-05-19 03:46:19] [Reviewer] 全部完成
============================================================
Reviewer Agent 启动
项目: D:\AiProject\Node\projects\novels8
============================================================
[2026-05-19 04:46:45] [Reviewer] 第401章已有有效审查报告，跳过
[2026-05-19 04:46:46] [Reviewer] 第402章已有有效审查报告，跳过
[2026-05-19 04:46:47] [Reviewer] 第403章已有有效审查报告，跳过
[2026-05-19 04:46:48] [Reviewer] 第404章已有有效审查报告，跳过
[2026-05-19 04:46:49] [Reviewer] 第405章已有有效审查报告，跳过
[2026-05-19 04:46:50] [Reviewer] 第406章已有有效审查报告，跳过
[2026-05-19 04:46:51] [Reviewer] 第407章已有有效审查报告，跳过
[2026-05-19 04:46:52] [Reviewer] 第408章已有有效审查报告，跳过
[2026-05-19 04:46:53] [Reviewer] 第409章已有有效审查报告，跳过
[2026-05-19 04:46:54] [Reviewer] 第410章已有有效审查报告，跳过
[2026-05-19 04:46:55] [Reviewer] 全部完成
============================================================
Reviewer Agent 启动
项目: D:\AiProject\Node\projects\novels8
============================================================
[2026-05-19 06:25:22] [Reviewer] 第401章已有有效审查报告，跳过
[2026-05-19 06:25:23] [Reviewer] 第402章已有有效审查报告，跳过
[2026-05-19 06:25:24] [Reviewer] 第403章已有有效审查报告，跳过
[2026-05-19 06:25:25] [Reviewer] 第404章已有有效审查报告，跳过
[2026-05-19 06:25:26] [Reviewer] 第405章已有有效审查报告，跳过
[2026-05-19 06:25:27] [Reviewer] 第406章已有有效审查报告，跳过
[2026-05-19 06:25:28] [Reviewer] 第407章已有有效审查报告，跳过
[2026-05-19 06:25:29] [Reviewer] 第408章已有有效审查报告，跳过
[2026-05-19 06:25:30] [Reviewer] 第409章已有有效审查报告，跳过
[2026-05-19 06:25:31] [Reviewer] 第410章已有有效审查报告，跳过
[2026-05-19 06:25:32] [Reviewer] 全部完成
