============================================================
Reviewer Agent 启动
项目: D:\AiProject\Node\projects\novels8
============================================================
[2026-05-19 03:23:20] [Reviewer] 第331章文件不存在
[2026-05-19 03:23:21] [Reviewer] 第332章文件不存在
[2026-05-19 03:23:22] [Reviewer] 第333章文件不存在
[2026-05-19 03:23:23] [Reviewer] 第334章文件不存在
[2026-05-19 03:23:24] [Reviewer] 第335章文件不存在
[2026-05-19 03:23:25] [Reviewer] 第336章文件不存在
[2026-05-19 03:23:26] [Reviewer] 第337章文件不存在
[2026-05-19 03:23:27] [Reviewer] 第338章文件不存在
[2026-05-19 03:23:28] [Reviewer] 第339章文件不存在
[2026-05-19 03:23:29] [Reviewer] 第340章文件不存在
[2026-05-19 03:23:30] [Reviewer] 全部完成
============================================================
Reviewer Agent 启动
项目: D:\AiProject\Node\projects\novels8
============================================================
[2026-05-19 03:49:32] [Reviewer] 第331章文件不存在
[2026-05-19 03:49:33] [Reviewer] 第332章文件不存在
[2026-05-19 03:49:34] [Reviewer] 第333章文件不存在
[2026-05-19 03:49:35] [Reviewer] 第334章文件不存在
[2026-05-19 03:49:36] [Reviewer] 第335章文件不存在
[2026-05-19 03:49:37] [Reviewer] 第336章文件不存在
[2026-05-19 03:49:38] [Reviewer] 第337章文件不存在
[2026-05-19 03:49:39] [Reviewer] 第338章文件不存在
[2026-05-19 03:49:40] [Reviewer] 第339章文件不存在
[2026-05-19 03:49:41] [Reviewer] 第340章文件不存在
[2026-05-19 03:49:42] [Reviewer] 全部完成
============================================================
Reviewer Agent 启动
项目: D:\AiProject\Node\projects\novels8
============================================================
[2026-05-19 06:18:16] [Reviewer] 第331章文件不存在
[2026-05-19 06:18:17] [Reviewer] 第332章文件不存在
[2026-05-19 06:18:18] [Reviewer] 第333章文件不存在
[2026-05-19 06:18:19] [Reviewer] 第334章文件不存在
[2026-05-19 06:18:20] [Reviewer] 第335章文件不存在
[2026-05-19 06:18:21] [Reviewer] 第336章文件不存在
[2026-05-19 06:18:22] [Reviewer] 第337章文件不存在
[2026-05-19 06:18:23] [Reviewer] 第338章文件不存在
[2026-05-19 06:18:24] [Reviewer] 第339章文件不存在
[2026-05-19 06:18:25] [Reviewer] 第340章文件不存在
[2026-05-19 06:18:26] [Reviewer] 全部完成
