============================================================
Reviewer Agent 启动
项目: D:\AiProject\Node\projects\novels8
============================================================
[2026-05-19 03:22:28] [Reviewer] 第291章文件不存在
[2026-05-19 03:22:29] [Reviewer] 第292章文件不存在
[2026-05-19 03:22:30] [Reviewer] 第293章文件不存在
[2026-05-19 03:22:31] [Reviewer] 第294章文件不存在
[2026-05-19 03:22:32] [Reviewer] 第295章文件不存在
[2026-05-19 03:22:33] [Reviewer] 第296章文件不存在
[2026-05-19 03:22:34] [Reviewer] 第297章文件不存在
[2026-05-19 03:22:35] [Reviewer] 第298章文件不存在
[2026-05-19 03:22:36] [Reviewer] 第299章文件不存在
[2026-05-19 03:22:37] [Reviewer] 第300章文件不存在
[2026-05-19 03:22:38] [Reviewer] 全部完成
============================================================
Reviewer Agent 启动
项目: D:\AiProject\Node\projects\novels8
============================================================
[2026-05-19 03:22:52] [Reviewer] 第291章文件不存在
[2026-05-19 03:22:53] [Reviewer] 第292章文件不存在
[2026-05-19 03:22:54] [Reviewer] 第293章文件不存在
[2026-05-19 03:22:55] [Reviewer] 第294章文件不存在
[2026-05-19 03:22:56] [Reviewer] 第295章文件不存在
[2026-05-19 03:22:57] [Reviewer] 第296章文件不存在
[2026-05-19 03:22:58] [Reviewer] 第297章文件不存在
[2026-05-19 03:22:59] [Reviewer] 第298章文件不存在
[2026-05-19 03:23:00] [Reviewer] 第299章文件不存在
[2026-05-19 03:23:01] [Reviewer] 第300章文件不存在
[2026-05-19 03:23:02] [Reviewer] 全部完成
============================================================
Reviewer Agent 启动
项目: D:\AiProject\Node\projects\novels8
============================================================
[2026-05-19 06:05:48] [Reviewer] 正在审查第291章...
[2026-05-19 06:06:28] [Reviewer] 第291章审查完成，评分: 8.2， verdict: 通过
[2026-05-19 06:06:29] [Reviewer] 正在审查第292章...
[2026-05-19 06:07:09] [Reviewer] 第292章审查完成，评分: 8.2， verdict: 通过
[2026-05-19 06:07:10] [Reviewer] 第293章已有有效审查报告，跳过
[2026-05-19 06:07:11] [Reviewer] 正在审查第294章...
[2026-05-19 06:07:48] [Reviewer] 第294章审查完成，评分: 8.0， verdict: 通过
[2026-05-19 06:07:49] [Reviewer] 正在审查第295章...
[2026-05-19 06:08:21] [Reviewer] 第295章审查完成，评分: 8.5， verdict: 需修改
[2026-05-19 06:08:22] [Reviewer] 正在审查第296章...
[2026-05-19 06:08:53] [Reviewer] 第296章审查完成，评分: 8.0， verdict: 通过
[2026-05-19 06:08:54] [Reviewer] 第297章已有有效审查报告，跳过
[2026-05-19 06:08:55] [Reviewer] 第298章已有有效审查报告，跳过
[2026-05-19 06:08:56] [Reviewer] 第299章已有有效审查报告，跳过
[2026-05-19 06:08:57] [Reviewer] 正在审查第300章...
[2026-05-19 06:09:33] [Reviewer] 第300章审查完成，评分: 8.5， verdict: 通过
[2026-05-19 06:09:34] [Reviewer] 全部完成
