============================================================
Reviewer Agent 启动
项目: D:\AiProject\Node\projects\novels8
============================================================
[2026-05-19 03:19:04] [Reviewer] 第121章文件不存在
[2026-05-19 03:19:05] [Reviewer] 第122章文件不存在
[2026-05-19 03:19:06] [Reviewer] 第123章文件不存在
[2026-05-19 03:19:07] [Reviewer] 第124章文件不存在
[2026-05-19 03:19:08] [Reviewer] 第125章文件不存在
[2026-05-19 03:19:09] [Reviewer] 第126章文件不存在
[2026-05-19 03:19:10] [Reviewer] 第127章文件不存在
[2026-05-19 03:19:11] [Reviewer] 第128章文件不存在
[2026-05-19 03:19:12] [Reviewer] 第129章文件不存在
[2026-05-19 03:19:13] [Reviewer] 第130章文件不存在
[2026-05-19 03:19:14] [Reviewer] 全部完成
============================================================
Reviewer Agent 启动
项目: D:\AiProject\Node\projects\novels8
============================================================
[2026-05-19 03:19:28] [Reviewer] 第121章文件不存在
[2026-05-19 03:19:29] [Reviewer] 第122章文件不存在
[2026-05-19 03:19:30] [Reviewer] 第123章文件不存在
[2026-05-19 03:19:31] [Reviewer] 第124章文件不存在
[2026-05-19 03:19:32] [Reviewer] 第125章文件不存在
[2026-05-19 03:19:33] [Reviewer] 第126章文件不存在
[2026-05-19 03:19:34] [Reviewer] 第127章文件不存在
[2026-05-19 03:19:35] [Reviewer] 第128章文件不存在
[2026-05-19 03:19:36] [Reviewer] 第129章文件不存在
[2026-05-19 03:19:37] [Reviewer] 第130章文件不存在
[2026-05-19 03:19:38] [Reviewer] 全部完成
============================================================
Reviewer Agent 启动
项目: D:\AiProject\Node\projects\novels8
============================================================
[2026-05-19 04:47:59] [Reviewer] 第121章已有有效审查报告，跳过
[2026-05-19 04:48:00] [Reviewer] 正在审查第122章...
[2026-05-19 04:48:42] [Reviewer] 第122章审查完成，评分: 8.0， verdict: 通过
[2026-05-19 04:48:43] [Reviewer] 正在审查第123章...
[2026-05-19 04:49:15] [Reviewer] 第123章审查完成，评分: 7.5， verdict: 需修改
[2026-05-19 04:49:16] [Reviewer] 正在审查第124章...
[2026-05-19 04:49:51] [Reviewer] 第124章审查完成，评分: 8.0， verdict: 通过
[2026-05-19 04:49:52] [Reviewer] 第125章已有有效审查报告，跳过
[2026-05-19 04:49:53] [Reviewer] 第126章已有有效审查报告，跳过
[2026-05-19 04:49:54] [Reviewer] 第127章已有有效审查报告，跳过
[2026-05-19 04:49:55] [Reviewer] 第128章已有有效审查报告，跳过
[2026-05-19 04:49:56] [Reviewer] 第129章已有有效审查报告，跳过
[2026-05-19 04:49:57] [Reviewer] 第130章已有有效审查报告，跳过
[2026-05-19 04:49:58] [Reviewer] 全部完成
