============================================================
Reviewer Agent 启动
项目: D:\AiProject\Node\projects\novels8
============================================================
[2026-05-19 03:20:46] [Reviewer] 第201章文件不存在
[2026-05-19 03:20:47] [Reviewer] 第202章文件不存在
[2026-05-19 03:20:48] [Reviewer] 第203章文件不存在
[2026-05-19 03:20:49] [Reviewer] 第204章文件不存在
[2026-05-19 03:20:50] [Reviewer] 第205章文件不存在
[2026-05-19 03:20:51] [Reviewer] 第206章文件不存在
[2026-05-19 03:20:52] [Reviewer] 第207章文件不存在
[2026-05-19 03:20:53] [Reviewer] 第208章文件不存在
[2026-05-19 03:20:54] [Reviewer] 第209章文件不存在
[2026-05-19 03:20:55] [Reviewer] 第210章文件不存在
[2026-05-19 03:20:56] [Reviewer] 全部完成
============================================================
Reviewer Agent 启动
项目: D:\AiProject\Node\projects\novels8
============================================================
[2026-05-19 03:21:10] [Reviewer] 第201章文件不存在
[2026-05-19 03:21:11] [Reviewer] 第202章文件不存在
[2026-05-19 03:21:12] [Reviewer] 第203章文件不存在
[2026-05-19 03:21:13] [Reviewer] 第204章文件不存在
[2026-05-19 03:21:14] [Reviewer] 第205章文件不存在
[2026-05-19 03:21:15] [Reviewer] 第206章文件不存在
[2026-05-19 03:21:16] [Reviewer] 第207章文件不存在
[2026-05-19 03:21:17] [Reviewer] 第208章文件不存在
[2026-05-19 03:21:18] [Reviewer] 第209章文件不存在
[2026-05-19 03:21:19] [Reviewer] 第210章文件不存在
[2026-05-19 03:21:20] [Reviewer] 全部完成
============================================================
Reviewer Agent 启动
项目: D:\AiProject\Node\projects\novels8
============================================================
[2026-05-19 05:24:47] [Reviewer] 第201章文件不存在
[2026-05-19 05:24:48] [Reviewer] 第202章文件不存在
[2026-05-19 05:24:49] [Reviewer] 第203章文件不存在
[2026-05-19 05:24:50] [Reviewer] 第204章文件不存在
[2026-05-19 05:24:51] [Reviewer] 第205章文件不存在
[2026-05-19 05:24:52] [Reviewer] 第206章文件不存在
[2026-05-19 05:24:53] [Reviewer] 第207章文件不存在
[2026-05-19 05:24:54] [Reviewer] 第208章文件不存在
[2026-05-19 05:24:55] [Reviewer] 第209章文件不存在
[2026-05-19 05:24:56] [Reviewer] 第210章文件不存在
[2026-05-19 05:24:57] [Reviewer] 全部完成
