============================================================
Reviewer Agent 启动
项目: D:\AiProject\Node\projects\novels8
============================================================
[2026-05-19 03:21:37] [Reviewer] 第241章文件不存在
[2026-05-19 03:21:38] [Reviewer] 第242章文件不存在
[2026-05-19 03:21:39] [Reviewer] 第243章文件不存在
[2026-05-19 03:21:40] [Reviewer] 第244章文件不存在
[2026-05-19 03:21:41] [Reviewer] 第245章文件不存在
[2026-05-19 03:21:42] [Reviewer] 第246章文件不存在
[2026-05-19 03:21:43] [Reviewer] 第247章文件不存在
[2026-05-19 03:21:44] [Reviewer] 第248章文件不存在
[2026-05-19 03:21:45] [Reviewer] 第249章文件不存在
[2026-05-19 03:21:46] [Reviewer] 第250章文件不存在
[2026-05-19 03:21:47] [Reviewer] 全部完成
============================================================
Reviewer Agent 启动
项目: D:\AiProject\Node\projects\novels8
============================================================
[2026-05-19 03:22:01] [Reviewer] 第241章文件不存在
[2026-05-19 03:22:02] [Reviewer] 第242章文件不存在
[2026-05-19 03:22:03] [Reviewer] 第243章文件不存在
[2026-05-19 03:22:04] [Reviewer] 第244章文件不存在
[2026-05-19 03:22:05] [Reviewer] 第245章文件不存在
[2026-05-19 03:22:06] [Reviewer] 第246章文件不存在
[2026-05-19 03:22:07] [Reviewer] 第247章文件不存在
[2026-05-19 03:22:08] [Reviewer] 第248章文件不存在
[2026-05-19 03:22:09] [Reviewer] 第249章文件不存在
[2026-05-19 03:22:10] [Reviewer] 第250章文件不存在
[2026-05-19 03:22:11] [Reviewer] 全部完成
============================================================
Reviewer Agent 启动
项目: D:\AiProject\Node\projects\novels8
============================================================
[2026-05-19 05:44:54] [Reviewer] 正在审查第241章...
[2026-05-19 05:45:20] [Reviewer] 第241章审查完成，评分: 7.2， verdict: 需修改
[2026-05-19 05:45:21] [Reviewer] 正在审查第242章...
[2026-05-19 05:45:56] [Reviewer] 第242章审查完成，评分: 7.5， verdict: 需修改
[2026-05-19 05:45:57] [Reviewer] 正在审查第243章...
[2026-05-19 05:46:30] [Reviewer] 第243章审查完成，评分: 8.2， verdict: 通过
[2026-05-19 05:46:31] [Reviewer] 正在审查第244章...
[2026-05-19 05:47:00] [Reviewer] 第244章审查完成，评分: 8， verdict: 通过
[2026-05-19 05:47:01] [Reviewer] 第245章已有有效审查报告，跳过
[2026-05-19 05:47:02] [Reviewer] 第246章已有有效审查报告，跳过
[2026-05-19 05:47:03] [Reviewer] 第247章已有有效审查报告，跳过
[2026-05-19 05:47:04] [Reviewer] 正在审查第248章...
[2026-05-19 05:47:43] [Reviewer] 第248章审查完成，评分: 7.8， verdict: 需修改
[2026-05-19 05:47:44] [Reviewer] 第249章已有有效审查报告，跳过
[2026-05-19 05:47:45] [Reviewer] 第250章已有有效审查报告，跳过
[2026-05-19 05:47:46] [Reviewer] 全部完成
