============================================================
Reviewer Agent фТ╤╞
оНд©: D:\AiProject\Node\projects\novels8
============================================================
[2026-05-19 06:22:09] [Reviewer] ╣з591убряспспп╖иС╡И╠╗╦Фё╛лЬ╧Щ
[2026-05-19 06:22:10] [Reviewer] уЩтзиС╡И╣з592уб...
[2026-05-19 06:22:46] [Reviewer] ╣з592убиС╡ИмЙЁиё╛фю╥ж: 7.3ё╛ verdict: пХпч╦д
[2026-05-19 06:22:47] [Reviewer] уЩтзиС╡И╣з593уб...
[2026-05-19 06:23:16] [Reviewer] ╣з593убиС╡ИмЙЁиё╛фю╥ж: 8.5ё╛ verdict: м╗╧Щ
[2026-05-19 06:23:17] [Reviewer] уЩтзиС╡И╣з594уб...
[2026-05-19 06:24:00] [Reviewer] ╣з594убиС╡ИмЙЁиё╛фю╥ж: 7.4ё╛ verdict: пХпч╦д
[2026-05-19 06:24:01] [Reviewer] уЩтзиС╡И╣з595уб...
[2026-05-19 06:24:41] [Reviewer] ╣з595убиС╡ИмЙЁиё╛фю╥ж: 8.2ё╛ verdict: м╗╧Щ
[2026-05-19 06:24:42] [Reviewer] ╣з596убиС╡И╠╗╦Фнчп╖ё╗parse_errorё╘ё╛жьпбиС╡И
[2026-05-19 06:24:42] [Reviewer] уЩтзиС╡И╣з596уб...
[2026-05-19 06:25:27] [Reviewer] ╣з596убиС╡ИмЙЁиё╛фю╥ж: 8.5ё╛ verdict: м╗╧Щ
[2026-05-19 06:25:28] [Reviewer] ╣з597убряспспп╖иС╡И╠╗╦Фё╛лЬ╧Щ
[2026-05-19 06:25:29] [Reviewer] уЩтзиС╡И╣з598уб...
[2026-05-19 06:26:04] [Reviewer] JSON╫БнЖй╖╟э: Expecting ',' delimiter: line 21 column 9 (char 415)
[2026-05-19 06:26:04] [Reviewer] ╣з598убиС╡ИмЙЁиё╛фю╥ж: N/Aё╛ verdict: N/A
[2026-05-19 06:26:05] [Reviewer] уЩтзиС╡И╣з599уб...
[2026-05-19 06:26:36] [Reviewer] ╣з599убиС╡ИмЙЁиё╛фю╥ж: 8.0ё╛ verdict: м╗╧Щ
[2026-05-19 06:26:37] [Reviewer] уЩтзиС╡И╣з600уб...
[2026-05-19 06:27:13] [Reviewer] ╣з600убиС╡ИмЙЁиё╛фю╥ж: 7.8ё╛ verdict: пХпч╦д
[2026-05-19 06:27:14] [Reviewer] х╚╡©мЙЁи
╛ verdict: пХпч╦д
[2026-05-19 06:26:56] [Reviewer] х╚╡©мЙЁи
============================================================
Reviewer Agent фТ╤╞
оНд©: D:\AiProject\Node\projects\novels8
============================================================
[2026-05-19 06:33:42] [Reviewer] ╣з591убряспспп╖иС╡И╠╗╦Фё╛лЬ╧Щ
[2026-05-19 06:33:43] [Reviewer] ╣з592убряспспп╖иС╡И╠╗╦Фё╛лЬ╧Щ
[2026-05-19 06:33:44] [Reviewer] ╣з593убряспспп╖иС╡И╠╗╦Фё╛лЬ╧Щ
[2026-05-19 06:33:45] [Reviewer] ╣з594убряспспп╖иС╡И╠╗╦Фё╛лЬ╧Щ
[2026-05-19 06:33:46] [Reviewer] ╣з595убряспспп╖иС╡И╠╗╦Фё╛лЬ╧Щ
[2026-05-19 06:33:47] [Reviewer] ╣з596убряспспп╖иС╡И╠╗╦Фё╛лЬ╧Щ
[2026-05-19 06:33:48] [Reviewer] ╣з597убряспспп╖иС╡И╠╗╦Фё╛лЬ╧Щ
[2026-05-19 06:33:49] [Reviewer] ╣з598убиС╡И╠╗╦Фнчп╖ё╗parse_errorё╘ё╛жьпбиС╡И
[2026-05-19 06:33:49] [Reviewer] уЩтзиС╡И╣з598уб...
[2026-05-19 06:34:14] [Reviewer] ╣з598убиС╡ИмЙЁиё╛фю╥ж: 7.5ё╛ verdict: пХпч╦д
[2026-05-19 06:34:15] [Reviewer] ╣з599убряспспп╖иС╡И╠╗╦Фё╛лЬ╧Щ
[2026-05-19 06:34:16] [Reviewer] ╣з600убряспспп╖иС╡И╠╗╦Фё╛лЬ╧Щ
[2026-05-19 06:34:17] [Reviewer] х╚╡©мЙЁи
