============================================================
Reviewer Agent 启动
项目: D:\AiProject\Node\projects\novels8
============================================================
[2026-05-19 05:36:14] [Reviewer] 第521章文件不存在
[2026-05-19 05:36:15] [Reviewer] 第522章文件不存在
[2026-05-19 05:36:16] [Reviewer] 第523章文件不存在
[2026-05-19 05:36:17] [Reviewer] 第524章文件不存在
[2026-05-19 05:36:18] [Reviewer] 第525章文件不存在
[2026-05-19 05:36:19] [Reviewer] 第526章文件不存在
[2026-05-19 05:36:20] [Reviewer] 第527章文件不存在
[2026-05-19 05:36:21] [Reviewer] 第528章文件不存在
[2026-05-19 05:36:22] [Reviewer] 第529章文件不存在
[2026-05-19 05:36:23] [Reviewer] 第530章文件不存在
[2026-05-19 05:36:24] [Reviewer] 全部完成
============================================================
Reviewer Agent 启动
项目: D:\AiProject\Node\projects\novels8
============================================================
[2026-05-19 05:37:22] [Reviewer] 第521章文件不存在
[2026-05-19 05:37:23] [Reviewer] 第522章文件不存在
[2026-05-19 05:37:24] [Reviewer] 第523章文件不存在
[2026-05-19 05:37:25] [Reviewer] 第524章文件不存在
[2026-05-19 05:37:26] [Reviewer] 第525章文件不存在
[2026-05-19 05:37:27] [Reviewer] 第526章文件不存在
[2026-05-19 05:37:28] [Reviewer] 第527章文件不存在
[2026-05-19 05:37:29] [Reviewer] 第528章文件不存在
[2026-05-19 05:37:30] [Reviewer] 第529章文件不存在
[2026-05-19 05:37:31] [Reviewer] 第530章文件不存在
[2026-05-19 05:37:32] [Reviewer] 全部完成
============================================================
Reviewer Agent 启动
项目: D:\AiProject\Node\projects\novels8
============================================================
[2026-05-19 06:30:43] [Reviewer] 第521章文件不存在
[2026-05-19 06:30:44] [Reviewer] 第522章文件不存在
[2026-05-19 06:30:45] [Reviewer] 第523章文件不存在
[2026-05-19 06:30:46] [Reviewer] 第524章文件不存在
[2026-05-19 06:30:47] [Reviewer] 第525章文件不存在
[2026-05-19 06:30:48] [Reviewer] 第526章文件不存在
[2026-05-19 06:30:49] [Reviewer] 第527章文件不存在
[2026-05-19 06:30:50] [Reviewer] 第528章文件不存在
[2026-05-19 06:30:51] [Reviewer] 第529章文件不存在
[2026-05-19 06:30:52] [Reviewer] 第530章文件不存在
[2026-05-19 06:30:53] [Reviewer] 全部完成
