============================================================
Reviewer Agent 启动
项目: D:\AiProject\Node\projects\novels8
============================================================
[2026-05-19 07:11:59] [Reviewer] 正在审查第681章...
[2026-05-19 07:12:37] [Reviewer] JSON解析失败: Expecting ',' delimiter: line 24 column 9 (char 512)
[2026-05-19 07:12:37] [Reviewer] 第681章审查完成，评分: N/A， verdict: N/A
[2026-05-19 07:12:38] [Reviewer] 正在审查第682章...
[2026-05-19 07:13:09] [Reviewer] 第682章审查完成，评分: 7.5， verdict: 需修改
[2026-05-19 07:13:10] [Reviewer] 正在审查第683章...
[2026-05-19 07:13:39] [Reviewer] 第683章审查完成，评分: 8， verdict: 通过
[2026-05-19 07:13:40] [Reviewer] 正在审查第684章...
[2026-05-19 07:14:12] [Reviewer] 第684章审查完成，评分: 7.5， verdict: 需修改
[2026-05-19 07:14:13] [Reviewer] 第685章已有有效审查报告，跳过
[2026-05-19 07:14:14] [Reviewer] 第686章已有有效审查报告，跳过
[2026-05-19 07:14:15] [Reviewer] 正在审查第687章...
[2026-05-19 07:14:42] [Reviewer] 第687章审查完成，评分: 7.8， verdict: 需修改
[2026-05-19 07:14:43] [Reviewer] 正在审查第688章...
[2026-05-19 07:15:23] [Reviewer] 第688章审查完成，评分: 7.8， verdict: 需修改
[2026-05-19 07:15:24] [Reviewer] 第689章审查报告无效（parse_error），重新审查
[2026-05-19 07:15:24] [Reviewer] 正在审查第689章...
[2026-05-19 07:16:10] [Reviewer] 第689章审查完成，评分: 7.8， verdict: 通过
[2026-05-19 07:16:11] [Reviewer] 第690章已有有效审查报告，跳过
[2026-05-19 07:16:12] [Reviewer] 全部完成
