============================================================
Reviewer Agent 启动
项目: D:\AiProject\Node\projects\novels8
============================================================
[2026-05-19 03:24:13] [Reviewer] 第361章文件不存在
[2026-05-19 03:24:14] [Reviewer] 第362章文件不存在
[2026-05-19 03:24:15] [Reviewer] 第363章文件不存在
[2026-05-19 03:24:16] [Reviewer] 第364章文件不存在
[2026-05-19 03:24:17] [Reviewer] 第365章文件不存在
[2026-05-19 03:24:18] [Reviewer] 第366章文件不存在
[2026-05-19 03:24:19] [Reviewer] 第367章文件不存在
[2026-05-19 03:24:20] [Reviewer] 第368章文件不存在
[2026-05-19 03:24:21] [Reviewer] 第369章文件不存在
[2026-05-19 03:24:22] [Reviewer] 第370章文件不存在
[2026-05-19 03:24:23] [Reviewer] 全部完成
============================================================
Reviewer Agent 启动
项目: D:\AiProject\Node\projects\novels8
============================================================
[2026-05-19 04:17:30] [Reviewer] 正在审查第361章...
[2026-05-19 04:18:01] [Reviewer] 第361章审查完成，评分: 8.5， verdict: 通过
[2026-05-19 04:18:02] [Reviewer] 正在审查第362章...
[2026-05-19 04:18:43] [Reviewer] 第362章审查完成，评分: 8.2， verdict: 通过
[2026-05-19 04:18:44] [Reviewer] 正在审查第363章...
[2026-05-19 04:19:16] [Reviewer] 第363章审查完成，评分: 8.0， verdict: 需修改
[2026-05-19 04:19:17] [Reviewer] 正在审查第364章...
[2026-05-19 04:19:45] [Reviewer] 第364章审查完成，评分: 8.0， verdict: 通过
[2026-05-19 04:19:46] [Reviewer] 正在审查第365章...
[2026-05-19 04:20:25] [Reviewer] 第365章审查完成，评分: 8.2， verdict: 通过
[2026-05-19 04:20:26] [Reviewer] 正在审查第366章...
[2026-05-19 04:21:02] [Reviewer] 第366章审查完成，评分: 7.8， verdict: 需修改
[2026-05-19 04:21:03] [Reviewer] 正在审查第367章...
[2026-05-19 04:21:37] [Reviewer] 第367章审查完成，评分: 7.5， verdict: 通过
[2026-05-19 04:21:38] [Reviewer] 正在审查第368章...
[2026-05-19 04:22:13] [Reviewer] 第368章审查完成，评分: 8.2， verdict: 通过
[2026-05-19 04:22:14] [Reviewer] 正在审查第369章...
[2026-05-19 04:22:47] [Reviewer] 第369章审查完成，评分: 7.5， verdict: 需修改
[2026-05-19 04:22:48] [Reviewer] 正在审查第370章...
[2026-05-19 04:23:19] [Reviewer] 第370章审查完成，评分: 8.5， verdict: 通过
[2026-05-19 04:23:20] [Reviewer] 全部完成
============================================================
Reviewer Agent 启动
项目: D:\AiProject\Node\projects\novels8
============================================================
[2026-05-19 06:19:07] [Reviewer] 第361章已有有效审查报告，跳过
[2026-05-19 06:19:08] [Reviewer] 第362章已有有效审查报告，跳过
[2026-05-19 06:19:09] [Reviewer] 第363章已有有效审查报告，跳过
[2026-05-19 06:19:10] [Reviewer] 第364章已有有效审查报告，跳过
[2026-05-19 06:19:11] [Reviewer] 第365章已有有效审查报告，跳过
[2026-05-19 06:19:12] [Reviewer] 第366章已有有效审查报告，跳过
[2026-05-19 06:19:13] [Reviewer] 第367章已有有效审查报告，跳过
[2026-05-19 06:19:14] [Reviewer] 第368章已有有效审查报告，跳过
[2026-05-19 06:19:15] [Reviewer] 第369章已有有效审查报告，跳过
[2026-05-19 06:19:16] [Reviewer] 第370章已有有效审查报告，跳过
[2026-05-19 06:19:17] [Reviewer] 全部完成
