============================================================
Reviewer Agent 启动
项目: D:\AiProject\Node\projects\novels8
============================================================
[2026-05-19 03:19:30] [Reviewer] 第151章文件不存在
[2026-05-19 03:19:31] [Reviewer] 第152章文件不存在
[2026-05-19 03:19:32] [Reviewer] 第153章文件不存在
[2026-05-19 03:19:33] [Reviewer] 第154章文件不存在
[2026-05-19 03:19:34] [Reviewer] 第155章文件不存在
[2026-05-19 03:19:35] [Reviewer] 第156章文件不存在
[2026-05-19 03:19:36] [Reviewer] 第157章文件不存在
[2026-05-19 03:19:37] [Reviewer] 第158章文件不存在
[2026-05-19 03:19:38] [Reviewer] 第159章文件不存在
[2026-05-19 03:19:39] [Reviewer] 第160章文件不存在
[2026-05-19 03:19:40] [Reviewer] 全部完成
============================================================
Reviewer Agent 启动
项目: D:\AiProject\Node\projects\novels8
============================================================
[2026-05-19 03:19:54] [Reviewer] 第151章文件不存在
[2026-05-19 03:19:55] [Reviewer] 第152章文件不存在
[2026-05-19 03:19:56] [Reviewer] 第153章文件不存在
[2026-05-19 03:19:57] [Reviewer] 第154章文件不存在
[2026-05-19 03:19:58] [Reviewer] 第155章文件不存在
[2026-05-19 03:19:59] [Reviewer] 第156章文件不存在
[2026-05-19 03:20:00] [Reviewer] 第157章文件不存在
[2026-05-19 03:20:01] [Reviewer] 第158章文件不存在
[2026-05-19 03:20:02] [Reviewer] 第159章文件不存在
[2026-05-19 03:20:03] [Reviewer] 第160章文件不存在
[2026-05-19 03:20:04] [Reviewer] 全部完成
============================================================
Reviewer Agent 启动
项目: D:\AiProject\Node\projects\novels8
============================================================
[2026-05-19 04:57:25] [Reviewer] 正在审查第151章...
[2026-05-19 04:58:00] [Reviewer] 第151章审查完成，评分: 8.5， verdict: 通过
[2026-05-19 04:58:01] [Reviewer] 正在审查第152章...
[2026-05-19 04:58:33] [Reviewer] 第152章审查完成，评分: 7.5， verdict: 需修改
[2026-05-19 04:58:34] [Reviewer] 第153章审查报告无效（parse_error），重新审查
[2026-05-19 04:58:34] [Reviewer] 正在审查第153章...
[2026-05-19 04:59:02] [Reviewer] 第153章审查完成，评分: 8.5， verdict: 需修改
[2026-05-19 04:59:03] [Reviewer] 第154章已有有效审查报告，跳过
[2026-05-19 04:59:04] [Reviewer] 第155章已有有效审查报告，跳过
[2026-05-19 04:59:05] [Reviewer] 第156章已有有效审查报告，跳过
[2026-05-19 04:59:06] [Reviewer] 第157章已有有效审查报告，跳过
[2026-05-19 04:59:07] [Reviewer] 第158章已有有效审查报告，跳过
[2026-05-19 04:59:08] [Reviewer] 第159章已有有效审查报告，跳过
[2026-05-19 04:59:09] [Reviewer] 第160章已有有效审查报告，跳过
[2026-05-19 04:59:10] [Reviewer] 全部完成
