============================================================
Reviewer Agent 启动
项目: D:\AiProject\Node\projects\novels8
============================================================
[2026-05-19 03:40:50] [Reviewer] 正在审查第411章...
[2026-05-19 03:41:30] [Reviewer] 第411章审查完成，评分: 7.8， verdict: 通过
[2026-05-19 03:41:31] [Reviewer] 正在审查第412章...
[2026-05-19 03:42:04] [Reviewer] 第412章审查完成，评分: 7.5， verdict: 需修改
[2026-05-19 03:42:05] [Reviewer] 正在审查第413章...
[2026-05-19 03:42:37] [Reviewer] 第413章审查完成，评分: 7.8， verdict: 通过
[2026-05-19 03:42:38] [Reviewer] 正在审查第414章...
[2026-05-19 03:43:18] [Reviewer] 第414章审查完成，评分: 7.5， verdict: 需修改
[2026-05-19 03:43:19] [Reviewer] 正在审查第415章...
[2026-05-19 03:43:50] [Reviewer] 第415章审查完成，评分: 8.2， verdict: 通过
[2026-05-19 03:43:51] [Reviewer] 正在审查第416章...
[2026-05-19 03:44:21] [Reviewer] 第416章审查完成，评分: 8.0， verdict: 通过
[2026-05-19 03:44:22] [Reviewer] 第417章文件不存在
[2026-05-19 03:44:23] [Reviewer] 第418章文件不存在
[2026-05-19 03:44:24] [Reviewer] 第419章文件不存在
[2026-05-19 03:44:25] [Reviewer] 第420章文件不存在
[2026-05-19 03:44:26] [Reviewer] 全部完成
============================================================
Reviewer Agent 启动
项目: D:\AiProject\Node\projects\novels8
============================================================
[2026-05-19 04:46:45] [Reviewer] 第411章已有有效审查报告，跳过
[2026-05-19 04:46:46] [Reviewer] 第412章已有有效审查报告，跳过
[2026-05-19 04:46:47] [Reviewer] 第413章已有有效审查报告，跳过
[2026-05-19 04:46:48] [Reviewer] 第414章已有有效审查报告，跳过
[2026-05-19 04:46:49] [Reviewer] 第415章已有有效审查报告，跳过
[2026-05-19 04:46:50] [Reviewer] 第416章已有有效审查报告，跳过
[2026-05-19 04:46:51] [Reviewer] 正在审查第417章...
[2026-05-19 04:47:30] [Reviewer] 第417章审查完成，评分: 8.2， verdict: 通过
[2026-05-19 04:47:31] [Reviewer] 正在审查第418章...
[2026-05-19 04:48:07] [Reviewer] 第418章审查完成，评分: 7.5， verdict: 需修改
[2026-05-19 04:48:08] [Reviewer] 正在审查第419章...
[2026-05-19 04:48:44] [Reviewer] 第419章审查完成，评分: 8.5， verdict: 通过
[2026-05-19 04:48:45] [Reviewer] 正在审查第420章...
[2026-05-19 04:49:16] [Reviewer] 第420章审查完成，评分: 8.2， verdict: 通过
[2026-05-19 04:49:17] [Reviewer] 全部完成
============================================================
Reviewer Agent 启动
项目: D:\AiProject\Node\projects\novels8
============================================================
[2026-05-19 06:25:22] [Reviewer] 第411章已有有效审查报告，跳过
[2026-05-19 06:25:23] [Reviewer] 第412章已有有效审查报告，跳过
[2026-05-19 06:25:24] [Reviewer] 第413章已有有效审查报告，跳过
[2026-05-19 06:25:25] [Reviewer] 第414章已有有效审查报告，跳过
[2026-05-19 06:25:26] [Reviewer] 第415章已有有效审查报告，跳过
[2026-05-19 06:25:27] [Reviewer] 第416章已有有效审查报告，跳过
[2026-05-19 06:25:28] [Reviewer] 第417章已有有效审查报告，跳过
[2026-05-19 06:25:29] [Reviewer] 第418章已有有效审查报告，跳过
[2026-05-19 06:25:30] [Reviewer] 第419章已有有效审查报告，跳过
[2026-05-19 06:25:31] [Reviewer] 第420章已有有效审查报告，跳过
[2026-05-19 06:25:32] [Reviewer] 全部完成
