============================================================
Reviewer Agent 启动
项目: D:\AiProject\Node\projects\novels8
============================================================
[2026-05-19 03:21:11] [Reviewer] 第231章文件不存在
[2026-05-19 03:21:12] [Reviewer] 第232章文件不存在
[2026-05-19 03:21:13] [Reviewer] 第233章文件不存在
[2026-05-19 03:21:14] [Reviewer] 第234章文件不存在
[2026-05-19 03:21:15] [Reviewer] 第235章文件不存在
[2026-05-19 03:21:16] [Reviewer] 第236章文件不存在
[2026-05-19 03:21:17] [Reviewer] 第237章文件不存在
[2026-05-19 03:21:18] [Reviewer] 第238章文件不存在
[2026-05-19 03:21:19] [Reviewer] 第239章文件不存在
[2026-05-19 03:21:20] [Reviewer] 第240章文件不存在
[2026-05-19 03:21:21] [Reviewer] 全部完成
============================================================
Reviewer Agent 启动
项目: D:\AiProject\Node\projects\novels8
============================================================
[2026-05-19 03:21:36] [Reviewer] 第231章文件不存在
[2026-05-19 03:21:37] [Reviewer] 第232章文件不存在
[2026-05-19 03:21:38] [Reviewer] 第233章文件不存在
[2026-05-19 03:21:39] [Reviewer] 第234章文件不存在
[2026-05-19 03:21:40] [Reviewer] 第235章文件不存在
[2026-05-19 03:21:41] [Reviewer] 第236章文件不存在
[2026-05-19 03:21:42] [Reviewer] 第237章文件不存在
[2026-05-19 03:21:43] [Reviewer] 第238章文件不存在
[2026-05-19 03:21:44] [Reviewer] 第239章文件不存在
[2026-05-19 03:21:45] [Reviewer] 第240章文件不存在
[2026-05-19 03:21:46] [Reviewer] 全部完成
============================================================
Reviewer Agent 启动
项目: D:\AiProject\Node\projects\novels8
============================================================
[2026-05-19 05:36:37] [Reviewer] 第231章已有有效审查报告，跳过
[2026-05-19 05:36:38] [Reviewer] 第232章文件不存在
[2026-05-19 05:36:39] [Reviewer] 第233章已有有效审查报告，跳过
[2026-05-19 05:36:40] [Reviewer] 第234章已有有效审查报告，跳过
[2026-05-19 05:36:41] [Reviewer] 第235章已有有效审查报告，跳过
[2026-05-19 05:36:42] [Reviewer] 第236章已有有效审查报告，跳过
[2026-05-19 05:36:43] [Reviewer] 第237章已有有效审查报告，跳过
[2026-05-19 05:36:44] [Reviewer] 第238章已有有效审查报告，跳过
[2026-05-19 05:36:45] [Reviewer] 第239章已有有效审查报告，跳过
[2026-05-19 05:36:46] [Reviewer] 第240章已有有效审查报告，跳过
[2026-05-19 05:36:47] [Reviewer] 全部完成
