============================================================
Reviewer Agent 启动
项目: D:\AiProject\Node\projects\novels8
============================================================
[2026-05-19 03:17:21] [Reviewer] 第41章文件不存在
[2026-05-19 03:17:22] [Reviewer] 第42章文件不存在
[2026-05-19 03:17:23] [Reviewer] 第43章文件不存在
[2026-05-19 03:17:24] [Reviewer] 第44章文件不存在
[2026-05-19 03:17:25] [Reviewer] 第45章文件不存在
[2026-05-19 03:17:26] [Reviewer] 第46章文件不存在
[2026-05-19 03:17:27] [Reviewer] 第47章文件不存在
[2026-05-19 03:17:28] [Reviewer] 第48章文件不存在
[2026-05-19 03:17:29] [Reviewer] 第49章文件不存在
[2026-05-19 03:17:30] [Reviewer] 第50章文件不存在
[2026-05-19 03:17:31] [Reviewer] 全部完成
============================================================
Reviewer Agent 启动
项目: D:\AiProject\Node\projects\novels8
============================================================
[2026-05-19 03:17:45] [Reviewer] 第41章文件不存在
[2026-05-19 03:17:46] [Reviewer] 第42章文件不存在
[2026-05-19 03:17:47] [Reviewer] 第43章文件不存在
[2026-05-19 03:17:48] [Reviewer] 第44章文件不存在
[2026-05-19 03:17:49] [Reviewer] 第45章文件不存在
[2026-05-19 03:17:50] [Reviewer] 第46章文件不存在
[2026-05-19 03:17:51] [Reviewer] 第47章文件不存在
[2026-05-19 03:17:52] [Reviewer] 第48章文件不存在
[2026-05-19 03:17:53] [Reviewer] 第49章文件不存在
[2026-05-19 03:17:54] [Reviewer] 第50章文件不存在
[2026-05-19 03:17:55] [Reviewer] 全部完成
============================================================
Reviewer Agent 启动
项目: D:\AiProject\Node\projects\novels8
============================================================
[2026-05-19 04:09:05] [Reviewer] 第41章已有有效审查报告，跳过
[2026-05-19 04:09:06] [Reviewer] 第42章已有有效审查报告，跳过
[2026-05-19 04:09:07] [Reviewer] 第43章已有有效审查报告，跳过
[2026-05-19 04:09:08] [Reviewer] 第44章已有有效审查报告，跳过
[2026-05-19 04:09:09] [Reviewer] 第45章已有有效审查报告，跳过
[2026-05-19 04:09:10] [Reviewer] 第46章已有有效审查报告，跳过
[2026-05-19 04:09:11] [Reviewer] 第47章已有有效审查报告，跳过
[2026-05-19 04:09:12] [Reviewer] 第48章已有有效审查报告，跳过
[2026-05-19 04:09:13] [Reviewer] 第49章已有有效审查报告，跳过
[2026-05-19 04:09:14] [Reviewer] 第50章已有有效审查报告，跳过
[2026-05-19 04:09:15] [Reviewer] 全部完成
