============================================================
Reviewer Agent 启动
项目: D:\AiProject\Node\projects\novels8
============================================================
[2026-05-19 06:55:05] [Reviewer] 第651章文件不存在
[2026-05-19 06:55:06] [Reviewer] 第652章文件不存在
[2026-05-19 06:55:07] [Reviewer] 第653章文件不存在
[2026-05-19 06:55:08] [Reviewer] 第654章文件不存在
[2026-05-19 06:55:09] [Reviewer] 第655章文件不存在
[2026-05-19 06:55:10] [Reviewer] 第656章文件不存在
[2026-05-19 06:55:11] [Reviewer] 第657章文件不存在
[2026-05-19 06:55:12] [Reviewer] 第658章文件不存在
[2026-05-19 06:55:13] [Reviewer] 第659章文件不存在
[2026-05-19 06:55:14] [Reviewer] 第660章文件不存在
[2026-05-19 06:55:15] [Reviewer] 全部完成
============================================================
Reviewer Agent 启动
项目: D:\AiProject\Node\projects\novels8
============================================================
[2026-05-19 06:55:24] [Reviewer] 第651章文件不存在
[2026-05-19 06:55:25] [Reviewer] 第652章文件不存在
[2026-05-19 06:55:26] [Reviewer] 第653章文件不存在
[2026-05-19 06:55:27] [Reviewer] 第654章文件不存在
[2026-05-19 06:55:28] [Reviewer] 第655章文件不存在
[2026-05-19 06:55:29] [Reviewer] 第656章文件不存在
[2026-05-19 06:55:30] [Reviewer] 第657章文件不存在
[2026-05-19 06:55:31] [Reviewer] 第658章文件不存在
[2026-05-19 06:55:32] [Reviewer] 第659章文件不存在
[2026-05-19 06:55:33] [Reviewer] 第660章文件不存在
[2026-05-19 06:55:34] [Reviewer] 全部完成
