============================================================
Reviewer Agent 启动
项目: D:\AiProject\Node\projects\novels8
============================================================
[2026-05-19 03:21:11] [Reviewer] 第221章文件不存在
[2026-05-19 03:21:12] [Reviewer] 第222章文件不存在
[2026-05-19 03:21:13] [Reviewer] 第223章文件不存在
[2026-05-19 03:21:14] [Reviewer] 第224章文件不存在
[2026-05-19 03:21:15] [Reviewer] 第225章文件不存在
[2026-05-19 03:21:16] [Reviewer] 第226章文件不存在
[2026-05-19 03:21:17] [Reviewer] 第227章文件不存在
[2026-05-19 03:21:18] [Reviewer] 第228章文件不存在
[2026-05-19 03:21:19] [Reviewer] 第229章文件不存在
[2026-05-19 03:21:20] [Reviewer] 第230章文件不存在
[2026-05-19 03:21:21] [Reviewer] 全部完成
============================================================
Reviewer Agent 启动
项目: D:\AiProject\Node\projects\novels8
============================================================
[2026-05-19 03:21:36] [Reviewer] 第221章文件不存在
[2026-05-19 03:21:37] [Reviewer] 第222章文件不存在
[2026-05-19 03:21:38] [Reviewer] 第223章文件不存在
[2026-05-19 03:21:39] [Reviewer] 第224章文件不存在
[2026-05-19 03:21:40] [Reviewer] 第225章文件不存在
[2026-05-19 03:21:41] [Reviewer] 第226章文件不存在
[2026-05-19 03:21:42] [Reviewer] 第227章文件不存在
[2026-05-19 03:21:43] [Reviewer] 第228章文件不存在
[2026-05-19 03:21:44] [Reviewer] 第229章文件不存在
[2026-05-19 03:21:45] [Reviewer] 第230章文件不存在
[2026-05-19 03:21:46] [Reviewer] 全部完成
============================================================
Reviewer Agent 启动
项目: D:\AiProject\Node\projects\novels8
============================================================
[2026-05-19 05:36:37] [Reviewer] 第221章已有有效审查报告，跳过
[2026-05-19 05:36:38] [Reviewer] 第222章已有有效审查报告，跳过
[2026-05-19 05:36:39] [Reviewer] 第223章已有有效审查报告，跳过
[2026-05-19 05:36:40] [Reviewer] 第224章已有有效审查报告，跳过
[2026-05-19 05:36:41] [Reviewer] 第225章已有有效审查报告，跳过
[2026-05-19 05:36:42] [Reviewer] 第226章已有有效审查报告，跳过
[2026-05-19 05:36:43] [Reviewer] 第227章已有有效审查报告，跳过
[2026-05-19 05:36:44] [Reviewer] 第228章已有有效审查报告，跳过
[2026-05-19 05:36:45] [Reviewer] 第229章已有有效审查报告，跳过
[2026-05-19 05:36:46] [Reviewer] 第230章已有有效审查报告，跳过
[2026-05-19 05:36:47] [Reviewer] 全部完成
