============================================================
Reviewer Agent 启动
项目: D:\AiProject\Node\projects\novels8
============================================================
[2026-05-19 07:22:04] [Reviewer] 正在审查第711章...
[2026-05-19 07:22:43] [Reviewer] 第711章审查完成，评分: 8.0， verdict: 通过
[2026-05-19 07:22:44] [Reviewer] 正在审查第712章...
[2026-05-19 07:23:19] [Reviewer] JSON解析失败: Expecting ':' delimiter: line 42 column 3 (char 1321)
[2026-05-19 07:23:19] [Reviewer] 第712章审查完成，评分: N/A， verdict: N/A
[2026-05-19 07:23:20] [Reviewer] 第713章已有有效审查报告，跳过
[2026-05-19 07:23:21] [Reviewer] 第714章已有有效审查报告，跳过
[2026-05-19 07:23:22] [Reviewer] 正在审查第715章...
[2026-05-19 07:23:55] [Reviewer] 第715章审查完成，评分: 7.8， verdict: 通过
[2026-05-19 07:23:56] [Reviewer] 正在审查第716章...
[2026-05-19 07:24:36] [Reviewer] 第716章审查完成，评分: 7.3， verdict: 需修改
[2026-05-19 07:24:37] [Reviewer] 第717章已有有效审查报告，跳过
[2026-05-19 07:24:38] [Reviewer] 第718章已有有效审查报告，跳过
[2026-05-19 07:24:39] [Reviewer] 第719章已有有效审查报告，跳过
[2026-05-19 07:24:40] [Reviewer] 第720章已有有效审查报告，跳过
[2026-05-19 07:24:41] [Reviewer] 全部完成
