============================================================
Reviewer Agent 启动
项目: D:\AiProject\Node\projects\novels8
============================================================
[2026-05-19 03:18:39] [Reviewer] 第101章文件不存在
[2026-05-19 03:18:40] [Reviewer] 第102章文件不存在
[2026-05-19 03:18:41] [Reviewer] 第103章文件不存在
[2026-05-19 03:18:42] [Reviewer] 第104章文件不存在
[2026-05-19 03:18:43] [Reviewer] 第105章文件不存在
[2026-05-19 03:18:44] [Reviewer] 第106章文件不存在
[2026-05-19 03:18:45] [Reviewer] 第107章文件不存在
[2026-05-19 03:18:46] [Reviewer] 第108章文件不存在
[2026-05-19 03:18:47] [Reviewer] 第109章文件不存在
[2026-05-19 03:18:48] [Reviewer] 第110章文件不存在
[2026-05-19 03:18:49] [Reviewer] 全部完成
============================================================
Reviewer Agent 启动
项目: D:\AiProject\Node\projects\novels8
============================================================
[2026-05-19 03:19:02] [Reviewer] 第101章文件不存在
[2026-05-19 03:19:03] [Reviewer] 第102章文件不存在
[2026-05-19 03:19:04] [Reviewer] 第103章文件不存在
[2026-05-19 03:19:05] [Reviewer] 第104章文件不存在
[2026-05-19 03:19:06] [Reviewer] 第105章文件不存在
[2026-05-19 03:19:07] [Reviewer] 第106章文件不存在
[2026-05-19 03:19:08] [Reviewer] 第107章文件不存在
[2026-05-19 03:19:09] [Reviewer] 第108章文件不存在
[2026-05-19 03:19:10] [Reviewer] 第109章文件不存在
[2026-05-19 03:19:11] [Reviewer] 第110章文件不存在
[2026-05-19 03:19:12] [Reviewer] 全部完成
============================================================
Reviewer Agent 启动
项目: D:\AiProject\Node\projects\novels8
============================================================
[2026-05-19 04:35:22] [Reviewer] 正在审查第101章...
[2026-05-19 04:35:57] [Reviewer] 第101章审查完成，评分: 7.2， verdict: 需修改
[2026-05-19 04:35:58] [Reviewer] 正在审查第102章...
[2026-05-19 04:36:33] [Reviewer] 第102章审查完成，评分: 7.5， verdict: 需修改
[2026-05-19 04:36:34] [Reviewer] 正在审查第103章...
[2026-05-19 04:37:10] [Reviewer] 第103章审查完成，评分: 7.5， verdict: 需修改
[2026-05-19 04:37:11] [Reviewer] 正在审查第104章...
[2026-05-19 04:37:48] [Reviewer] 第104章审查完成，评分: 8.5， verdict: 通过
[2026-05-19 04:37:49] [Reviewer] 第105章已有有效审查报告，跳过
[2026-05-19 04:37:50] [Reviewer] 第106章已有有效审查报告，跳过
[2026-05-19 04:37:51] [Reviewer] 第107章已有有效审查报告，跳过
[2026-05-19 04:37:52] [Reviewer] 第108章已有有效审查报告，跳过
[2026-05-19 04:37:53] [Reviewer] 第109章已有有效审查报告，跳过
[2026-05-19 04:37:54] [Reviewer] 第110章已有有效审查报告，跳过
[2026-05-19 04:37:55] [Reviewer] 全部完成
