============================================================
Reviewer Agent 启动
项目: D:\AiProject\Node\projects\novels8
============================================================
[2026-05-19 03:18:12] [Reviewer] 第81章文件不存在
[2026-05-19 03:18:13] [Reviewer] 第82章文件不存在
[2026-05-19 03:18:14] [Reviewer] 第83章文件不存在
[2026-05-19 03:18:15] [Reviewer] 第84章文件不存在
[2026-05-19 03:18:16] [Reviewer] 第85章文件不存在
[2026-05-19 03:18:17] [Reviewer] 第86章文件不存在
[2026-05-19 03:18:18] [Reviewer] 第87章文件不存在
[2026-05-19 03:18:19] [Reviewer] 第88章文件不存在
[2026-05-19 03:18:20] [Reviewer] 第89章文件不存在
[2026-05-19 03:18:21] [Reviewer] 第90章文件不存在
[2026-05-19 03:18:22] [Reviewer] 全部完成
============================================================
Reviewer Agent 启动
项目: D:\AiProject\Node\projects\novels8
============================================================
[2026-05-19 03:18:36] [Reviewer] 第81章文件不存在
[2026-05-19 03:18:37] [Reviewer] 第82章文件不存在
[2026-05-19 03:18:38] [Reviewer] 第83章文件不存在
[2026-05-19 03:18:39] [Reviewer] 第84章文件不存在
[2026-05-19 03:18:40] [Reviewer] 第85章文件不存在
[2026-05-19 03:18:41] [Reviewer] 第86章文件不存在
[2026-05-19 03:18:42] [Reviewer] 第87章文件不存在
[2026-05-19 03:18:43] [Reviewer] 第88章文件不存在
[2026-05-19 03:18:44] [Reviewer] 第89章文件不存在
[2026-05-19 03:18:45] [Reviewer] 第90章文件不存在
[2026-05-19 03:18:46] [Reviewer] 全部完成
============================================================
Reviewer Agent 启动
项目: D:\AiProject\Node\projects\novels8
============================================================
[2026-05-19 04:24:12] [Reviewer] 第81章已有有效审查报告，跳过
[2026-05-19 04:24:13] [Reviewer] 正在审查第82章...
[2026-05-19 04:24:57] [Reviewer] 第82章审查完成，评分: 8， verdict: 需修改
[2026-05-19 04:24:58] [Reviewer] 第83章已有有效审查报告，跳过
[2026-05-19 04:24:59] [Reviewer] 正在审查第84章...
[2026-05-19 04:25:25] [Reviewer] JSON解析失败: Invalid control character at: line 37 column 55 (char 1068)
[2026-05-19 04:25:25] [Reviewer] 第84章审查完成，评分: N/A， verdict: N/A
[2026-05-19 04:25:26] [Reviewer] 第85章已有有效审查报告，跳过
[2026-05-19 04:25:27] [Reviewer] 第86章已有有效审查报告，跳过
[2026-05-19 04:25:28] [Reviewer] 第87章已有有效审查报告，跳过
[2026-05-19 04:25:29] [Reviewer] 第88章已有有效审查报告，跳过
[2026-05-19 04:25:30] [Reviewer] 第89章已有有效审查报告，跳过
[2026-05-19 04:25:31] [Reviewer] 第90章已有有效审查报告，跳过
[2026-05-19 04:25:32] [Reviewer] 全部完成
