============================================================
Reviewer Agent 启动
项目: D:\AiProject\Node\projects\novels8
============================================================
[2026-05-19 03:22:28] [Reviewer] 第281章文件不存在
[2026-05-19 03:22:29] [Reviewer] 第282章文件不存在
[2026-05-19 03:22:30] [Reviewer] 第283章文件不存在
[2026-05-19 03:22:31] [Reviewer] 第284章文件不存在
[2026-05-19 03:22:32] [Reviewer] 第285章文件不存在
[2026-05-19 03:22:33] [Reviewer] 第286章文件不存在
[2026-05-19 03:22:34] [Reviewer] 第287章文件不存在
[2026-05-19 03:22:35] [Reviewer] 第288章文件不存在
[2026-05-19 03:22:36] [Reviewer] 第289章文件不存在
[2026-05-19 03:22:37] [Reviewer] 第290章文件不存在
[2026-05-19 03:22:38] [Reviewer] 全部完成
============================================================
Reviewer Agent 启动
项目: D:\AiProject\Node\projects\novels8
============================================================
[2026-05-19 03:22:52] [Reviewer] 第281章文件不存在
[2026-05-19 03:22:53] [Reviewer] 第282章文件不存在
[2026-05-19 03:22:54] [Reviewer] 第283章文件不存在
[2026-05-19 03:22:55] [Reviewer] 第284章文件不存在
[2026-05-19 03:22:56] [Reviewer] 第285章文件不存在
[2026-05-19 03:22:57] [Reviewer] 第286章文件不存在
[2026-05-19 03:22:58] [Reviewer] 第287章文件不存在
[2026-05-19 03:22:59] [Reviewer] 第288章文件不存在
[2026-05-19 03:23:00] [Reviewer] 第289章文件不存在
[2026-05-19 03:23:01] [Reviewer] 第290章文件不存在
[2026-05-19 03:23:02] [Reviewer] 全部完成
============================================================
Reviewer Agent 启动
项目: D:\AiProject\Node\projects\novels8
============================================================
[2026-05-19 06:05:48] [Reviewer] 正在审查第281章...
[2026-05-19 06:06:20] [Reviewer] 第281章审查完成，评分: 7.5， verdict: 需修改
[2026-05-19 06:06:21] [Reviewer] 正在审查第282章...
[2026-05-19 06:06:44] [Reviewer] 第282章审查完成，评分: 7.8， verdict: 需修改
[2026-05-19 06:06:45] [Reviewer] 正在审查第283章...
[2026-05-19 06:07:21] [Reviewer] 第283章审查完成，评分: 8， verdict: 通过
[2026-05-19 06:07:22] [Reviewer] 正在审查第284章...
[2026-05-19 06:07:47] [Reviewer] 第284章审查完成，评分: 7.8， verdict: 需修改
[2026-05-19 06:07:48] [Reviewer] 第285章已有有效审查报告，跳过
[2026-05-19 06:07:49] [Reviewer] 第286章已有有效审查报告，跳过
[2026-05-19 06:07:50] [Reviewer] 正在审查第287章...
[2026-05-19 06:08:35] [Reviewer] 第287章审查完成，评分: 8.5， verdict: 通过
[2026-05-19 06:08:36] [Reviewer] 正在审查第288章...
[2026-05-19 06:09:20] [Reviewer] 第288章审查完成，评分: 7.5， verdict: 需修改
[2026-05-19 06:09:21] [Reviewer] 第289章已有有效审查报告，跳过
[2026-05-19 06:09:22] [Reviewer] 第290章已有有效审查报告，跳过
[2026-05-19 06:09:23] [Reviewer] 全部完成
