============================================================
Reviewer Agent 启动
项目: D:\AiProject\Node\projects\novels8
============================================================
[2026-05-19 06:47:24] [Reviewer] 第631章已有有效审查报告，跳过
[2026-05-19 06:47:25] [Reviewer] 正在审查第632章...
[2026-05-19 06:47:56] [Reviewer] 第632章审查完成，评分: 8.3， verdict: 需修改
[2026-05-19 06:47:57] [Reviewer] 正在审查第633章...
[2026-05-19 06:48:31] [Reviewer] 第633章审查完成，评分: 7.8， verdict: 通过
[2026-05-19 06:48:32] [Reviewer] 正在审查第634章...
[2026-05-19 06:49:03] [Reviewer] 第634章审查完成，评分: 7.8， verdict: 需修改
[2026-05-19 06:49:04] [Reviewer] 正在审查第635章...
[2026-05-19 06:49:35] [Reviewer] 第635章审查完成，评分: 8.2， verdict: 需修改
[2026-05-19 06:49:36] [Reviewer] 正在审查第636章...
[2026-05-19 06:50:11] [Reviewer] 第636章审查完成，评分: 8.5， verdict: 通过
[2026-05-19 06:50:12] [Reviewer] 第637章已有有效审查报告，跳过
[2026-05-19 06:50:13] [Reviewer] 第638章已有有效审查报告，跳过
[2026-05-19 06:50:14] [Reviewer] 第639章已有有效审查报告，跳过
[2026-05-19 06:50:15] [Reviewer] 第640章已有有效审查报告，跳过
[2026-05-19 06:50:16] [Reviewer] 全部完成
] 第640章已有有效审查报告，跳过
[2026-05-19 06:50:15] [Reviewer] 全部完成
