============================================================
Reviewer Agent 启动
项目: D:\AiProject\Node\projects\novels8
============================================================
[2026-05-19 07:03:34] [Reviewer] 正在审查第671章...
[2026-05-19 07:04:16] [Reviewer] 第671章审查完成，评分: 8.0， verdict: 通过
[2026-05-19 07:04:17] [Reviewer] 正在审查第672章...
[2026-05-19 07:04:49] [Reviewer] 第672章审查完成，评分: 7.5， verdict: 需修改
[2026-05-19 07:04:50] [Reviewer] 第673章已有有效审查报告，跳过
[2026-05-19 07:04:51] [Reviewer] 正在审查第674章...
[2026-05-19 07:05:32] [Reviewer] 第674章审查完成，评分: 7.8， verdict: 通过
[2026-05-19 07:05:33] [Reviewer] 正在审查第675章...
[2026-05-19 07:06:13] [Reviewer] 第675章审查完成，评分: 7.5， verdict: 通过
[2026-05-19 07:06:14] [Reviewer] 正在审查第676章...
[2026-05-19 07:06:46] [Reviewer] 第676章审查完成，评分: 8.5， verdict: 通过
[2026-05-19 07:06:47] [Reviewer] 第677章已有有效审查报告，跳过
[2026-05-19 07:06:48] [Reviewer] 第678章已有有效审查报告，跳过
[2026-05-19 07:06:49] [Reviewer] 第679章已有有效审查报告，跳过
[2026-05-19 07:06:50] [Reviewer] 第680章已有有效审查报告，跳过
[2026-05-19 07:06:51] [Reviewer] 全部完成
