============================================================
Reviewer Agent 启动
项目: D:\AiProject\Node\projects\novels8
============================================================
[2026-05-19 07:12:14] [Reviewer] 正在审查第691章...
[2026-05-19 07:12:42] [Reviewer] 第691章审查完成，评分: 7.8， verdict: 需修改
[2026-05-19 07:12:43] [Reviewer] 正在审查第692章...
[2026-05-19 07:13:13] [Reviewer] 第692章审查完成，评分: 7.8， verdict: 通过
[2026-05-19 07:13:15] [Reviewer] 正在审查第693章...
[2026-05-19 07:13:58] [Reviewer] 第693章审查完成，评分: 8.0， verdict: 通过
[2026-05-19 07:13:59] [Reviewer] 正在审查第694章...
[2026-05-19 07:14:33] [Reviewer] 第694章审查完成，评分: 8.0， verdict: 通过
[2026-05-19 07:14:34] [Reviewer] 第695章已有有效审查报告，跳过
[2026-05-19 07:14:35] [Reviewer] 正在审查第696章...
[2026-05-19 07:15:04] [Reviewer] 第696章审查完成，评分: 8.0， verdict: 需修改
[2026-05-19 07:15:05] [Reviewer] 第697章已有有效审查报告，跳过
[2026-05-19 07:15:06] [Reviewer] 第698章已有有效审查报告，跳过
[2026-05-19 07:15:07] [Reviewer] 第699章已有有效审查报告，跳过
[2026-05-19 07:15:08] [Reviewer] 正在审查第700章...
[2026-05-19 07:15:47] [Reviewer] 第700章审查完成，评分: 8.5， verdict: 需修改
[2026-05-19 07:15:48] [Reviewer] 全部完成
26-05-19 07:15:29] [Reviewer] 全部完成
