============================================================
Reviewer Agent 启动
项目: D:\AiProject\Node\projects\novels8
============================================================
[2026-05-19 03:23:46] [Reviewer] 第341章文件不存在
[2026-05-19 03:23:47] [Reviewer] 第342章文件不存在
[2026-05-19 03:23:48] [Reviewer] 第343章文件不存在
[2026-05-19 03:23:49] [Reviewer] 第344章文件不存在
[2026-05-19 03:23:50] [Reviewer] 第345章文件不存在
[2026-05-19 03:23:51] [Reviewer] 第346章文件不存在
[2026-05-19 03:23:52] [Reviewer] 第347章文件不存在
[2026-05-19 03:23:53] [Reviewer] 第348章文件不存在
[2026-05-19 03:23:54] [Reviewer] 第349章文件不存在
[2026-05-19 03:23:55] [Reviewer] 第350章文件不存在
[2026-05-19 03:23:56] [Reviewer] 全部完成
============================================================
Reviewer Agent 启动
项目: D:\AiProject\Node\projects\novels8
============================================================
[2026-05-19 04:01:06] [Reviewer] 第341章文件不存在
[2026-05-19 04:01:07] [Reviewer] 第342章文件不存在
[2026-05-19 04:01:08] [Reviewer] 第343章文件不存在
[2026-05-19 04:01:09] [Reviewer] 第344章文件不存在
[2026-05-19 04:01:10] [Reviewer] 第345章文件不存在
[2026-05-19 04:01:11] [Reviewer] 正在审查第346章...
[2026-05-19 04:01:47] [Reviewer] 第346章审查完成，评分: 8， verdict: 通过
[2026-05-19 04:01:48] [Reviewer] 正在审查第347章...
[2026-05-19 04:02:33] [Reviewer] 第347章审查完成，评分: 8， verdict: 通过
[2026-05-19 04:02:34] [Reviewer] 正在审查第348章...
[2026-05-19 04:03:12] [Reviewer] 第348章审查完成，评分: 7.8， verdict: 通过
[2026-05-19 04:03:13] [Reviewer] 正在审查第349章...
[2026-05-19 04:03:50] [Reviewer] 第349章审查完成，评分: 7.5， verdict: 需修改
[2026-05-19 04:03:51] [Reviewer] 正在审查第350章...
[2026-05-19 04:04:24] [Reviewer] 第350章审查完成，评分: 8.5， verdict: 通过
[2026-05-19 04:04:25] [Reviewer] 全部完成
============================================================
Reviewer Agent 启动
项目: D:\AiProject\Node\projects\novels8
============================================================
[2026-05-19 06:18:41] [Reviewer] 第341章文件不存在
[2026-05-19 06:18:42] [Reviewer] 第342章文件不存在
[2026-05-19 06:18:43] [Reviewer] 第343章文件不存在
[2026-05-19 06:18:44] [Reviewer] 第344章文件不存在
[2026-05-19 06:18:45] [Reviewer] 第345章文件不存在
[2026-05-19 06:18:46] [Reviewer] 第346章已有有效审查报告，跳过
[2026-05-19 06:18:47] [Reviewer] 第347章已有有效审查报告，跳过
[2026-05-19 06:18:48] [Reviewer] 第348章已有有效审查报告，跳过
[2026-05-19 06:18:49] [Reviewer] 第349章已有有效审查报告，跳过
[2026-05-19 06:18:50] [Reviewer] 第350章已有有效审查报告，跳过
[2026-05-19 06:18:51] [Reviewer] 全部完成
