============================================================
Reviewer Agent 启动
项目: D:\AiProject\Node\projects\novels8
============================================================
[2026-05-19 03:17:47] [Reviewer] 第71章文件不存在
[2026-05-19 03:17:48] [Reviewer] 第72章文件不存在
[2026-05-19 03:17:49] [Reviewer] 第73章文件不存在
[2026-05-19 03:17:50] [Reviewer] 第74章文件不存在
[2026-05-19 03:17:51] [Reviewer] 第75章文件不存在
[2026-05-19 03:17:52] [Reviewer] 第76章文件不存在
[2026-05-19 03:17:53] [Reviewer] 第77章文件不存在
[2026-05-19 03:17:54] [Reviewer] 第78章文件不存在
[2026-05-19 03:17:55] [Reviewer] 第79章文件不存在
[2026-05-19 03:17:56] [Reviewer] 第80章文件不存在
[2026-05-19 03:17:57] [Reviewer] 全部完成
============================================================
Reviewer Agent 启动
项目: D:\AiProject\Node\projects\novels8
============================================================
[2026-05-19 03:18:11] [Reviewer] 第71章文件不存在
[2026-05-19 03:18:12] [Reviewer] 第72章文件不存在
[2026-05-19 03:18:13] [Reviewer] 第73章文件不存在
[2026-05-19 03:18:14] [Reviewer] 第74章文件不存在
[2026-05-19 03:18:15] [Reviewer] 第75章文件不存在
[2026-05-19 03:18:16] [Reviewer] 第76章文件不存在
[2026-05-19 03:18:17] [Reviewer] 第77章文件不存在
[2026-05-19 03:18:18] [Reviewer] 第78章文件不存在
[2026-05-19 03:18:19] [Reviewer] 第79章文件不存在
[2026-05-19 03:18:20] [Reviewer] 第80章文件不存在
[2026-05-19 03:18:21] [Reviewer] 全部完成
============================================================
Reviewer Agent 启动
项目: D:\AiProject\Node\projects\novels8
============================================================
[2026-05-19 04:15:52] [Reviewer] 第71章已有有效审查报告，跳过
[2026-05-19 04:15:53] [Reviewer] 第72章已有有效审查报告，跳过
[2026-05-19 04:15:54] [Reviewer] 第73章已有有效审查报告，跳过
[2026-05-19 04:15:55] [Reviewer] 第74章已有有效审查报告，跳过
[2026-05-19 04:15:56] [Reviewer] 第75章已有有效审查报告，跳过
[2026-05-19 04:15:57] [Reviewer] 第76章已有有效审查报告，跳过
[2026-05-19 04:15:58] [Reviewer] 第77章已有有效审查报告，跳过
[2026-05-19 04:15:59] [Reviewer] 第78章已有有效审查报告，跳过
[2026-05-19 04:16:00] [Reviewer] 第79章已有有效审查报告，跳过
[2026-05-19 04:16:01] [Reviewer] 正在审查第80章...
[2026-05-19 04:16:38] [Reviewer] 第80章审查完成，评分: 7.5， verdict: 需修改
[2026-05-19 04:16:39] [Reviewer] 全部完成
