============================================================
Reviewer Agent 启动
项目: D:\AiProject\Node\projects\novels8
============================================================
[2026-05-19 03:24:39] [Reviewer] 第381章文件不存在
[2026-05-19 03:24:40] [Reviewer] 第382章文件不存在
[2026-05-19 03:24:41] [Reviewer] 第383章文件不存在
[2026-05-19 03:24:42] [Reviewer] 第384章文件不存在
[2026-05-19 03:24:43] [Reviewer] 第385章文件不存在
[2026-05-19 03:24:44] [Reviewer] 第386章文件不存在
[2026-05-19 03:24:45] [Reviewer] 第387章文件不存在
[2026-05-19 03:24:46] [Reviewer] 第388章文件不存在
[2026-05-19 03:24:47] [Reviewer] 第389章文件不存在
[2026-05-19 03:24:48] [Reviewer] 第390章文件不存在
[2026-05-19 03:24:49] [Reviewer] 全部完成
============================================================
Reviewer Agent 启动
项目: D:\AiProject\Node\projects\novels8
============================================================
[2026-05-19 04:32:08] [Reviewer] 正在审查第381章...
[2026-05-19 04:32:46] [Reviewer] 第381章审查完成，评分: 8.0， verdict: 通过
[2026-05-19 04:32:47] [Reviewer] 正在审查第382章...
[2026-05-19 04:33:23] [Reviewer] 第382章审查完成，评分: 7.5， verdict: 需修改
[2026-05-19 04:33:24] [Reviewer] 正在审查第383章...
[2026-05-19 04:34:04] [Reviewer] 第383章审查完成，评分: 8.0， verdict: 需修改
[2026-05-19 04:34:05] [Reviewer] 正在审查第384章...
[2026-05-19 04:34:39] [Reviewer] 第384章审查完成，评分: 8， verdict: 通过
[2026-05-19 04:34:40] [Reviewer] 正在审查第385章...
[2026-05-19 04:35:09] [Reviewer] 第385章审查完成，评分: 8.2， verdict: 通过
[2026-05-19 04:35:10] [Reviewer] 正在审查第386章...
[2026-05-19 04:35:50] [Reviewer] 第386章审查完成，评分: 8.2， verdict: 通过
[2026-05-19 04:35:51] [Reviewer] 正在审查第387章...
[2026-05-19 04:36:26] [Reviewer] 第387章审查完成，评分: 8， verdict: 通过
[2026-05-19 04:36:27] [Reviewer] 正在审查第388章...
[2026-05-19 04:37:07] [Reviewer] 第388章审查完成，评分: 8.2， verdict: 通过
[2026-05-19 04:37:08] [Reviewer] 正在审查第389章...
[2026-05-19 04:37:49] [Reviewer] 第389章审查完成，评分: 8.1， verdict: 通过
[2026-05-19 04:37:50] [Reviewer] 正在审查第390章...
[2026-05-19 04:38:26] [Reviewer] 第390章审查完成，评分: 8.5， verdict: 通过
[2026-05-19 04:38:27] [Reviewer] 全部完成
============================================================
Reviewer Agent 启动
项目: D:\AiProject\Node\projects\novels8
============================================================
[2026-05-19 06:19:32] [Reviewer] 第381章已有有效审查报告，跳过
[2026-05-19 06:19:33] [Reviewer] 第382章已有有效审查报告，跳过
[2026-05-19 06:19:34] [Reviewer] 第383章已有有效审查报告，跳过
[2026-05-19 06:19:35] [Reviewer] 第384章已有有效审查报告，跳过
[2026-05-19 06:19:36] [Reviewer] 第385章已有有效审查报告，跳过
[2026-05-19 06:19:37] [Reviewer] 第386章已有有效审查报告，跳过
[2026-05-19 06:19:38] [Reviewer] 第387章已有有效审查报告，跳过
[2026-05-19 06:19:39] [Reviewer] 第388章已有有效审查报告，跳过
[2026-05-19 06:19:40] [Reviewer] 第389章已有有效审查报告，跳过
[2026-05-19 06:19:41] [Reviewer] 第390章已有有效审查报告，跳过
[2026-05-19 06:19:42] [Reviewer] 全部完成
