============================================================
Reviewer Agent 启动
项目: D:\AiProject\Node\projects\novels8
============================================================
[2026-05-19 03:22:54] [Reviewer] 第311章文件不存在
[2026-05-19 03:22:55] [Reviewer] 第312章文件不存在
[2026-05-19 03:22:56] [Reviewer] 第313章文件不存在
[2026-05-19 03:22:57] [Reviewer] 第314章文件不存在
[2026-05-19 03:22:58] [Reviewer] 第315章文件不存在
[2026-05-19 03:22:59] [Reviewer] 第316章文件不存在
[2026-05-19 03:23:00] [Reviewer] 第317章文件不存在
[2026-05-19 03:23:01] [Reviewer] 第318章文件不存在
[2026-05-19 03:23:02] [Reviewer] 第319章文件不存在
[2026-05-19 03:23:03] [Reviewer] 第320章文件不存在
[2026-05-19 03:23:04] [Reviewer] 全部完成
============================================================
Reviewer Agent 启动
项目: D:\AiProject\Node\projects\novels8
============================================================
[2026-05-19 03:44:54] [Reviewer] 正在审查第311章...
[2026-05-19 03:45:19] [Reviewer] 第311章审查完成，评分: 8.0， verdict: 通过
[2026-05-19 03:45:20] [Reviewer] 正在审查第312章...
[2026-05-19 03:45:51] [Reviewer] 第312章审查完成，评分: 8.5， verdict: 通过
[2026-05-19 03:45:52] [Reviewer] 正在审查第313章...
[2026-05-19 03:46:19] [Reviewer] 第313章审查完成，评分: 8.0， verdict: 通过
[2026-05-19 03:46:20] [Reviewer] 正在审查第314章...
[2026-05-19 03:46:52] [Reviewer] 第314章审查完成，评分: 7.5， verdict: 通过
[2026-05-19 03:46:53] [Reviewer] 正在审查第315章...
[2026-05-19 03:47:24] [Reviewer] 第315章审查完成，评分: 8.2， verdict: 通过
[2026-05-19 03:47:25] [Reviewer] 第316章文件不存在
[2026-05-19 03:47:26] [Reviewer] 第317章文件不存在
[2026-05-19 03:47:27] [Reviewer] 第318章文件不存在
[2026-05-19 03:47:28] [Reviewer] 第319章文件不存在
[2026-05-19 03:47:29] [Reviewer] 第320章文件不存在
[2026-05-19 03:47:30] [Reviewer] 全部完成
============================================================
Reviewer Agent 启动
项目: D:\AiProject\Node\projects\novels8
============================================================
[2026-05-19 06:17:13] [Reviewer] 第311章已有有效审查报告，跳过
[2026-05-19 06:17:14] [Reviewer] 第312章已有有效审查报告，跳过
[2026-05-19 06:17:15] [Reviewer] 第313章已有有效审查报告，跳过
[2026-05-19 06:17:16] [Reviewer] 第314章已有有效审查报告，跳过
[2026-05-19 06:17:18] [Reviewer] 第315章已有有效审查报告，跳过
[2026-05-19 06:17:19] [Reviewer] 第316章文件不存在
[2026-05-19 06:17:20] [Reviewer] 第317章文件不存在
[2026-05-19 06:17:21] [Reviewer] 第318章文件不存在
[2026-05-19 06:17:22] [Reviewer] 第319章文件不存在
[2026-05-19 06:17:23] [Reviewer] 第320章文件不存在
[2026-05-19 06:17:24] [Reviewer] 全部完成
