============================================================
Reviewer Agent 启动
项目: D:\AiProject\Node\projects\novels8
============================================================
[2026-05-19 02:57:39] [Reviewer] 第1章已有有效审查报告，跳过
[2026-05-19 02:57:40] [Reviewer] 第2章文件不存在
[2026-05-19 02:57:41] [Reviewer] 第3章文件不存在
[2026-05-19 02:57:42] [Reviewer] 第4章文件不存在
[2026-05-19 02:57:43] [Reviewer] 正在审查第5章...
[2026-05-19 02:58:17] [Reviewer] 第5章审查完成，评分: 7.5， verdict: 通过
[2026-05-19 02:58:18] [Reviewer] 第6章文件不存在
[2026-05-19 02:58:19] [Reviewer] 第7章文件不存在
[2026-05-19 02:58:20] [Reviewer] 第8章文件不存在
[2026-05-19 02:58:21] [Reviewer] 第9章文件不存在
[2026-05-19 02:58:22] [Reviewer] 第10章文件不存在
[2026-05-19 02:58:23] [Reviewer] 全部完成
wer] 第10章文件不存在
[2026-05-19 02:57:54] [Reviewer] 全部完成
============================================================
Reviewer Agent 启动
项目: D:\AiProject\Node\projects\novels8
============================================================
[2026-05-19 03:49:54] [Reviewer] 第1章已有有效审查报告，跳过
[2026-05-19 03:49:55] [Reviewer] 第2章已有有效审查报告，跳过
[2026-05-19 03:49:56] [Reviewer] 第3章已有有效审查报告，跳过
[2026-05-19 03:49:57] [Reviewer] 第4章已有有效审查报告，跳过
[2026-05-19 03:49:58] [Reviewer] 第5章已有有效审查报告，跳过
[2026-05-19 03:49:59] [Reviewer] 第6章已有有效审查报告，跳过
[2026-05-19 03:50:00] [Reviewer] 第7章已有有效审查报告，跳过
[2026-05-19 03:50:01] [Reviewer] 第8章已有有效审查报告，跳过
[2026-05-19 03:50:02] [Reviewer] 第9章已有有效审查报告，跳过
[2026-05-19 03:50:03] [Reviewer] 第10章已有有效审查报告，跳过
[2026-05-19 03:50:04] [Reviewer] 全部完成
