============================================================
Reviewer Agent 启动
项目: D:\AiProject\Node\projects\novels8
============================================================
[2026-05-19 06:37:16] [Reviewer] 第601章已有有效审查报告，跳过
[2026-05-19 06:37:17] [Reviewer] 第602章已有有效审查报告，跳过
[2026-05-19 06:37:18] [Reviewer] 正在审查第603章...
[2026-05-19 06:38:02] [Reviewer] 第603章审查完成，评分: 7.8， verdict: 需修改
[2026-05-19 06:38:03] [Reviewer] 正在审查第604章...
[2026-05-19 06:38:34] [Reviewer] 第604章审查完成，评分: 8.2， verdict: 需修改
[2026-05-19 06:38:35] [Reviewer] 第605章已有有效审查报告，跳过
[2026-05-19 06:38:36] [Reviewer] 第606章已有有效审查报告，跳过
[2026-05-19 06:38:37] [Reviewer] 正在审查第607章...
[2026-05-19 06:39:12] [Reviewer] 第607章审查完成，评分: 7.8， verdict: 需修改
[2026-05-19 06:39:13] [Reviewer] 正在审查第608章...
[2026-05-19 06:39:45] [Reviewer] 第608章审查完成，评分: 8.0， verdict: 通过
[2026-05-19 06:39:46] [Reviewer] 第609章已有有效审查报告，跳过
[2026-05-19 06:39:47] [Reviewer] 第610章已有有效审查报告，跳过
[2026-05-19 06:39:48] [Reviewer] 全部完成
9章已有有效审查报告，跳过
[2026-05-19 06:39:32] [Reviewer] 第610章已有有效审查报告，跳过
[2026-05-19 06:39:33] [Reviewer] 全部完成
