============================================================
Reviewer Agent 启动
项目: D:\AiProject\Node\projects\novels8
============================================================
[2026-05-19 03:24:39] [Reviewer] 第391章文件不存在
[2026-05-19 03:24:40] [Reviewer] 第392章文件不存在
[2026-05-19 03:24:41] [Reviewer] 第393章文件不存在
[2026-05-19 03:24:42] [Reviewer] 第394章文件不存在
[2026-05-19 03:24:43] [Reviewer] 第395章文件不存在
[2026-05-19 03:24:44] [Reviewer] 第396章文件不存在
[2026-05-19 03:24:45] [Reviewer] 第397章文件不存在
[2026-05-19 03:24:46] [Reviewer] 第398章文件不存在
[2026-05-19 03:24:47] [Reviewer] 第399章文件不存在
[2026-05-19 03:24:48] [Reviewer] 第400章文件不存在
[2026-05-19 03:24:49] [Reviewer] 全部完成
============================================================
Reviewer Agent 启动
项目: D:\AiProject\Node\projects\novels8
============================================================
[2026-05-19 04:32:08] [Reviewer] 正在审查第391章...
[2026-05-19 04:32:40] [Reviewer] 第391章审查完成，评分: 8.0， verdict: 需修改
[2026-05-19 04:32:41] [Reviewer] 正在审查第392章...
[2026-05-19 04:33:13] [Reviewer] 第392章审查完成，评分: 8.5， verdict: 通过
[2026-05-19 04:33:14] [Reviewer] 正在审查第393章...
[2026-05-19 04:33:59] [Reviewer] 第393章审查完成，评分: 8.0， verdict: 通过
[2026-05-19 04:34:00] [Reviewer] 正在审查第394章...
[2026-05-19 04:34:27] [Reviewer] 第394章审查完成，评分: 8.2， verdict: 通过
[2026-05-19 04:34:28] [Reviewer] 正在审查第395章...
[2026-05-19 04:34:57] [Reviewer] 第395章审查完成，评分: 8， verdict: 通过
[2026-05-19 04:34:58] [Reviewer] 正在审查第396章...
[2026-05-19 04:35:28] [Reviewer] 第396章审查完成，评分: 7.5， verdict: 需修改
[2026-05-19 04:35:29] [Reviewer] 正在审查第397章...
[2026-05-19 04:35:56] [Reviewer] JSON解析失败: Invalid control character at: line 22 column 28 (char 480)
[2026-05-19 04:35:56] [Reviewer] 第397章审查完成，评分: N/A， verdict: N/A
[2026-05-19 04:35:57] [Reviewer] 正在审查第398章...
[2026-05-19 04:36:28] [Reviewer] 第398章审查完成，评分: 8.2， verdict: 通过
[2026-05-19 04:36:29] [Reviewer] 正在审查第399章...
[2026-05-19 04:37:03] [Reviewer] 第399章审查完成，评分: 8.5， verdict: 需修改
[2026-05-19 04:37:04] [Reviewer] 正在审查第400章...
[2026-05-19 04:37:36] [Reviewer] 第400章审查完成，评分: 7.5， verdict: 通过
[2026-05-19 04:37:37] [Reviewer] 全部完成
============================================================
Reviewer Agent 启动
项目: D:\AiProject\Node\projects\novels8
============================================================
[2026-05-19 06:19:32] [Reviewer] 第391章已有有效审查报告，跳过
[2026-05-19 06:19:33] [Reviewer] 第392章已有有效审查报告，跳过
[2026-05-19 06:19:34] [Reviewer] 第393章已有有效审查报告，跳过
[2026-05-19 06:19:35] [Reviewer] 第394章已有有效审查报告，跳过
[2026-05-19 06:19:36] [Reviewer] 第395章已有有效审查报告，跳过
[2026-05-19 06:19:37] [Reviewer] 第396章已有有效审查报告，跳过
[2026-05-19 06:19:38] [Reviewer] 第397章审查报告无效（parse_error），重新审查
[2026-05-19 06:19:38] [Reviewer] 正在审查第397章...
[2026-05-19 06:20:24] [Reviewer] 第397章审查完成，评分: 7.8， verdict: 通过
[2026-05-19 06:20:25] [Reviewer] 第398章已有有效审查报告，跳过
[2026-05-19 06:20:26] [Reviewer] 第399章已有有效审查报告，跳过
[2026-05-19 06:20:27] [Reviewer] 第400章已有有效审查报告，跳过
[2026-05-19 06:20:28] [Reviewer] 全部完成
