============================================================
Reviewer Agent 启动
项目: D:\AiProject\Node\projects\novels8
============================================================
[2026-05-19 03:20:46] [Reviewer] 第211章文件不存在
[2026-05-19 03:20:47] [Reviewer] 第212章文件不存在
[2026-05-19 03:20:48] [Reviewer] 第213章文件不存在
[2026-05-19 03:20:49] [Reviewer] 第214章文件不存在
[2026-05-19 03:20:50] [Reviewer] 第215章文件不存在
[2026-05-19 03:20:51] [Reviewer] 第216章文件不存在
[2026-05-19 03:20:52] [Reviewer] 第217章文件不存在
[2026-05-19 03:20:53] [Reviewer] 第218章文件不存在
[2026-05-19 03:20:54] [Reviewer] 第219章文件不存在
[2026-05-19 03:20:55] [Reviewer] 第220章文件不存在
[2026-05-19 03:20:56] [Reviewer] 全部完成
============================================================
Reviewer Agent 启动
项目: D:\AiProject\Node\projects\novels8
============================================================
[2026-05-19 03:21:10] [Reviewer] 第211章文件不存在
[2026-05-19 03:21:11] [Reviewer] 第212章文件不存在
[2026-05-19 03:21:12] [Reviewer] 第213章文件不存在
[2026-05-19 03:21:13] [Reviewer] 第214章文件不存在
[2026-05-19 03:21:14] [Reviewer] 第215章文件不存在
[2026-05-19 03:21:15] [Reviewer] 第216章文件不存在
[2026-05-19 03:21:16] [Reviewer] 第217章文件不存在
[2026-05-19 03:21:17] [Reviewer] 第218章文件不存在
[2026-05-19 03:21:18] [Reviewer] 第219章文件不存在
[2026-05-19 03:21:19] [Reviewer] 第220章文件不存在
[2026-05-19 03:21:20] [Reviewer] 全部完成
============================================================
Reviewer Agent 启动
项目: D:\AiProject\Node\projects\novels8
============================================================
[2026-05-19 05:24:47] [Reviewer] 第211章文件不存在
[2026-05-19 05:24:48] [Reviewer] 第212章文件不存在
[2026-05-19 05:24:49] [Reviewer] 第213章文件不存在
[2026-05-19 05:24:50] [Reviewer] 第214章文件不存在
[2026-05-19 05:24:51] [Reviewer] 第215章文件不存在
[2026-05-19 05:24:52] [Reviewer] 第216章已有有效审查报告，跳过
[2026-05-19 05:24:53] [Reviewer] 第217章已有有效审查报告，跳过
[2026-05-19 05:24:54] [Reviewer] 第218章已有有效审查报告，跳过
[2026-05-19 05:24:55] [Reviewer] 正在审查第219章...
[2026-05-19 05:25:36] [Reviewer] 第219章审查完成，评分: 7.8， verdict: 需修改
[2026-05-19 05:25:37] [Reviewer] 正在审查第220章...
[2026-05-19 05:26:06] [Reviewer] 第220章审查完成，评分: 7.5， verdict: 需修改
[2026-05-19 05:26:07] [Reviewer] 全部完成
