============================================================
Reviewer Agent 启动
项目: D:\AiProject\Node\projects\novels8
============================================================
[2026-05-19 06:06:14] [Reviewer] 正在审查第571章...
[2026-05-19 06:06:53] [Reviewer] 第571章审查完成，评分: 7.8， verdict: 需修改
[2026-05-19 06:06:54] [Reviewer] 正在审查第572章...
[2026-05-19 06:07:46] [Reviewer] 第572章审查完成，评分: 8， verdict: 需修改
[2026-05-19 06:07:47] [Reviewer] 正在审查第573章...
[2026-05-19 06:08:19] [Reviewer] 第573章审查完成，评分: 8.0， verdict: 通过
[2026-05-19 06:08:20] [Reviewer] 正在审查第574章...
[2026-05-19 06:08:54] [Reviewer] 第574章审查完成，评分: 8， verdict: 通过
[2026-05-19 06:08:55] [Reviewer] 正在审查第575章...
[2026-05-19 06:09:26] [Reviewer] 第575章审查完成，评分: 8.0， verdict: 通过
[2026-05-19 06:09:27] [Reviewer] 正在审查第576章...
[2026-05-19 06:09:56] [Reviewer] 第576章审查完成，评分: 8.0， verdict: 通过
[2026-05-19 06:09:57] [Reviewer] 正在审查第577章...
[2026-05-19 06:10:38] [Reviewer] 第577章审查完成，评分: 8.0， verdict: 通过
[2026-05-19 06:10:39] [Reviewer] 正在审查第578章...
[2026-05-19 06:11:24] [Reviewer] 第578章审查完成，评分: 7.8， verdict: 需修改
[2026-05-19 06:11:25] [Reviewer] 正在审查第579章...
[2026-05-19 06:12:02] [Reviewer] 第579章审查完成，评分: 7.5， verdict: 通过
[2026-05-19 06:12:03] [Reviewer] 正在审查第580章...
[2026-05-19 06:12:37] [Reviewer] 第580章审查完成，评分: 8.0， verdict: 通过
[2026-05-19 06:12:38] [Reviewer] 全部完成
..
[2026-05-19 06:11:55] [Reviewer] 第579章审查完成，评分: 8.0， verdict: 通过
[2026-05-19 06:11:56] [Reviewer] 正在审查第580章...
[2026-05-19 06:12:33] [Reviewer] 第580章审查完成，评分: 8， verdict: 通过
[2026-05-19 06:12:34] [Reviewer] 全部完成
============================================================
Reviewer Agent 启动
项目: D:\AiProject\Node\projects\novels8
============================================================
[2026-05-19 06:32:07] [Reviewer] 第571章已有有效审查报告，跳过
[2026-05-19 06:32:08] [Reviewer] 第572章已有有效审查报告，跳过
[2026-05-19 06:32:09] [Reviewer] 第573章已有有效审查报告，跳过
[2026-05-19 06:32:10] [Reviewer] 第574章审查报告无效（parse_error），重新审查
[2026-05-19 06:32:10] [Reviewer] 正在审查第574章...
[2026-05-19 06:32:47] [Reviewer] 第574章审查完成，评分: 8.5， verdict: 通过
[2026-05-19 06:32:48] [Reviewer] 第575章审查报告无效（parse_error），重新审查
[2026-05-19 06:32:48] [Reviewer] 正在审查第575章...
[2026-05-19 06:33:20] [Reviewer] 第575章审查完成，评分: 8.2， verdict: 通过
[2026-05-19 06:33:21] [Reviewer] 第576章已有有效审查报告，跳过
[2026-05-19 06:33:22] [Reviewer] 第577章已有有效审查报告，跳过
[2026-05-19 06:33:23] [Reviewer] 第578章已有有效审查报告，跳过
[2026-05-19 06:33:24] [Reviewer] 第579章已有有效审查报告，跳过
[2026-05-19 06:33:25] [Reviewer] 第580章已有有效审查报告，跳过
[2026-05-19 06:33:26] [Reviewer] 全部完成
