============================================================
Reviewer Agent фТ╤╞
оНд©: D:\AiProject\Node\projects\novels8
============================================================
[2026-05-19 02:57:39] [Reviewer] ╣з11убнд╪Ч╡╩╢Фтз
[2026-05-19 02:57:40] [Reviewer] ╣з12убнд╪Ч╡╩╢Фтз
[2026-05-19 02:57:41] [Reviewer] ╣з13убнд╪Ч╡╩╢Фтз
[2026-05-19 02:57:42] [Reviewer] ╣з14убнд╪Ч╡╩╢Фтз
[2026-05-19 02:57:43] [Reviewer] ╣з15убнд╪Ч╡╩╢Фтз
[2026-05-19 02:57:44] [Reviewer] ╣з16убряспспп╖иС╡И╠╗╦Фё╛лЬ╧Щ
[2026-05-19 02:57:45] [Reviewer] уЩтзиС╡И╣з17уб...
[2026-05-19 02:58:21] [Reviewer] ╣з17убиС╡ИмЙЁиё╛фю╥ж: 7ё╛ verdict: пХпч╦д
[2026-05-19 02:58:22] [Reviewer] уЩтзиС╡И╣з18уб...
[2026-05-19 02:58:51] [Reviewer] ╣з18убиС╡ИмЙЁиё╛фю╥ж: 8.0ё╛ verdict: м╗╧Щ
[2026-05-19 02:58:52] [Reviewer] уЩтзиС╡И╣з19уб...
[2026-05-19 02:59:33] [Reviewer] ╣з19убиС╡ИмЙЁиё╛фю╥ж: 8.2ё╛ verdict: м╗╧Щ
[2026-05-19 02:59:34] [Reviewer] уЩтзиС╡И╣з20уб...
[2026-05-19 03:00:08] [Reviewer] ╣з20убиС╡ИмЙЁиё╛фю╥ж: 8.0ё╛ verdict: м╗╧Щ
[2026-05-19 03:00:09] [Reviewer] х╚╡©мЙЁи
ж: 8.0ё╛ verdict: м╗╧Щ
[2026-05-19 02:59:38] [Reviewer] х╚╡©мЙЁи
============================================================
Reviewer Agent фТ╤╞
оНд©: D:\AiProject\Node\projects\novels8
============================================================
[2026-05-19 03:49:54] [Reviewer] ╣з11убряспспп╖иС╡И╠╗╦Фё╛лЬ╧Щ
[2026-05-19 03:49:55] [Reviewer] ╣з12убряспспп╖иС╡И╠╗╦Фё╛лЬ╧Щ
[2026-05-19 03:49:56] [Reviewer] ╣з13убиС╡И╠╗╦Фнчп╖ё╗parse_errorё╘ё╛жьпбиС╡И
[2026-05-19 03:49:56] [Reviewer] уЩтзиС╡И╣з13уб...
[2026-05-19 03:50:27] [Reviewer] ╣з13убиС╡ИмЙЁиё╛фю╥ж: 7.8ё╛ verdict: пХпч╦д
[2026-05-19 03:50:28] [Reviewer] ╣з14убряспспп╖иС╡И╠╗╦Фё╛лЬ╧Щ
[2026-05-19 03:50:29] [Reviewer] ╣з15убряспспп╖иС╡И╠╗╦Фё╛лЬ╧Щ
[2026-05-19 03:50:30] [Reviewer] ╣з16убряспспп╖иС╡И╠╗╦Фё╛лЬ╧Щ
[2026-05-19 03:50:31] [Reviewer] ╣з17убряспспп╖иС╡И╠╗╦Фё╛лЬ╧Щ
[2026-05-19 03:50:32] [Reviewer] ╣з18убряспспп╖иС╡И╠╗╦Фё╛лЬ╧Щ
[2026-05-19 03:50:33] [Reviewer] ╣з19убряспспп╖иС╡И╠╗╦Фё╛лЬ╧Щ
[2026-05-19 03:50:34] [Reviewer] ╣з20убряспспп╖иС╡И╠╗╦Фё╛лЬ╧Щ
[2026-05-19 03:50:35] [Reviewer] х╚╡©мЙЁи
