============================================================
Reviewer Agent 启动
项目: D:\AiProject\Node\projects\novels8
============================================================
[2026-05-19 06:06:31] [Reviewer] 正在审查第561章...
[2026-05-19 06:07:07] [Reviewer] 第561章审查完成，评分: 8.2， verdict: 通过
[2026-05-19 06:07:08] [Reviewer] 正在审查第562章...
[2026-05-19 06:07:55] [Reviewer] 第562章审查完成，评分: 8.5， verdict: 需修改
[2026-05-19 06:07:56] [Reviewer] 正在审查第563章...
[2026-05-19 06:08:41] [Reviewer] 第563章审查完成，评分: 8.5， verdict: 通过
[2026-05-19 06:08:42] [Reviewer] 正在审查第564章...
[2026-05-19 06:09:19] [Reviewer] 第564章审查完成，评分: 8， verdict: 通过
[2026-05-19 06:09:20] [Reviewer] 正在审查第565章...
[2026-05-19 06:09:57] [Reviewer] JSON解析失败: Expecting ',' delimiter: line 22 column 9 (char 462)
[2026-05-19 06:09:57] [Reviewer] 第565章审查完成，评分: N/A， verdict: N/A
[2026-05-19 06:09:58] [Reviewer] 正在审查第566章...
[2026-05-19 06:10:33] [Reviewer] 第566章审查完成，评分: 8.5， verdict: 通过
[2026-05-19 06:10:34] [Reviewer] 正在审查第567章...
[2026-05-19 06:11:17] [Reviewer] 第567章审查完成，评分: 7.5， verdict: 需修改
[2026-05-19 06:11:18] [Reviewer] 正在审查第568章...
[2026-05-19 06:11:52] [Reviewer] 第568章审查完成，评分: 8， verdict: 通过
[2026-05-19 06:11:53] [Reviewer] 正在审查第569章...
[2026-05-19 06:12:25] [Reviewer] 第569章审查完成，评分: 7.8， verdict: 通过
[2026-05-19 06:12:26] [Reviewer] 正在审查第570章...
[2026-05-19 06:13:04] [Reviewer] 第570章审查完成，评分: 7.8， verdict: 通过
[2026-05-19 06:13:05] [Reviewer] 全部完成
============================================================
Reviewer Agent 启动
项目: D:\AiProject\Node\projects\novels8
============================================================
[2026-05-19 06:32:07] [Reviewer] 第561章已有有效审查报告，跳过
[2026-05-19 06:32:08] [Reviewer] 第562章已有有效审查报告，跳过
[2026-05-19 06:32:09] [Reviewer] 第563章已有有效审查报告，跳过
[2026-05-19 06:32:10] [Reviewer] 第564章已有有效审查报告，跳过
[2026-05-19 06:32:11] [Reviewer] 第565章审查报告无效（parse_error），重新审查
[2026-05-19 06:32:11] [Reviewer] 正在审查第565章...
[2026-05-19 06:32:48] [Reviewer] JSON解析失败: Invalid control character at: line 38 column 100 (char 1250)
[2026-05-19 06:32:48] [Reviewer] 第565章审查完成，评分: N/A， verdict: N/A
[2026-05-19 06:32:49] [Reviewer] 第566章已有有效审查报告，跳过
[2026-05-19 06:32:50] [Reviewer] 第567章已有有效审查报告，跳过
[2026-05-19 06:32:51] [Reviewer] 第568章已有有效审查报告，跳过
[2026-05-19 06:32:52] [Reviewer] 第569章已有有效审查报告，跳过
[2026-05-19 06:32:53] [Reviewer] 第570章已有有效审查报告，跳过
[2026-05-19 06:32:54] [Reviewer] 全部完成
