============================================================
Reviewer Agent 启动
项目: D:\AiProject\Node\projects\novels8
============================================================
[2026-05-19 03:19:55] [Reviewer] 第161章文件不存在
[2026-05-19 03:19:56] [Reviewer] 第162章文件不存在
[2026-05-19 03:19:57] [Reviewer] 第163章文件不存在
[2026-05-19 03:19:58] [Reviewer] 第164章文件不存在
[2026-05-19 03:19:59] [Reviewer] 第165章文件不存在
[2026-05-19 03:20:00] [Reviewer] 第166章文件不存在
[2026-05-19 03:20:01] [Reviewer] 第167章文件不存在
[2026-05-19 03:20:02] [Reviewer] 第168章文件不存在
[2026-05-19 03:20:03] [Reviewer] 第169章文件不存在
[2026-05-19 03:20:04] [Reviewer] 第170章文件不存在
[2026-05-19 03:20:05] [Reviewer] 全部完成
============================================================
Reviewer Agent 启动
项目: D:\AiProject\Node\projects\novels8
============================================================
[2026-05-19 03:20:19] [Reviewer] 第161章文件不存在
[2026-05-19 03:20:20] [Reviewer] 第162章文件不存在
[2026-05-19 03:20:21] [Reviewer] 第163章文件不存在
[2026-05-19 03:20:22] [Reviewer] 第164章文件不存在
[2026-05-19 03:20:23] [Reviewer] 第165章文件不存在
[2026-05-19 03:20:24] [Reviewer] 第166章文件不存在
[2026-05-19 03:20:25] [Reviewer] 第167章文件不存在
[2026-05-19 03:20:26] [Reviewer] 第168章文件不存在
[2026-05-19 03:20:27] [Reviewer] 第169章文件不存在
[2026-05-19 03:20:28] [Reviewer] 第170章文件不存在
[2026-05-19 03:20:29] [Reviewer] 全部完成
============================================================
Reviewer Agent 启动
项目: D:\AiProject\Node\projects\novels8
============================================================
[2026-05-19 05:10:17] [Reviewer] 正在审查第161章...
[2026-05-19 05:10:59] [Reviewer] 第161章审查完成，评分: 7.8， verdict: 需修改
[2026-05-19 05:11:00] [Reviewer] 第162章已有有效审查报告，跳过
[2026-05-19 05:11:01] [Reviewer] 正在审查第163章...
[2026-05-19 05:11:40] [Reviewer] 第163章审查完成，评分: 7.8， verdict: 需修改
[2026-05-19 05:11:41] [Reviewer] 正在审查第164章...
[2026-05-19 05:12:25] [Reviewer] 第164章审查完成，评分: 8.5， verdict: 通过
[2026-05-19 05:12:26] [Reviewer] 第165章已有有效审查报告，跳过
[2026-05-19 05:12:27] [Reviewer] 第166章已有有效审查报告，跳过
[2026-05-19 05:12:28] [Reviewer] 第167章已有有效审查报告，跳过
[2026-05-19 05:12:29] [Reviewer] 第168章已有有效审查报告，跳过
[2026-05-19 05:12:30] [Reviewer] 第169章已有有效审查报告，跳过
[2026-05-19 05:12:31] [Reviewer] 第170章已有有效审查报告，跳过
[2026-05-19 05:12:32] [Reviewer] 全部完成
