============================================================
Reviewer Agent 启动
项目: D:\AiProject\Node\projects\novels8
============================================================
[2026-05-19 04:20:46] [Reviewer] 正在审查第451章...
[2026-05-19 04:21:26] [Reviewer] 第451章审查完成，评分: 8.2， verdict: 通过
[2026-05-19 04:21:27] [Reviewer] 正在审查第452章...
[2026-05-19 04:21:57] [Reviewer] 第452章审查完成，评分: 7.5， verdict: 需修改
[2026-05-19 04:21:58] [Reviewer] 正在审查第453章...
[2026-05-19 04:22:41] [Reviewer] 第453章审查完成，评分: 8.0， verdict: 通过
[2026-05-19 04:22:42] [Reviewer] 正在审查第454章...
[2026-05-19 04:23:23] [Reviewer] 第454章审查完成，评分: 7.8， verdict: 通过（需小幅修改）
[2026-05-19 04:23:24] [Reviewer] 正在审查第455章...
[2026-05-19 04:23:56] [Reviewer] 第455章审查完成，评分: 8.5， verdict: 通过
[2026-05-19 04:23:57] [Reviewer] 正在审查第456章...
[2026-05-19 04:24:30] [Reviewer] 第456章审查完成，评分: 8.0， verdict: 通过
[2026-05-19 04:24:31] [Reviewer] 正在审查第457章...
[2026-05-19 04:25:00] [Reviewer] 第457章审查完成，评分: 8.2， verdict: 通过
[2026-05-19 04:25:01] [Reviewer] 正在审查第458章...
[2026-05-19 04:25:39] [Reviewer] 第458章审查完成，评分: 8.5， verdict: 通过
[2026-05-19 04:25:40] [Reviewer] 正在审查第459章...
[2026-05-19 04:26:09] [Reviewer] 第459章审查完成，评分: 7.8， verdict: 需修改
[2026-05-19 04:26:10] [Reviewer] 正在审查第460章...
[2026-05-19 04:26:42] [Reviewer] 第460章审查完成，评分: 8.0， verdict: 通过
[2026-05-19 04:26:43] [Reviewer] 全部完成
============================================================
Reviewer Agent 启动
项目: D:\AiProject\Node\projects\novels8
============================================================
[2026-05-19 04:53:34] [Reviewer] 第451章已有有效审查报告，跳过
[2026-05-19 04:53:35] [Reviewer] 第452章已有有效审查报告，跳过
[2026-05-19 04:53:36] [Reviewer] 第453章已有有效审查报告，跳过
[2026-05-19 04:53:37] [Reviewer] 第454章已有有效审查报告，跳过
[2026-05-19 04:53:38] [Reviewer] 第455章已有有效审查报告，跳过
[2026-05-19 04:53:39] [Reviewer] 第456章已有有效审查报告，跳过
[2026-05-19 04:53:40] [Reviewer] 第457章已有有效审查报告，跳过
[2026-05-19 04:53:41] [Reviewer] 第458章已有有效审查报告，跳过
[2026-05-19 04:53:42] [Reviewer] 第459章已有有效审查报告，跳过
[2026-05-19 04:53:43] [Reviewer] 第460章已有有效审查报告，跳过
[2026-05-19 04:53:44] [Reviewer] 全部完成
============================================================
Reviewer Agent 启动
项目: D:\AiProject\Node\projects\novels8
============================================================
[2026-05-19 06:26:52] [Reviewer] 第451章已有有效审查报告，跳过
[2026-05-19 06:26:53] [Reviewer] 第452章已有有效审查报告，跳过
[2026-05-19 06:26:54] [Reviewer] 第453章已有有效审查报告，跳过
[2026-05-19 06:26:55] [Reviewer] 第454章已有有效审查报告，跳过
[2026-05-19 06:26:56] [Reviewer] 第455章已有有效审查报告，跳过
[2026-05-19 06:26:57] [Reviewer] 第456章已有有效审查报告，跳过
[2026-05-19 06:26:58] [Reviewer] 第457章已有有效审查报告，跳过
[2026-05-19 06:26:59] [Reviewer] 第458章已有有效审查报告，跳过
[2026-05-19 06:27:00] [Reviewer] 第459章已有有效审查报告，跳过
[2026-05-19 06:27:01] [Reviewer] 第460章已有有效审查报告，跳过
[2026-05-19 06:27:02] [Reviewer] 全部完成
