============================================================
Reviewer Agent 启动
项目: D:\AiProject\Node\projects\novels8
============================================================
[2026-05-19 06:46:37] [Reviewer] 正在审查第621章...
[2026-05-19 06:47:03] [Reviewer] 第621章审查完成，评分: 8.2， verdict: 需修改
[2026-05-19 06:47:04] [Reviewer] 正在审查第622章...
[2026-05-19 06:47:45] [Reviewer] 第622章审查完成，评分: 8.0， verdict: 通过
[2026-05-19 06:47:46] [Reviewer] 正在审查第623章...
[2026-05-19 06:48:24] [Reviewer] 第623章审查完成，评分: 8.5， verdict: 通过（需修改）
[2026-05-19 06:48:25] [Reviewer] 正在审查第624章...
[2026-05-19 06:48:54] [Reviewer] 第624章审查完成，评分: 7.8， verdict: 需修改
[2026-05-19 06:48:55] [Reviewer] 第625章已有有效审查报告，跳过
[2026-05-19 06:48:56] [Reviewer] 第626章已有有效审查报告，跳过
[2026-05-19 06:48:57] [Reviewer] 正在审查第627章...
[2026-05-19 06:49:30] [Reviewer] 第627章审查完成，评分: 7.8， verdict: 通过
[2026-05-19 06:49:31] [Reviewer] 正在审查第628章...
[2026-05-19 06:50:03] [Reviewer] 第628章审查完成，评分: 7.5， verdict: 需修改
[2026-05-19 06:50:04] [Reviewer] 第629章已有有效审查报告，跳过
[2026-05-19 06:50:05] [Reviewer] 第630章已有有效审查报告，跳过
[2026-05-19 06:50:06] [Reviewer] 全部完成
