============================================================
Reviewer Agent 启动
项目: D:\AiProject\Node\projects\novels8
============================================================
[2026-05-19 03:22:54] [Reviewer] 第301章文件不存在
[2026-05-19 03:22:55] [Reviewer] 第302章文件不存在
[2026-05-19 03:22:56] [Reviewer] 第303章文件不存在
[2026-05-19 03:22:57] [Reviewer] 第304章文件不存在
[2026-05-19 03:22:58] [Reviewer] 第305章文件不存在
[2026-05-19 03:22:59] [Reviewer] 第306章文件不存在
[2026-05-19 03:23:00] [Reviewer] 第307章文件不存在
[2026-05-19 03:23:01] [Reviewer] 第308章文件不存在
[2026-05-19 03:23:02] [Reviewer] 第309章文件不存在
[2026-05-19 03:23:03] [Reviewer] 第310章文件不存在
[2026-05-19 03:23:04] [Reviewer] 全部完成
============================================================
Reviewer Agent 启动
项目: D:\AiProject\Node\projects\novels8
============================================================
[2026-05-19 03:44:54] [Reviewer] 第301章文件不存在
[2026-05-19 03:44:55] [Reviewer] 正在审查第302章...
[2026-05-19 03:45:30] [Reviewer] 第302章审查完成，评分: 8， verdict: 通过
[2026-05-19 03:45:31] [Reviewer] 正在审查第303章...
[2026-05-19 03:46:04] [Reviewer] 第303章审查完成，评分: 8.0， verdict: 通过
[2026-05-19 03:46:05] [Reviewer] 正在审查第304章...
[2026-05-19 03:46:41] [Reviewer] JSON解析失败: Invalid control character at: line 39 column 69 (char 1339)
[2026-05-19 03:46:41] [Reviewer] 第304章审查完成，评分: N/A， verdict: N/A
[2026-05-19 03:46:42] [Reviewer] 第305章文件不存在
[2026-05-19 03:46:43] [Reviewer] 正在审查第306章...
[2026-05-19 03:47:13] [Reviewer] 第306章审查完成，评分: 8.5， verdict: 通过
[2026-05-19 03:47:14] [Reviewer] 正在审查第307章...
[2026-05-19 03:47:44] [Reviewer] 第307章审查完成，评分: 7.5， verdict: 需修改
[2026-05-19 03:47:45] [Reviewer] 正在审查第308章...
[2026-05-19 03:48:15] [Reviewer] 第308章审查完成，评分: 8.0， verdict: 通过
[2026-05-19 03:48:16] [Reviewer] 正在审查第309章...
[2026-05-19 03:48:46] [Reviewer] 第309章审查完成，评分: 7.5， verdict: 需修改
[2026-05-19 03:48:47] [Reviewer] 正在审查第310章...
[2026-05-19 03:49:14] [Reviewer] 第310章审查完成，评分: 8.2， verdict: 通过
[2026-05-19 03:49:15] [Reviewer] 全部完成
============================================================
Reviewer Agent 启动
项目: D:\AiProject\Node\projects\novels8
============================================================
[2026-05-19 06:17:13] [Reviewer] 第301章已有有效审查报告，跳过
[2026-05-19 06:17:14] [Reviewer] 第302章已有有效审查报告，跳过
[2026-05-19 06:17:15] [Reviewer] 第303章已有有效审查报告，跳过
[2026-05-19 06:17:16] [Reviewer] 第304章审查报告无效（parse_error），重新审查
[2026-05-19 06:17:16] [Reviewer] 正在审查第304章...
[2026-05-19 06:17:54] [Reviewer] 第304章审查完成，评分: 8.2， verdict: 通过
[2026-05-19 06:17:55] [Reviewer] 第305章文件不存在
[2026-05-19 06:17:56] [Reviewer] 第306章已有有效审查报告，跳过
[2026-05-19 06:17:57] [Reviewer] 第307章已有有效审查报告，跳过
[2026-05-19 06:17:58] [Reviewer] 第308章已有有效审查报告，跳过
[2026-05-19 06:17:59] [Reviewer] 第309章已有有效审查报告，跳过
[2026-05-19 06:18:00] [Reviewer] 第310章已有有效审查报告，跳过
[2026-05-19 06:18:01] [Reviewer] 全部完成
