============================================================
Reviewer Agent фТ╤╞
оНд©: D:\AiProject\Node\projects\novels8
============================================================
[2026-05-19 07:04:08] [Reviewer] уЩтзиС╡И╣з661уб...
[2026-05-19 07:04:46] [Reviewer] ╣з661убиС╡ИмЙЁиё╛фю╥ж: 7.5ё╛ verdict: пХпч╦д
[2026-05-19 07:04:47] [Reviewer] ╣з662убряспспп╖иС╡И╠╗╦Фё╛лЬ╧Щ
[2026-05-19 07:04:48] [Reviewer] уЩтзиС╡И╣з663уб...
[2026-05-19 07:05:26] [Reviewer] ╣з663убиС╡ИмЙЁиё╛фю╥ж: 8.2ё╛ verdict: м╗╧Щ
[2026-05-19 07:05:27] [Reviewer] уЩтзиС╡И╣з664уб...
[2026-05-19 07:06:00] [Reviewer] ╣з664убиС╡ИмЙЁиё╛фю╥ж: 8.5ё╛ verdict: м╗╧Щ
[2026-05-19 07:06:01] [Reviewer] ╣з665убряспспп╖иС╡И╠╗╦Фё╛лЬ╧Щ
[2026-05-19 07:06:02] [Reviewer] ╣з666убряспспп╖иС╡И╠╗╦Фё╛лЬ╧Щ
[2026-05-19 07:06:03] [Reviewer] уЩтзиС╡И╣з667уб...
[2026-05-19 07:06:31] [Reviewer] ╣з667убиС╡ИмЙЁиё╛фю╥ж: 8.3ё╛ verdict: м╗╧Щ
[2026-05-19 07:06:32] [Reviewer] уЩтзиС╡И╣з668уб...
[2026-05-19 07:07:09] [Reviewer] ╣з668убиС╡ИмЙЁиё╛фю╥ж: 8.0ё╛ verdict: м╗╧Щ
[2026-05-19 07:07:10] [Reviewer] ╣з669убряспспп╖иС╡И╠╗╦Фё╛лЬ╧Щ
[2026-05-19 07:07:11] [Reviewer] ╣з670убряспспп╖иС╡И╠╗╦Фё╛лЬ╧Щ
[2026-05-19 07:07:12] [Reviewer] х╚╡©мЙЁи
бряспспп╖иС╡И╠╗╦Фё╛лЬ╧Щ
[2026-05-19 07:07:11] [Reviewer] х╚╡©мЙЁи
