============================================================
Reviewer Agent 启动
项目: D:\AiProject\Node\projects\novels8
============================================================
[2026-05-19 03:20:21] [Reviewer] 第191章文件不存在
[2026-05-19 03:20:22] [Reviewer] 第192章文件不存在
[2026-05-19 03:20:23] [Reviewer] 第193章文件不存在
[2026-05-19 03:20:24] [Reviewer] 第194章文件不存在
[2026-05-19 03:20:25] [Reviewer] 第195章文件不存在
[2026-05-19 03:20:26] [Reviewer] 第196章文件不存在
[2026-05-19 03:20:27] [Reviewer] 第197章文件不存在
[2026-05-19 03:20:28] [Reviewer] 第198章文件不存在
[2026-05-19 03:20:29] [Reviewer] 第199章文件不存在
[2026-05-19 03:20:30] [Reviewer] 第200章文件不存在
[2026-05-19 03:20:31] [Reviewer] 全部完成
============================================================
Reviewer Agent 启动
项目: D:\AiProject\Node\projects\novels8
============================================================
[2026-05-19 03:20:45] [Reviewer] 第191章文件不存在
[2026-05-19 03:20:46] [Reviewer] 第192章文件不存在
[2026-05-19 03:20:47] [Reviewer] 第193章文件不存在
[2026-05-19 03:20:48] [Reviewer] 第194章文件不存在
[2026-05-19 03:20:49] [Reviewer] 第195章文件不存在
[2026-05-19 03:20:50] [Reviewer] 第196章文件不存在
[2026-05-19 03:20:51] [Reviewer] 第197章文件不存在
[2026-05-19 03:20:52] [Reviewer] 第198章文件不存在
[2026-05-19 03:20:53] [Reviewer] 第199章文件不存在
[2026-05-19 03:20:54] [Reviewer] 第200章文件不存在
[2026-05-19 03:20:55] [Reviewer] 全部完成
============================================================
Reviewer Agent 启动
项目: D:\AiProject\Node\projects\novels8
============================================================
[2026-05-19 05:18:13] [Reviewer] 第191章已有有效审查报告，跳过
[2026-05-19 05:18:14] [Reviewer] 正在审查第192章...
[2026-05-19 05:18:53] [Reviewer] 第192章审查完成，评分: 8.0， verdict: 通过
[2026-05-19 05:18:54] [Reviewer] 第193章已有有效审查报告，跳过
[2026-05-19 05:18:55] [Reviewer] 第194章已有有效审查报告，跳过
[2026-05-19 05:18:56] [Reviewer] 第195章已有有效审查报告，跳过
[2026-05-19 05:18:57] [Reviewer] 正在审查第196章...
[2026-05-19 05:19:46] [Reviewer] 第196章审查完成，评分: 7.8， verdict: 需修改
[2026-05-19 05:19:47] [Reviewer] 第197章已有有效审查报告，跳过
[2026-05-19 05:19:48] [Reviewer] 第198章已有有效审查报告，跳过
[2026-05-19 05:19:49] [Reviewer] 第199章已有有效审查报告，跳过
[2026-05-19 05:19:50] [Reviewer] 第200章已有有效审查报告，跳过
[2026-05-19 05:19:51] [Reviewer] 全部完成
