============================================================
Reviewer Agent 启动
项目: D:\AiProject\Node\projects\novels8
============================================================
[2026-05-19 03:19:04] [Reviewer] 第131章文件不存在
[2026-05-19 03:19:05] [Reviewer] 第132章文件不存在
[2026-05-19 03:19:06] [Reviewer] 第133章文件不存在
[2026-05-19 03:19:07] [Reviewer] 第134章文件不存在
[2026-05-19 03:19:08] [Reviewer] 第135章文件不存在
[2026-05-19 03:19:09] [Reviewer] 第136章文件不存在
[2026-05-19 03:19:10] [Reviewer] 第137章文件不存在
[2026-05-19 03:19:11] [Reviewer] 第138章文件不存在
[2026-05-19 03:19:12] [Reviewer] 第139章文件不存在
[2026-05-19 03:19:13] [Reviewer] 第140章文件不存在
[2026-05-19 03:19:14] [Reviewer] 全部完成
============================================================
Reviewer Agent 启动
项目: D:\AiProject\Node\projects\novels8
============================================================
[2026-05-19 03:19:28] [Reviewer] 第131章文件不存在
[2026-05-19 03:19:29] [Reviewer] 第132章文件不存在
[2026-05-19 03:19:30] [Reviewer] 第133章文件不存在
[2026-05-19 03:19:31] [Reviewer] 第134章文件不存在
[2026-05-19 03:19:32] [Reviewer] 第135章文件不存在
[2026-05-19 03:19:33] [Reviewer] 第136章文件不存在
[2026-05-19 03:19:34] [Reviewer] 第137章文件不存在
[2026-05-19 03:19:35] [Reviewer] 第138章文件不存在
[2026-05-19 03:19:36] [Reviewer] 第139章文件不存在
[2026-05-19 03:19:37] [Reviewer] 第140章文件不存在
[2026-05-19 03:19:38] [Reviewer] 全部完成
============================================================
Reviewer Agent 启动
项目: D:\AiProject\Node\projects\novels8
============================================================
[2026-05-19 04:47:59] [Reviewer] 正在审查第131章...
[2026-05-19 04:48:39] [Reviewer] 第131章审查完成，评分: 7.5， verdict: 需修改
[2026-05-19 04:48:40] [Reviewer] 正在审查第132章...
[2026-05-19 04:49:19] [Reviewer] 第132章审查完成，评分: 7.6， verdict: 需修改
[2026-05-19 04:49:20] [Reviewer] 第133章已有有效审查报告，跳过
[2026-05-19 04:49:21] [Reviewer] 第134章已有有效审查报告，跳过
[2026-05-19 04:49:22] [Reviewer] 第135章已有有效审查报告，跳过
[2026-05-19 04:49:23] [Reviewer] 正在审查第136章...
[2026-05-19 04:49:55] [Reviewer] 第136章审查完成，评分: 8.3， verdict: 通过
[2026-05-19 04:49:56] [Reviewer] 第137章已有有效审查报告，跳过
[2026-05-19 04:49:57] [Reviewer] 第138章已有有效审查报告，跳过
[2026-05-19 04:49:58] [Reviewer] 第139章已有有效审查报告，跳过
[2026-05-19 04:49:59] [Reviewer] 第140章已有有效审查报告，跳过
[2026-05-19 04:50:00] [Reviewer] 全部完成
