============================================================
Reviewer Agent 启动
项目: D:\AiProject\Node\projects\novels8
============================================================
[2026-05-19 04:44:30] [Reviewer] 正在审查第471章...
[2026-05-19 04:45:00] [Reviewer] JSON解析失败: Expecting ',' delimiter: line 25 column 12 (char 551)
[2026-05-19 04:45:00] [Reviewer] 第471章审查完成，评分: N/A， verdict: N/A
[2026-05-19 04:45:01] [Reviewer] 正在审查第472章...
[2026-05-19 04:45:33] [Reviewer] 第472章审查完成，评分: 8， verdict: 通过
[2026-05-19 04:45:34] [Reviewer] 正在审查第473章...
[2026-05-19 04:46:04] [Reviewer] 第473章审查完成，评分: 7.5， verdict: 需修改
[2026-05-19 04:46:05] [Reviewer] 正在审查第474章...
[2026-05-19 04:46:46] [Reviewer] 第474章审查完成，评分: 8.5， verdict: 通过
[2026-05-19 04:46:47] [Reviewer] 正在审查第475章...
[2026-05-19 04:47:18] [Reviewer] 第475章审查完成，评分: 7.8， verdict: 需修改
[2026-05-19 04:47:19] [Reviewer] 正在审查第476章...
[2026-05-19 04:47:55] [Reviewer] 第476章审查完成，评分: 8.5， verdict: 通过
[2026-05-19 04:47:56] [Reviewer] 正在审查第477章...
[2026-05-19 04:48:31] [Reviewer] 第477章审查完成，评分: 8.0， verdict: 通过
[2026-05-19 04:48:32] [Reviewer] 正在审查第478章...
[2026-05-19 04:49:09] [Reviewer] 第478章审查完成，评分: 8.5， verdict: 通过
[2026-05-19 04:49:10] [Reviewer] 正在审查第479章...
[2026-05-19 04:49:52] [Reviewer] 第479章审查完成，评分: 7.8， verdict: 通过
[2026-05-19 04:49:53] [Reviewer] 正在审查第480章...
[2026-05-19 04:50:32] [Reviewer] 第480章审查完成，评分: 7.8， verdict: 需修改
[2026-05-19 04:50:33] [Reviewer] 全部完成
============================================================
Reviewer Agent 启动
项目: D:\AiProject\Node\projects\novels8
============================================================
[2026-05-19 04:58:53] [Reviewer] 第471章审查报告无效（parse_error），重新审查
[2026-05-19 04:58:53] [Reviewer] 正在审查第471章...
[2026-05-19 04:59:24] [Reviewer] 第471章审查完成，评分: 8.5， verdict: 通过
[2026-05-19 04:59:25] [Reviewer] 第472章已有有效审查报告，跳过
[2026-05-19 04:59:26] [Reviewer] 第473章已有有效审查报告，跳过
[2026-05-19 04:59:27] [Reviewer] 第474章已有有效审查报告，跳过
[2026-05-19 04:59:28] [Reviewer] 第475章已有有效审查报告，跳过
[2026-05-19 04:59:29] [Reviewer] 第476章已有有效审查报告，跳过
[2026-05-19 04:59:30] [Reviewer] 第477章已有有效审查报告，跳过
[2026-05-19 04:59:31] [Reviewer] 第478章已有有效审查报告，跳过
[2026-05-19 04:59:32] [Reviewer] 第479章已有有效审查报告，跳过
[2026-05-19 04:59:33] [Reviewer] 第480章已有有效审查报告，跳过
[2026-05-19 04:59:34] [Reviewer] 全部完成
============================================================
Reviewer Agent 启动
项目: D:\AiProject\Node\projects\novels8
============================================================
[2026-05-19 06:27:18] [Reviewer] 第471章已有有效审查报告，跳过
[2026-05-19 06:27:19] [Reviewer] 第472章已有有效审查报告，跳过
[2026-05-19 06:27:20] [Reviewer] 第473章已有有效审查报告，跳过
[2026-05-19 06:27:21] [Reviewer] 第474章已有有效审查报告，跳过
[2026-05-19 06:27:22] [Reviewer] 第475章已有有效审查报告，跳过
[2026-05-19 06:27:23] [Reviewer] 第476章已有有效审查报告，跳过
[2026-05-19 06:27:24] [Reviewer] 第477章已有有效审查报告，跳过
[2026-05-19 06:27:25] [Reviewer] 第478章已有有效审查报告，跳过
[2026-05-19 06:27:26] [Reviewer] 第479章已有有效审查报告，跳过
[2026-05-19 06:27:27] [Reviewer] 第480章已有有效审查报告，跳过
[2026-05-19 06:27:28] [Reviewer] 全部完成
