============================================================
Reviewer Agent 启动
项目: D:\AiProject\Node\projects\novels8
============================================================
[2026-05-19 03:20:21] [Reviewer] 第181章文件不存在
[2026-05-19 03:20:22] [Reviewer] 第182章文件不存在
[2026-05-19 03:20:23] [Reviewer] 第183章文件不存在
[2026-05-19 03:20:24] [Reviewer] 第184章文件不存在
[2026-05-19 03:20:25] [Reviewer] 第185章文件不存在
[2026-05-19 03:20:26] [Reviewer] 第186章文件不存在
[2026-05-19 03:20:27] [Reviewer] 第187章文件不存在
[2026-05-19 03:20:28] [Reviewer] 第188章文件不存在
[2026-05-19 03:20:29] [Reviewer] 第189章文件不存在
[2026-05-19 03:20:30] [Reviewer] 第190章文件不存在
[2026-05-19 03:20:31] [Reviewer] 全部完成
============================================================
Reviewer Agent 启动
项目: D:\AiProject\Node\projects\novels8
============================================================
[2026-05-19 03:20:45] [Reviewer] 第181章文件不存在
[2026-05-19 03:20:46] [Reviewer] 第182章文件不存在
[2026-05-19 03:20:47] [Reviewer] 第183章文件不存在
[2026-05-19 03:20:48] [Reviewer] 第184章文件不存在
[2026-05-19 03:20:49] [Reviewer] 第185章文件不存在
[2026-05-19 03:20:50] [Reviewer] 第186章文件不存在
[2026-05-19 03:20:51] [Reviewer] 第187章文件不存在
[2026-05-19 03:20:52] [Reviewer] 第188章文件不存在
[2026-05-19 03:20:53] [Reviewer] 第189章文件不存在
[2026-05-19 03:20:54] [Reviewer] 第190章文件不存在
[2026-05-19 03:20:55] [Reviewer] 全部完成
============================================================
Reviewer Agent 启动
项目: D:\AiProject\Node\projects\novels8
============================================================
[2026-05-19 05:18:13] [Reviewer] 第181章文件不存在
[2026-05-19 05:18:14] [Reviewer] 第182章文件不存在
[2026-05-19 05:18:15] [Reviewer] 第183章文件不存在
[2026-05-19 05:18:16] [Reviewer] 第184章文件不存在
[2026-05-19 05:18:17] [Reviewer] 第185章文件不存在
[2026-05-19 05:18:18] [Reviewer] 第186章文件不存在
[2026-05-19 05:18:19] [Reviewer] 第187章文件不存在
[2026-05-19 05:18:20] [Reviewer] 第188章文件不存在
[2026-05-19 05:18:21] [Reviewer] 第189章文件不存在
[2026-05-19 05:18:22] [Reviewer] 第190章文件不存在
[2026-05-19 05:18:23] [Reviewer] 全部完成
