============================================================
Reviewer Agent 启动
项目: D:\AiProject\Node\projects\novels8
============================================================
[2026-05-19 03:21:37] [Reviewer] 第251章文件不存在
[2026-05-19 03:21:38] [Reviewer] 第252章文件不存在
[2026-05-19 03:21:39] [Reviewer] 第253章文件不存在
[2026-05-19 03:21:40] [Reviewer] 第254章文件不存在
[2026-05-19 03:21:41] [Reviewer] 第255章文件不存在
[2026-05-19 03:21:42] [Reviewer] 第256章文件不存在
[2026-05-19 03:21:43] [Reviewer] 第257章文件不存在
[2026-05-19 03:21:44] [Reviewer] 第258章文件不存在
[2026-05-19 03:21:45] [Reviewer] 第259章文件不存在
[2026-05-19 03:21:46] [Reviewer] 第260章文件不存在
[2026-05-19 03:21:47] [Reviewer] 全部完成
============================================================
Reviewer Agent 启动
项目: D:\AiProject\Node\projects\novels8
============================================================
[2026-05-19 03:22:01] [Reviewer] 第251章文件不存在
[2026-05-19 03:22:02] [Reviewer] 第252章文件不存在
[2026-05-19 03:22:03] [Reviewer] 第253章文件不存在
[2026-05-19 03:22:04] [Reviewer] 第254章文件不存在
[2026-05-19 03:22:05] [Reviewer] 第255章文件不存在
[2026-05-19 03:22:06] [Reviewer] 第256章文件不存在
[2026-05-19 03:22:07] [Reviewer] 第257章文件不存在
[2026-05-19 03:22:08] [Reviewer] 第258章文件不存在
[2026-05-19 03:22:09] [Reviewer] 第259章文件不存在
[2026-05-19 03:22:10] [Reviewer] 第260章文件不存在
[2026-05-19 03:22:11] [Reviewer] 全部完成
============================================================
Reviewer Agent 启动
项目: D:\AiProject\Node\projects\novels8
============================================================
[2026-05-19 05:44:54] [Reviewer] 正在审查第251章...
[2026-05-19 05:45:31] [Reviewer] 第251章审查完成，评分: 8.5， verdict: 需修改
[2026-05-19 05:45:32] [Reviewer] 正在审查第252章...
[2026-05-19 05:46:07] [Reviewer] 第252章审查完成，评分: 8.2， verdict: 通过
[2026-05-19 05:46:08] [Reviewer] 第253章已有有效审查报告，跳过
[2026-05-19 05:46:09] [Reviewer] 第254章已有有效审查报告，跳过
[2026-05-19 05:46:10] [Reviewer] 正在审查第255章...
[2026-05-19 05:46:44] [Reviewer] 第255章审查完成，评分: 8.0， verdict: 通过
[2026-05-19 05:46:45] [Reviewer] 正在审查第256章...
[2026-05-19 05:47:14] [Reviewer] 第256章审查完成，评分: 8.3， verdict: 通过
[2026-05-19 05:47:15] [Reviewer] 第257章已有有效审查报告，跳过
[2026-05-19 05:47:16] [Reviewer] 第258章审查报告无效（parse_error），重新审查
[2026-05-19 05:47:16] [Reviewer] 正在审查第258章...
[2026-05-19 05:47:43] [Reviewer] 第258章审查完成，评分: 7.8， verdict: 通过
[2026-05-19 05:47:44] [Reviewer] 第259章已有有效审查报告，跳过
[2026-05-19 05:47:45] [Reviewer] 第260章已有有效审查报告，跳过
[2026-05-19 05:47:46] [Reviewer] 全部完成
