============================================================
Reviewer Agent 启动
项目: D:\AiProject\Node\projects\novels8
============================================================
[2026-05-19 04:20:46] [Reviewer] 正在审查第441章...
[2026-05-19 04:21:21] [Reviewer] 第441章审查完成，评分: 7.8， verdict: 需修改
[2026-05-19 04:21:22] [Reviewer] 正在审查第442章...
[2026-05-19 04:21:57] [Reviewer] 第442章审查完成，评分: 7.8， verdict: 需修改
[2026-05-19 04:21:58] [Reviewer] 正在审查第443章...
[2026-05-19 04:22:35] [Reviewer] 第443章审查完成，评分: 7.8， verdict: 通过
[2026-05-19 04:22:36] [Reviewer] 正在审查第444章...
[2026-05-19 04:23:03] [Reviewer] 第444章审查完成，评分: 8.5， verdict: 需修改
[2026-05-19 04:23:04] [Reviewer] 正在审查第445章...
[2026-05-19 04:23:51] [Reviewer] 第445章审查完成，评分: 7.8， verdict: 需修改
[2026-05-19 04:23:52] [Reviewer] 正在审查第446章...
[2026-05-19 04:24:33] [Reviewer] 第446章审查完成，评分: 7.8， verdict: 通过
[2026-05-19 04:24:34] [Reviewer] 正在审查第447章...
[2026-05-19 04:25:06] [Reviewer] 第447章审查完成，评分: 7.8， verdict: 需修改
[2026-05-19 04:25:08] [Reviewer] 正在审查第448章...
[2026-05-19 04:25:39] [Reviewer] 第448章审查完成，评分: 7.8， verdict: 需修改
[2026-05-19 04:25:40] [Reviewer] 正在审查第449章...
[2026-05-19 04:26:14] [Reviewer] 第449章审查完成，评分: 8.0， verdict: 通过
[2026-05-19 04:26:15] [Reviewer] 正在审查第450章...
[2026-05-19 04:26:47] [Reviewer] 第450章审查完成，评分: 8.5， verdict: 需修改
[2026-05-19 04:26:48] [Reviewer] 全部完成
============================================================
Reviewer Agent 启动
项目: D:\AiProject\Node\projects\novels8
============================================================
[2026-05-19 04:53:34] [Reviewer] 第441章已有有效审查报告，跳过
[2026-05-19 04:53:35] [Reviewer] 第442章已有有效审查报告，跳过
[2026-05-19 04:53:36] [Reviewer] 第443章已有有效审查报告，跳过
[2026-05-19 04:53:37] [Reviewer] 第444章已有有效审查报告，跳过
[2026-05-19 04:53:38] [Reviewer] 第445章已有有效审查报告，跳过
[2026-05-19 04:53:39] [Reviewer] 第446章已有有效审查报告，跳过
[2026-05-19 04:53:40] [Reviewer] 第447章已有有效审查报告，跳过
[2026-05-19 04:53:41] [Reviewer] 第448章已有有效审查报告，跳过
[2026-05-19 04:53:42] [Reviewer] 第449章已有有效审查报告，跳过
[2026-05-19 04:53:43] [Reviewer] 第450章已有有效审查报告，跳过
[2026-05-19 04:53:44] [Reviewer] 全部完成
============================================================
Reviewer Agent 启动
项目: D:\AiProject\Node\projects\novels8
============================================================
[2026-05-19 06:26:52] [Reviewer] 第441章已有有效审查报告，跳过
[2026-05-19 06:26:53] [Reviewer] 第442章已有有效审查报告，跳过
[2026-05-19 06:26:54] [Reviewer] 第443章已有有效审查报告，跳过
[2026-05-19 06:26:55] [Reviewer] 第444章已有有效审查报告，跳过
[2026-05-19 06:26:56] [Reviewer] 第445章已有有效审查报告，跳过
[2026-05-19 06:26:57] [Reviewer] 第446章已有有效审查报告，跳过
[2026-05-19 06:26:58] [Reviewer] 第447章已有有效审查报告，跳过
[2026-05-19 06:26:59] [Reviewer] 第448章已有有效审查报告，跳过
[2026-05-19 06:27:00] [Reviewer] 第449章已有有效审查报告，跳过
[2026-05-19 06:27:01] [Reviewer] 第450章已有有效审查报告，跳过
[2026-05-19 06:27:02] [Reviewer] 全部完成
