============================================================
Reviewer Agent 启动
项目: D:\AiProject\Node\projects\novels8
============================================================
[2026-05-19 06:22:09] [Reviewer] 第581章已有有效审查报告，跳过
[2026-05-19 06:22:10] [Reviewer] 正在审查第582章...
[2026-05-19 06:22:42] [Reviewer] 第582章审查完成，评分: 8.2， verdict: 通过
[2026-05-19 06:22:43] [Reviewer] 正在审查第583章...
[2026-05-19 06:23:23] [Reviewer] 第583章审查完成，评分: 8， verdict: 通过
[2026-05-19 06:23:24] [Reviewer] 正在审查第584章...
[2026-05-19 06:23:56] [Reviewer] JSON解析失败: Expecting ',' delimiter: line 27 column 36 (char 667)
[2026-05-19 06:23:56] [Reviewer] 第584章审查完成，评分: N/A， verdict: N/A
[2026-05-19 06:23:57] [Reviewer] 正在审查第585章...
[2026-05-19 06:24:28] [Reviewer] 第585章审查完成，评分: 7.5， verdict: 需修改
[2026-05-19 06:24:29] [Reviewer] 正在审查第586章...
[2026-05-19 06:25:01] [Reviewer] 第586章审查完成，评分: 7.5， verdict: 需修改
[2026-05-19 06:25:02] [Reviewer] 正在审查第587章...
[2026-05-19 06:25:35] [Reviewer] 第587章审查完成，评分: 8.0， verdict: 通过
[2026-05-19 06:25:36] [Reviewer] 正在审查第588章...
[2026-05-19 06:26:24] [Reviewer] 第588章审查完成，评分: 7.8， verdict: 通过
[2026-05-19 06:26:25] [Reviewer] 正在审查第589章...
[2026-05-19 06:27:04] [Reviewer] 第589章审查完成，评分: 8.2， verdict: 通过
[2026-05-19 06:27:05] [Reviewer] 正在审查第590章...
[2026-05-19 06:27:38] [Reviewer] 第590章审查完成，评分: 8.0， verdict: 通过
[2026-05-19 06:27:39] [Reviewer] 全部完成
分: 8.5， verdict: 需修改
[2026-05-19 06:27:29] [Reviewer] 全部完成
============================================================
Reviewer Agent 启动
项目: D:\AiProject\Node\projects\novels8
============================================================
[2026-05-19 06:33:42] [Reviewer] 第581章已有有效审查报告，跳过
[2026-05-19 06:33:43] [Reviewer] 第582章已有有效审查报告，跳过
[2026-05-19 06:33:44] [Reviewer] 第583章已有有效审查报告，跳过
[2026-05-19 06:33:45] [Reviewer] 第584章审查报告无效（parse_error），重新审查
[2026-05-19 06:33:45] [Reviewer] 正在审查第584章...
[2026-05-19 06:34:21] [Reviewer] 第584章审查完成，评分: 7.8， verdict: 需修改
[2026-05-19 06:34:22] [Reviewer] 第585章已有有效审查报告，跳过
[2026-05-19 06:34:23] [Reviewer] 第586章已有有效审查报告，跳过
[2026-05-19 06:34:24] [Reviewer] 第587章已有有效审查报告，跳过
[2026-05-19 06:34:25] [Reviewer] 第588章已有有效审查报告，跳过
[2026-05-19 06:34:26] [Reviewer] 第589章已有有效审查报告，跳过
[2026-05-19 06:34:27] [Reviewer] 第590章已有有效审查报告，跳过
[2026-05-19 06:34:28] [Reviewer] 全部完成
