============================================================
Reviewer Agent 启动
项目: D:\AiProject\Node\projects\novels8
============================================================
[2026-05-19 03:24:13] [Reviewer] 第371章文件不存在
[2026-05-19 03:24:14] [Reviewer] 第372章文件不存在
[2026-05-19 03:24:15] [Reviewer] 第373章文件不存在
[2026-05-19 03:24:16] [Reviewer] 第374章文件不存在
[2026-05-19 03:24:17] [Reviewer] 第375章文件不存在
[2026-05-19 03:24:18] [Reviewer] 第376章文件不存在
[2026-05-19 03:24:19] [Reviewer] 第377章文件不存在
[2026-05-19 03:24:20] [Reviewer] 第378章文件不存在
[2026-05-19 03:24:21] [Reviewer] 第379章文件不存在
[2026-05-19 03:24:22] [Reviewer] 第380章文件不存在
[2026-05-19 03:24:23] [Reviewer] 全部完成
============================================================
Reviewer Agent 启动
项目: D:\AiProject\Node\projects\novels8
============================================================
[2026-05-19 04:17:30] [Reviewer] 正在审查第371章...
[2026-05-19 04:18:11] [Reviewer] 第371章审查完成，评分: 7.5， verdict: 需修改
[2026-05-19 04:18:12] [Reviewer] 正在审查第372章...
[2026-05-19 04:18:47] [Reviewer] 第372章审查完成，评分: 8.5， verdict: 通过
[2026-05-19 04:18:48] [Reviewer] 正在审查第373章...
[2026-05-19 04:19:23] [Reviewer] 第373章审查完成，评分: 8.0， verdict: 通过
[2026-05-19 04:19:24] [Reviewer] 正在审查第374章...
[2026-05-19 04:20:01] [Reviewer] 第374章审查完成，评分: 8.0， verdict: 通过
[2026-05-19 04:20:02] [Reviewer] 正在审查第375章...
[2026-05-19 04:20:32] [Reviewer] 第375章审查完成，评分: 8.5， verdict: 通过
[2026-05-19 04:20:33] [Reviewer] 正在审查第376章...
[2026-05-19 04:21:17] [Reviewer] 第376章审查完成，评分: 7.2， verdict: 需修改
[2026-05-19 04:21:18] [Reviewer] 正在审查第377章...
[2026-05-19 04:21:45] [Reviewer] 第377章审查完成，评分: 8.2， verdict: 通过
[2026-05-19 04:21:46] [Reviewer] 正在审查第378章...
[2026-05-19 04:22:14] [Reviewer] 第378章审查完成，评分: 8.0， verdict: 通过
[2026-05-19 04:22:15] [Reviewer] 正在审查第379章...
[2026-05-19 04:22:49] [Reviewer] 第379章审查完成，评分: 7.5， verdict: 需修改
[2026-05-19 04:22:50] [Reviewer] 正在审查第380章...
[2026-05-19 04:23:26] [Reviewer] 第380章审查完成，评分: 7.5， verdict: 需修改
[2026-05-19 04:23:27] [Reviewer] 全部完成
============================================================
Reviewer Agent 启动
项目: D:\AiProject\Node\projects\novels8
============================================================
[2026-05-19 06:19:07] [Reviewer] 第371章已有有效审查报告，跳过
[2026-05-19 06:19:08] [Reviewer] 第372章已有有效审查报告，跳过
[2026-05-19 06:19:09] [Reviewer] 第373章已有有效审查报告，跳过
[2026-05-19 06:19:10] [Reviewer] 第374章已有有效审查报告，跳过
[2026-05-19 06:19:11] [Reviewer] 第375章已有有效审查报告，跳过
[2026-05-19 06:19:12] [Reviewer] 第376章已有有效审查报告，跳过
[2026-05-19 06:19:13] [Reviewer] 第377章已有有效审查报告，跳过
[2026-05-19 06:19:14] [Reviewer] 第378章已有有效审查报告，跳过
[2026-05-19 06:19:15] [Reviewer] 第379章已有有效审查报告，跳过
[2026-05-19 06:19:16] [Reviewer] 第380章已有有效审查报告，跳过
[2026-05-19 06:19:17] [Reviewer] 全部完成
