============================================================
Reviewer Agent 启动
项目: D:\AiProject\Node\projects\novels8
============================================================
[2026-05-19 03:23:46] [Reviewer] 第351章文件不存在
[2026-05-19 03:23:47] [Reviewer] 第352章文件不存在
[2026-05-19 03:23:48] [Reviewer] 第353章文件不存在
[2026-05-19 03:23:49] [Reviewer] 第354章文件不存在
[2026-05-19 03:23:50] [Reviewer] 第355章文件不存在
[2026-05-19 03:23:51] [Reviewer] 第356章文件不存在
[2026-05-19 03:23:52] [Reviewer] 第357章文件不存在
[2026-05-19 03:23:53] [Reviewer] 第358章文件不存在
[2026-05-19 03:23:54] [Reviewer] 第359章文件不存在
[2026-05-19 03:23:55] [Reviewer] 第360章文件不存在
[2026-05-19 03:23:56] [Reviewer] 全部完成
============================================================
Reviewer Agent 启动
项目: D:\AiProject\Node\projects\novels8
============================================================
[2026-05-19 04:01:06] [Reviewer] 正在审查第351章...
[2026-05-19 04:01:45] [Reviewer] JSON解析失败: Expecting ',' delimiter: line 45 column 53 (char 1647)
[2026-05-19 04:01:45] [Reviewer] 第351章审查完成，评分: N/A， verdict: N/A
[2026-05-19 04:01:46] [Reviewer] 正在审查第352章...
[2026-05-19 04:02:23] [Reviewer] 第352章审查完成，评分: 7.8， verdict: 需修改
[2026-05-19 04:02:24] [Reviewer] 正在审查第353章...
[2026-05-19 04:03:04] [Reviewer] 第353章审查完成，评分: 8.5， verdict: 通过
[2026-05-19 04:03:05] [Reviewer] 正在审查第354章...
[2026-05-19 04:03:38] [Reviewer] 第354章审查完成，评分: 8.5， verdict: 通过
[2026-05-19 04:03:39] [Reviewer] 正在审查第355章...
[2026-05-19 04:04:10] [Reviewer] 第355章审查完成，评分: 6.5， verdict: 需修改
[2026-05-19 04:04:11] [Reviewer] 正在审查第356章...
[2026-05-19 04:04:45] [Reviewer] 第356章审查完成，评分: 7.2， verdict: 需修改
[2026-05-19 04:04:46] [Reviewer] 正在审查第357章...
[2026-05-19 04:05:24] [Reviewer] 第357章审查完成，评分: 7.2， verdict: 需修改
[2026-05-19 04:05:25] [Reviewer] 正在审查第358章...
[2026-05-19 04:05:58] [Reviewer] 第358章审查完成，评分: 8.5， verdict: 通过
[2026-05-19 04:05:59] [Reviewer] 正在审查第359章...
[2026-05-19 04:06:30] [Reviewer] 第359章审查完成，评分: 7.5， verdict: 需修改
[2026-05-19 04:06:31] [Reviewer] 正在审查第360章...
[2026-05-19 04:07:12] [Reviewer] 第360章审查完成，评分: 7.5， verdict: 需修改
[2026-05-19 04:07:13] [Reviewer] 全部完成
============================================================
Reviewer Agent 启动
项目: D:\AiProject\Node\projects\novels8
============================================================
[2026-05-19 06:18:41] [Reviewer] 第351章已有有效审查报告，跳过
[2026-05-19 06:18:42] [Reviewer] 第352章已有有效审查报告，跳过
[2026-05-19 06:18:43] [Reviewer] 第353章已有有效审查报告，跳过
[2026-05-19 06:18:44] [Reviewer] 第354章已有有效审查报告，跳过
[2026-05-19 06:18:45] [Reviewer] 第355章已有有效审查报告，跳过
[2026-05-19 06:18:46] [Reviewer] 第356章已有有效审查报告，跳过
[2026-05-19 06:18:47] [Reviewer] 第357章已有有效审查报告，跳过
[2026-05-19 06:18:48] [Reviewer] 第358章已有有效审查报告，跳过
[2026-05-19 06:18:49] [Reviewer] 第359章已有有效审查报告，跳过
[2026-05-19 06:18:50] [Reviewer] 第360章已有有效审查报告，跳过
[2026-05-19 06:18:51] [Reviewer] 全部完成
