============================================================
Reviewer Agent 启动
项目: D:\AiProject\Node\projects\novels8
============================================================
[2026-05-19 07:32:15] [Reviewer] 第731章已有有效审查报告，跳过
[2026-05-19 07:32:16] [Reviewer] 第732章已有有效审查报告，跳过
[2026-05-19 07:32:17] [Reviewer] 第733章已有有效审查报告，跳过
[2026-05-19 07:32:18] [Reviewer] 正在审查第734章...
[2026-05-19 07:32:49] [Reviewer] 第734章审查完成，评分: 7.8， verdict: 需修改
[2026-05-19 07:32:50] [Reviewer] 正在审查第735章...
[2026-05-19 07:33:29] [Reviewer] 第735章审查完成，评分: 8.0， verdict: 通过
[2026-05-19 07:33:30] [Reviewer] 正在审查第736章...
[2026-05-19 07:34:03] [Reviewer] 第736章审查完成，评分: 7.5， verdict: 需修改
[2026-05-19 07:34:04] [Reviewer] 第737章已有有效审查报告，跳过
[2026-05-19 07:34:05] [Reviewer] 第738章已有有效审查报告，跳过
[2026-05-19 07:34:06] [Reviewer] 第739章已有有效审查报告，跳过
[2026-05-19 07:34:07] [Reviewer] 正在审查第740章...
[2026-05-19 07:34:38] [Reviewer] 第740章审查完成，评分: 7.8， verdict: 通过
[2026-05-19 07:34:39] [Reviewer] 全部完成

[2026-05-19 07:34:20] [Reviewer] 第740章已有有效审查报告，跳过
[2026-05-19 07:34:21] [Reviewer] 全部完成
9] [Reviewer] 全部完成
