============================================================
Reviewer Agent 启动
项目: D:\AiProject\Node\projects\novels8
============================================================
[2026-05-19 03:17:21] [Reviewer] 第51章文件不存在
[2026-05-19 03:17:22] [Reviewer] 第52章文件不存在
[2026-05-19 03:17:23] [Reviewer] 第53章文件不存在
[2026-05-19 03:17:24] [Reviewer] 第54章文件不存在
[2026-05-19 03:17:25] [Reviewer] 第55章文件不存在
[2026-05-19 03:17:26] [Reviewer] 第56章文件不存在
[2026-05-19 03:17:27] [Reviewer] 第57章文件不存在
[2026-05-19 03:17:28] [Reviewer] 第58章文件不存在
[2026-05-19 03:17:29] [Reviewer] 第59章文件不存在
[2026-05-19 03:17:30] [Reviewer] 第60章文件不存在
[2026-05-19 03:17:31] [Reviewer] 全部完成
============================================================
Reviewer Agent 启动
项目: D:\AiProject\Node\projects\novels8
============================================================
[2026-05-19 03:17:45] [Reviewer] 第51章文件不存在
[2026-05-19 03:17:46] [Reviewer] 第52章文件不存在
[2026-05-19 03:17:47] [Reviewer] 第53章文件不存在
[2026-05-19 03:17:48] [Reviewer] 第54章文件不存在
[2026-05-19 03:17:49] [Reviewer] 第55章文件不存在
[2026-05-19 03:17:50] [Reviewer] 第56章文件不存在
[2026-05-19 03:17:51] [Reviewer] 第57章文件不存在
[2026-05-19 03:17:52] [Reviewer] 第58章文件不存在
[2026-05-19 03:17:53] [Reviewer] 第59章文件不存在
[2026-05-19 03:17:54] [Reviewer] 第60章文件不存在
[2026-05-19 03:17:55] [Reviewer] 全部完成
============================================================
Reviewer Agent 启动
项目: D:\AiProject\Node\projects\novels8
============================================================
[2026-05-19 04:09:05] [Reviewer] 第51章已有有效审查报告，跳过
[2026-05-19 04:09:06] [Reviewer] 第52章已有有效审查报告，跳过
[2026-05-19 04:09:07] [Reviewer] 第53章已有有效审查报告，跳过
[2026-05-19 04:09:08] [Reviewer] 第54章已有有效审查报告，跳过
[2026-05-19 04:09:09] [Reviewer] 第55章已有有效审查报告，跳过
[2026-05-19 04:09:10] [Reviewer] 第56章已有有效审查报告，跳过
[2026-05-19 04:09:11] [Reviewer] 正在审查第57章...
[2026-05-19 04:09:43] [Reviewer] 第57章审查完成，评分: 7.8， verdict: 需修改
[2026-05-19 04:09:44] [Reviewer] 正在审查第58章...
[2026-05-19 04:10:13] [Reviewer] JSON解析失败: Expecting ',' delimiter: line 25 column 11 (char 568)
[2026-05-19 04:10:13] [Reviewer] 第58章审查完成，评分: N/A， verdict: N/A
[2026-05-19 04:10:14] [Reviewer] 正在审查第59章...
[2026-05-19 04:10:44] [Reviewer] 第59章审查完成，评分: 7.5， verdict: 需修改
[2026-05-19 04:10:45] [Reviewer] 正在审查第60章...
[2026-05-19 04:11:24] [Reviewer] 第60章审查完成，评分: 8.2， verdict: 通过
[2026-05-19 04:11:25] [Reviewer] 全部完成
