============================================================
Reviewer Agent 启动
项目: D:\AiProject\Node\projects\novels8
============================================================
[2026-05-19 03:18:39] [Reviewer] 第111章文件不存在
[2026-05-19 03:18:40] [Reviewer] 第112章文件不存在
[2026-05-19 03:18:41] [Reviewer] 第113章文件不存在
[2026-05-19 03:18:42] [Reviewer] 第114章文件不存在
[2026-05-19 03:18:43] [Reviewer] 第115章文件不存在
[2026-05-19 03:18:44] [Reviewer] 第116章文件不存在
[2026-05-19 03:18:45] [Reviewer] 第117章文件不存在
[2026-05-19 03:18:46] [Reviewer] 第118章文件不存在
[2026-05-19 03:18:47] [Reviewer] 第119章文件不存在
[2026-05-19 03:18:48] [Reviewer] 第120章文件不存在
[2026-05-19 03:18:49] [Reviewer] 全部完成
============================================================
Reviewer Agent 启动
项目: D:\AiProject\Node\projects\novels8
============================================================
[2026-05-19 03:19:02] [Reviewer] 第111章文件不存在
[2026-05-19 03:19:03] [Reviewer] 第112章文件不存在
[2026-05-19 03:19:04] [Reviewer] 第113章文件不存在
[2026-05-19 03:19:05] [Reviewer] 第114章文件不存在
[2026-05-19 03:19:06] [Reviewer] 第115章文件不存在
[2026-05-19 03:19:07] [Reviewer] 第116章文件不存在
[2026-05-19 03:19:08] [Reviewer] 第117章文件不存在
[2026-05-19 03:19:09] [Reviewer] 第118章文件不存在
[2026-05-19 03:19:10] [Reviewer] 第119章文件不存在
[2026-05-19 03:19:11] [Reviewer] 第120章文件不存在
[2026-05-19 03:19:12] [Reviewer] 全部完成
============================================================
Reviewer Agent 启动
项目: D:\AiProject\Node\projects\novels8
============================================================
[2026-05-19 04:35:22] [Reviewer] 正在审查第111章...
[2026-05-19 04:36:07] [Reviewer] 第111章审查完成，评分: 8.3， verdict: 通过
[2026-05-19 04:36:08] [Reviewer] 正在审查第112章...
[2026-05-19 04:36:47] [Reviewer] 第112章审查完成，评分: 8.5， verdict: 通过
[2026-05-19 04:36:48] [Reviewer] 第113章已有有效审查报告，跳过
[2026-05-19 04:36:49] [Reviewer] 第114章已有有效审查报告，跳过
[2026-05-19 04:36:50] [Reviewer] 正在审查第115章...
[2026-05-19 04:37:25] [Reviewer] 第115章审查完成，评分: 7.8， verdict: 需修改
[2026-05-19 04:37:26] [Reviewer] 正在审查第116章...
[2026-05-19 04:37:53] [Reviewer] 第116章审查完成，评分: 7.8， verdict: 需修改
[2026-05-19 04:37:54] [Reviewer] 第117章已有有效审查报告，跳过
[2026-05-19 04:37:55] [Reviewer] 第118章已有有效审查报告，跳过
[2026-05-19 04:37:56] [Reviewer] 第119章已有有效审查报告，跳过
[2026-05-19 04:37:57] [Reviewer] 正在审查第120章...
[2026-05-19 04:38:27] [Reviewer] 第120章审查完成，评分: 7.5， verdict: 需修改
[2026-05-19 04:38:28] [Reviewer] 全部完成
