============================================================
Reviewer Agent 启动
项目: D:\AiProject\Node\projects\novels8
============================================================
[2026-05-19 05:52:12] [Reviewer] 正在审查第541章...
[2026-05-19 05:52:43] [Reviewer] 第541章审查完成，评分: 8.2， verdict: 通过
[2026-05-19 05:52:44] [Reviewer] 正在审查第542章...
[2026-05-19 05:53:16] [Reviewer] 第542章审查完成，评分: 8， verdict: 通过
[2026-05-19 05:53:17] [Reviewer] 正在审查第543章...
[2026-05-19 05:53:53] [Reviewer] 第543章审查完成，评分: 7.8， verdict: 需修改
[2026-05-19 05:53:54] [Reviewer] 正在审查第544章...
[2026-05-19 05:54:28] [Reviewer] 第544章审查完成，评分: 7.5， verdict: 通过
[2026-05-19 05:54:29] [Reviewer] 正在审查第545章...
[2026-05-19 05:55:03] [Reviewer] 第545章审查完成，评分: 8.5， verdict: 通过
[2026-05-19 05:55:04] [Reviewer] 正在审查第546章...
[2026-05-19 05:55:33] [Reviewer] 第546章审查完成，评分: 8.2， verdict: 通过
[2026-05-19 05:55:34] [Reviewer] 正在审查第547章...
[2026-05-19 05:56:10] [Reviewer] 第547章审查完成，评分: 8.5， verdict: 通过
[2026-05-19 05:56:11] [Reviewer] 正在审查第548章...
[2026-05-19 05:56:40] [Reviewer] JSON解析失败: Expecting ',' delimiter: line 22 column 14 (char 468)
[2026-05-19 05:56:40] [Reviewer] 第548章审查完成，评分: N/A， verdict: N/A
[2026-05-19 05:56:41] [Reviewer] 正在审查第549章...
[2026-05-19 05:57:18] [Reviewer] 第549章审查完成，评分: 7.8， verdict: 需修改
[2026-05-19 05:57:19] [Reviewer] 正在审查第550章...
[2026-05-19 05:57:58] [Reviewer] 第550章审查完成，评分: 8.0， verdict: 通过
[2026-05-19 05:57:59] [Reviewer] 全部完成
============================================================
Reviewer Agent 启动
项目: D:\AiProject\Node\projects\novels8
============================================================
[2026-05-19 06:31:09] [Reviewer] 第541章已有有效审查报告，跳过
[2026-05-19 06:31:10] [Reviewer] 第542章已有有效审查报告，跳过
[2026-05-19 06:31:11] [Reviewer] 第543章已有有效审查报告，跳过
[2026-05-19 06:31:12] [Reviewer] 第544章已有有效审查报告，跳过
[2026-05-19 06:31:13] [Reviewer] 第545章已有有效审查报告，跳过
[2026-05-19 06:31:14] [Reviewer] 第546章已有有效审查报告，跳过
[2026-05-19 06:31:15] [Reviewer] 第547章已有有效审查报告，跳过
[2026-05-19 06:31:16] [Reviewer] 第548章已有有效审查报告，跳过
[2026-05-19 06:31:17] [Reviewer] 第549章已有有效审查报告，跳过
[2026-05-19 06:31:18] [Reviewer] 第550章已有有效审查报告，跳过
[2026-05-19 06:31:19] [Reviewer] 全部完成
