============================================================
Reviewer Agent 启动
项目: D:\AiProject\Node\projects\novels8
============================================================
[2026-05-19 03:18:12] [Reviewer] 第91章文件不存在
[2026-05-19 03:18:13] [Reviewer] 第92章文件不存在
[2026-05-19 03:18:14] [Reviewer] 第93章文件不存在
[2026-05-19 03:18:15] [Reviewer] 第94章文件不存在
[2026-05-19 03:18:16] [Reviewer] 第95章文件不存在
[2026-05-19 03:18:17] [Reviewer] 第96章文件不存在
[2026-05-19 03:18:18] [Reviewer] 第97章文件不存在
[2026-05-19 03:18:19] [Reviewer] 第98章文件不存在
[2026-05-19 03:18:20] [Reviewer] 第99章文件不存在
[2026-05-19 03:18:21] [Reviewer] 第100章文件不存在
[2026-05-19 03:18:22] [Reviewer] 全部完成
============================================================
Reviewer Agent 启动
项目: D:\AiProject\Node\projects\novels8
============================================================
[2026-05-19 03:18:36] [Reviewer] 第91章文件不存在
[2026-05-19 03:18:37] [Reviewer] 第92章文件不存在
[2026-05-19 03:18:38] [Reviewer] 第93章文件不存在
[2026-05-19 03:18:39] [Reviewer] 第94章文件不存在
[2026-05-19 03:18:40] [Reviewer] 第95章文件不存在
[2026-05-19 03:18:41] [Reviewer] 第96章文件不存在
[2026-05-19 03:18:42] [Reviewer] 第97章文件不存在
[2026-05-19 03:18:43] [Reviewer] 第98章文件不存在
[2026-05-19 03:18:44] [Reviewer] 第99章文件不存在
[2026-05-19 03:18:45] [Reviewer] 第100章文件不存在
[2026-05-19 03:18:46] [Reviewer] 全部完成
============================================================
Reviewer Agent 启动
项目: D:\AiProject\Node\projects\novels8
============================================================
[2026-05-19 04:24:12] [Reviewer] 正在审查第91章...
[2026-05-19 04:24:45] [Reviewer] 第91章审查完成，评分: 8.0， verdict: 通过
[2026-05-19 04:24:46] [Reviewer] 正在审查第92章...
[2026-05-19 04:25:16] [Reviewer] 第92章审查完成，评分: 8.2， verdict: 通过
[2026-05-19 04:25:17] [Reviewer] 第93章已有有效审查报告，跳过
[2026-05-19 04:25:18] [Reviewer] 第94章已有有效审查报告，跳过
[2026-05-19 04:25:19] [Reviewer] 第95章已有有效审查报告，跳过
[2026-05-19 04:25:20] [Reviewer] 正在审查第96章...
[2026-05-19 04:25:53] [Reviewer] 第96章审查完成，评分: 8.0， verdict: 通过
[2026-05-19 04:25:54] [Reviewer] 第97章已有有效审查报告，跳过
[2026-05-19 04:25:55] [Reviewer] 第98章审查报告无效（parse_error），重新审查
[2026-05-19 04:25:55] [Reviewer] 正在审查第98章...
[2026-05-19 04:26:41] [Reviewer] 第98章审查完成，评分: 7.5， verdict: 需修改
[2026-05-19 04:26:42] [Reviewer] 第99章已有有效审查报告，跳过
[2026-05-19 04:26:43] [Reviewer] 第100章已有有效审查报告，跳过
[2026-05-19 04:26:44] [Reviewer] 全部完成
