============================================================
Reviewer Agent 启动
项目: D:\AiProject\Node\projects\novels8
============================================================
[2026-05-19 03:22:03] [Reviewer] 第261章文件不存在
[2026-05-19 03:22:04] [Reviewer] 第262章文件不存在
[2026-05-19 03:22:05] [Reviewer] 第263章文件不存在
[2026-05-19 03:22:06] [Reviewer] 第264章文件不存在
[2026-05-19 03:22:07] [Reviewer] 第265章文件不存在
[2026-05-19 03:22:08] [Reviewer] 第266章文件不存在
[2026-05-19 03:22:09] [Reviewer] 第267章文件不存在
[2026-05-19 03:22:10] [Reviewer] 第268章文件不存在
[2026-05-19 03:22:11] [Reviewer] 第269章文件不存在
[2026-05-19 03:22:12] [Reviewer] 第270章文件不存在
[2026-05-19 03:22:13] [Reviewer] 全部完成
============================================================
Reviewer Agent 启动
项目: D:\AiProject\Node\projects\novels8
============================================================
[2026-05-19 03:22:27] [Reviewer] 第261章文件不存在
[2026-05-19 03:22:28] [Reviewer] 第262章文件不存在
[2026-05-19 03:22:29] [Reviewer] 第263章文件不存在
[2026-05-19 03:22:30] [Reviewer] 第264章文件不存在
[2026-05-19 03:22:31] [Reviewer] 第265章文件不存在
[2026-05-19 03:22:32] [Reviewer] 第266章文件不存在
[2026-05-19 03:22:33] [Reviewer] 第267章文件不存在
[2026-05-19 03:22:34] [Reviewer] 第268章文件不存在
[2026-05-19 03:22:35] [Reviewer] 第269章文件不存在
[2026-05-19 03:22:36] [Reviewer] 第270章文件不存在
[2026-05-19 03:22:37] [Reviewer] 全部完成
============================================================
Reviewer Agent 启动
项目: D:\AiProject\Node\projects\novels8
============================================================
[2026-05-19 05:55:25] [Reviewer] 正在审查第261章...
[2026-05-19 05:56:00] [Reviewer] 第261章审查完成，评分: 8.2， verdict: 通过
[2026-05-19 05:56:01] [Reviewer] 正在审查第262章...
[2026-05-19 05:56:28] [Reviewer] 第262章审查完成，评分: 8.3， verdict: 通过
[2026-05-19 05:56:29] [Reviewer] 正在审查第263章...
[2026-05-19 05:56:54] [Reviewer] 第263章审查完成，评分: 7.5， verdict: 需修改
[2026-05-19 05:56:55] [Reviewer] 正在审查第264章...
[2026-05-19 05:57:26] [Reviewer] 第264章审查完成，评分: 7.2， verdict: 需修改
[2026-05-19 05:57:27] [Reviewer] 第265章已有有效审查报告，跳过
[2026-05-19 05:57:28] [Reviewer] 第266章已有有效审查报告，跳过
[2026-05-19 05:57:29] [Reviewer] 第267章已有有效审查报告，跳过
[2026-05-19 05:57:30] [Reviewer] 正在审查第268章...
[2026-05-19 05:58:13] [Reviewer] 第268章审查完成，评分: 7.5， verdict: 需修改
[2026-05-19 05:58:14] [Reviewer] 第269章已有有效审查报告，跳过
[2026-05-19 05:58:15] [Reviewer] 第270章已有有效审查报告，跳过
[2026-05-19 05:58:16] [Reviewer] 全部完成
