============================================================
Reviewer Agent 启动
项目: D:\AiProject\Node\projects\novels8
============================================================
[2026-05-19 03:19:55] [Reviewer] 第171章文件不存在
[2026-05-19 03:19:56] [Reviewer] 第172章文件不存在
[2026-05-19 03:19:57] [Reviewer] 第173章文件不存在
[2026-05-19 03:19:58] [Reviewer] 第174章文件不存在
[2026-05-19 03:19:59] [Reviewer] 第175章文件不存在
[2026-05-19 03:20:00] [Reviewer] 第176章文件不存在
[2026-05-19 03:20:01] [Reviewer] 第177章文件不存在
[2026-05-19 03:20:02] [Reviewer] 第178章文件不存在
[2026-05-19 03:20:03] [Reviewer] 第179章文件不存在
[2026-05-19 03:20:04] [Reviewer] 第180章文件不存在
[2026-05-19 03:20:05] [Reviewer] 全部完成
============================================================
Reviewer Agent 启动
项目: D:\AiProject\Node\projects\novels8
============================================================
[2026-05-19 03:20:19] [Reviewer] 第171章文件不存在
[2026-05-19 03:20:20] [Reviewer] 第172章文件不存在
[2026-05-19 03:20:21] [Reviewer] 第173章文件不存在
[2026-05-19 03:20:22] [Reviewer] 第174章文件不存在
[2026-05-19 03:20:23] [Reviewer] 第175章文件不存在
[2026-05-19 03:20:24] [Reviewer] 第176章文件不存在
[2026-05-19 03:20:25] [Reviewer] 第177章文件不存在
[2026-05-19 03:20:26] [Reviewer] 第178章文件不存在
[2026-05-19 03:20:27] [Reviewer] 第179章文件不存在
[2026-05-19 03:20:28] [Reviewer] 第180章文件不存在
[2026-05-19 03:20:29] [Reviewer] 全部完成
============================================================
Reviewer Agent 启动
项目: D:\AiProject\Node\projects\novels8
============================================================
[2026-05-19 05:10:17] [Reviewer] 正在审查第171章...
[2026-05-19 05:10:57] [Reviewer] 第171章审查完成，评分: 8.3， verdict: 通过
[2026-05-19 05:10:58] [Reviewer] 正在审查第172章...
[2026-05-19 05:11:30] [Reviewer] 第172章审查完成，评分: 8.2， verdict: 通过
[2026-05-19 05:11:31] [Reviewer] 第173章已有有效审查报告，跳过
[2026-05-19 05:11:32] [Reviewer] 第174章已有有效审查报告，跳过
[2026-05-19 05:11:33] [Reviewer] 正在审查第175章...
[2026-05-19 05:12:06] [Reviewer] 第175章审查完成，评分: 8.0， verdict: 通过
[2026-05-19 05:12:07] [Reviewer] 第176章文件不存在
[2026-05-19 05:12:08] [Reviewer] 第177章文件不存在
[2026-05-19 05:12:09] [Reviewer] 第178章文件不存在
[2026-05-19 05:12:10] [Reviewer] 第179章文件不存在
[2026-05-19 05:12:11] [Reviewer] 第180章文件不存在
[2026-05-19 05:12:12] [Reviewer] 全部完成
