============================================================
Reviewer Agent 启动
项目: D:\AiProject\Node\projects\novels8
============================================================
[2026-05-19 04:01:02] [Reviewer] 正在审查第431章...
[2026-05-19 04:01:34] [Reviewer] JSON解析失败: Invalid control character at: line 21 column 29 (char 439)
[2026-05-19 04:01:34] [Reviewer] 第431章审查完成，评分: N/A， verdict: N/A
[2026-05-19 04:01:35] [Reviewer] 正在审查第432章...
[2026-05-19 04:02:05] [Reviewer] 第432章审查完成，评分: 8.0， verdict: 通过
[2026-05-19 04:02:06] [Reviewer] 正在审查第433章...
[2026-05-19 04:02:46] [Reviewer] JSON解析失败: Expecting ',' delimiter: line 28 column 53 (char 722)
[2026-05-19 04:02:46] [Reviewer] 第433章审查完成，评分: N/A， verdict: N/A
[2026-05-19 04:02:47] [Reviewer] 正在审查第434章...
[2026-05-19 04:03:29] [Reviewer] 第434章审查完成，评分: 8.0， verdict: 通过
[2026-05-19 04:03:30] [Reviewer] 正在审查第435章...
[2026-05-19 04:04:04] [Reviewer] 第435章审查完成，评分: 6.5， verdict: 需修改
[2026-05-19 04:04:05] [Reviewer] 正在审查第436章...
[2026-05-19 04:04:41] [Reviewer] 第436章审查完成，评分: 7.5， verdict: 需修改
[2026-05-19 04:04:42] [Reviewer] 正在审查第437章...
[2026-05-19 04:05:27] [Reviewer] 第437章审查完成，评分: 7.8， verdict: 通过
[2026-05-19 04:05:28] [Reviewer] 正在审查第438章...
[2026-05-19 04:06:07] [Reviewer] JSON解析失败: Invalid control character at: line 31 column 35 (char 818)
[2026-05-19 04:06:07] [Reviewer] 第438章审查完成，评分: N/A， verdict: N/A
[2026-05-19 04:06:08] [Reviewer] 正在审查第439章...
[2026-05-19 04:06:45] [Reviewer] 第439章审查完成，评分: 8.0， verdict: 通过（建议微调）
[2026-05-19 04:06:46] [Reviewer] 正在审查第440章...
[2026-05-19 04:07:14] [Reviewer] 第440章审查完成，评分: 7.8， verdict: 通过
[2026-05-19 04:07:15] [Reviewer] 全部完成
============================================================
Reviewer Agent 启动
项目: D:\AiProject\Node\projects\novels8
============================================================
[2026-05-19 04:49:32] [Reviewer] 第431章审查报告无效（parse_error），重新审查
[2026-05-19 04:49:32] [Reviewer] 正在审查第431章...
[2026-05-19 04:50:13] [Reviewer] JSON解析失败: Invalid control character at: line 30 column 56 (char 931)
[2026-05-19 04:50:13] [Reviewer] 第431章审查完成，评分: N/A， verdict: N/A
[2026-05-19 04:50:14] [Reviewer] 第432章已有有效审查报告，跳过
[2026-05-19 04:50:15] [Reviewer] 第433章审查报告无效（parse_error），重新审查
[2026-05-19 04:50:15] [Reviewer] 正在审查第433章...
[2026-05-19 04:50:47] [Reviewer] 第433章审查完成，评分: 8.2， verdict: 通过
[2026-05-19 04:50:48] [Reviewer] 第434章已有有效审查报告，跳过
[2026-05-19 04:50:49] [Reviewer] 第435章审查报告无效（completed），重新审查
[2026-05-19 04:50:50] [Reviewer] 正在审查第435章...
[2026-05-19 04:51:17] [Reviewer] 第435章审查完成，评分: 7.0， verdict: 需修改
[2026-05-19 04:51:18] [Reviewer] 第436章已有有效审查报告，跳过
[2026-05-19 04:51:19] [Reviewer] 第437章已有有效审查报告，跳过
[2026-05-19 04:51:20] [Reviewer] 第438章审查报告无效（parse_error），重新审查
[2026-05-19 04:51:20] [Reviewer] 正在审查第438章...
[2026-05-19 04:52:00] [Reviewer] 第438章审查完成，评分: 7.5， verdict: 需修改
[2026-05-19 04:52:01] [Reviewer] 第439章已有有效审查报告，跳过
[2026-05-19 04:52:02] [Reviewer] 第440章已有有效审查报告，跳过
[2026-05-19 04:52:03] [Reviewer] 全部完成
============================================================
Reviewer Agent 启动
项目: D:\AiProject\Node\projects\novels8
============================================================
[2026-05-19 06:25:48] [Reviewer] 第431章审查报告无效（parse_error），重新审查
[2026-05-19 06:25:48] [Reviewer] 正在审查第431章...
[2026-05-19 06:26:28] [Reviewer] 第431章审查完成，评分: 8， verdict: 通过
[2026-05-19 06:26:29] [Reviewer] 第432章已有有效审查报告，跳过
[2026-05-19 06:26:30] [Reviewer] 第433章已有有效审查报告，跳过
[2026-05-19 06:26:31] [Reviewer] 第434章已有有效审查报告，跳过
[2026-05-19 06:26:32] [Reviewer] 第435章已有有效审查报告，跳过
[2026-05-19 06:26:33] [Reviewer] 第436章已有有效审查报告，跳过
[2026-05-19 06:26:34] [Reviewer] 第437章已有有效审查报告，跳过
[2026-05-19 06:26:35] [Reviewer] 第438章已有有效审查报告，跳过
[2026-05-19 06:26:36] [Reviewer] 第439章已有有效审查报告，跳过
[2026-05-19 06:26:37] [Reviewer] 第440章已有有效审查报告，跳过
[2026-05-19 06:26:38] [Reviewer] 全部完成
