============================================================
Reviewer Agent 启动
项目: D:\AiProject\Node\projects\novels8
============================================================
[2026-05-19 03:22:03] [Reviewer] 第271章文件不存在
[2026-05-19 03:22:04] [Reviewer] 第272章文件不存在
[2026-05-19 03:22:05] [Reviewer] 第273章文件不存在
[2026-05-19 03:22:06] [Reviewer] 第274章文件不存在
[2026-05-19 03:22:07] [Reviewer] 第275章文件不存在
[2026-05-19 03:22:08] [Reviewer] 第276章文件不存在
[2026-05-19 03:22:09] [Reviewer] 第277章文件不存在
[2026-05-19 03:22:10] [Reviewer] 第278章文件不存在
[2026-05-19 03:22:11] [Reviewer] 第279章文件不存在
[2026-05-19 03:22:12] [Reviewer] 第280章文件不存在
[2026-05-19 03:22:13] [Reviewer] 全部完成
============================================================
Reviewer Agent 启动
项目: D:\AiProject\Node\projects\novels8
============================================================
[2026-05-19 03:22:27] [Reviewer] 第271章文件不存在
[2026-05-19 03:22:28] [Reviewer] 第272章文件不存在
[2026-05-19 03:22:29] [Reviewer] 第273章文件不存在
[2026-05-19 03:22:30] [Reviewer] 第274章文件不存在
[2026-05-19 03:22:31] [Reviewer] 第275章文件不存在
[2026-05-19 03:22:32] [Reviewer] 第276章文件不存在
[2026-05-19 03:22:33] [Reviewer] 第277章文件不存在
[2026-05-19 03:22:34] [Reviewer] 第278章文件不存在
[2026-05-19 03:22:35] [Reviewer] 第279章文件不存在
[2026-05-19 03:22:36] [Reviewer] 第280章文件不存在
[2026-05-19 03:22:37] [Reviewer] 全部完成
============================================================
Reviewer Agent 启动
项目: D:\AiProject\Node\projects\novels8
============================================================
[2026-05-19 05:55:25] [Reviewer] 正在审查第271章...
[2026-05-19 05:55:54] [Reviewer] 第271章审查完成，评分: 7.5， verdict: 需修改
[2026-05-19 05:55:55] [Reviewer] 正在审查第272章...
[2026-05-19 05:56:36] [Reviewer] 第272章审查完成，评分: 7.8， verdict: 通过
[2026-05-19 05:56:37] [Reviewer] 第273章已有有效审查报告，跳过
[2026-05-19 05:56:38] [Reviewer] 正在审查第274章...
[2026-05-19 05:57:10] [Reviewer] 第274章审查完成，评分: 8.0， verdict: 通过
[2026-05-19 05:57:11] [Reviewer] 正在审查第275章...
[2026-05-19 05:57:48] [Reviewer] 第275章审查完成，评分: 7.5， verdict: 需修改
[2026-05-19 05:57:49] [Reviewer] 正在审查第276章...
[2026-05-19 05:58:17] [Reviewer] 第276章审查完成，评分: 8.0， verdict: 通过
[2026-05-19 05:58:18] [Reviewer] 第277章已有有效审查报告，跳过
[2026-05-19 05:58:19] [Reviewer] 第278章已有有效审查报告，跳过
[2026-05-19 05:58:20] [Reviewer] 第279章已有有效审查报告，跳过
[2026-05-19 05:58:21] [Reviewer] 第280章已有有效审查报告，跳过
[2026-05-19 05:58:22] [Reviewer] 全部完成
