============================================================
Reviewer Agent 启动
项目: D:\AiProject\Node\projects\novels8
============================================================
[2026-05-19 03:11:22] [Reviewer] 正在审查第21章...
[2026-05-19 03:11:56] [Reviewer] 第21章审查完成，评分: 7.8， verdict: 通过
[2026-05-19 03:11:57] [Reviewer] 正在审查第22章...
[2026-05-19 03:12:31] [Reviewer] 第22章审查完成，评分: 7.8， verdict: 通过
[2026-05-19 03:12:32] [Reviewer] 正在审查第23章...
[2026-05-19 03:13:00] [Reviewer] 第23章审查完成，评分: 8.5， verdict: 通过
[2026-05-19 03:13:01] [Reviewer] 正在审查第24章...
[2026-05-19 03:13:37] [Reviewer] 第24章审查完成，评分: 8.2， verdict: 通过
[2026-05-19 03:13:38] [Reviewer] 正在审查第25章...
[2026-05-19 03:14:11] [Reviewer] 第25章审查完成，评分: 7.5， verdict: 需修改
[2026-05-19 03:14:12] [Reviewer] 正在审查第26章...
[2026-05-19 03:14:43] [Reviewer] 第26章审查完成，评分: 8.5， verdict: 通过
[2026-05-19 03:14:44] [Reviewer] 正在审查第27章...
[2026-05-19 03:15:15] [Reviewer] 第27章审查完成，评分: 8.2， verdict: 通过
[2026-05-19 03:15:16] [Reviewer] 正在审查第28章...
[2026-05-19 03:15:51] [Reviewer] 第28章审查完成，评分: 7.5， verdict: 需修改
[2026-05-19 03:15:52] [Reviewer] 正在审查第29章...
[2026-05-19 03:16:27] [Reviewer] 第29章审查完成，评分: 8， verdict: 通过
[2026-05-19 03:16:28] [Reviewer] 正在审查第30章...
[2026-05-19 03:17:04] [Reviewer] 第30章审查完成，评分: 7.8， verdict: 通过
[2026-05-19 03:17:05] [Reviewer] 全部完成
er] 第30章审查完成，评分: N/A， verdict: N/A
[2026-05-19 03:16:51] [Reviewer] 全部完成
============================================================
Reviewer Agent 启动
项目: D:\AiProject\Node\projects\novels8
============================================================
[2026-05-19 03:58:08] [Reviewer] 第21章已有有效审查报告，跳过
[2026-05-19 03:58:09] [Reviewer] 第22章已有有效审查报告，跳过
[2026-05-19 03:58:10] [Reviewer] 第23章已有有效审查报告，跳过
[2026-05-19 03:58:11] [Reviewer] 第24章已有有效审查报告，跳过
[2026-05-19 03:58:12] [Reviewer] 第25章已有有效审查报告，跳过
[2026-05-19 03:58:13] [Reviewer] 第26章已有有效审查报告，跳过
[2026-05-19 03:58:14] [Reviewer] 第27章已有有效审查报告，跳过
[2026-05-19 03:58:15] [Reviewer] 第28章已有有效审查报告，跳过
[2026-05-19 03:58:16] [Reviewer] 第29章已有有效审查报告，跳过
[2026-05-19 03:58:17] [Reviewer] 第30章已有有效审查报告，跳过
[2026-05-19 03:58:18] [Reviewer] 全部完成
