============================================================
Reviewer Agent 启动
项目: D:\AiProject\Node\projects\novels8
============================================================
[2026-05-19 04:44:30] [Reviewer] 正在审查第461章...
[2026-05-19 04:45:09] [Reviewer] 第461章审查完成，评分: 7.8， verdict: 需修改
[2026-05-19 04:45:10] [Reviewer] 正在审查第462章...
[2026-05-19 04:45:39] [Reviewer] 第462章审查完成，评分: 8， verdict: 通过
[2026-05-19 04:45:40] [Reviewer] 正在审查第463章...
[2026-05-19 04:46:13] [Reviewer] 第463章审查完成，评分: 8.0， verdict: 需修改
[2026-05-19 04:46:14] [Reviewer] 正在审查第464章...
[2026-05-19 04:46:49] [Reviewer] 第464章审查完成，评分: 8.2， verdict: 通过
[2026-05-19 04:46:50] [Reviewer] 正在审查第465章...
[2026-05-19 04:47:19] [Reviewer] 第465章审查完成，评分: 7.5， verdict: 需修改
[2026-05-19 04:47:20] [Reviewer] 正在审查第466章...
[2026-05-19 04:47:55] [Reviewer] 第466章审查完成，评分: 7.5， verdict: 需修改
[2026-05-19 04:47:56] [Reviewer] 正在审查第467章...
[2026-05-19 04:48:36] [Reviewer] 第467章审查完成，评分: 7.5， verdict: 需修改
[2026-05-19 04:48:37] [Reviewer] 正在审查第468章...
[2026-05-19 04:49:16] [Reviewer] 第468章审查完成，评分: 7.8， verdict: 需修改
[2026-05-19 04:49:17] [Reviewer] 正在审查第469章...
[2026-05-19 04:50:00] [Reviewer] 第469章审查完成，评分: 7.5， verdict: 需修改
[2026-05-19 04:50:01] [Reviewer] 正在审查第470章...
[2026-05-19 04:50:34] [Reviewer] 第470章审查完成，评分: 8.0， verdict: 通过
[2026-05-19 04:50:35] [Reviewer] 全部完成
============================================================
Reviewer Agent 启动
项目: D:\AiProject\Node\projects\novels8
============================================================
[2026-05-19 04:58:53] [Reviewer] 第461章已有有效审查报告，跳过
[2026-05-19 04:58:54] [Reviewer] 第462章已有有效审查报告，跳过
[2026-05-19 04:58:55] [Reviewer] 第463章已有有效审查报告，跳过
[2026-05-19 04:58:56] [Reviewer] 第464章已有有效审查报告，跳过
[2026-05-19 04:58:57] [Reviewer] 第465章已有有效审查报告，跳过
[2026-05-19 04:58:58] [Reviewer] 第466章已有有效审查报告，跳过
[2026-05-19 04:58:59] [Reviewer] 第467章已有有效审查报告，跳过
[2026-05-19 04:59:00] [Reviewer] 第468章已有有效审查报告，跳过
[2026-05-19 04:59:01] [Reviewer] 第469章已有有效审查报告，跳过
[2026-05-19 04:59:02] [Reviewer] 第470章已有有效审查报告，跳过
[2026-05-19 04:59:03] [Reviewer] 全部完成
============================================================
Reviewer Agent 启动
项目: D:\AiProject\Node\projects\novels8
============================================================
[2026-05-19 06:27:18] [Reviewer] 第461章已有有效审查报告，跳过
[2026-05-19 06:27:19] [Reviewer] 第462章已有有效审查报告，跳过
[2026-05-19 06:27:20] [Reviewer] 第463章已有有效审查报告，跳过
[2026-05-19 06:27:21] [Reviewer] 第464章已有有效审查报告，跳过
[2026-05-19 06:27:22] [Reviewer] 第465章已有有效审查报告，跳过
[2026-05-19 06:27:23] [Reviewer] 第466章已有有效审查报告，跳过
[2026-05-19 06:27:24] [Reviewer] 第467章已有有效审查报告，跳过
[2026-05-19 06:27:25] [Reviewer] 第468章已有有效审查报告，跳过
[2026-05-19 06:27:26] [Reviewer] 第469章已有有效审查报告，跳过
[2026-05-19 06:27:27] [Reviewer] 第470章已有有效审查报告，跳过
[2026-05-19 06:27:28] [Reviewer] 全部完成
