============================================================
Reviewer Agent 启动
项目: D:\AiProject\Node\projects\novels8
============================================================
[2026-05-19 05:37:22] [Reviewer] 第531章已有有效审查报告，跳过
[2026-05-19 05:37:23] [Reviewer] 正在审查第532章...
[2026-05-19 05:38:08] [Reviewer] 第532章审查完成，评分: 8.2， verdict: 通过
[2026-05-19 05:38:09] [Reviewer] 第533章已有有效审查报告，跳过
[2026-05-19 05:38:10] [Reviewer] 正在审查第534章...
[2026-05-19 05:38:52] [Reviewer] 第534章审查完成，评分: 7.5， verdict: 需修改
[2026-05-19 05:38:53] [Reviewer] 正在审查第535章...
[2026-05-19 05:39:29] [Reviewer] JSON解析失败: Invalid control character at: line 39 column 70 (char 1504)
[2026-05-19 05:39:29] [Reviewer] 第535章审查完成，评分: N/A， verdict: N/A
[2026-05-19 05:39:30] [Reviewer] 正在审查第536章...
[2026-05-19 05:40:00] [Reviewer] 第536章审查完成，评分: 7.8， verdict: 需修改
[2026-05-19 05:40:01] [Reviewer] 正在审查第537章...
[2026-05-19 05:40:41] [Reviewer] 第537章审查完成，评分: 8.5， verdict: 通过
[2026-05-19 05:40:42] [Reviewer] 正在审查第538章...
[2026-05-19 05:41:06] [Reviewer] 第538章审查完成，评分: 8.5， verdict: 通过
[2026-05-19 05:41:08] [Reviewer] 正在审查第539章...
[2026-05-19 05:41:37] [Reviewer] 第539章审查完成，评分: 7.5， verdict: 需修改
[2026-05-19 05:41:38] [Reviewer] 正在审查第540章...
[2026-05-19 05:42:15] [Reviewer] 第540章审查完成，评分: 8.5， verdict: 通过
[2026-05-19 05:42:16] [Reviewer] 全部完成
============================================================
Reviewer Agent 启动
项目: D:\AiProject\Node\projects\novels8
============================================================
[2026-05-19 06:30:43] [Reviewer] 第531章已有有效审查报告，跳过
[2026-05-19 06:30:44] [Reviewer] 第532章已有有效审查报告，跳过
[2026-05-19 06:30:45] [Reviewer] 第533章已有有效审查报告，跳过
[2026-05-19 06:30:46] [Reviewer] 第534章已有有效审查报告，跳过
[2026-05-19 06:30:47] [Reviewer] 第535章已有有效审查报告，跳过
[2026-05-19 06:30:48] [Reviewer] 第536章已有有效审查报告，跳过
[2026-05-19 06:30:49] [Reviewer] 第537章已有有效审查报告，跳过
[2026-05-19 06:30:50] [Reviewer] 第538章已有有效审查报告，跳过
[2026-05-19 06:30:51] [Reviewer] 第539章已有有效审查报告，跳过
[2026-05-19 06:30:52] [Reviewer] 第540章已有有效审查报告，跳过
[2026-05-19 06:30:53] [Reviewer] 全部完成
