============================================================
Reviewer Agent 启动
项目: D:\AiProject\Node\projects\novels8
============================================================
[2026-05-19 04:01:02] [Reviewer] 正在审查第421章...
[2026-05-19 04:01:40] [Reviewer] 第421章审查完成，评分: 8.5， verdict: 通过
[2026-05-19 04:01:41] [Reviewer] 正在审查第422章...
[2026-05-19 04:02:20] [Reviewer] 第422章审查完成，评分: 8.0， verdict: 通过
[2026-05-19 04:02:21] [Reviewer] 正在审查第423章...
[2026-05-19 04:03:01] [Reviewer] 第423章审查完成，评分: 7.8， verdict: 需修改
[2026-05-19 04:03:02] [Reviewer] 正在审查第424章...
[2026-05-19 04:03:35] [Reviewer] 第424章审查完成，评分: 8.5， verdict: 通过
[2026-05-19 04:03:36] [Reviewer] 正在审查第425章...
[2026-05-19 04:04:06] [Reviewer] 第425章审查完成，评分: 7.8， verdict: 需修改
[2026-05-19 04:04:07] [Reviewer] 正在审查第426章...
[2026-05-19 04:04:42] [Reviewer] 第426章审查完成，评分: 7.5， verdict: 需修改
[2026-05-19 04:04:43] [Reviewer] 正在审查第427章...
[2026-05-19 04:05:16] [Reviewer] 第427章审查完成，评分: 7.5， verdict: 通过
[2026-05-19 04:05:17] [Reviewer] 正在审查第428章...
[2026-05-19 04:05:56] [Reviewer] 第428章审查完成，评分: 7.8， verdict: 需修改
[2026-05-19 04:05:57] [Reviewer] 正在审查第429章...
[2026-05-19 04:06:28] [Reviewer] 第429章审查完成，评分: 8.2， verdict: 通过
[2026-05-19 04:06:29] [Reviewer] 正在审查第430章...
[2026-05-19 04:07:11] [Reviewer] 第430章审查完成，评分: 7.5， verdict: 需修改
[2026-05-19 04:07:12] [Reviewer] 全部完成
============================================================
Reviewer Agent 启动
项目: D:\AiProject\Node\projects\novels8
============================================================
[2026-05-19 04:49:32] [Reviewer] 第421章已有有效审查报告，跳过
[2026-05-19 04:49:33] [Reviewer] 第422章已有有效审查报告，跳过
[2026-05-19 04:49:34] [Reviewer] 第423章已有有效审查报告，跳过
[2026-05-19 04:49:35] [Reviewer] 第424章已有有效审查报告，跳过
[2026-05-19 04:49:36] [Reviewer] 第425章已有有效审查报告，跳过
[2026-05-19 04:49:37] [Reviewer] 第426章已有有效审查报告，跳过
[2026-05-19 04:49:38] [Reviewer] 第427章已有有效审查报告，跳过
[2026-05-19 04:49:39] [Reviewer] 第428章已有有效审查报告，跳过
[2026-05-19 04:49:40] [Reviewer] 第429章已有有效审查报告，跳过
[2026-05-19 04:49:41] [Reviewer] 第430章已有有效审查报告，跳过
[2026-05-19 04:49:42] [Reviewer] 全部完成
============================================================
Reviewer Agent 启动
项目: D:\AiProject\Node\projects\novels8
============================================================
[2026-05-19 06:25:48] [Reviewer] 第421章已有有效审查报告，跳过
[2026-05-19 06:25:49] [Reviewer] 第422章已有有效审查报告，跳过
[2026-05-19 06:25:50] [Reviewer] 第423章已有有效审查报告，跳过
[2026-05-19 06:25:51] [Reviewer] 第424章已有有效审查报告，跳过
[2026-05-19 06:25:52] [Reviewer] 第425章已有有效审查报告，跳过
[2026-05-19 06:25:53] [Reviewer] 第426章已有有效审查报告，跳过
[2026-05-19 06:25:54] [Reviewer] 第427章已有有效审查报告，跳过
[2026-05-19 06:25:55] [Reviewer] 第428章已有有效审查报告，跳过
[2026-05-19 06:25:56] [Reviewer] 第429章已有有效审查报告，跳过
[2026-05-19 06:25:57] [Reviewer] 第430章已有有效审查报告，跳过
[2026-05-19 06:25:58] [Reviewer] 全部完成
