============================================================
Reviewer Agent 启动
项目: D:\AiProject\Node\projects\novels8
============================================================
[2026-05-19 03:12:46] [Reviewer] 第31章已有有效审查报告，跳过
[2026-05-19 03:12:47] [Reviewer] 第32章已有有效审查报告，跳过
[2026-05-19 03:12:48] [Reviewer] 正在审查第33章...
[2026-05-19 03:13:24] [Reviewer] 第33章审查完成，评分: 8.2， verdict: 通过
[2026-05-19 03:13:25] [Reviewer] 正在审查第34章...
[2026-05-19 03:13:53] [Reviewer] 第34章审查完成，评分: 7.5， verdict: 需修改
[2026-05-19 03:13:54] [Reviewer] 正在审查第35章...
[2026-05-19 03:14:27] [Reviewer] 第35章审查完成，评分: 8.5， verdict: 通过
[2026-05-19 03:14:28] [Reviewer] 正在审查第36章...
[2026-05-19 03:14:57] [Reviewer] 第36章审查完成，评分: 7.5， verdict: 需修改
[2026-05-19 03:14:58] [Reviewer] 正在审查第37章...
[2026-05-19 03:15:35] [Reviewer] 第37章审查完成，评分: 8.3， verdict: 通过
[2026-05-19 03:15:36] [Reviewer] 正在审查第38章...
[2026-05-19 03:16:11] [Reviewer] 第38章审查完成，评分: 7.6， verdict: 需修改
[2026-05-19 03:16:13] [Reviewer] 正在审查第39章...
[2026-05-19 03:16:51] [Reviewer] 第39章审查完成，评分: 7.8， verdict: 通过
[2026-05-19 03:16:52] [Reviewer] 正在审查第40章...
[2026-05-19 03:17:28] [Reviewer] 第40章审查完成，评分: 8， verdict: 通过
[2026-05-19 03:17:29] [Reviewer] 全部完成
查第40章...
[2026-05-19 03:17:04] [Reviewer] 第40章审查完成，评分: 7.5， verdict: 需修改
[2026-05-19 03:17:05] [Reviewer] 全部完成
============================================================
Reviewer Agent 启动
项目: D:\AiProject\Node\projects\novels8
============================================================
[2026-05-19 03:58:08] [Reviewer] 第31章已有有效审查报告，跳过
[2026-05-19 03:58:09] [Reviewer] 第32章已有有效审查报告，跳过
[2026-05-19 03:58:10] [Reviewer] 第33章已有有效审查报告，跳过
[2026-05-19 03:58:11] [Reviewer] 第34章已有有效审查报告，跳过
[2026-05-19 03:58:12] [Reviewer] 第35章已有有效审查报告，跳过
[2026-05-19 03:58:13] [Reviewer] 第36章已有有效审查报告，跳过
[2026-05-19 03:58:14] [Reviewer] 第37章已有有效审查报告，跳过
[2026-05-19 03:58:15] [Reviewer] 第38章已有有效审查报告，跳过
[2026-05-19 03:58:16] [Reviewer] 第39章已有有效审查报告，跳过
[2026-05-19 03:58:17] [Reviewer] 第40章已有有效审查报告，跳过
[2026-05-19 03:58:18] [Reviewer] 全部完成
