============================================================
Reviewer Agent 启动
项目: D:\AiProject\Node\projects\novels8
============================================================
[2026-05-19 05:18:15] [Reviewer] 第511章已有有效审查报告，跳过
[2026-05-19 05:18:16] [Reviewer] 正在审查第512章...
[2026-05-19 05:18:48] [Reviewer] 第512章审查完成，评分: 8.0， verdict: 通过
[2026-05-19 05:18:49] [Reviewer] 正在审查第513章...
[2026-05-19 05:19:26] [Reviewer] JSON解析失败: Expecting ',' delimiter: line 21 column 19 (char 426)
[2026-05-19 05:19:26] [Reviewer] 第513章审查完成，评分: N/A， verdict: N/A
[2026-05-19 05:19:27] [Reviewer] 正在审查第514章...
[2026-05-19 05:20:24] [Reviewer] 第514章审查完成，评分: 7.8， verdict: 需修改
[2026-05-19 05:20:25] [Reviewer] 第515章已有有效审查报告，跳过
[2026-05-19 05:20:26] [Reviewer] 第516章文件不存在
[2026-05-19 05:20:27] [Reviewer] 第517章文件不存在
[2026-05-19 05:20:28] [Reviewer] 第518章文件不存在
[2026-05-19 05:20:29] [Reviewer] 第519章文件不存在
[2026-05-19 05:20:30] [Reviewer] 第520章文件不存在
[2026-05-19 05:20:31] [Reviewer] 全部完成
:20:29] [Reviewer] 全部完成
============================================================
Reviewer Agent 启动
项目: D:\AiProject\Node\projects\novels8
============================================================
[2026-05-19 06:30:18] [Reviewer] 第511章已有有效审查报告，跳过
[2026-05-19 06:30:19] [Reviewer] 第512章已有有效审查报告，跳过
[2026-05-19 06:30:20] [Reviewer] 第513章已有有效审查报告，跳过
[2026-05-19 06:30:21] [Reviewer] 第514章已有有效审查报告，跳过
[2026-05-19 06:30:22] [Reviewer] 第515章已有有效审查报告，跳过
[2026-05-19 06:30:23] [Reviewer] 第516章文件不存在
[2026-05-19 06:30:24] [Reviewer] 第517章文件不存在
[2026-05-19 06:30:25] [Reviewer] 第518章文件不存在
[2026-05-19 06:30:26] [Reviewer] 第519章文件不存在
[2026-05-19 06:30:27] [Reviewer] 第520章文件不存在
[2026-05-19 06:30:28] [Reviewer] 全部完成
