============================================================
Reviewer Agent фТ╤╞
оНд©: D:\AiProject\Node\projects\novels8
============================================================
[2026-05-19 07:32:15] [Reviewer] ╣з721убряспспп╖иС╡И╠╗╦Фё╛лЬ╧Щ
[2026-05-19 07:32:16] [Reviewer] ╣з722убряспспп╖иС╡И╠╗╦Фё╛лЬ╧Щ
[2026-05-19 07:32:17] [Reviewer] уЩтзиС╡И╣з723уб...
[2026-05-19 07:33:00] [Reviewer] ╣з723убиС╡ИмЙЁиё╛фю╥ж: 7.5ё╛ verdict: пХпч╦д
[2026-05-19 07:33:01] [Reviewer] ╣з724убряспспп╖иС╡И╠╗╦Фё╛лЬ╧Щ
[2026-05-19 07:33:02] [Reviewer] ╣з725убряспспп╖иС╡И╠╗╦Фё╛лЬ╧Щ
[2026-05-19 07:33:03] [Reviewer] ╣з726убряспспп╖иС╡И╠╗╦Фё╛лЬ╧Щ
[2026-05-19 07:33:04] [Reviewer] уЩтзиС╡И╣з727уб...
[2026-05-19 07:33:54] [Reviewer] ╣з727убиС╡ИмЙЁиё╛фю╥ж: 8.0ё╛ verdict: м╗╧Щ
[2026-05-19 07:33:55] [Reviewer] уЩтзиС╡И╣з728уб...
[2026-05-19 07:34:32] [Reviewer] ╣з728убиС╡ИмЙЁиё╛фю╥ж: 7.8ё╛ verdict: пХпч╦д
[2026-05-19 07:34:33] [Reviewer] ╣з729убряспспп╖иС╡И╠╗╦Фё╛лЬ╧Щ
[2026-05-19 07:34:34] [Reviewer] ╣з730убряспспп╖иС╡И╠╗╦Фё╛лЬ╧Щ
[2026-05-19 07:34:35] [Reviewer] х╚╡©мЙЁи
] ╣з730убряспспп╖иС╡И╠╗╦Фё╛лЬ╧Щ
[2026-05-19 07:34:27] [Reviewer] х╚╡©мЙЁи
И╠╗╦Фё╛лЬ╧Щ
[2026-05-19 07:34:11] [Reviewer] ╣з730убряспспп╖иС╡И╠╗╦Фё╛лЬ╧Щ
[2026-05-19 07:34:12] [Reviewer] х╚╡©мЙЁи
