============================================================
Reviewer Agent 启动
项目: D:\AiProject\Node\projects\novels8
============================================================
[2026-05-19 05:03:02] [Reviewer] 正在审查第491章...
[2026-05-19 05:03:40] [Reviewer] 第491章审查完成，评分: 7.8， verdict: 通过
[2026-05-19 05:03:41] [Reviewer] 正在审查第492章...
[2026-05-19 05:04:11] [Reviewer] 第492章审查完成，评分: 8.0， verdict: 通过
[2026-05-19 05:04:12] [Reviewer] 正在审查第493章...
[2026-05-19 05:04:48] [Reviewer] 第493章审查完成，评分: 7.5， verdict: 需修改
[2026-05-19 05:04:49] [Reviewer] 正在审查第494章...
[2026-05-19 05:05:25] [Reviewer] 第494章审查完成，评分: 8.0， verdict: 通过
[2026-05-19 05:05:26] [Reviewer] 正在审查第495章...
[2026-05-19 05:05:59] [Reviewer] 第495章审查完成，评分: 7.5， verdict: 需修改
[2026-05-19 05:06:00] [Reviewer] 正在审查第496章...
[2026-05-19 05:06:25] [Reviewer] 第496章审查完成，评分: 7.5， verdict: 需修改
[2026-05-19 05:06:26] [Reviewer] 正在审查第497章...
[2026-05-19 05:06:59] [Reviewer] 第497章审查完成，评分: 8.2， verdict: 需修改
[2026-05-19 05:07:00] [Reviewer] 正在审查第498章...
[2026-05-19 05:07:40] [Reviewer] 第498章审查完成，评分: 6.5， verdict: 需修改
[2026-05-19 05:07:41] [Reviewer] 正在审查第499章...
[2026-05-19 05:08:11] [Reviewer] 第499章审查完成，评分: 7.5， verdict: 需修改
[2026-05-19 05:08:12] [Reviewer] 正在审查第500章...
[2026-05-19 05:08:55] [Reviewer] 第500章审查完成，评分: 8.5， verdict: 通过
[2026-05-19 05:08:56] [Reviewer] 全部完成
============================================================
Reviewer Agent 启动
项目: D:\AiProject\Node\projects\novels8
============================================================
[2026-05-19 06:29:52] [Reviewer] 第491章已有有效审查报告，跳过
[2026-05-19 06:29:53] [Reviewer] 第492章已有有效审查报告，跳过
[2026-05-19 06:29:54] [Reviewer] 第493章已有有效审查报告，跳过
[2026-05-19 06:29:55] [Reviewer] 第494章已有有效审查报告，跳过
[2026-05-19 06:29:56] [Reviewer] 第495章已有有效审查报告，跳过
[2026-05-19 06:29:57] [Reviewer] 第496章已有有效审查报告，跳过
[2026-05-19 06:29:58] [Reviewer] 第497章已有有效审查报告，跳过
[2026-05-19 06:29:59] [Reviewer] 第498章已有有效审查报告，跳过
[2026-05-19 06:30:00] [Reviewer] 第499章已有有效审查报告，跳过
[2026-05-19 06:30:01] [Reviewer] 第500章已有有效审查报告，跳过
[2026-05-19 06:30:02] [Reviewer] 全部完成
