============================================================
Reviewer Agent 启动
项目: D:\AiProject\Node\projects\novels8
============================================================
[2026-05-19 05:51:41] [Reviewer] 正在审查第551章...
[2026-05-19 05:52:15] [Reviewer] 第551章审查完成，评分: 7.8， verdict: 需修改
[2026-05-19 05:52:16] [Reviewer] 正在审查第552章...
[2026-05-19 05:52:54] [Reviewer] 第552章审查完成，评分: 8.2， verdict: 通过
[2026-05-19 05:52:55] [Reviewer] 正在审查第553章...
[2026-05-19 05:53:24] [Reviewer] 第553章审查完成，评分: 7.8， verdict: 需修改
[2026-05-19 05:53:25] [Reviewer] 正在审查第554章...
[2026-05-19 05:53:58] [Reviewer] 第554章审查完成，评分: 7.8， verdict: 需修改
[2026-05-19 05:53:59] [Reviewer] 正在审查第555章...
[2026-05-19 05:54:32] [Reviewer] 第555章审查完成，评分: 7.8， verdict: 通过
[2026-05-19 05:54:33] [Reviewer] 正在审查第556章...
[2026-05-19 05:55:07] [Reviewer] JSON解析失败: Invalid control character at: line 36 column 69 (char 1123)
[2026-05-19 05:55:07] [Reviewer] 第556章审查完成，评分: N/A， verdict: N/A
[2026-05-19 05:55:08] [Reviewer] 正在审查第557章...
[2026-05-19 05:55:47] [Reviewer] 第557章审查完成，评分: 8.5， verdict: 通过
[2026-05-19 05:55:48] [Reviewer] 正在审查第558章...
[2026-05-19 05:56:36] [Reviewer] 第558章审查完成，评分: 8.0， verdict: 通过
[2026-05-19 05:56:37] [Reviewer] 正在审查第559章...
[2026-05-19 05:57:08] [Reviewer] 第559章审查完成，评分: 8.0， verdict: 通过
[2026-05-19 05:57:09] [Reviewer] 正在审查第560章...
[2026-05-19 05:57:36] [Reviewer] JSON解析失败: Expecting ',' delimiter: line 22 column 35 (char 483)
[2026-05-19 05:57:36] [Reviewer] 第560章审查完成，评分: N/A， verdict: N/A
[2026-05-19 05:57:37] [Reviewer] 全部完成
============================================================
Reviewer Agent 启动
项目: D:\AiProject\Node\projects\novels8
============================================================
[2026-05-19 06:31:09] [Reviewer] 第551章已有有效审查报告，跳过
[2026-05-19 06:31:10] [Reviewer] 第552章已有有效审查报告，跳过
[2026-05-19 06:31:11] [Reviewer] 第553章已有有效审查报告，跳过
[2026-05-19 06:31:12] [Reviewer] 第554章已有有效审查报告，跳过
[2026-05-19 06:31:13] [Reviewer] 第555章已有有效审查报告，跳过
[2026-05-19 06:31:14] [Reviewer] 第556章已有有效审查报告，跳过
[2026-05-19 06:31:15] [Reviewer] 第557章已有有效审查报告，跳过
[2026-05-19 06:31:16] [Reviewer] 第558章已有有效审查报告，跳过
[2026-05-19 06:31:17] [Reviewer] 第559章已有有效审查报告，跳过
[2026-05-19 06:31:18] [Reviewer] 第560章审查报告无效（parse_error），重新审查
[2026-05-19 06:31:18] [Reviewer] 正在审查第560章...
[2026-05-19 06:31:52] [Reviewer] 第560章审查完成，评分: 7.8， verdict: 需修改
[2026-05-19 06:31:53] [Reviewer] 全部完成
