============================================================
Reviewer Agent 启动
项目: D:\AiProject\Node\projects\novels8
============================================================
[2026-05-19 03:19:30] [Reviewer] 第141章文件不存在
[2026-05-19 03:19:31] [Reviewer] 第142章文件不存在
[2026-05-19 03:19:32] [Reviewer] 第143章文件不存在
[2026-05-19 03:19:33] [Reviewer] 第144章文件不存在
[2026-05-19 03:19:34] [Reviewer] 第145章文件不存在
[2026-05-19 03:19:35] [Reviewer] 第146章文件不存在
[2026-05-19 03:19:36] [Reviewer] 第147章文件不存在
[2026-05-19 03:19:37] [Reviewer] 第148章文件不存在
[2026-05-19 03:19:38] [Reviewer] 第149章文件不存在
[2026-05-19 03:19:39] [Reviewer] 第150章文件不存在
[2026-05-19 03:19:40] [Reviewer] 全部完成
============================================================
Reviewer Agent 启动
项目: D:\AiProject\Node\projects\novels8
============================================================
[2026-05-19 03:19:54] [Reviewer] 第141章文件不存在
[2026-05-19 03:19:55] [Reviewer] 第142章文件不存在
[2026-05-19 03:19:56] [Reviewer] 第143章文件不存在
[2026-05-19 03:19:57] [Reviewer] 第144章文件不存在
[2026-05-19 03:19:58] [Reviewer] 第145章文件不存在
[2026-05-19 03:19:59] [Reviewer] 第146章文件不存在
[2026-05-19 03:20:00] [Reviewer] 第147章文件不存在
[2026-05-19 03:20:01] [Reviewer] 第148章文件不存在
[2026-05-19 03:20:02] [Reviewer] 第149章文件不存在
[2026-05-19 03:20:03] [Reviewer] 第150章文件不存在
[2026-05-19 03:20:04] [Reviewer] 全部完成
============================================================
Reviewer Agent 启动
项目: D:\AiProject\Node\projects\novels8
============================================================
[2026-05-19 04:57:25] [Reviewer] 第141章已有有效审查报告，跳过
[2026-05-19 04:57:26] [Reviewer] 正在审查第142章...
[2026-05-19 04:57:58] [Reviewer] 第142章审查完成，评分: 8.5， verdict: 通过
[2026-05-19 04:57:59] [Reviewer] 正在审查第143章...
[2026-05-19 04:58:29] [Reviewer] 第143章审查完成，评分: 7.5， verdict: 需修改
[2026-05-19 04:58:30] [Reviewer] 正在审查第144章...
[2026-05-19 04:59:06] [Reviewer] 第144章审查完成，评分: 8， verdict: 通过
[2026-05-19 04:59:07] [Reviewer] 第145章已有有效审查报告，跳过
[2026-05-19 04:59:08] [Reviewer] 第146章已有有效审查报告，跳过
[2026-05-19 04:59:09] [Reviewer] 第147章已有有效审查报告，跳过
[2026-05-19 04:59:10] [Reviewer] 第148章已有有效审查报告，跳过
[2026-05-19 04:59:11] [Reviewer] 第149章已有有效审查报告，跳过
[2026-05-19 04:59:12] [Reviewer] 第150章已有有效审查报告，跳过
[2026-05-19 04:59:13] [Reviewer] 全部完成
