============================================================
Reviewer Agent 启动
项目: D:\AiProject\Node\projects\novels8
============================================================
[2026-05-19 03:17:47] [Reviewer] 第61章文件不存在
[2026-05-19 03:17:48] [Reviewer] 第62章文件不存在
[2026-05-19 03:17:49] [Reviewer] 第63章文件不存在
[2026-05-19 03:17:50] [Reviewer] 第64章文件不存在
[2026-05-19 03:17:51] [Reviewer] 第65章文件不存在
[2026-05-19 03:17:52] [Reviewer] 第66章文件不存在
[2026-05-19 03:17:53] [Reviewer] 第67章文件不存在
[2026-05-19 03:17:54] [Reviewer] 第68章文件不存在
[2026-05-19 03:17:55] [Reviewer] 第69章文件不存在
[2026-05-19 03:17:56] [Reviewer] 第70章文件不存在
[2026-05-19 03:17:57] [Reviewer] 全部完成
============================================================
Reviewer Agent 启动
项目: D:\AiProject\Node\projects\novels8
============================================================
[2026-05-19 03:18:11] [Reviewer] 第61章文件不存在
[2026-05-19 03:18:12] [Reviewer] 第62章文件不存在
[2026-05-19 03:18:13] [Reviewer] 第63章文件不存在
[2026-05-19 03:18:14] [Reviewer] 第64章文件不存在
[2026-05-19 03:18:15] [Reviewer] 第65章文件不存在
[2026-05-19 03:18:16] [Reviewer] 第66章文件不存在
[2026-05-19 03:18:17] [Reviewer] 第67章文件不存在
[2026-05-19 03:18:18] [Reviewer] 第68章文件不存在
[2026-05-19 03:18:19] [Reviewer] 第69章文件不存在
[2026-05-19 03:18:20] [Reviewer] 第70章文件不存在
[2026-05-19 03:18:21] [Reviewer] 全部完成
============================================================
Reviewer Agent 启动
项目: D:\AiProject\Node\projects\novels8
============================================================
[2026-05-19 04:15:52] [Reviewer] 第61章已有有效审查报告，跳过
[2026-05-19 04:15:53] [Reviewer] 第62章已有有效审查报告，跳过
[2026-05-19 04:15:54] [Reviewer] 第63章已有有效审查报告，跳过
[2026-05-19 04:15:55] [Reviewer] 第64章已有有效审查报告，跳过
[2026-05-19 04:15:56] [Reviewer] 第65章已有有效审查报告，跳过
[2026-05-19 04:15:57] [Reviewer] 第66章已有有效审查报告，跳过
[2026-05-19 04:15:58] [Reviewer] 第67章已有有效审查报告，跳过
[2026-05-19 04:15:59] [Reviewer] 第68章已有有效审查报告，跳过
[2026-05-19 04:16:00] [Reviewer] 第69章已有有效审查报告，跳过
[2026-05-19 04:16:01] [Reviewer] 第70章已有有效审查报告，跳过
[2026-05-19 04:16:02] [Reviewer] 全部完成
