============================================================
Writer Agent 启动
项目: D:\AiProject\Node\projects\novels8
============================================================
[2026-05-19 06:12:48] [Writer] 正在生成第585章...
[2026-05-19 06:14:00] [Writer] 第585章已保存（4944字） -> D:\AiProject\Node\projects\novels8\chapters\draft\chapter_0585.txt
[2026-05-19 06:14:02] [Writer] 正在生成第586章...
[2026-05-19 06:15:28] [Writer] 第586章已保存（5827字） -> D:\AiProject\Node\projects\novels8\chapters\draft\chapter_0586.txt
[2026-05-19 06:15:30] [Writer] 正在生成第587章...
[2026-05-19 06:16:32] [Writer] 第587章字数不合格（4096字），重试(1/3)...
[2026-05-19 06:16:37] [Writer] 正在生成第587章...
[2026-05-19 06:17:35] [Writer] 第587章字数不合格（3904字），重试(2/3)...
[2026-05-19 06:17:40] [Writer] 正在生成第587章...
[2026-05-19 06:18:38] [Writer] 第587章字数不合格（3912字），重试(3/3)...
[2026-05-19 06:18:43] [Writer] 正在生成第587章...
[2026-05-19 06:19:59] [Writer] 第587章已保存（5391字） -> D:\AiProject\Node\projects\novels8\chapters\draft\chapter_0587.txt
[2026-05-19 06:20:01] [Writer] 正在生成第588章...
[2026-05-19 06:21:00] [Writer] 第588章字数不合格（3906字），重试(1/3)...
[2026-05-19 06:21:05] [Writer] 第588章已存在且字数合格（5015字），跳过
[2026-05-19 06:21:07] [Writer] 全部完成
============================================================
Writer Agent 启动
项目: D:\AiProject\Node\projects\novels8
============================================================
[2026-05-19 06:33:33] [Writer] 第585章已存在且字数合格（4603字），跳过
[2026-05-19 06:33:35] [Writer] 第586章已存在且字数合格（4674字），跳过
[2026-05-19 06:33:37] [Writer] 第587章已存在且字数合格（5391字），跳过
[2026-05-19 06:33:39] [Writer] 第588章已存在且字数合格（5015字），跳过
[2026-05-19 06:33:41] [Writer] 全部完成
