============================================================
Writer Agent 启动
项目: D:\AiProject\Node\projects\novels8
============================================================
[2026-05-19 04:07:22] [Writer] 正在生成第453章...
[2026-05-19 04:08:42] [Writer] 第453章已保存（5464字） -> D:\AiProject\Node\projects\novels8\chapters\draft\chapter_0453.txt
[2026-05-19 04:08:44] [Writer] 正在生成第454章...
[2026-05-19 04:09:52] [Writer] 第454章已保存（4535字） -> D:\AiProject\Node\projects\novels8\chapters\draft\chapter_0454.txt
[2026-05-19 04:09:54] [Writer] 正在生成第455章...
[2026-05-19 04:11:05] [Writer] 第455章已保存（4930字） -> D:\AiProject\Node\projects\novels8\chapters\draft\chapter_0455.txt
[2026-05-19 04:11:07] [Writer] 正在生成第456章...
[2026-05-19 04:12:46] [Writer] 第456章字数不合格（6729字），重试(1/3)...
[2026-05-19 04:12:51] [Writer] 正在生成第456章...
[2026-05-19 04:14:00] [Writer] 第456章已保存（4576字） -> D:\AiProject\Node\projects\novels8\chapters\draft\chapter_0456.txt
[2026-05-19 04:14:02] [Writer] 全部完成
============================================================
Writer Agent 启动
项目: D:\AiProject\Node\projects\novels8
============================================================
[2026-05-19 04:52:09] [Writer] 第453章已存在且字数合格（5464字），跳过
[2026-05-19 04:52:11] [Writer] 第454章已存在且字数合格（4535字），跳过
[2026-05-19 04:52:13] [Writer] 第455章已存在且字数合格（4930字），跳过
[2026-05-19 04:52:15] [Writer] 第456章已存在且字数合格（4576字），跳过
[2026-05-19 04:52:17] [Writer] 全部完成
============================================================
Writer Agent 启动
项目: D:\AiProject\Node\projects\novels8
============================================================
[2026-05-19 06:26:43] [Writer] 第453章已存在且字数合格（5464字），跳过
[2026-05-19 06:26:45] [Writer] 第454章已存在且字数合格（4535字），跳过
[2026-05-19 06:26:47] [Writer] 第455章已存在且字数合格（4930字），跳过
[2026-05-19 06:26:49] [Writer] 第456章已存在且字数合格（4576字），跳过
[2026-05-19 06:26:51] [Writer] 全部完成
