============================================================
Writer Agent 启动
项目: D:\AiProject\Node\projects\novels8
============================================================
[2026-05-19 05:26:03] [Writer] 正在生成第233章...
[2026-05-19 05:27:40] [Writer] 第233章字数不合格（6750字），重试(1/3)...
[2026-05-19 05:27:45] [Writer] 正在生成第233章...
[2026-05-19 05:29:34] [Writer] 第233章字数不合格（7768字），重试(2/3)...
[2026-05-19 05:29:39] [Writer] 第233章已存在且字数合格（6248字），跳过
[2026-05-19 05:29:41] [Writer] 正在生成第234章...
[2026-05-19 05:30:39] [Writer] 第234章字数不合格（4012字），重试(1/3)...
[2026-05-19 05:30:44] [Writer] 第234章已存在且字数合格（4829字），跳过
[2026-05-19 05:30:46] [Writer] 全部完成
============================================================
Writer Agent 启动
项目: D:\AiProject\Node\projects\novels8
============================================================
[2026-05-19 09:29:50] [Writer] 第233章已存在且字数合格（6248字），跳过
[2026-05-19 09:29:52] [Writer] 第234章已存在且字数合格（4829字），跳过
[2026-05-19 09:29:54] [Writer] 全部完成
