============================================================
Writer Agent 启动
项目: D:\AiProject\Node\projects\novels8
============================================================
[2026-05-19 03:46:25] [Writer] 正在生成第437章...
[2026-05-19 03:48:03] [Writer] 第437章字数不合格（8004字），重试(1/3)...
[2026-05-19 03:48:08] [Writer] 正在生成第437章...
[2026-05-19 03:50:32] [Writer] 第437章字数不合格（6994字），重试(2/3)...
[2026-05-19 03:50:37] [Writer] 正在生成第437章...
[2026-05-19 03:51:35] [Writer] 第437章字数不合格（4271字），重试(3/3)...
[2026-05-19 03:51:40] [Writer] 正在生成第437章...
[2026-05-19 03:52:57] [Writer] 第437章已保存（5263字） -> D:\AiProject\Node\projects\novels8\chapters\draft\chapter_0437.txt
[2026-05-19 03:52:59] [Writer] 正在生成第438章...
[2026-05-19 03:54:09] [Writer] 第438章已保存（5280字） -> D:\AiProject\Node\projects\novels8\chapters\draft\chapter_0438.txt
[2026-05-19 03:54:11] [Writer] 正在生成第439章...
[2026-05-19 03:55:34] [Writer] 第439章已保存（6059字） -> D:\AiProject\Node\projects\novels8\chapters\draft\chapter_0439.txt
[2026-05-19 03:55:36] [Writer] 正在生成第440章...
[2026-05-19 03:56:30] [Writer] 第440章字数不合格（3809字），重试(1/3)...
[2026-05-19 03:56:35] [Writer] 正在生成第440章...
[2026-05-19 03:57:39] [Writer] 第440章已保存（4832字） -> D:\AiProject\Node\projects\novels8\chapters\draft\chapter_0440.txt
[2026-05-19 03:57:41] [Writer] 全部完成
============================================================
Writer Agent 启动
项目: D:\AiProject\Node\projects\novels8
============================================================
[2026-05-19 04:49:23] [Writer] 第437章已存在且字数合格（5263字），跳过
[2026-05-19 04:49:25] [Writer] 第438章已存在且字数合格（5280字），跳过
[2026-05-19 04:49:27] [Writer] 第439章已存在且字数合格（6059字），跳过
[2026-05-19 04:49:29] [Writer] 第440章已存在且字数合格（4832字），跳过
[2026-05-19 04:49:31] [Writer] 全部完成
============================================================
Writer Agent 启动
项目: D:\AiProject\Node\projects\novels8
============================================================
[2026-05-19 06:25:38] [Writer] 第437章已存在且字数合格（5263字），跳过
[2026-05-19 06:25:40] [Writer] 第438章已存在且字数合格（5280字），跳过
[2026-05-19 06:25:42] [Writer] 第439章已存在且字数合格（6059字），跳过
[2026-05-19 06:25:44] [Writer] 第440章已存在且字数合格（4832字），跳过
[2026-05-19 06:25:46] [Writer] 全部完成
