============================================================
Writer Agent 启动
项目: D:\AiProject\Node\projects\novels8
============================================================
[2026-05-19 05:23:18] [Writer] 第521章大纲不存在
[2026-05-19 05:23:20] [Writer] 第522章大纲不存在
[2026-05-19 05:23:22] [Writer] 第523章大纲不存在
[2026-05-19 05:23:24] [Writer] 第524章大纲不存在
[2026-05-19 05:23:26] [Writer] 全部完成
============================================================
Writer Agent 启动
项目: D:\AiProject\Node\projects\novels8
============================================================
[2026-05-19 05:23:52] [Writer] 第521章大纲不存在
[2026-05-19 05:23:54] [Writer] 第522章大纲不存在
[2026-05-19 05:23:56] [Writer] 第523章大纲不存在
[2026-05-19 05:23:58] [Writer] 第524章大纲不存在
[2026-05-19 05:24:00] [Writer] 全部完成
============================================================
Writer Agent 启动
项目: D:\AiProject\Node\projects\novels8
============================================================
[2026-05-19 06:30:34] [Writer] 第521章大纲不存在
[2026-05-19 06:30:36] [Writer] 第522章大纲不存在
[2026-05-19 06:30:38] [Writer] 第523章大纲不存在
[2026-05-19 06:30:40] [Writer] 第524章大纲不存在
[2026-05-19 06:30:42] [Writer] 全部完成
