============================================================
Writer Agent 启动
项目: D:\AiProject\Node\projects\novels8
============================================================
[2026-05-19 03:21:02] [Writer] 第225章大纲不存在
[2026-05-19 03:21:04] [Writer] 第226章大纲不存在
[2026-05-19 03:21:06] [Writer] 第227章大纲不存在
[2026-05-19 03:21:08] [Writer] 第228章大纲不存在
[2026-05-19 03:21:10] [Writer] 全部完成
============================================================
Writer Agent 启动
项目: D:\AiProject\Node\projects\novels8
============================================================
[2026-05-19 03:21:27] [Writer] 第225章大纲不存在
[2026-05-19 03:21:29] [Writer] 第226章大纲不存在
[2026-05-19 03:21:31] [Writer] 第227章大纲不存在
[2026-05-19 03:21:33] [Writer] 第228章大纲不存在
[2026-05-19 03:21:35] [Writer] 全部完成
============================================================
Writer Agent 启动
项目: D:\AiProject\Node\projects\novels8
============================================================
[2026-05-19 05:26:13] [Writer] 正在生成第225章...
[2026-05-19 05:27:41] [Writer] 第225章字数不合格（3988字），重试(1/3)...
[2026-05-19 05:27:46] [Writer] 正在生成第225章...
[2026-05-19 05:29:09] [Writer] 第225章已保存（6435字） -> D:\AiProject\Node\projects\novels8\chapters\draft\chapter_0225.txt
[2026-05-19 05:29:11] [Writer] 正在生成第226章...
[2026-05-19 05:30:47] [Writer] 第226章字数不合格（7175字），重试(1/3)...
[2026-05-19 05:30:52] [Writer] 正在生成第226章...
[2026-05-19 05:32:05] [Writer] 第226章已保存（5381字） -> D:\AiProject\Node\projects\novels8\chapters\draft\chapter_0226.txt
[2026-05-19 05:32:07] [Writer] 第227章已存在且字数合格（5636字），跳过
[2026-05-19 05:32:09] [Writer] 第228章已存在且字数合格（5679字），跳过
[2026-05-19 05:32:11] [Writer] 全部完成
