============================================================
Writer Agent 启动
项目: D:\AiProject\Node\projects\novels8
============================================================
[2026-05-19 03:19:20] [Writer] 第141章大纲不存在
[2026-05-19 03:19:22] [Writer] 第142章大纲不存在
[2026-05-19 03:19:24] [Writer] 第143章大纲不存在
[2026-05-19 03:19:26] [Writer] 第144章大纲不存在
[2026-05-19 03:19:28] [Writer] 全部完成
============================================================
Writer Agent 启动
项目: D:\AiProject\Node\projects\novels8
============================================================
[2026-05-19 03:19:44] [Writer] 第141章大纲不存在
[2026-05-19 03:19:46] [Writer] 第142章大纲不存在
[2026-05-19 03:19:48] [Writer] 第143章大纲不存在
[2026-05-19 03:19:50] [Writer] 第144章大纲不存在
[2026-05-19 03:19:52] [Writer] 全部完成
============================================================
Writer Agent 启动
项目: D:\AiProject\Node\projects\novels8
============================================================
[2026-05-19 04:50:07] [Writer] 正在生成第141章...
[2026-05-19 04:51:28] [Writer] 第141章已保存（5884字） -> D:\AiProject\Node\projects\novels8\chapters\draft\chapter_0141.txt
[2026-05-19 04:51:30] [Writer] 正在生成第142章...
[2026-05-19 04:52:48] [Writer] 第142章字数不合格（998字），重试(1/3)...
[2026-05-19 04:52:53] [Writer] 第142章已存在且字数合格（5117字），跳过
[2026-05-19 04:52:55] [Writer] 正在生成第143章...
[2026-05-19 04:54:16] [Writer] 第143章已保存（6220字） -> D:\AiProject\Node\projects\novels8\chapters\draft\chapter_0143.txt
[2026-05-19 04:54:18] [Writer] 正在生成第144章...
[2026-05-19 04:55:19] [Writer] 第144章已保存（4635字） -> D:\AiProject\Node\projects\novels8\chapters\draft\chapter_0144.txt
[2026-05-19 04:55:21] [Writer] 全部完成
