============================================================
Writer Agent 启动
项目: D:\AiProject\Node\projects\novels8
============================================================
[2026-05-19 03:46:25] [Writer] 正在生成第421章...
[2026-05-19 03:47:58] [Writer] 第421章字数不合格（7049字），重试(1/3)...
[2026-05-19 03:48:03] [Writer] 正在生成第421章...
[2026-05-19 03:49:05] [Writer] 第421章已保存（4858字） -> D:\AiProject\Node\projects\novels8\chapters\draft\chapter_0421.txt
[2026-05-19 03:49:07] [Writer] 正在生成第422章...
[2026-05-19 03:50:50] [Writer] 第422章字数不合格（7599字），重试(1/3)...
[2026-05-19 03:50:55] [Writer] 正在生成第422章...
[2026-05-19 03:51:50] [Writer] 第422章字数不合格（3729字），重试(2/3)...
[2026-05-19 03:51:55] [Writer] 正在生成第422章...
[2026-05-19 03:53:07] [Writer] 第422章已保存（6062字） -> D:\AiProject\Node\projects\novels8\chapters\draft\chapter_0422.txt
[2026-05-19 03:53:09] [Writer] 正在生成第423章...
[2026-05-19 03:55:02] [Writer] 第423章字数不合格（9605字），重试(1/3)...
[2026-05-19 03:55:07] [Writer] 正在生成第423章...
[2026-05-19 03:56:25] [Writer] 第423章已保存（5818字） -> D:\AiProject\Node\projects\novels8\chapters\draft\chapter_0423.txt
[2026-05-19 03:56:27] [Writer] 正在生成第424章...
[2026-05-19 03:57:47] [Writer] 第424章已保存（5594字） -> D:\AiProject\Node\projects\novels8\chapters\draft\chapter_0424.txt
[2026-05-19 03:57:49] [Writer] 全部完成
============================================================
Writer Agent 启动
项目: D:\AiProject\Node\projects\novels8
============================================================
[2026-05-19 04:49:23] [Writer] 第421章已存在且字数合格（4858字），跳过
[2026-05-19 04:49:25] [Writer] 第422章已存在且字数合格（6062字），跳过
[2026-05-19 04:49:27] [Writer] 第423章已存在且字数合格（5818字），跳过
[2026-05-19 04:49:29] [Writer] 第424章已存在且字数合格（5594字），跳过
[2026-05-19 04:49:31] [Writer] 全部完成
============================================================
Writer Agent 启动
项目: D:\AiProject\Node\projects\novels8
============================================================
[2026-05-19 06:25:38] [Writer] 第421章已存在且字数合格（4858字），跳过
[2026-05-19 06:25:40] [Writer] 第422章已存在且字数合格（6062字），跳过
[2026-05-19 06:25:42] [Writer] 第423章已存在且字数合格（5818字），跳过
[2026-05-19 06:25:44] [Writer] 第424章已存在且字数合格（5594字），跳过
[2026-05-19 06:25:46] [Writer] 全部完成
