============================================================
Writer Agent 启动
项目: D:\AiProject\Node\projects\novels8
============================================================
[2026-05-19 06:12:49] [Writer] 正在生成第597章...
[2026-05-19 06:13:58] [Writer] 第597章已保存（4863字） -> D:\AiProject\Node\projects\novels8\chapters\draft\chapter_0597.txt
[2026-05-19 06:14:00] [Writer] 正在生成第598章...
[2026-05-19 06:15:23] [Writer] 第598章字数不合格（6558字），重试(1/3)...
[2026-05-19 06:15:28] [Writer] 正在生成第598章...
[2026-05-19 06:16:34] [Writer] 第598章已保存（4744字） -> D:\AiProject\Node\projects\novels8\chapters\draft\chapter_0598.txt
[2026-05-19 06:16:36] [Writer] 正在生成第599章...
[2026-05-19 06:18:03] [Writer] 第599章已保存（5589字） -> D:\AiProject\Node\projects\novels8\chapters\draft\chapter_0599.txt
[2026-05-19 06:18:05] [Writer] 正在生成第600章...
[2026-05-19 06:19:06] [Writer] 第600章字数不合格（4072字），重试(1/3)...
[2026-05-19 06:19:11] [Writer] 正在生成第600章...
[2026-05-19 06:20:15] [Writer] 第600章已保存（4707字） -> D:\AiProject\Node\projects\novels8\chapters\draft\chapter_0600.txt
[2026-05-19 06:20:17] [Writer] 全部完成
============================================================
Writer Agent 启动
项目: D:\AiProject\Node\projects\novels8
============================================================
[2026-05-19 06:33:33] [Writer] 第597章已存在且字数合格（4863字），跳过
[2026-05-19 06:33:35] [Writer] 第598章已存在且字数合格（4744字），跳过
[2026-05-19 06:33:37] [Writer] 第599章已存在且字数合格（5484字），跳过
[2026-05-19 06:33:39] [Writer] 第600章已存在且字数合格（4707字），跳过
[2026-05-19 06:33:41] [Writer] 全部完成
