============================================================
Writer Agent 启动
项目: D:\AiProject\Node\projects\novels8
============================================================
[2026-05-19 03:21:28] [Writer] 第241章大纲不存在
[2026-05-19 03:21:30] [Writer] 第242章大纲不存在
[2026-05-19 03:21:32] [Writer] 第243章大纲不存在
[2026-05-19 03:21:34] [Writer] 第244章大纲不存在
[2026-05-19 03:21:36] [Writer] 全部完成
============================================================
Writer Agent 启动
项目: D:\AiProject\Node\projects\novels8
============================================================
[2026-05-19 03:21:52] [Writer] 第241章大纲不存在
[2026-05-19 03:21:54] [Writer] 第242章大纲不存在
[2026-05-19 03:21:56] [Writer] 第243章大纲不存在
[2026-05-19 03:21:58] [Writer] 第244章大纲不存在
[2026-05-19 03:22:00] [Writer] 全部完成
============================================================
Writer Agent 启动
项目: D:\AiProject\Node\projects\novels8
============================================================
[2026-05-19 05:36:53] [Writer] 正在生成第241章...
[2026-05-19 05:38:01] [Writer] 第241章已保存（4776字） -> D:\AiProject\Node\projects\novels8\chapters\draft\chapter_0241.txt
[2026-05-19 05:38:03] [Writer] 正在生成第242章...
[2026-05-19 05:39:06] [Writer] 第242章字数不合格（4173字），重试(1/3)...
[2026-05-19 05:39:11] [Writer] 正在生成第242章...
[2026-05-19 05:40:49] [Writer] 第242章字数不合格（6740字），重试(2/3)...
[2026-05-19 05:40:54] [Writer] 第242章已存在且字数合格（5145字），跳过
[2026-05-19 05:40:56] [Writer] 第243章已存在且字数合格（4803字），跳过
[2026-05-19 05:40:58] [Writer] 正在生成第244章...
[2026-05-19 05:42:17] [Writer] 第244章已保存（5938字） -> D:\AiProject\Node\projects\novels8\chapters\draft\chapter_0244.txt
[2026-05-19 05:42:19] [Writer] 全部完成
