============================================================
Writer Agent 启动
项目: D:\AiProject\Node\projects\novels8
============================================================
[2026-05-19 03:19:46] [Writer] 第165章大纲不存在
[2026-05-19 03:19:48] [Writer] 第166章大纲不存在
[2026-05-19 03:19:50] [Writer] 第167章大纲不存在
[2026-05-19 03:19:52] [Writer] 第168章大纲不存在
[2026-05-19 03:19:54] [Writer] 全部完成
============================================================
Writer Agent 启动
项目: D:\AiProject\Node\projects\novels8
============================================================
[2026-05-19 03:20:10] [Writer] 第165章大纲不存在
[2026-05-19 03:20:12] [Writer] 第166章大纲不存在
[2026-05-19 03:20:14] [Writer] 第167章大纲不存在
[2026-05-19 03:20:16] [Writer] 第168章大纲不存在
[2026-05-19 03:20:18] [Writer] 全部完成
============================================================
Writer Agent 启动
项目: D:\AiProject\Node\projects\novels8
============================================================
[2026-05-19 04:59:17] [Writer] 正在生成第165章...
[2026-05-19 05:01:12] [Writer] 第165章字数不合格（7415字），重试(1/3)...
[2026-05-19 05:01:17] [Writer] 第165章已存在且字数合格（4717字），跳过
[2026-05-19 05:01:19] [Writer] 正在生成第166章...
[2026-05-19 05:02:59] [Writer] 第166章字数不合格（6759字），重试(1/3)...
[2026-05-19 05:03:04] [Writer] 正在生成第166章...
[2026-05-19 05:04:37] [Writer] 第166章已保存（5859字） -> D:\AiProject\Node\projects\novels8\chapters\draft\chapter_0166.txt
[2026-05-19 05:04:39] [Writer] 第167章已存在且字数合格（5983字），跳过
[2026-05-19 05:04:41] [Writer] 第168章已存在且字数合格（5692字），跳过
[2026-05-19 05:04:43] [Writer] 全部完成
