============================================================
Writer Agent 启动
项目: D:\AiProject\Node\projects\novels8
============================================================
[2026-05-19 03:00:16] [Writer] 正在生成第25章...
[2026-05-19 03:01:48] [Writer] 第25章已保存（4740字） -> D:\AiProject\Node\projects\novels8\chapters\draft\chapter_0025.txt
[2026-05-19 03:01:50] [Writer] 正在生成第26章...
[2026-05-19 03:03:53] [Writer] 第26章字数不合格（7839字），重试(1/3)...
[2026-05-19 03:03:58] [Writer] 第26章已存在且字数合格（5070字），跳过
[2026-05-19 03:04:00] [Writer] 正在生成第27章...
[2026-05-19 03:05:56] [Writer] 第27章字数不合格（7181字），重试(1/3)...
[2026-05-19 03:06:01] [Writer] 第27章已存在且字数合格（5251字），跳过
[2026-05-19 03:06:03] [Writer] 正在生成第28章...
[2026-05-19 03:07:09] [Writer] 第28章字数不合格（4131字），重试(1/3)...
[2026-05-19 03:07:14] [Writer] 正在生成第28章...
[2026-05-19 03:08:17] [Writer] 第28章字数不合格（4201字），重试(2/3)...
[2026-05-19 03:08:22] [Writer] 第28章已存在且字数合格（5112字），跳过
[2026-05-19 03:08:24] [Writer] 全部完成
\draft\chapter_0028.txt
[2026-05-19 03:07:47] [Writer] 全部完成
============================================================
Writer Agent 启动
项目: D:\AiProject\Node\projects\novels8
============================================================
[2026-05-19 03:50:40] [Writer] 第25章已存在且字数合格（6050字），跳过
[2026-05-19 03:50:42] [Writer] 第26章已存在且字数合格（5703字），跳过
[2026-05-19 03:50:44] [Writer] 第27章已存在且字数合格（4841字），跳过
[2026-05-19 03:50:46] [Writer] 第28章已存在且字数合格（4689字），跳过
[2026-05-19 03:50:48] [Writer] 全部完成
