============================================================
Writer Agent 启动
项目: D:\AiProject\Node\projects\novels8
============================================================
[2026-05-19 05:57:43] [Writer] 正在生成第573章...
[2026-05-19 05:58:52] [Writer] 第573章已保存（5117字） -> D:\AiProject\Node\projects\novels8\chapters\draft\chapter_0573.txt
[2026-05-19 05:58:54] [Writer] 正在生成第574章...
[2026-05-19 05:59:59] [Writer] 第574章已保存（4636字） -> D:\AiProject\Node\projects\novels8\chapters\draft\chapter_0574.txt
[2026-05-19 06:00:01] [Writer] 正在生成第575章...
[2026-05-19 06:01:37] [Writer] 第575章字数不合格（6557字），重试(1/3)...
[2026-05-19 06:01:42] [Writer] 正在生成第575章...
[2026-05-19 06:03:19] [Writer] 第575章字数不合格（7064字），重试(2/3)...
[2026-05-19 06:03:24] [Writer] 正在生成第575章...
[2026-05-19 06:04:43] [Writer] 第575章已保存（5058字） -> D:\AiProject\Node\projects\novels8\chapters\draft\chapter_0575.txt
[2026-05-19 06:04:45] [Writer] 正在生成第576章...
[2026-05-19 06:05:54] [Writer] 第576章字数不合格（4328字），重试(1/3)...
[2026-05-19 06:05:59] [Writer] 第576章已存在且字数合格（4515字），跳过
[2026-05-19 06:06:01] [Writer] 全部完成
============================================================
Writer Agent 启动
项目: D:\AiProject\Node\projects\novels8
============================================================
[2026-05-19 06:31:58] [Writer] 第573章已存在且字数合格（4773字），跳过
[2026-05-19 06:32:00] [Writer] 第574章已存在且字数合格（4636字），跳过
[2026-05-19 06:32:02] [Writer] 第575章已存在且字数合格（5058字），跳过
[2026-05-19 06:32:04] [Writer] 第576章已存在且字数合格（4515字），跳过
[2026-05-19 06:32:06] [Writer] 全部完成
