============================================================
Writer Agent 启动
项目: D:\AiProject\Node\projects\novels8
============================================================
[2026-05-19 03:23:11] [Writer] 第321章大纲不存在
[2026-05-19 03:23:13] [Writer] 第322章大纲不存在
[2026-05-19 03:23:15] [Writer] 第323章大纲不存在
[2026-05-19 03:23:17] [Writer] 第324章大纲不存在
[2026-05-19 03:23:19] [Writer] 全部完成
============================================================
Writer Agent 启动
项目: D:\AiProject\Node\projects\novels8
============================================================
[2026-05-19 03:49:23] [Writer] 第321章大纲不存在
[2026-05-19 03:49:25] [Writer] 第322章大纲不存在
[2026-05-19 03:49:27] [Writer] 第323章大纲不存在
[2026-05-19 03:49:29] [Writer] 第324章大纲不存在
[2026-05-19 03:49:31] [Writer] 全部完成
============================================================
Writer Agent 启动
项目: D:\AiProject\Node\projects\novels8
============================================================
[2026-05-19 06:18:06] [Writer] 第321章大纲不存在
[2026-05-19 06:18:08] [Writer] 第322章大纲不存在
[2026-05-19 06:18:11] [Writer] 第323章大纲不存在
[2026-05-19 06:18:13] [Writer] 第324章大纲不存在
[2026-05-19 06:18:15] [Writer] 全部完成
