============================================================
Writer Agent 启动
项目: D:\AiProject\Node\projects\novels8
============================================================
[2026-05-19 02:59:43] [Writer] 正在生成第33章...
[2026-05-19 03:00:58] [Writer] 第33章字数不合格（4158字），重试(1/3)...
[2026-05-19 03:01:03] [Writer] 正在生成第33章...
[2026-05-19 03:02:12] [Writer] 第33章字数不合格（4256字），重试(2/3)...
[2026-05-19 03:02:17] [Writer] 第33章已存在且字数合格（5230字），跳过
[2026-05-19 03:02:19] [Writer] 正在生成第34章...
[2026-05-19 03:03:39] [Writer] 第34章已保存（4614字） -> D:\AiProject\Node\projects\novels8\chapters\draft\chapter_0034.txt
[2026-05-19 03:03:41] [Writer] 正在生成第35章...
[2026-05-19 03:05:05] [Writer] 第35章字数不合格（5875字），重试(1/3)...
[2026-05-19 03:05:10] [Writer] 正在生成第35章...
[2026-05-19 03:06:36] [Writer] 第35章已保存（5081字） -> D:\AiProject\Node\projects\novels8\chapters\draft\chapter_0035.txt
[2026-05-19 03:06:38] [Writer] 正在生成第36章...
[2026-05-19 03:07:38] [Writer] 第36章字数不合格（3836字），重试(1/3)...
[2026-05-19 03:07:43] [Writer] 正在生成第36章...
[2026-05-19 03:09:19] [Writer] 第36章字数不合格（7471字），重试(2/3)...
[2026-05-19 03:09:24] [Writer] 正在生成第36章...
[2026-05-19 03:11:06] [Writer] 第36章字数不合格（7876字），重试(3/3)...
[2026-05-19 03:11:11] [Writer] 第36章已存在且字数合格（5370字），跳过
[2026-05-19 03:11:13] [Writer] 全部完成
============================================================
Writer Agent 启动
项目: D:\AiProject\Node\projects\novels8
============================================================
[2026-05-19 03:50:40] [Writer] 第33章已存在且字数合格（4982字），跳过
[2026-05-19 03:50:42] [Writer] 第34章已存在且字数合格（5612字），跳过
[2026-05-19 03:50:44] [Writer] 第35章已存在且字数合格（5991字），跳过
[2026-05-19 03:50:46] [Writer] 第36章已存在且字数合格（5067字），跳过
[2026-05-19 03:50:48] [Writer] 全部完成
