============================================================
Writer Agent 启动
项目: D:\AiProject\Node\projects\novels8
============================================================
[2026-05-19 03:18:55] [Writer] 第129章大纲不存在
[2026-05-19 03:18:57] [Writer] 第130章大纲不存在
[2026-05-19 03:18:59] [Writer] 第131章大纲不存在
[2026-05-19 03:19:01] [Writer] 第132章大纲不存在
[2026-05-19 03:19:03] [Writer] 全部完成
============================================================
Writer Agent 启动
项目: D:\AiProject\Node\projects\novels8
============================================================
[2026-05-19 03:19:19] [Writer] 第129章大纲不存在
[2026-05-19 03:19:21] [Writer] 第130章大纲不存在
[2026-05-19 03:19:23] [Writer] 第131章大纲不存在
[2026-05-19 03:19:25] [Writer] 第132章大纲不存在
[2026-05-19 03:19:27] [Writer] 全部完成
============================================================
Writer Agent 启动
项目: D:\AiProject\Node\projects\novels8
============================================================
[2026-05-19 04:38:35] [Writer] 正在生成第129章...
[2026-05-19 04:40:51] [Writer] 第129章字数不合格（9332字），重试(1/3)...
[2026-05-19 04:40:56] [Writer] 第129章已存在且字数合格（4958字），跳过
[2026-05-19 04:40:58] [Writer] 第130章已存在且字数合格（4982字），跳过
[2026-05-19 04:41:00] [Writer] 正在生成第131章...
[2026-05-19 04:43:02] [Writer] 第131章字数不合格（8818字），重试(1/3)...
[2026-05-19 04:43:07] [Writer] 正在生成第131章...
[2026-05-19 04:45:07] [Writer] 第131章字数不合格（8250字），重试(2/3)...
[2026-05-19 04:45:12] [Writer] 正在生成第131章...
[2026-05-19 04:46:48] [Writer] 第131章已保存（4957字） -> D:\AiProject\Node\projects\novels8\chapters\draft\chapter_0131.txt
[2026-05-19 04:46:50] [Writer] 正在生成第132章...
[2026-05-19 04:47:51] [Writer] 第132章字数不合格（4493字），重试(1/3)...
[2026-05-19 04:47:56] [Writer] 第132章已存在且字数合格（5241字），跳过
[2026-05-19 04:47:58] [Writer] 全部完成
