============================================================
Writer Agent 启动
项目: D:\AiProject\Node\projects\novels8
============================================================
[2026-05-19 03:24:03] [Writer] 第369章大纲不存在
[2026-05-19 03:24:05] [Writer] 第370章大纲不存在
[2026-05-19 03:24:07] [Writer] 第371章大纲不存在
[2026-05-19 03:24:09] [Writer] 第372章大纲不存在
[2026-05-19 03:24:11] [Writer] 全部完成
============================================================
Writer Agent 启动
项目: D:\AiProject\Node\projects\novels8
============================================================
[2026-05-19 04:07:18] [Writer] 正在生成第369章...
[2026-05-19 04:08:15] [Writer] 第369章字数不合格（4224字），重试(1/3)...
[2026-05-19 04:08:20] [Writer] 正在生成第369章...
[2026-05-19 04:09:35] [Writer] 第369章已保存（5902字） -> D:\AiProject\Node\projects\novels8\chapters\draft\chapter_0369.txt
[2026-05-19 04:09:37] [Writer] 正在生成第370章...
[2026-05-19 04:10:59] [Writer] 第370章已保存（5271字） -> D:\AiProject\Node\projects\novels8\chapters\draft\chapter_0370.txt
[2026-05-19 04:11:01] [Writer] 正在生成第371章...
[2026-05-19 04:12:41] [Writer] 第371章字数不合格（7560字），重试(1/3)...
[2026-05-19 04:12:46] [Writer] 正在生成第371章...
[2026-05-19 04:14:04] [Writer] 第371章已保存（6198字） -> D:\AiProject\Node\projects\novels8\chapters\draft\chapter_0371.txt
[2026-05-19 04:14:06] [Writer] 正在生成第372章...
[2026-05-19 04:15:15] [Writer] 第372章已保存（4914字） -> D:\AiProject\Node\projects\novels8\chapters\draft\chapter_0372.txt
[2026-05-19 04:15:17] [Writer] 全部完成
============================================================
Writer Agent 启动
项目: D:\AiProject\Node\projects\novels8
============================================================
[2026-05-19 06:18:58] [Writer] 第369章已存在且字数合格（5902字），跳过
[2026-05-19 06:19:00] [Writer] 第370章已存在且字数合格（5271字），跳过
[2026-05-19 06:19:02] [Writer] 第371章已存在且字数合格（6198字），跳过
[2026-05-19 06:19:04] [Writer] 第372章已存在且字数合格（4914字），跳过
[2026-05-19 06:19:06] [Writer] 全部完成
