============================================================
Writer Agent 启动
项目: D:\AiProject\Node\projects\novels8
============================================================
[2026-05-19 06:13:11] [Writer] 正在生成第593章...
[2026-05-19 06:14:29] [Writer] 第593章已保存（5212字） -> D:\AiProject\Node\projects\novels8\chapters\draft\chapter_0593.txt
[2026-05-19 06:14:31] [Writer] 正在生成第594章...
[2026-05-19 06:16:04] [Writer] 第594章字数不合格（6525字），重试(1/3)...
[2026-05-19 06:16:09] [Writer] 正在生成第594章...
[2026-05-19 06:17:36] [Writer] 第594章已保存（5771字） -> D:\AiProject\Node\projects\novels8\chapters\draft\chapter_0594.txt
[2026-05-19 06:17:38] [Writer] 正在生成第595章...
[2026-05-19 06:19:24] [Writer] 第595章已保存（6105字） -> D:\AiProject\Node\projects\novels8\chapters\draft\chapter_0595.txt
[2026-05-19 06:19:26] [Writer] 正在生成第596章...
[2026-05-19 06:20:21] [Writer] 第596章字数不合格（3690字），重试(1/3)...
[2026-05-19 06:20:26] [Writer] 正在生成第596章...
[2026-05-19 06:21:59] [Writer] 第596章字数不合格（6873字），重试(2/3)...
[2026-05-19 06:22:04] [Writer] 第596章已存在且字数合格（5066字），跳过
[2026-05-19 06:22:06] [Writer] 全部完成
============================================================
Writer Agent 启动
项目: D:\AiProject\Node\projects\novels8
============================================================
[2026-05-19 06:33:33] [Writer] 第593章已存在且字数合格（5212字），跳过
[2026-05-19 06:33:35] [Writer] 第594章已存在且字数合格（5179字），跳过
[2026-05-19 06:33:37] [Writer] 第595章已存在且字数合格（6162字），跳过
[2026-05-19 06:33:39] [Writer] 第596章已存在且字数合格（5066字），跳过
[2026-05-19 06:33:41] [Writer] 全部完成
