============================================================
Writer Agent 启动
项目: D:\AiProject\Node\projects\novels8
============================================================
[2026-05-19 03:18:03] [Writer] 第97章大纲不存在
[2026-05-19 03:18:05] [Writer] 第98章大纲不存在
[2026-05-19 03:18:07] [Writer] 第99章大纲不存在
[2026-05-19 03:18:09] [Writer] 第100章大纲不存在
[2026-05-19 03:18:11] [Writer] 全部完成
============================================================
Writer Agent 启动
项目: D:\AiProject\Node\projects\novels8
============================================================
[2026-05-19 03:18:27] [Writer] 第97章大纲不存在
[2026-05-19 03:18:29] [Writer] 第98章大纲不存在
[2026-05-19 03:18:31] [Writer] 第99章大纲不存在
[2026-05-19 03:18:33] [Writer] 第100章大纲不存在
[2026-05-19 03:18:35] [Writer] 全部完成
============================================================
Writer Agent 启动
项目: D:\AiProject\Node\projects\novels8
============================================================
[2026-05-19 04:16:44] [Writer] 正在生成第97章...
[2026-05-19 04:18:13] [Writer] 第97章已保存（5901字） -> D:\AiProject\Node\projects\novels8\chapters\draft\chapter_0097.txt
[2026-05-19 04:18:15] [Writer] 正在生成第98章...
[2026-05-19 04:19:37] [Writer] 第98章已保存（5344字） -> D:\AiProject\Node\projects\novels8\chapters\draft\chapter_0098.txt
[2026-05-19 04:19:39] [Writer] 正在生成第99章...
[2026-05-19 04:20:39] [Writer] 第99章字数不合格（1567字），重试(1/3)...
[2026-05-19 04:20:44] [Writer] 正在生成第99章...
[2026-05-19 04:22:27] [Writer] 第99章字数不合格（7577字），重试(2/3)...
[2026-05-19 04:22:32] [Writer] 第99章已存在且字数合格（6173字），跳过
[2026-05-19 04:22:34] [Writer] 正在生成第100章...
[2026-05-19 04:24:08] [Writer] 第100章已保存（6442字） -> D:\AiProject\Node\projects\novels8\chapters\draft\chapter_0100.txt
[2026-05-19 04:24:10] [Writer] 全部完成
