============================================================
Writer Agent 启动
项目: D:\AiProject\Node\projects\novels8
============================================================
[2026-05-19 03:21:02] [Writer] 第233章大纲不存在
[2026-05-19 03:21:04] [Writer] 第234章大纲不存在
[2026-05-19 03:21:06] [Writer] 第235章大纲不存在
[2026-05-19 03:21:08] [Writer] 第236章大纲不存在
[2026-05-19 03:21:10] [Writer] 全部完成
============================================================
Writer Agent 启动
项目: D:\AiProject\Node\projects\novels8
============================================================
[2026-05-19 03:21:27] [Writer] 第233章大纲不存在
[2026-05-19 03:21:29] [Writer] 第234章大纲不存在
[2026-05-19 03:21:31] [Writer] 第235章大纲不存在
[2026-05-19 03:21:33] [Writer] 第236章大纲不存在
[2026-05-19 03:21:35] [Writer] 全部完成
============================================================
Writer Agent 启动
项目: D:\AiProject\Node\projects\novels8
============================================================
[2026-05-19 05:26:13] [Writer] 正在生成第233章...
[2026-05-19 05:27:45] [Writer] 第233章字数不合格（6681字），重试(1/3)...
[2026-05-19 05:27:50] [Writer] 正在生成第233章...
[2026-05-19 05:29:20] [Writer] 第233章已保存（6248字） -> D:\AiProject\Node\projects\novels8\chapters\draft\chapter_0233.txt
[2026-05-19 05:29:22] [Writer] 正在生成第234章...
[2026-05-19 05:30:30] [Writer] 第234章已保存（4829字） -> D:\AiProject\Node\projects\novels8\chapters\draft\chapter_0234.txt
[2026-05-19 05:30:32] [Writer] 正在生成第235章...
[2026-05-19 05:31:27] [Writer] 第235章字数不合格（4287字），重试(1/3)...
[2026-05-19 05:31:32] [Writer] 第235章已存在且字数合格（5554字），跳过
[2026-05-19 05:31:34] [Writer] 正在生成第236章...
[2026-05-19 05:32:42] [Writer] 第236章已保存（5090字） -> D:\AiProject\Node\projects\novels8\chapters\draft\chapter_0236.txt
[2026-05-19 05:32:44] [Writer] 全部完成
