============================================================
Writer Agent 启动
项目: D:\AiProject\Node\projects\novels8
============================================================
[2026-05-19 03:17:12] [Writer] 第53章大纲不存在
[2026-05-19 03:17:14] [Writer] 第54章大纲不存在
[2026-05-19 03:17:16] [Writer] 第55章大纲不存在
[2026-05-19 03:17:18] [Writer] 第56章大纲不存在
[2026-05-19 03:17:20] [Writer] 全部完成
============================================================
Writer Agent 启动
项目: D:\AiProject\Node\projects\novels8
============================================================
[2026-05-19 03:17:36] [Writer] 第53章大纲不存在
[2026-05-19 03:17:38] [Writer] 第54章大纲不存在
[2026-05-19 03:17:40] [Writer] 第55章大纲不存在
[2026-05-19 03:17:42] [Writer] 第56章大纲不存在
[2026-05-19 03:17:44] [Writer] 全部完成
============================================================
Writer Agent 启动
项目: D:\AiProject\Node\projects\novels8
============================================================
[2026-05-19 03:58:25] [Writer] 第53章已存在且字数合格（4795字），跳过
[2026-05-19 03:58:27] [Writer] 第54章已存在且字数合格（4768字），跳过
[2026-05-19 03:58:29] [Writer] 第55章已存在且字数合格（5904字），跳过
[2026-05-19 03:58:31] [Writer] 第56章已存在且字数合格（5391字），跳过
[2026-05-19 03:58:33] [Writer] 全部完成
