============================================================
Writer Agent 启动
项目: D:\AiProject\Node\projects\novels8
============================================================
[2026-05-19 03:19:46] [Writer] 第161章大纲不存在
[2026-05-19 03:19:48] [Writer] 第162章大纲不存在
[2026-05-19 03:19:50] [Writer] 第163章大纲不存在
[2026-05-19 03:19:52] [Writer] 第164章大纲不存在
[2026-05-19 03:19:54] [Writer] 全部完成
============================================================
Writer Agent 启动
项目: D:\AiProject\Node\projects\novels8
============================================================
[2026-05-19 03:20:10] [Writer] 第161章大纲不存在
[2026-05-19 03:20:12] [Writer] 第162章大纲不存在
[2026-05-19 03:20:14] [Writer] 第163章大纲不存在
[2026-05-19 03:20:16] [Writer] 第164章大纲不存在
[2026-05-19 03:20:18] [Writer] 全部完成
============================================================
Writer Agent 启动
项目: D:\AiProject\Node\projects\novels8
============================================================
[2026-05-19 04:59:17] [Writer] 正在生成第161章...
[2026-05-19 05:01:11] [Writer] 第161章字数不合格（8058字），重试(1/3)...
[2026-05-19 05:01:16] [Writer] 正在生成第161章...
[2026-05-19 05:02:54] [Writer] 第161章字数不合格（6895字），重试(2/3)...
[2026-05-19 05:02:59] [Writer] 正在生成第161章...
[2026-05-19 05:04:37] [Writer] 第161章已保存（6046字） -> D:\AiProject\Node\projects\novels8\chapters\draft\chapter_0161.txt
[2026-05-19 05:04:39] [Writer] 正在生成第162章...
[2026-05-19 05:05:50] [Writer] 第162章已保存（4735字） -> D:\AiProject\Node\projects\novels8\chapters\draft\chapter_0162.txt
[2026-05-19 05:05:52] [Writer] 第163章已存在且字数合格（6013字），跳过
[2026-05-19 05:05:54] [Writer] 第164章已存在且字数合格（5819字），跳过
[2026-05-19 05:05:56] [Writer] 全部完成
