============================================================
Writer Agent 启动
项目: D:\AiProject\Node\projects\novels8
============================================================
[2026-05-19 03:21:28] [Writer] 第257章大纲不存在
[2026-05-19 03:21:30] [Writer] 第258章大纲不存在
[2026-05-19 03:21:32] [Writer] 第259章大纲不存在
[2026-05-19 03:21:34] [Writer] 第260章大纲不存在
[2026-05-19 03:21:36] [Writer] 全部完成
============================================================
Writer Agent 启动
项目: D:\AiProject\Node\projects\novels8
============================================================
[2026-05-19 03:21:52] [Writer] 第257章大纲不存在
[2026-05-19 03:21:54] [Writer] 第258章大纲不存在
[2026-05-19 03:21:56] [Writer] 第259章大纲不存在
[2026-05-19 03:21:58] [Writer] 第260章大纲不存在
[2026-05-19 03:22:00] [Writer] 全部完成
============================================================
Writer Agent 启动
项目: D:\AiProject\Node\projects\novels8
============================================================
[2026-05-19 05:36:53] [Writer] 正在生成第257章...
[2026-05-19 05:38:12] [Writer] 第257章已保存（4918字） -> D:\AiProject\Node\projects\novels8\chapters\draft\chapter_0257.txt
[2026-05-19 05:38:14] [Writer] 正在生成第258章...
[2026-05-19 05:39:21] [Writer] 第258章已保存（4945字） -> D:\AiProject\Node\projects\novels8\chapters\draft\chapter_0258.txt
[2026-05-19 05:39:23] [Writer] 正在生成第259章...
[2026-05-19 05:41:31] [Writer] 第259章字数不合格（9041字），重试(1/3)...
[2026-05-19 05:41:36] [Writer] 第259章已存在且字数合格（6388字），跳过
[2026-05-19 05:41:38] [Writer] 正在生成第260章...
[2026-05-19 05:43:29] [Writer] 第260章字数不合格（7497字），重试(1/3)...
[2026-05-19 05:43:34] [Writer] 第260章已存在且字数合格（6058字），跳过
[2026-05-19 05:43:36] [Writer] 全部完成
