============================================================
Writer Agent 启动
项目: D:\AiProject\Node\projects\novels8
============================================================
[2026-05-19 03:18:29] [Writer] 第105章大纲不存在
[2026-05-19 03:18:31] [Writer] 第106章大纲不存在
[2026-05-19 03:18:33] [Writer] 第107章大纲不存在
[2026-05-19 03:18:35] [Writer] 第108章大纲不存在
[2026-05-19 03:18:37] [Writer] 全部完成
============================================================
Writer Agent 启动
项目: D:\AiProject\Node\projects\novels8
============================================================
[2026-05-19 03:18:53] [Writer] 第105章大纲不存在
[2026-05-19 03:18:55] [Writer] 第106章大纲不存在
[2026-05-19 03:18:57] [Writer] 第107章大纲不存在
[2026-05-19 03:18:59] [Writer] 第108章大纲不存在
[2026-05-19 03:19:01] [Writer] 全部完成
============================================================
Writer Agent 启动
项目: D:\AiProject\Node\projects\novels8
============================================================
[2026-05-19 04:26:49] [Writer] 正在生成第105章...
[2026-05-19 04:28:13] [Writer] 第105章已保存（5802字） -> D:\AiProject\Node\projects\novels8\chapters\draft\chapter_0105.txt
[2026-05-19 04:28:15] [Writer] 正在生成第106章...
[2026-05-19 04:29:14] [Writer] 第106章字数不合格（4108字），重试(1/3)...
[2026-05-19 04:29:19] [Writer] 正在生成第106章...
[2026-05-19 04:31:00] [Writer] 第106章字数不合格（7254字），重试(2/3)...
[2026-05-19 04:31:05] [Writer] 第106章已存在且字数合格（4980字），跳过
[2026-05-19 04:31:07] [Writer] 第107章已存在且字数合格（5652字），跳过
[2026-05-19 04:31:09] [Writer] 第108章已存在且字数合格（4891字），跳过
[2026-05-19 04:31:11] [Writer] 全部完成
