============================================================
Writer Agent 启动
项目: D:\AiProject\Node\projects\novels8
============================================================
[2026-05-19 03:24:30] [Writer] 第389章大纲不存在
[2026-05-19 03:24:32] [Writer] 第390章大纲不存在
[2026-05-19 03:24:34] [Writer] 第391章大纲不存在
[2026-05-19 03:24:36] [Writer] 第392章大纲不存在
[2026-05-19 03:24:38] [Writer] 全部完成
============================================================
Writer Agent 启动
项目: D:\AiProject\Node\projects\novels8
============================================================
[2026-05-19 04:23:32] [Writer] 正在生成第389章...
[2026-05-19 04:24:45] [Writer] 第389章已保存（5827字） -> D:\AiProject\Node\projects\novels8\chapters\draft\chapter_0389.txt
[2026-05-19 04:24:47] [Writer] 正在生成第390章...
[2026-05-19 04:26:02] [Writer] 第390章已保存（5080字） -> D:\AiProject\Node\projects\novels8\chapters\draft\chapter_0390.txt
[2026-05-19 04:26:04] [Writer] 正在生成第391章...
[2026-05-19 04:26:58] [Writer] 第391章字数不合格（3574字），重试(1/3)...
[2026-05-19 04:27:03] [Writer] 正在生成第391章...
[2026-05-19 04:28:06] [Writer] 第391章已保存（4575字） -> D:\AiProject\Node\projects\novels8\chapters\draft\chapter_0391.txt
[2026-05-19 04:28:08] [Writer] 正在生成第392章...
[2026-05-19 04:29:16] [Writer] 第392章已保存（5005字） -> D:\AiProject\Node\projects\novels8\chapters\draft\chapter_0392.txt
[2026-05-19 04:29:18] [Writer] 全部完成
============================================================
Writer Agent 启动
项目: D:\AiProject\Node\projects\novels8
============================================================
[2026-05-19 06:19:23] [Writer] 第389章已存在且字数合格（5827字），跳过
[2026-05-19 06:19:25] [Writer] 第390章已存在且字数合格（5080字），跳过
[2026-05-19 06:19:27] [Writer] 第391章已存在且字数合格（4575字），跳过
[2026-05-19 06:19:29] [Writer] 第392章已存在且字数合格（5005字），跳过
[2026-05-19 06:19:31] [Writer] 全部完成
