============================================================
Writer Agent 启动
项目: D:\AiProject\Node\projects\novels8
============================================================
[2026-05-19 03:23:37] [Writer] 第341章大纲不存在
[2026-05-19 03:23:39] [Writer] 第342章大纲不存在
[2026-05-19 03:23:41] [Writer] 第343章大纲不存在
[2026-05-19 03:23:43] [Writer] 第344章大纲不存在
[2026-05-19 03:23:45] [Writer] 全部完成
============================================================
Writer Agent 启动
项目: D:\AiProject\Node\projects\novels8
============================================================
[2026-05-19 03:49:48] [Writer] 第341章大纲不存在
[2026-05-19 03:49:50] [Writer] 第342章大纲不存在
[2026-05-19 03:49:52] [Writer] 第343章大纲不存在
[2026-05-19 03:49:54] [Writer] 第344章大纲不存在
[2026-05-19 03:49:56] [Writer] 全部完成
============================================================
Writer Agent 启动
项目: D:\AiProject\Node\projects\novels8
============================================================
[2026-05-19 06:18:32] [Writer] 第341章大纲不存在
[2026-05-19 06:18:34] [Writer] 第342章大纲不存在
[2026-05-19 06:18:36] [Writer] 第343章大纲不存在
[2026-05-19 06:18:38] [Writer] 第344章大纲不存在
[2026-05-19 06:18:40] [Writer] 全部完成
