============================================================
Writer Agent 启动
项目: D:\AiProject\Node\projects\novels8
============================================================
[2026-05-19 03:23:37] [Writer] 第357章大纲不存在
[2026-05-19 03:23:39] [Writer] 第358章大纲不存在
[2026-05-19 03:23:41] [Writer] 第359章大纲不存在
[2026-05-19 03:23:43] [Writer] 第360章大纲不存在
[2026-05-19 03:23:45] [Writer] 全部完成
============================================================
Writer Agent 启动
项目: D:\AiProject\Node\projects\novels8
============================================================
[2026-05-19 03:49:48] [Writer] 正在生成第357章...
[2026-05-19 03:50:51] [Writer] 第357章已保存（4682字） -> D:\AiProject\Node\projects\novels8\chapters\draft\chapter_0357.txt
[2026-05-19 03:50:53] [Writer] 正在生成第358章...
[2026-05-19 03:52:09] [Writer] 第358章已保存（5838字） -> D:\AiProject\Node\projects\novels8\chapters\draft\chapter_0358.txt
[2026-05-19 03:52:11] [Writer] 正在生成第359章...
[2026-05-19 03:53:04] [Writer] 第359章字数不合格（4404字），重试(1/3)...
[2026-05-19 03:53:09] [Writer] 正在生成第359章...
[2026-05-19 03:54:23] [Writer] 第359章已保存（6100字） -> D:\AiProject\Node\projects\novels8\chapters\draft\chapter_0359.txt
[2026-05-19 03:54:25] [Writer] 正在生成第360章...
[2026-05-19 03:56:03] [Writer] 第360章字数不合格（7090字），重试(1/3)...
[2026-05-19 03:56:08] [Writer] 正在生成第360章...
[2026-05-19 03:57:24] [Writer] 第360章已保存（5597字） -> D:\AiProject\Node\projects\novels8\chapters\draft\chapter_0360.txt
[2026-05-19 03:57:26] [Writer] 全部完成
============================================================
Writer Agent 启动
项目: D:\AiProject\Node\projects\novels8
============================================================
[2026-05-19 06:18:32] [Writer] 第357章已存在且字数合格（4682字），跳过
[2026-05-19 06:18:34] [Writer] 第358章已存在且字数合格（5838字），跳过
[2026-05-19 06:18:36] [Writer] 第359章已存在且字数合格（6100字），跳过
[2026-05-19 06:18:38] [Writer] 第360章已存在且字数合格（5597字），跳过
[2026-05-19 06:18:40] [Writer] 全部完成
