============================================================
Writer Agent 启动
项目: D:\AiProject\Node\projects\novels8
============================================================
[2026-05-19 05:26:03] [Writer] 正在生成第239章...
[2026-05-19 05:27:23] [Writer] 第239章已保存（5831字） -> D:\AiProject\Node\projects\novels8\chapters\draft\chapter_0239.txt
[2026-05-19 05:27:25] [Writer] 正在生成第240章...
[2026-05-19 05:29:06] [Writer] 第240章字数不合格（7495字），重试(1/3)...
[2026-05-19 05:29:11] [Writer] 正在生成第240章...
[2026-05-19 05:30:56] [Writer] 第240章字数不合格（7842字），重试(2/3)...
[2026-05-19 05:31:01] [Writer] 正在生成第240章...
[2026-05-19 05:32:20] [Writer] 第240章已保存（5655字） -> D:\AiProject\Node\projects\novels8\chapters\draft\chapter_0240.txt
[2026-05-19 05:32:22] [Writer] 全部完成
============================================================
Writer Agent 启动
项目: D:\AiProject\Node\projects\novels8
============================================================
[2026-05-19 09:29:50] [Writer] 第239章已存在且字数合格（5831字），跳过
[2026-05-19 09:29:52] [Writer] 第240章已存在且字数合格（5655字），跳过
[2026-05-19 09:29:54] [Writer] 全部完成
