============================================================
Writer Agent 启动
项目: D:\AiProject\Node\projects\novels8
============================================================
[2026-05-19 05:09:09] [Writer] 第517章大纲不存在
[2026-05-19 05:09:11] [Writer] 第518章大纲不存在
[2026-05-19 05:09:13] [Writer] 第519章大纲不存在
[2026-05-19 05:09:15] [Writer] 第520章大纲不存在
[2026-05-19 05:09:17] [Writer] 全部完成
============================================================
Writer Agent 启动
项目: D:\AiProject\Node\projects\novels8
============================================================
[2026-05-19 05:09:26] [Writer] 第517章大纲不存在
[2026-05-19 05:09:28] [Writer] 第518章大纲不存在
[2026-05-19 05:09:30] [Writer] 第519章大纲不存在
[2026-05-19 05:09:32] [Writer] 第520章大纲不存在
[2026-05-19 05:09:34] [Writer] 全部完成
============================================================
Writer Agent 启动
项目: D:\AiProject\Node\projects\novels8
============================================================
[2026-05-19 06:30:08] [Writer] 第517章大纲不存在
[2026-05-19 06:30:10] [Writer] 第518章大纲不存在
[2026-05-19 06:30:12] [Writer] 第519章大纲不存在
[2026-05-19 06:30:14] [Writer] 第520章大纲不存在
[2026-05-19 06:30:16] [Writer] 全部完成
