============================================================
Writer Agent 启动
项目: D:\AiProject\Node\projects\novels8
============================================================
[2026-05-19 05:57:43] [Writer] 正在生成第577章...
[2026-05-19 05:59:21] [Writer] 第577章字数不合格（7369字），重试(1/3)...
[2026-05-19 05:59:26] [Writer] 正在生成第577章...
[2026-05-19 06:00:41] [Writer] 第577章已保存（4870字） -> D:\AiProject\Node\projects\novels8\chapters\draft\chapter_0577.txt
[2026-05-19 06:00:43] [Writer] 正在生成第578章...
[2026-05-19 06:02:15] [Writer] 第578章已保存（6159字） -> D:\AiProject\Node\projects\novels8\chapters\draft\chapter_0578.txt
[2026-05-19 06:02:17] [Writer] 正在生成第579章...
[2026-05-19 06:03:40] [Writer] 第579章已保存（5674字） -> D:\AiProject\Node\projects\novels8\chapters\draft\chapter_0579.txt
[2026-05-19 06:03:42] [Writer] 正在生成第580章...
[2026-05-19 06:04:47] [Writer] 第580章字数不合格（4424字），重试(1/3)...
[2026-05-19 06:04:52] [Writer] 正在生成第580章...
[2026-05-19 06:06:22] [Writer] 第580章字数不合格（6855字），重试(2/3)...
[2026-05-19 06:06:27] [Writer] 第580章已存在且字数合格（5472字），跳过
[2026-05-19 06:06:29] [Writer] 全部完成
============================================================
Writer Agent 启动
项目: D:\AiProject\Node\projects\novels8
============================================================
[2026-05-19 06:31:58] [Writer] 第577章已存在且字数合格（4870字），跳过
[2026-05-19 06:32:00] [Writer] 第578章已存在且字数合格（6159字），跳过
[2026-05-19 06:32:02] [Writer] 第579章已存在且字数合格（5265字），跳过
[2026-05-19 06:32:04] [Writer] 第580章已存在且字数合格（5472字），跳过
[2026-05-19 06:32:06] [Writer] 全部完成
