============================================================
Writer Agent 启动
项目: D:\AiProject\Node\projects\novels8
============================================================
[2026-05-19 06:12:48] [Writer] 正在生成第581章...
[2026-05-19 06:14:29] [Writer] 第581章字数不合格（7581字），重试(1/3)...
[2026-05-19 06:14:34] [Writer] 正在生成第581章...
[2026-05-19 06:16:01] [Writer] 第581章字数不合格（6627字），重试(2/3)...
[2026-05-19 06:16:06] [Writer] 第581章已存在且字数合格（4882字），跳过
[2026-05-19 06:16:08] [Writer] 正在生成第582章...
[2026-05-19 06:17:10] [Writer] 第582章已保存（4714字） -> D:\AiProject\Node\projects\novels8\chapters\draft\chapter_0582.txt
[2026-05-19 06:17:12] [Writer] 正在生成第583章...
[2026-05-19 06:18:12] [Writer] 第583章字数不合格（4340字），重试(1/3)...
[2026-05-19 06:18:17] [Writer] 正在生成第583章...
[2026-05-19 06:19:23] [Writer] 第583章已保存（4995字） -> D:\AiProject\Node\projects\novels8\chapters\draft\chapter_0583.txt
[2026-05-19 06:19:25] [Writer] 正在生成第584章...
[2026-05-19 06:20:50] [Writer] 第584章已保存（6042字） -> D:\AiProject\Node\projects\novels8\chapters\draft\chapter_0584.txt
[2026-05-19 06:20:52] [Writer] 全部完成
============================================================
Writer Agent 启动
项目: D:\AiProject\Node\projects\novels8
============================================================
[2026-05-19 06:33:33] [Writer] 第581章已存在且字数合格（4882字），跳过
[2026-05-19 06:33:35] [Writer] 第582章已存在且字数合格（5210字），跳过
[2026-05-19 06:33:37] [Writer] 第583章已存在且字数合格（4995字），跳过
[2026-05-19 06:33:39] [Writer] 第584章已存在且字数合格（6042字），跳过
[2026-05-19 06:33:41] [Writer] 全部完成
