============================================================
Writer Agent 启动
项目: D:\AiProject\Node\projects\novels8
============================================================
[2026-05-19 03:17:37] [Writer] 第73章大纲不存在
[2026-05-19 03:17:39] [Writer] 第74章大纲不存在
[2026-05-19 03:17:41] [Writer] 第75章大纲不存在
[2026-05-19 03:17:43] [Writer] 第76章大纲不存在
[2026-05-19 03:17:45] [Writer] 全部完成
============================================================
Writer Agent 启动
项目: D:\AiProject\Node\projects\novels8
============================================================
[2026-05-19 03:18:01] [Writer] 第73章大纲不存在
[2026-05-19 03:18:03] [Writer] 第74章大纲不存在
[2026-05-19 03:18:05] [Writer] 第75章大纲不存在
[2026-05-19 03:18:07] [Writer] 第76章大纲不存在
[2026-05-19 03:18:09] [Writer] 全部完成
============================================================
Writer Agent 启动
项目: D:\AiProject\Node\projects\novels8
============================================================
[2026-05-19 04:11:31] [Writer] 第73章已存在且字数合格（5635字），跳过
[2026-05-19 04:11:33] [Writer] 第74章已存在且字数合格（6402字），跳过
[2026-05-19 04:11:35] [Writer] 第75章已存在且字数合格（5950字），跳过
[2026-05-19 04:11:37] [Writer] 第76章已存在且字数合格（5548字），跳过
[2026-05-19 04:11:39] [Writer] 全部完成
