============================================================
Writer Agent 启动
项目: D:\AiProject\Node\projects\novels8
============================================================
[2026-05-19 04:07:22] [Writer] 正在生成第445章...
[2026-05-19 04:08:36] [Writer] 第445章已保存（5150字） -> D:\AiProject\Node\projects\novels8\chapters\draft\chapter_0445.txt
[2026-05-19 04:08:38] [Writer] 正在生成第446章...
[2026-05-19 04:09:41] [Writer] 第446章已保存（4710字） -> D:\AiProject\Node\projects\novels8\chapters\draft\chapter_0446.txt
[2026-05-19 04:09:43] [Writer] 正在生成第447章...
[2026-05-19 04:10:56] [Writer] 第447章已保存（5608字） -> D:\AiProject\Node\projects\novels8\chapters\draft\chapter_0447.txt
[2026-05-19 04:10:58] [Writer] 正在生成第448章...
[2026-05-19 04:12:06] [Writer] 第448章已保存（4888字） -> D:\AiProject\Node\projects\novels8\chapters\draft\chapter_0448.txt
[2026-05-19 04:12:08] [Writer] 全部完成
============================================================
Writer Agent 启动
项目: D:\AiProject\Node\projects\novels8
============================================================
[2026-05-19 04:52:09] [Writer] 第445章已存在且字数合格（5150字），跳过
[2026-05-19 04:52:11] [Writer] 第446章已存在且字数合格（4710字），跳过
[2026-05-19 04:52:13] [Writer] 第447章已存在且字数合格（5608字），跳过
[2026-05-19 04:52:15] [Writer] 第448章已存在且字数合格（4888字），跳过
[2026-05-19 04:52:17] [Writer] 全部完成
============================================================
Writer Agent 启动
项目: D:\AiProject\Node\projects\novels8
============================================================
[2026-05-19 06:26:43] [Writer] 第445章已存在且字数合格（5150字），跳过
[2026-05-19 06:26:45] [Writer] 第446章已存在且字数合格（4710字），跳过
[2026-05-19 06:26:47] [Writer] 第447章已存在且字数合格（5608字），跳过
[2026-05-19 06:26:49] [Writer] 第448章已存在且字数合格（4888字），跳过
[2026-05-19 06:26:51] [Writer] 全部完成
