============================================================
Writer Agent 启动
项目: D:\AiProject\Node\projects\novels8
============================================================
[2026-05-19 03:24:30] [Writer] 第385章大纲不存在
[2026-05-19 03:24:32] [Writer] 第386章大纲不存在
[2026-05-19 03:24:34] [Writer] 第387章大纲不存在
[2026-05-19 03:24:36] [Writer] 第388章大纲不存在
[2026-05-19 03:24:38] [Writer] 全部完成
============================================================
Writer Agent 启动
项目: D:\AiProject\Node\projects\novels8
============================================================
[2026-05-19 04:23:32] [Writer] 正在生成第385章...
[2026-05-19 04:24:38] [Writer] 第385章已保存（5111字） -> D:\AiProject\Node\projects\novels8\chapters\draft\chapter_0385.txt
[2026-05-19 04:24:40] [Writer] 正在生成第386章...
[2026-05-19 04:25:41] [Writer] 第386章字数不合格（4369字），重试(1/3)...
[2026-05-19 04:25:46] [Writer] 正在生成第386章...
[2026-05-19 04:26:46] [Writer] 第386章字数不合格（4177字），重试(2/3)...
[2026-05-19 04:26:51] [Writer] 正在生成第386章...
[2026-05-19 04:28:01] [Writer] 第386章已保存（4630字） -> D:\AiProject\Node\projects\novels8\chapters\draft\chapter_0386.txt
[2026-05-19 04:28:03] [Writer] 正在生成第387章...
[2026-05-19 04:29:17] [Writer] 第387章已保存（5643字） -> D:\AiProject\Node\projects\novels8\chapters\draft\chapter_0387.txt
[2026-05-19 04:29:19] [Writer] 正在生成第388章...
[2026-05-19 04:30:24] [Writer] 第388章已保存（5111字） -> D:\AiProject\Node\projects\novels8\chapters\draft\chapter_0388.txt
[2026-05-19 04:30:26] [Writer] 全部完成
============================================================
Writer Agent 启动
项目: D:\AiProject\Node\projects\novels8
============================================================
[2026-05-19 06:19:23] [Writer] 第385章已存在且字数合格（5111字），跳过
[2026-05-19 06:19:25] [Writer] 第386章已存在且字数合格（4630字），跳过
[2026-05-19 06:19:27] [Writer] 第387章已存在且字数合格（5643字），跳过
[2026-05-19 06:19:29] [Writer] 第388章已存在且字数合格（5111字），跳过
[2026-05-19 06:19:31] [Writer] 全部完成
