============================================================
Writer Agent 启动
项目: D:\AiProject\Node\projects\novels8
============================================================
[2026-05-19 05:42:21] [Writer] 正在生成第549章...
[2026-05-19 05:43:42] [Writer] 第549章已保存（5577字） -> D:\AiProject\Node\projects\novels8\chapters\draft\chapter_0549.txt
[2026-05-19 05:43:44] [Writer] 正在生成第550章...
[2026-05-19 05:45:25] [Writer] 第550章字数不合格（7367字），重试(1/3)...
[2026-05-19 05:45:30] [Writer] 正在生成第550章...
[2026-05-19 05:46:57] [Writer] 第550章已保存（6385字） -> D:\AiProject\Node\projects\novels8\chapters\draft\chapter_0550.txt
[2026-05-19 05:46:59] [Writer] 正在生成第551章...
[2026-05-19 05:48:28] [Writer] 第551章已保存（6169字） -> D:\AiProject\Node\projects\novels8\chapters\draft\chapter_0551.txt
[2026-05-19 05:48:30] [Writer] 正在生成第552章...
[2026-05-19 05:50:41] [Writer] 第552章字数不合格（9551字），重试(1/3)...
[2026-05-19 05:50:46] [Writer] 正在生成第552章...
[2026-05-19 05:52:08] [Writer] 第552章已保存（5721字） -> D:\AiProject\Node\projects\novels8\chapters\draft\chapter_0552.txt
[2026-05-19 05:52:10] [Writer] 全部完成
============================================================
Writer Agent 启动
项目: D:\AiProject\Node\projects\novels8
============================================================
[2026-05-19 06:30:59] [Writer] 第549章已存在且字数合格（5443字），跳过
[2026-05-19 06:31:01] [Writer] 第550章已存在且字数合格（6385字），跳过
[2026-05-19 06:31:03] [Writer] 第551章已存在且字数合格（6169字），跳过
[2026-05-19 06:31:05] [Writer] 第552章已存在且字数合格（5721字），跳过
[2026-05-19 06:31:07] [Writer] 全部完成
