============================================================
Writer Agent 启动
项目: D:\AiProject\Node\projects\novels8
============================================================
[2026-05-19 02:59:43] [Writer] 正在生成第37章...
[2026-05-19 03:01:20] [Writer] 第37章已保存（5406字） -> D:\AiProject\Node\projects\novels8\chapters\draft\chapter_0037.txt
[2026-05-19 03:01:22] [Writer] 正在生成第38章...
[2026-05-19 03:03:12] [Writer] 第38章字数不合格（7250字），重试(1/3)...
[2026-05-19 03:03:17] [Writer] 正在生成第38章...
[2026-05-19 03:04:33] [Writer] 第38章已保存（5290字） -> D:\AiProject\Node\projects\novels8\chapters\draft\chapter_0038.txt
[2026-05-19 03:04:35] [Writer] 正在生成第39章...
[2026-05-19 03:06:03] [Writer] 第39章字数不合格（5516字），重试(1/3)...
[2026-05-19 03:06:08] [Writer] 正在生成第39章...
[2026-05-19 03:08:19] [Writer] 第39章字数不合格（8887字），重试(2/3)...
[2026-05-19 03:08:24] [Writer] 正在生成第39章...
[2026-05-19 03:09:41] [Writer] 第39章已保存（5174字） -> D:\AiProject\Node\projects\novels8\chapters\draft\chapter_0039.txt
[2026-05-19 03:09:43] [Writer] 正在生成第40章...
[2026-05-19 03:11:00] [Writer] 第40章字数不合格（6010字），重试(1/3)...
[2026-05-19 03:11:05] [Writer] 正在生成第40章...
[2026-05-19 03:12:37] [Writer] 第40章字数不合格（6980字），重试(2/3)...
[2026-05-19 03:12:42] [Writer] 第40章已存在且字数合格（5332字），跳过
[2026-05-19 03:12:44] [Writer] 全部完成
============================================================
Writer Agent 启动
项目: D:\AiProject\Node\projects\novels8
============================================================
[2026-05-19 03:50:40] [Writer] 正在生成第37章...
[2026-05-19 03:52:06] [Writer] 第37章已保存（6361字） -> D:\AiProject\Node\projects\novels8\chapters\draft\chapter_0037.txt
[2026-05-19 03:52:08] [Writer] 正在生成第38章...
[2026-05-19 03:53:40] [Writer] 第38章字数不合格（6862字），重试(1/3)...
[2026-05-19 03:53:45] [Writer] 正在生成第38章...
[2026-05-19 03:55:09] [Writer] 第38章已保存（6183字） -> D:\AiProject\Node\projects\novels8\chapters\draft\chapter_0038.txt
[2026-05-19 03:55:11] [Writer] 正在生成第39章...
[2026-05-19 03:56:18] [Writer] 第39章已保存（4688字） -> D:\AiProject\Node\projects\novels8\chapters\draft\chapter_0039.txt
[2026-05-19 03:56:20] [Writer] 正在生成第40章...
[2026-05-19 03:57:50] [Writer] 第40章已保存（6185字） -> D:\AiProject\Node\projects\novels8\chapters\draft\chapter_0040.txt
[2026-05-19 03:57:52] [Writer] 全部完成
