============================================================
Writer Agent 启动
项目: D:\AiProject\Node\projects\novels8
============================================================
[2026-05-19 05:23:18] [Writer] 正在生成第533章...
[2026-05-19 05:24:55] [Writer] 第533章字数不合格（6846字），重试(1/3)...
[2026-05-19 05:25:00] [Writer] 正在生成第533章...
[2026-05-19 05:26:23] [Writer] 第533章已保存（5552字） -> D:\AiProject\Node\projects\novels8\chapters\draft\chapter_0533.txt
[2026-05-19 05:26:25] [Writer] 正在生成第534章...
[2026-05-19 05:28:21] [Writer] 第534章字数不合格（9116字），重试(1/3)...
[2026-05-19 05:28:26] [Writer] 第534章已存在且字数合格（6110字），跳过
[2026-05-19 05:28:28] [Writer] 正在生成第535章...
[2026-05-19 05:29:51] [Writer] 第535章字数不合格（7302字），重试(1/3)...
[2026-05-19 05:29:56] [Writer] 第535章已存在且字数合格（6314字），跳过
[2026-05-19 05:29:58] [Writer] 正在生成第536章...
[2026-05-19 05:31:42] [Writer] 第536章字数不合格（8170字），重试(1/3)...
[2026-05-19 05:31:47] [Writer] 第536章已存在且字数合格（6173字），跳过
[2026-05-19 05:31:49] [Writer] 全部完成
============================================================
Writer Agent 启动
项目: D:\AiProject\Node\projects\novels8
============================================================
[2026-05-19 06:30:34] [Writer] 第533章已存在且字数合格（5552字），跳过
[2026-05-19 06:30:36] [Writer] 第534章已存在且字数合格（6110字），跳过
[2026-05-19 06:30:38] [Writer] 第535章已存在且字数合格（6314字），跳过
[2026-05-19 06:30:40] [Writer] 第536章已存在且字数合格（6173字），跳过
[2026-05-19 06:30:42] [Writer] 全部完成
