============================================================
Writer Agent 启动
项目: D:\AiProject\Node\projects\novels8
============================================================
[2026-05-19 03:18:55] [Writer] 第137章大纲不存在
[2026-05-19 03:18:57] [Writer] 第138章大纲不存在
[2026-05-19 03:18:59] [Writer] 第139章大纲不存在
[2026-05-19 03:19:01] [Writer] 第140章大纲不存在
[2026-05-19 03:19:03] [Writer] 全部完成
============================================================
Writer Agent 启动
项目: D:\AiProject\Node\projects\novels8
============================================================
[2026-05-19 03:19:19] [Writer] 第137章大纲不存在
[2026-05-19 03:19:21] [Writer] 第138章大纲不存在
[2026-05-19 03:19:23] [Writer] 第139章大纲不存在
[2026-05-19 03:19:25] [Writer] 第140章大纲不存在
[2026-05-19 03:19:27] [Writer] 全部完成
============================================================
Writer Agent 启动
项目: D:\AiProject\Node\projects\novels8
============================================================
[2026-05-19 04:38:35] [Writer] 正在生成第137章...
[2026-05-19 04:40:27] [Writer] 第137章字数不合格（7646字），重试(1/3)...
[2026-05-19 04:40:32] [Writer] 第137章已存在且字数合格（5417字），跳过
[2026-05-19 04:40:34] [Writer] 正在生成第138章...
[2026-05-19 04:42:01] [Writer] 第138章已保存（5762字） -> D:\AiProject\Node\projects\novels8\chapters\draft\chapter_0138.txt
[2026-05-19 04:42:03] [Writer] 第139章已存在且字数合格（5993字），跳过
[2026-05-19 04:42:05] [Writer] 第140章已存在且字数合格（6238字），跳过
[2026-05-19 04:42:07] [Writer] 全部完成
