============================================================
Writer Agent 启动
项目: D:\AiProject\Node\projects\novels8
============================================================
[2026-05-19 03:19:46] [Writer] 第169章大纲不存在
[2026-05-19 03:19:48] [Writer] 第170章大纲不存在
[2026-05-19 03:19:50] [Writer] 第171章大纲不存在
[2026-05-19 03:19:52] [Writer] 第172章大纲不存在
[2026-05-19 03:19:54] [Writer] 全部完成
============================================================
Writer Agent 启动
项目: D:\AiProject\Node\projects\novels8
============================================================
[2026-05-19 03:20:10] [Writer] 第169章大纲不存在
[2026-05-19 03:20:12] [Writer] 第170章大纲不存在
[2026-05-19 03:20:14] [Writer] 第171章大纲不存在
[2026-05-19 03:20:16] [Writer] 第172章大纲不存在
[2026-05-19 03:20:18] [Writer] 全部完成
============================================================
Writer Agent 启动
项目: D:\AiProject\Node\projects\novels8
============================================================
[2026-05-19 04:59:17] [Writer] 正在生成第169章...
[2026-05-19 05:00:32] [Writer] 第169章已保存（5352字） -> D:\AiProject\Node\projects\novels8\chapters\draft\chapter_0169.txt
[2026-05-19 05:00:34] [Writer] 正在生成第170章...
[2026-05-19 05:02:02] [Writer] 第170章已保存（5561字） -> D:\AiProject\Node\projects\novels8\chapters\draft\chapter_0170.txt
[2026-05-19 05:02:04] [Writer] 第171章已存在且字数合格（5016字），跳过
[2026-05-19 05:02:06] [Writer] 第172章已存在且字数合格（5353字），跳过
[2026-05-19 05:02:08] [Writer] 全部完成
