============================================================
Writer Agent 启动
项目: D:\AiProject\Node\projects\novels8
============================================================
[2026-05-19 03:24:56] [Writer] 第417章大纲不存在
[2026-05-19 03:24:58] [Writer] 第418章大纲不存在
[2026-05-19 03:25:00] [Writer] 第419章大纲不存在
[2026-05-19 03:25:02] [Writer] 第420章大纲不存在
[2026-05-19 03:25:04] [Writer] 全部完成
============================================================
Writer Agent 启动
项目: D:\AiProject\Node\projects\novels8
============================================================
[2026-05-19 04:38:33] [Writer] 正在生成第417章...
[2026-05-19 04:39:42] [Writer] 第417章已保存（5339字） -> D:\AiProject\Node\projects\novels8\chapters\draft\chapter_0417.txt
[2026-05-19 04:39:44] [Writer] 正在生成第418章...
[2026-05-19 04:41:00] [Writer] 第418章已保存（5884字） -> D:\AiProject\Node\projects\novels8\chapters\draft\chapter_0418.txt
[2026-05-19 04:41:02] [Writer] 正在生成第419章...
[2026-05-19 04:42:40] [Writer] 第419章字数不合格（6998字），重试(1/3)...
[2026-05-19 04:42:46] [Writer] 正在生成第419章...
[2026-05-19 04:44:06] [Writer] 第419章已保存（5321字） -> D:\AiProject\Node\projects\novels8\chapters\draft\chapter_0419.txt
[2026-05-19 04:44:08] [Writer] 正在生成第420章...
[2026-05-19 04:45:20] [Writer] 第420章字数不合格（4332字），重试(1/3)...
[2026-05-19 04:45:25] [Writer] 正在生成第420章...
[2026-05-19 04:46:41] [Writer] 第420章已保存（5340字） -> D:\AiProject\Node\projects\novels8\chapters\draft\chapter_0420.txt
[2026-05-19 04:46:43] [Writer] 全部完成
============================================================
Writer Agent 启动
项目: D:\AiProject\Node\projects\novels8
============================================================
[2026-05-19 06:20:34] [Writer] 第417章已存在且字数合格（5339字），跳过
[2026-05-19 06:20:36] [Writer] 第418章已存在且字数合格（5884字），跳过
[2026-05-19 06:20:38] [Writer] 第419章已存在且字数合格（5321字），跳过
[2026-05-19 06:20:40] [Writer] 第420章已存在且字数合格（5340字），跳过
[2026-05-19 06:20:42] [Writer] 全部完成
