============================================================
Writer Agent 启动
项目: D:\AiProject\Node\projects\novels8
============================================================
[2026-05-19 03:23:37] [Writer] 第349章大纲不存在
[2026-05-19 03:23:39] [Writer] 第350章大纲不存在
[2026-05-19 03:23:41] [Writer] 第351章大纲不存在
[2026-05-19 03:23:43] [Writer] 第352章大纲不存在
[2026-05-19 03:23:45] [Writer] 全部完成
============================================================
Writer Agent 启动
项目: D:\AiProject\Node\projects\novels8
============================================================
[2026-05-19 03:49:48] [Writer] 正在生成第349章...
[2026-05-19 03:51:07] [Writer] 第349章已保存（5519字） -> D:\AiProject\Node\projects\novels8\chapters\draft\chapter_0349.txt
[2026-05-19 03:51:09] [Writer] 正在生成第350章...
[2026-05-19 03:51:57] [Writer] 第350章字数不合格（3539字），重试(1/3)...
[2026-05-19 03:52:02] [Writer] 正在生成第350章...
[2026-05-19 03:53:27] [Writer] 第350章已保存（4777字） -> D:\AiProject\Node\projects\novels8\chapters\draft\chapter_0350.txt
[2026-05-19 03:53:29] [Writer] 正在生成第351章...
[2026-05-19 03:54:47] [Writer] 第351章已保存（5319字） -> D:\AiProject\Node\projects\novels8\chapters\draft\chapter_0351.txt
[2026-05-19 03:54:49] [Writer] 正在生成第352章...
[2026-05-19 03:55:54] [Writer] 第352章字数不合格（4398字），重试(1/3)...
[2026-05-19 03:55:59] [Writer] 正在生成第352章...
[2026-05-19 03:57:58] [Writer] 第352章字数不合格（9698字），重试(2/3)...
[2026-05-19 03:58:03] [Writer] 正在生成第352章...
[2026-05-19 03:59:33] [Writer] 第352章字数不合格（6947字），重试(3/3)...
[2026-05-19 03:59:38] [Writer] 正在生成第352章...
[2026-05-19 04:01:02] [Writer] 第352章已保存（5925字） -> D:\AiProject\Node\projects\novels8\chapters\draft\chapter_0352.txt
[2026-05-19 04:01:04] [Writer] 全部完成
============================================================
Writer Agent 启动
项目: D:\AiProject\Node\projects\novels8
============================================================
[2026-05-19 06:18:32] [Writer] 第349章已存在且字数合格（5519字），跳过
[2026-05-19 06:18:34] [Writer] 第350章已存在且字数合格（4777字），跳过
[2026-05-19 06:18:36] [Writer] 第351章已存在且字数合格（5319字），跳过
[2026-05-19 06:18:38] [Writer] 第352章已存在且字数合格（5925字），跳过
[2026-05-19 06:18:40] [Writer] 全部完成
