============================================================
Writer Agent 启动
项目: D:\AiProject\Node\projects\novels8
============================================================
[2026-05-19 03:17:11] [Writer] 第45章大纲不存在
[2026-05-19 03:17:13] [Writer] 第46章大纲不存在
[2026-05-19 03:17:15] [Writer] 第47章大纲不存在
[2026-05-19 03:17:17] [Writer] 第48章大纲不存在
[2026-05-19 03:17:19] [Writer] 全部完成
============================================================
Writer Agent 启动
项目: D:\AiProject\Node\projects\novels8
============================================================
[2026-05-19 03:17:36] [Writer] 第45章大纲不存在
[2026-05-19 03:17:38] [Writer] 第46章大纲不存在
[2026-05-19 03:17:40] [Writer] 第47章大纲不存在
[2026-05-19 03:17:42] [Writer] 第48章大纲不存在
[2026-05-19 03:17:44] [Writer] 全部完成
============================================================
Writer Agent 启动
项目: D:\AiProject\Node\projects\novels8
============================================================
[2026-05-19 03:58:25] [Writer] 第45章已存在且字数合格（4879字），跳过
[2026-05-19 03:58:27] [Writer] 第46章已存在且字数合格（5368字），跳过
[2026-05-19 03:58:29] [Writer] 第47章已存在且字数合格（5286字），跳过
[2026-05-19 03:58:31] [Writer] 第48章已存在且字数合格（4986字），跳过
[2026-05-19 03:58:33] [Writer] 全部完成
