============================================================
Writer Agent 启动
项目: D:\AiProject\Node\projects\novels8
============================================================
[2026-05-19 03:00:16] [Writer] 正在生成第21章...
[2026-05-19 03:02:08] [Writer] 第21章字数不合格（6527字），重试(1/3)...
[2026-05-19 03:02:13] [Writer] 正在生成第21章...
[2026-05-19 03:03:41] [Writer] 第21章已保存（5482字） -> D:\AiProject\Node\projects\novels8\chapters\draft\chapter_0021.txt
[2026-05-19 03:03:43] [Writer] 正在生成第22章...
[2026-05-19 03:04:59] [Writer] 第22章已保存（5116字） -> D:\AiProject\Node\projects\novels8\chapters\draft\chapter_0022.txt
[2026-05-19 03:05:01] [Writer] 正在生成第23章...
[2026-05-19 03:06:27] [Writer] 第23章字数不合格（5642字），重试(1/3)...
[2026-05-19 03:06:32] [Writer] 正在生成第23章...
[2026-05-19 03:08:03] [Writer] 第23章字数不合格（6580字），重试(2/3)...
[2026-05-19 03:08:08] [Writer] 正在生成第23章...
[2026-05-19 03:09:24] [Writer] 第23章字数不合格（5777字），重试(3/3)...
[2026-05-19 03:09:29] [Writer] 第23章已存在且字数合格（5295字），跳过
[2026-05-19 03:09:31] [Writer] 正在生成第24章...
[2026-05-19 03:11:14] [Writer] 第24章字数不合格（7782字），重试(1/3)...
[2026-05-19 03:11:19] [Writer] 第24章已存在且字数合格（5183字），跳过
[2026-05-19 03:11:21] [Writer] 全部完成
============================================================
Writer Agent 启动
项目: D:\AiProject\Node\projects\novels8
============================================================
[2026-05-19 03:50:40] [Writer] 第21章已存在且字数合格（6057字），跳过
[2026-05-19 03:50:42] [Writer] 第22章已存在且字数合格（5554字），跳过
[2026-05-19 03:50:44] [Writer] 第23章已存在且字数合格（4815字），跳过
[2026-05-19 03:50:46] [Writer] 第24章已存在且字数合格（5490字），跳过
[2026-05-19 03:50:48] [Writer] 全部完成
