============================================================
Writer Agent 启动
项目: D:\AiProject\Node\projects\novels8
============================================================
[2026-05-19 03:17:37] [Writer] 第77章大纲不存在
[2026-05-19 03:17:39] [Writer] 第78章大纲不存在
[2026-05-19 03:17:41] [Writer] 第79章大纲不存在
[2026-05-19 03:17:43] [Writer] 第80章大纲不存在
[2026-05-19 03:17:45] [Writer] 全部完成
============================================================
Writer Agent 启动
项目: D:\AiProject\Node\projects\novels8
============================================================
[2026-05-19 03:18:01] [Writer] 第77章大纲不存在
[2026-05-19 03:18:03] [Writer] 第78章大纲不存在
[2026-05-19 03:18:05] [Writer] 第79章大纲不存在
[2026-05-19 03:18:07] [Writer] 第80章大纲不存在
[2026-05-19 03:18:09] [Writer] 全部完成
============================================================
Writer Agent 启动
项目: D:\AiProject\Node\projects\novels8
============================================================
[2026-05-19 04:11:31] [Writer] 第77章已存在且字数合格（5603字），跳过
[2026-05-19 04:11:33] [Writer] 正在生成第78章...
[2026-05-19 04:13:01] [Writer] 第78章已保存（6232字） -> D:\AiProject\Node\projects\novels8\chapters\draft\chapter_0078.txt
[2026-05-19 04:13:03] [Writer] 正在生成第79章...
[2026-05-19 04:14:21] [Writer] 第79章已保存（6022字） -> D:\AiProject\Node\projects\novels8\chapters\draft\chapter_0079.txt
[2026-05-19 04:14:23] [Writer] 正在生成第80章...
[2026-05-19 04:15:48] [Writer] 第80章已保存（6162字） -> D:\AiProject\Node\projects\novels8\chapters\draft\chapter_0080.txt
[2026-05-19 04:15:50] [Writer] 全部完成
