============================================================
Writer Agent 启动
项目: D:\AiProject\Node\projects\novels8
============================================================
[2026-05-19 03:46:25] [Writer] 正在生成第433章...
[2026-05-19 03:47:27] [Writer] 第433章字数不合格（4299字），重试(1/3)...
[2026-05-19 03:47:32] [Writer] 正在生成第433章...
[2026-05-19 03:48:30] [Writer] 第433章字数不合格（4338字），重试(2/3)...
[2026-05-19 03:48:35] [Writer] 正在生成第433章...
[2026-05-19 03:50:10] [Writer] 第433章字数不合格（7137字），重试(3/3)...
[2026-05-19 03:50:15] [Writer] 正在生成第433章...
[2026-05-19 03:51:27] [Writer] 第433章已保存（5651字） -> D:\AiProject\Node\projects\novels8\chapters\draft\chapter_0433.txt
[2026-05-19 03:51:29] [Writer] 正在生成第434章...
[2026-05-19 03:52:28] [Writer] 第434章字数不合格（4425字），重试(1/3)...
[2026-05-19 03:52:33] [Writer] 正在生成第434章...
[2026-05-19 03:53:36] [Writer] 第434章字数不合格（4240字），重试(2/3)...
[2026-05-19 03:53:41] [Writer] 正在生成第434章...
[2026-05-19 03:55:11] [Writer] 第434章字数不合格（6629字），重试(3/3)...
[2026-05-19 03:55:16] [Writer] 正在生成第434章...
[2026-05-19 03:56:30] [Writer] 第434章已保存（5473字） -> D:\AiProject\Node\projects\novels8\chapters\draft\chapter_0434.txt
[2026-05-19 03:56:32] [Writer] 正在生成第435章...
[2026-05-19 03:58:08] [Writer] 第435章字数不合格（6932字），重试(1/3)...
[2026-05-19 03:58:13] [Writer] 正在生成第435章...
[2026-05-19 03:59:34] [Writer] 第435章已保存（6284字） -> D:\AiProject\Node\projects\novels8\chapters\draft\chapter_0435.txt
[2026-05-19 03:59:37] [Writer] 正在生成第436章...
[2026-05-19 04:00:58] [Writer] 第436章已保存（5664字） -> D:\AiProject\Node\projects\novels8\chapters\draft\chapter_0436.txt
[2026-05-19 04:01:00] [Writer] 全部完成
============================================================
Writer Agent 启动
项目: D:\AiProject\Node\projects\novels8
============================================================
[2026-05-19 04:49:23] [Writer] 第433章已存在且字数合格（5651字），跳过
[2026-05-19 04:49:25] [Writer] 第434章已存在且字数合格（5473字），跳过
[2026-05-19 04:49:27] [Writer] 第435章已存在且字数合格（6284字），跳过
[2026-05-19 04:49:29] [Writer] 第436章已存在且字数合格（5664字），跳过
[2026-05-19 04:49:31] [Writer] 全部完成
============================================================
Writer Agent 启动
项目: D:\AiProject\Node\projects\novels8
============================================================
[2026-05-19 06:25:38] [Writer] 第433章已存在且字数合格（5651字），跳过
[2026-05-19 06:25:40] [Writer] 第434章已存在且字数合格（5473字），跳过
[2026-05-19 06:25:42] [Writer] 第435章已存在且字数合格（6284字），跳过
[2026-05-19 06:25:44] [Writer] 第436章已存在且字数合格（5664字），跳过
[2026-05-19 06:25:46] [Writer] 全部完成
