============================================================
Writer Agent 启动
项目: D:\AiProject\Node\projects\novels8
============================================================
[2026-05-19 03:25:42] [Writer] 正在生成第9章...
[2026-05-19 03:27:10] [Writer] 第9章字数不合格（6197字），重试(1/3)...
[2026-05-19 03:27:15] [Writer] 正在生成第9章...
[2026-05-19 03:28:36] [Writer] 第9章字数不合格（6485字），重试(2/3)...
[2026-05-19 03:28:41] [Writer] 正在生成第9章...
[2026-05-19 03:29:55] [Writer] 第9章已保存（5324字） -> D:\AiProject\Node\projects\novels8\chapters\draft\chapter_0009.txt
[2026-05-19 03:29:57] [Writer] 正在生成第10章...
[2026-05-19 03:31:13] [Writer] 第10章字数不合格（5923字），重试(1/3)...
[2026-05-19 03:31:18] [Writer] 正在生成第10章...
[2026-05-19 03:32:38] [Writer] 第10章字数不合格（6907字），重试(2/3)...
[2026-05-19 03:32:43] [Writer] 正在生成第10章...
[2026-05-19 03:34:01] [Writer] 第10章字数不合格（5788字），重试(3/3)...
[2026-05-19 03:34:06] [Writer] 正在生成第10章...
[2026-05-19 03:35:40] [Writer] 第10章字数不合格（7492字），保存草稿并标记失败
[2026-05-19 03:35:40] [Writer] 第10章已保存（7492字） -> D:\AiProject\Node\projects\novels8\chapters\draft\chapter_0010.txt
[2026-05-19 03:35:40] [Writer] 第10章生成失败，记录并继续
[2026-05-19 03:35:42] [Writer] 以下章节生成失败: [10]
