============================================================
Writer Agent 启动
项目: D:\AiProject\Node\projects\novels8
============================================================
[2026-05-19 03:24:30] [Writer] 第397章大纲不存在
[2026-05-19 03:24:32] [Writer] 第398章大纲不存在
[2026-05-19 03:24:34] [Writer] 第399章大纲不存在
[2026-05-19 03:24:36] [Writer] 第400章大纲不存在
[2026-05-19 03:24:38] [Writer] 全部完成
============================================================
Writer Agent 启动
项目: D:\AiProject\Node\projects\novels8
============================================================
[2026-05-19 04:23:32] [Writer] 正在生成第397章...
[2026-05-19 04:24:43] [Writer] 第397章已保存（5107字） -> D:\AiProject\Node\projects\novels8\chapters\draft\chapter_0397.txt
[2026-05-19 04:24:45] [Writer] 正在生成第398章...
[2026-05-19 04:25:54] [Writer] 第398章已保存（4750字） -> D:\AiProject\Node\projects\novels8\chapters\draft\chapter_0398.txt
[2026-05-19 04:25:56] [Writer] 正在生成第399章...
[2026-05-19 04:27:38] [Writer] 第399章字数不合格（4443字），重试(1/3)...
[2026-05-19 04:27:43] [Writer] 正在生成第399章...
[2026-05-19 04:29:06] [Writer] 第399章已保存（5730字） -> D:\AiProject\Node\projects\novels8\chapters\draft\chapter_0399.txt
[2026-05-19 04:29:08] [Writer] 正在生成第400章...
[2026-05-19 04:30:32] [Writer] 第400章已保存（6218字） -> D:\AiProject\Node\projects\novels8\chapters\draft\chapter_0400.txt
[2026-05-19 04:30:34] [Writer] 全部完成
============================================================
Writer Agent 启动
项目: D:\AiProject\Node\projects\novels8
============================================================
[2026-05-19 06:19:23] [Writer] 第397章已存在且字数合格（5107字），跳过
[2026-05-19 06:19:25] [Writer] 第398章已存在且字数合格（4750字），跳过
[2026-05-19 06:19:27] [Writer] 第399章已存在且字数合格（5730字），跳过
[2026-05-19 06:19:29] [Writer] 第400章已存在且字数合格（6218字），跳过
[2026-05-19 06:19:31] [Writer] 全部完成
