============================================================
Writer Agent 启动
项目: D:\AiProject\Node\projects\novels8
============================================================
[2026-05-19 03:22:19] [Writer] 第289章大纲不存在
[2026-05-19 03:22:21] [Writer] 第290章大纲不存在
[2026-05-19 03:22:23] [Writer] 第291章大纲不存在
[2026-05-19 03:22:25] [Writer] 第292章大纲不存在
[2026-05-19 03:22:27] [Writer] 全部完成
============================================================
Writer Agent 启动
项目: D:\AiProject\Node\projects\novels8
============================================================
[2026-05-19 03:22:43] [Writer] 第289章大纲不存在
[2026-05-19 03:22:45] [Writer] 第290章大纲不存在
[2026-05-19 03:22:47] [Writer] 第291章大纲不存在
[2026-05-19 03:22:49] [Writer] 第292章大纲不存在
[2026-05-19 03:22:51] [Writer] 全部完成
============================================================
Writer Agent 启动
项目: D:\AiProject\Node\projects\novels8
============================================================
[2026-05-19 05:58:27] [Writer] 正在生成第289章...
[2026-05-19 05:59:18] [Writer] 第289章字数不合格（3473字），重试(1/3)...
[2026-05-19 05:59:23] [Writer] 正在生成第289章...
[2026-05-19 06:00:38] [Writer] 第289章已保存（5344字） -> D:\AiProject\Node\projects\novels8\chapters\draft\chapter_0289.txt
[2026-05-19 06:00:40] [Writer] 正在生成第290章...
[2026-05-19 06:02:10] [Writer] 第290章已保存（6341字） -> D:\AiProject\Node\projects\novels8\chapters\draft\chapter_0290.txt
[2026-05-19 06:02:12] [Writer] 第291章已存在且字数合格（6354字），跳过
[2026-05-19 06:02:14] [Writer] 正在生成第292章...
[2026-05-19 06:03:44] [Writer] 第292章已保存（5960字） -> D:\AiProject\Node\projects\novels8\chapters\draft\chapter_0292.txt
[2026-05-19 06:03:46] [Writer] 全部完成
