============================================================
Writer Agent 启动
项目: D:\AiProject\Node\projects\novels8
============================================================
[2026-05-19 03:18:03] [Writer] 第81章大纲不存在
[2026-05-19 03:18:05] [Writer] 第82章大纲不存在
[2026-05-19 03:18:07] [Writer] 第83章大纲不存在
[2026-05-19 03:18:09] [Writer] 第84章大纲不存在
[2026-05-19 03:18:11] [Writer] 全部完成
============================================================
Writer Agent 启动
项目: D:\AiProject\Node\projects\novels8
============================================================
[2026-05-19 03:18:27] [Writer] 第81章大纲不存在
[2026-05-19 03:18:29] [Writer] 第82章大纲不存在
[2026-05-19 03:18:31] [Writer] 第83章大纲不存在
[2026-05-19 03:18:33] [Writer] 第84章大纲不存在
[2026-05-19 03:18:35] [Writer] 全部完成
============================================================
Writer Agent 启动
项目: D:\AiProject\Node\projects\novels8
============================================================
[2026-05-19 04:16:44] [Writer] 正在生成第81章...
[2026-05-19 04:17:59] [Writer] 第81章已保存（4887字） -> D:\AiProject\Node\projects\novels8\chapters\draft\chapter_0081.txt
[2026-05-19 04:18:01] [Writer] 正在生成第82章...
[2026-05-19 04:19:42] [Writer] 第82章字数不合格（7827字），重试(1/3)...
[2026-05-19 04:19:47] [Writer] 正在生成第82章...
[2026-05-19 04:20:46] [Writer] 第82章已保存（4540字） -> D:\AiProject\Node\projects\novels8\chapters\draft\chapter_0082.txt
[2026-05-19 04:20:48] [Writer] 第83章已存在且字数合格（6018字），跳过
[2026-05-19 04:20:50] [Writer] 第84章已存在且字数合格（5154字），跳过
[2026-05-19 04:20:52] [Writer] 全部完成
