============================================================
Writer Agent 启动
项目: D:\AiProject\Node\projects\novels8
============================================================
[2026-05-19 03:21:02] [Writer] 第237章大纲不存在
[2026-05-19 03:21:04] [Writer] 第238章大纲不存在
[2026-05-19 03:21:06] [Writer] 第239章大纲不存在
[2026-05-19 03:21:08] [Writer] 第240章大纲不存在
[2026-05-19 03:21:10] [Writer] 全部完成
============================================================
Writer Agent 启动
项目: D:\AiProject\Node\projects\novels8
============================================================
[2026-05-19 03:21:27] [Writer] 第237章大纲不存在
[2026-05-19 03:21:29] [Writer] 第238章大纲不存在
[2026-05-19 03:21:31] [Writer] 第239章大纲不存在
[2026-05-19 03:21:33] [Writer] 第240章大纲不存在
[2026-05-19 03:21:35] [Writer] 全部完成
============================================================
Writer Agent 启动
项目: D:\AiProject\Node\projects\novels8
============================================================
[2026-05-19 05:26:13] [Writer] 正在生成第237章...
[2026-05-19 05:27:44] [Writer] 第237章已保存（6024字） -> D:\AiProject\Node\projects\novels8\chapters\draft\chapter_0237.txt
[2026-05-19 05:27:46] [Writer] 正在生成第238章...
[2026-05-19 05:29:14] [Writer] 第238章字数不合格（6656字），重试(1/3)...
[2026-05-19 05:29:19] [Writer] 第238章已存在且字数合格（4608字），跳过
[2026-05-19 05:29:21] [Writer] 第239章已存在且字数合格（5831字），跳过
[2026-05-19 05:29:23] [Writer] 正在生成第240章...
[2026-05-19 05:31:05] [Writer] 第240章字数不合格（7562字），重试(1/3)...
[2026-05-19 05:31:10] [Writer] 正在生成第240章...
[2026-05-19 05:32:47] [Writer] 第240章字数不合格（6861字），重试(2/3)...
[2026-05-19 05:32:52] [Writer] 第240章已存在且字数合格（5655字），跳过
[2026-05-19 05:32:54] [Writer] 全部完成
