============================================================
Writer Agent 启动
项目: D:\AiProject\Node\projects\novels8
============================================================
[2026-05-19 03:00:16] [Writer] 正在生成第29章...
[2026-05-19 03:01:51] [Writer] 第29章已保存（5052字） -> D:\AiProject\Node\projects\novels8\chapters\draft\chapter_0029.txt
[2026-05-19 03:01:53] [Writer] 正在生成第30章...
[2026-05-19 03:03:40] [Writer] 第30章字数不合格（6864字），重试(1/3)...
[2026-05-19 03:03:45] [Writer] 正在生成第30章...
[2026-05-19 03:05:04] [Writer] 第30章已保存（5320字） -> D:\AiProject\Node\projects\novels8\chapters\draft\chapter_0030.txt
[2026-05-19 03:05:06] [Writer] 正在生成第31章...
[2026-05-19 03:06:27] [Writer] 第31章字数不合格（5906字），重试(1/3)...
[2026-05-19 03:06:32] [Writer] 正在生成第31章...
[2026-05-19 03:07:55] [Writer] 第31章字数不合格（5718字），重试(2/3)...
[2026-05-19 03:08:00] [Writer] 第31章已存在且字数合格（4995字），跳过
[2026-05-19 03:08:02] [Writer] 正在生成第32章...
[2026-05-19 03:09:01] [Writer] 第32章字数不合格（4498字），重试(1/3)...
[2026-05-19 03:09:06] [Writer] 第32章已存在且字数合格（4684字），跳过
[2026-05-19 03:09:08] [Writer] 全部完成
ts\novels8\chapters\draft\chapter_0032.txt
[2026-05-19 03:09:03] [Writer] 全部完成
============================================================
Writer Agent 启动
项目: D:\AiProject\Node\projects\novels8
============================================================
[2026-05-19 03:50:40] [Writer] 第29章已存在但字数不合格（7793字），重新生成
[2026-05-19 03:50:40] [Writer] 正在生成第29章...
[2026-05-19 03:52:55] [Writer] 第29章字数不合格（9124字），重试(1/3)...
[2026-05-19 03:53:00] [Writer] 第29章已存在但字数不合格（7793字），重新生成
[2026-05-19 03:53:00] [Writer] 正在生成第29章...
[2026-05-19 03:54:50] [Writer] 第29章字数不合格（7982字），重试(2/3)...
[2026-05-19 03:54:55] [Writer] 第29章已存在但字数不合格（7793字），重新生成
[2026-05-19 03:54:55] [Writer] 正在生成第29章...
[2026-05-19 03:56:34] [Writer] 第29章字数不合格（6840字），重试(3/3)...
[2026-05-19 03:56:39] [Writer] 第29章已存在但字数不合格（7793字），重新生成
[2026-05-19 03:56:39] [Writer] 正在生成第29章...
[2026-05-19 03:57:56] [Writer] 第29章已保存（5966字） -> D:\AiProject\Node\projects\novels8\chapters\draft\chapter_0029.txt
[2026-05-19 03:57:58] [Writer] 第30章已存在且字数合格（6206字），跳过
[2026-05-19 03:58:00] [Writer] 第31章已存在且字数合格（4501字），跳过
[2026-05-19 03:58:02] [Writer] 第32章已存在且字数合格（6111字），跳过
[2026-05-19 03:58:04] [Writer] 全部完成
