============================================================
Writer Agent 启动
项目: D:\AiProject\Node\projects\novels8
============================================================
[2026-05-19 05:09:26] [Writer] 正在生成第505章...
[2026-05-19 05:11:06] [Writer] 第505章字数不合格（7391字），重试(1/3)...
[2026-05-19 05:11:11] [Writer] 正在生成第505章...
[2026-05-19 05:12:44] [Writer] 第505章已保存（6392字） -> D:\AiProject\Node\projects\novels8\chapters\draft\chapter_0505.txt
[2026-05-19 05:12:46] [Writer] 正在生成第506章...
[2026-05-19 05:14:21] [Writer] 第506章已保存（6190字） -> D:\AiProject\Node\projects\novels8\chapters\draft\chapter_0506.txt
[2026-05-19 05:14:23] [Writer] 正在生成第507章...
[2026-05-19 05:15:15] [Writer] 第507章字数不合格（3087字），重试(1/3)...
[2026-05-19 05:15:20] [Writer] 第507章已存在且字数合格（5484字），跳过
[2026-05-19 05:15:22] [Writer] 正在生成第508章...
[2026-05-19 05:17:10] [Writer] 第508章字数不合格（7736字），重试(1/3)...
[2026-05-19 05:17:15] [Writer] 第508章已存在且字数合格（6211字），跳过
[2026-05-19 05:17:17] [Writer] 全部完成
============================================================
Writer Agent 启动
项目: D:\AiProject\Node\projects\novels8
============================================================
[2026-05-19 06:30:08] [Writer] 第505章已存在且字数合格（6392字），跳过
[2026-05-19 06:30:10] [Writer] 第506章已存在且字数合格（6190字），跳过
[2026-05-19 06:30:12] [Writer] 第507章已存在且字数合格（5484字），跳过
[2026-05-19 06:30:14] [Writer] 第508章已存在且字数合格（6211字），跳过
[2026-05-19 06:30:16] [Writer] 全部完成
