============================================================
Writer Agent 启动
项目: D:\AiProject\Node\projects\novels8
============================================================
[2026-05-19 03:23:37] [Writer] 第345章大纲不存在
[2026-05-19 03:23:39] [Writer] 第346章大纲不存在
[2026-05-19 03:23:41] [Writer] 第347章大纲不存在
[2026-05-19 03:23:43] [Writer] 第348章大纲不存在
[2026-05-19 03:23:45] [Writer] 全部完成
============================================================
Writer Agent 启动
项目: D:\AiProject\Node\projects\novels8
============================================================
[2026-05-19 03:49:48] [Writer] 第345章大纲不存在
[2026-05-19 03:49:50] [Writer] 正在生成第346章...
[2026-05-19 03:51:28] [Writer] 第346章字数不合格（6857字），重试(1/3)...
[2026-05-19 03:51:33] [Writer] 正在生成第346章...
[2026-05-19 03:52:35] [Writer] 第346章字数不合格（4381字），重试(2/3)...
[2026-05-19 03:52:40] [Writer] 正在生成第346章...
[2026-05-19 03:54:05] [Writer] 第346章已保存（5885字） -> D:\AiProject\Node\projects\novels8\chapters\draft\chapter_0346.txt
[2026-05-19 03:54:07] [Writer] 正在生成第347章...
[2026-05-19 03:55:42] [Writer] 第347章字数不合格（7559字），重试(1/3)...
[2026-05-19 03:55:47] [Writer] 正在生成第347章...
[2026-05-19 03:56:55] [Writer] 第347章已保存（5148字） -> D:\AiProject\Node\projects\novels8\chapters\draft\chapter_0347.txt
[2026-05-19 03:56:57] [Writer] 正在生成第348章...
[2026-05-19 03:58:35] [Writer] 第348章字数不合格（7103字），重试(1/3)...
[2026-05-19 03:58:40] [Writer] 正在生成第348章...
[2026-05-19 04:00:13] [Writer] 第348章已保存（6223字） -> D:\AiProject\Node\projects\novels8\chapters\draft\chapter_0348.txt
[2026-05-19 04:00:15] [Writer] 全部完成
============================================================
Writer Agent 启动
项目: D:\AiProject\Node\projects\novels8
============================================================
[2026-05-19 06:18:32] [Writer] 第345章大纲不存在
[2026-05-19 06:18:34] [Writer] 第346章已存在且字数合格（5885字），跳过
[2026-05-19 06:18:36] [Writer] 第347章已存在且字数合格（5148字），跳过
[2026-05-19 06:18:38] [Writer] 第348章已存在且字数合格（6223字），跳过
[2026-05-19 06:18:40] [Writer] 全部完成
