============================================================
Writer Agent 启动
项目: D:\AiProject\Node\projects\novels8
============================================================
[2026-05-19 05:58:05] [Writer] 正在生成第569章...
[2026-05-19 05:59:19] [Writer] 第569章已保存（5443字） -> D:\AiProject\Node\projects\novels8\chapters\draft\chapter_0569.txt
[2026-05-19 05:59:21] [Writer] 正在生成第570章...
[2026-05-19 06:00:12] [Writer] 第570章字数不合格（3851字），重试(1/3)...
[2026-05-19 06:00:17] [Writer] 正在生成第570章...
[2026-05-19 06:01:43] [Writer] 第570章已保存（4936字） -> D:\AiProject\Node\projects\novels8\chapters\draft\chapter_0570.txt
[2026-05-19 06:01:45] [Writer] 正在生成第571章...
[2026-05-19 06:03:03] [Writer] 第571章已保存（5013字） -> D:\AiProject\Node\projects\novels8\chapters\draft\chapter_0571.txt
[2026-05-19 06:03:05] [Writer] 正在生成第572章...
[2026-05-19 06:04:41] [Writer] 第572章已保存（6047字） -> D:\AiProject\Node\projects\novels8\chapters\draft\chapter_0572.txt
[2026-05-19 06:04:43] [Writer] 全部完成
 [Writer] 全部完成
============================================================
Writer Agent 启动
项目: D:\AiProject\Node\projects\novels8
============================================================
[2026-05-19 06:31:58] [Writer] 第569章已存在且字数合格（5443字），跳过
[2026-05-19 06:32:00] [Writer] 第570章已存在且字数合格（4936字），跳过
[2026-05-19 06:32:02] [Writer] 第571章已存在且字数合格（5013字），跳过
[2026-05-19 06:32:04] [Writer] 第572章已存在且字数合格（6047字），跳过
[2026-05-19 06:32:06] [Writer] 全部完成
