============================================================
Writer Agent 启动
项目: D:\AiProject\Node\projects\novels8
============================================================
[2026-05-19 03:18:03] [Writer] 第93章大纲不存在
[2026-05-19 03:18:05] [Writer] 第94章大纲不存在
[2026-05-19 03:18:07] [Writer] 第95章大纲不存在
[2026-05-19 03:18:09] [Writer] 第96章大纲不存在
[2026-05-19 03:18:11] [Writer] 全部完成
============================================================
Writer Agent 启动
项目: D:\AiProject\Node\projects\novels8
============================================================
[2026-05-19 03:18:27] [Writer] 第93章大纲不存在
[2026-05-19 03:18:29] [Writer] 第94章大纲不存在
[2026-05-19 03:18:31] [Writer] 第95章大纲不存在
[2026-05-19 03:18:33] [Writer] 第96章大纲不存在
[2026-05-19 03:18:35] [Writer] 全部完成
============================================================
Writer Agent 启动
项目: D:\AiProject\Node\projects\novels8
============================================================
[2026-05-19 04:16:44] [Writer] 正在生成第93章...
[2026-05-19 04:18:17] [Writer] 第93章已保存（6357字） -> D:\AiProject\Node\projects\novels8\chapters\draft\chapter_0093.txt
[2026-05-19 04:18:19] [Writer] 正在生成第94章...
[2026-05-19 04:19:33] [Writer] 第94章已保存（5125字） -> D:\AiProject\Node\projects\novels8\chapters\draft\chapter_0094.txt
[2026-05-19 04:19:35] [Writer] 正在生成第95章...
[2026-05-19 04:21:04] [Writer] 第95章字数不合格（6830字），重试(1/3)...
[2026-05-19 04:21:09] [Writer] 第95章已存在且字数合格（5396字），跳过
[2026-05-19 04:21:11] [Writer] 第96章已存在且字数合格（4616字），跳过
[2026-05-19 04:21:13] [Writer] 全部完成
