============================================================
Writer Agent 启动
项目: D:\AiProject\Node\projects\novels8
============================================================
[2026-05-19 03:22:44] [Writer] 第305章大纲不存在
[2026-05-19 03:22:46] [Writer] 第306章大纲不存在
[2026-05-19 03:22:48] [Writer] 第307章大纲不存在
[2026-05-19 03:22:50] [Writer] 第308章大纲不存在
[2026-05-19 03:22:52] [Writer] 全部完成
============================================================
Writer Agent 启动
项目: D:\AiProject\Node\projects\novels8
============================================================
[2026-05-19 03:23:09] [Writer] 正在生成第305章...
[2026-05-19 03:24:27] [Writer] 第305章生成失败，重试(1/3)...
[2026-05-19 03:24:32] [Writer] 正在生成第305章...
[2026-05-19 03:25:53] [Writer] 第305章生成失败，重试(2/3)...
[2026-05-19 03:25:58] [Writer] 正在生成第305章...
[2026-05-19 03:27:01] [Writer] 第305章生成失败，重试(3/3)...
[2026-05-19 03:27:06] [Writer] 正在生成第305章...
[2026-05-19 03:28:21] [Writer] 第305章生成失败，已达最大重试次数
[2026-05-19 03:28:21] [Writer] 第305章生成失败，记录并继续
[2026-05-19 03:28:23] [Writer] 正在生成第306章...
[2026-05-19 03:29:55] [Writer] 第306章字数不合格（6812字），重试(1/3)...
[2026-05-19 03:30:00] [Writer] 正在生成第306章...
[2026-05-19 03:31:26] [Writer] 第306章字数不合格（6275字），重试(2/3)...
[2026-05-19 03:31:31] [Writer] 正在生成第306章...
[2026-05-19 03:32:53] [Writer] 第306章字数不合格（5684字），重试(3/3)...
[2026-05-19 03:32:58] [Writer] 正在生成第306章...
[2026-05-19 03:34:20] [Writer] 第306章字数不合格（5862字），保存草稿并标记失败
[2026-05-19 03:34:20] [Writer] 第306章已保存（5862字） -> D:\AiProject\Node\projects\novels8\chapters\draft\chapter_0306.txt
[2026-05-19 03:34:20] [Writer] 第306章生成失败，记录并继续
[2026-05-19 03:34:22] [Writer] 正在生成第307章...
[2026-05-19 03:35:29] [Writer] 第307章字数不合格（5706字），重试(1/3)...
[2026-05-19 03:35:34] [Writer] 正在生成第307章...
[2026-05-19 03:36:58] [Writer] 第307章字数不合格（6978字），重试(2/3)...
[2026-05-19 03:37:03] [Writer] 正在生成第307章...
[2026-05-19 03:38:16] [Writer] 第307章字数不合格（6182字），重试(3/3)...
[2026-05-19 03:38:21] [Writer] 正在生成第307章...
[2026-05-19 03:39:17] [Writer] 第307章字数不合格（4386字），保存草稿并标记失败
[2026-05-19 03:39:17] [Writer] 第307章已保存（4386字） -> D:\AiProject\Node\projects\novels8\chapters\draft\chapter_0307.txt
[2026-05-19 03:39:17] [Writer] 第307章生成失败，记录并继续
[2026-05-19 03:39:19] [Writer] 正在生成第308章...
[2026-05-19 03:40:39] [Writer] 第308章字数不合格（6073字），重试(1/3)...
[2026-05-19 03:40:44] [Writer] 正在生成第308章...
[2026-05-19 03:42:01] [Writer] 第308章字数不合格（6106字），重试(2/3)...
[2026-05-19 03:42:06] [Writer] 正在生成第308章...
[2026-05-19 03:43:23] [Writer] 第308章字数不合格（6419字），重试(3/3)...
[2026-05-19 03:43:28] [Writer] 正在生成第308章...
[2026-05-19 03:44:50] [Writer] 第308章字数不合格（6320字），保存草稿并标记失败
[2026-05-19 03:44:50] [Writer] 第308章已保存（6320字） -> D:\AiProject\Node\projects\novels8\chapters\draft\chapter_0308.txt
[2026-05-19 03:44:50] [Writer] 第308章生成失败，记录并继续
[2026-05-19 03:44:52] [Writer] 以下章节生成失败: [305, 306, 307, 308]
============================================================
Writer Agent 启动
项目: D:\AiProject\Node\projects\novels8
============================================================
[2026-05-19 06:09:40] [Writer] 正在生成第305章...
[2026-05-19 06:10:52] [Writer] 第305章生成失败，重试(1/3)...
[2026-05-19 06:10:57] [Writer] 正在生成第305章...
[2026-05-19 06:12:24] [Writer] 第305章生成失败，重试(2/3)...
[2026-05-19 06:12:29] [Writer] 正在生成第305章...
[2026-05-19 06:14:22] [Writer] 第305章生成失败，重试(3/3)...
[2026-05-19 06:14:27] [Writer] 正在生成第305章...
[2026-05-19 06:15:55] [Writer] 第305章生成失败，已达最大重试次数
[2026-05-19 06:15:55] [Writer] 第305章生成失败，记录并继续
[2026-05-19 06:15:57] [Writer] 第306章已存在且字数合格（5862字），跳过
[2026-05-19 06:15:59] [Writer] 第307章已存在但字数不合格（4386字），重新生成
[2026-05-19 06:15:59] [Writer] 正在生成第307章...
[2026-05-19 06:17:07] [Writer] 第307章已保存（5105字） -> D:\AiProject\Node\projects\novels8\chapters\draft\chapter_0307.txt
[2026-05-19 06:17:09] [Writer] 第308章已存在且字数合格（6320字），跳过
[2026-05-19 06:17:11] [Writer] 以下章节生成失败: [305]
