============================================================
Writer Agent 启动
项目: D:\AiProject\Node\projects\novels8
============================================================
[2026-05-19 03:20:37] [Writer] 第205章大纲不存在
[2026-05-19 03:20:39] [Writer] 第206章大纲不存在
[2026-05-19 03:20:41] [Writer] 第207章大纲不存在
[2026-05-19 03:20:43] [Writer] 第208章大纲不存在
[2026-05-19 03:20:45] [Writer] 全部完成
============================================================
Writer Agent 启动
项目: D:\AiProject\Node\projects\novels8
============================================================
[2026-05-19 03:21:01] [Writer] 第205章大纲不存在
[2026-05-19 03:21:03] [Writer] 第206章大纲不存在
[2026-05-19 03:21:05] [Writer] 第207章大纲不存在
[2026-05-19 03:21:07] [Writer] 第208章大纲不存在
[2026-05-19 03:21:09] [Writer] 全部完成
============================================================
Writer Agent 启动
项目: D:\AiProject\Node\projects\novels8
============================================================
[2026-05-19 05:19:56] [Writer] 第205章大纲不存在
[2026-05-19 05:19:58] [Writer] 第206章大纲不存在
[2026-05-19 05:20:00] [Writer] 第207章大纲不存在
[2026-05-19 05:20:02] [Writer] 第208章大纲不存在
[2026-05-19 05:20:04] [Writer] 全部完成
