============================================================
Writer Agent 启动
项目: D:\AiProject\Node\projects\novels8
============================================================
[2026-05-19 03:22:45] [Writer] 第317章大纲不存在
[2026-05-19 03:22:47] [Writer] 第318章大纲不存在
[2026-05-19 03:22:49] [Writer] 第319章大纲不存在
[2026-05-19 03:22:51] [Writer] 第320章大纲不存在
[2026-05-19 03:22:53] [Writer] 全部完成
============================================================
Writer Agent 启动
项目: D:\AiProject\Node\projects\novels8
============================================================
[2026-05-19 03:23:09] [Writer] 第317章大纲不存在
[2026-05-19 03:23:11] [Writer] 第318章大纲不存在
[2026-05-19 03:23:13] [Writer] 第319章大纲不存在
[2026-05-19 03:23:15] [Writer] 第320章大纲不存在
[2026-05-19 03:23:17] [Writer] 全部完成
============================================================
Writer Agent 启动
项目: D:\AiProject\Node\projects\novels8
============================================================
[2026-05-19 06:09:40] [Writer] 第317章大纲不存在
[2026-05-19 06:09:42] [Writer] 第318章大纲不存在
[2026-05-19 06:09:44] [Writer] 第319章大纲不存在
[2026-05-19 06:09:46] [Writer] 第320章大纲不存在
[2026-05-19 06:09:48] [Writer] 全部完成
