============================================================
Writer Agent 启动
项目: D:\AiProject\Node\projects\novels8
============================================================
[2026-05-19 03:22:44] [Writer] 第309章大纲不存在
[2026-05-19 03:22:46] [Writer] 第310章大纲不存在
[2026-05-19 03:22:48] [Writer] 第311章大纲不存在
[2026-05-19 03:22:50] [Writer] 第312章大纲不存在
[2026-05-19 03:22:52] [Writer] 全部完成
============================================================
Writer Agent 启动
项目: D:\AiProject\Node\projects\novels8
============================================================
[2026-05-19 03:23:09] [Writer] 正在生成第309章...
[2026-05-19 03:24:26] [Writer] 第309章字数不合格（5912字），重试(1/3)...
[2026-05-19 03:24:31] [Writer] 正在生成第309章...
[2026-05-19 03:26:16] [Writer] 第309章字数不合格（6670字），重试(2/3)...
[2026-05-19 03:26:21] [Writer] 正在生成第309章...
[2026-05-19 03:27:57] [Writer] 第309章字数不合格（7043字），重试(3/3)...
[2026-05-19 03:28:02] [Writer] 正在生成第309章...
[2026-05-19 03:29:27] [Writer] 第309章字数不合格（6767字），保存草稿并标记失败
[2026-05-19 03:29:27] [Writer] 第309章已保存（6767字） -> D:\AiProject\Node\projects\novels8\chapters\draft\chapter_0309.txt
[2026-05-19 03:29:27] [Writer] 第309章生成失败，记录并继续
[2026-05-19 03:29:30] [Writer] 正在生成第310章...
[2026-05-19 03:31:03] [Writer] 第310章已保存（5180字） -> D:\AiProject\Node\projects\novels8\chapters\draft\chapter_0310.txt
[2026-05-19 03:31:05] [Writer] 正在生成第311章...
[2026-05-19 03:32:02] [Writer] 第311章已保存（4698字） -> D:\AiProject\Node\projects\novels8\chapters\draft\chapter_0311.txt
[2026-05-19 03:32:04] [Writer] 正在生成第312章...
[2026-05-19 03:33:10] [Writer] 第312章已保存（5466字） -> D:\AiProject\Node\projects\novels8\chapters\draft\chapter_0312.txt
[2026-05-19 03:33:12] [Writer] 以下章节生成失败: [309]
============================================================
Writer Agent 启动
项目: D:\AiProject\Node\projects\novels8
============================================================
[2026-05-19 06:09:40] [Writer] 第309章已存在但字数不合格（6767字），重新生成
[2026-05-19 06:09:40] [Writer] 正在生成第309章...
[2026-05-19 06:10:52] [Writer] 第309章已保存（4921字） -> D:\AiProject\Node\projects\novels8\chapters\draft\chapter_0309.txt
[2026-05-19 06:10:54] [Writer] 第310章已存在且字数合格（5180字），跳过
[2026-05-19 06:10:56] [Writer] 第311章已存在且字数合格（4698字），跳过
[2026-05-19 06:10:58] [Writer] 第312章已存在且字数合格（5466字），跳过
[2026-05-19 06:11:00] [Writer] 全部完成
