============================================================
Writer Agent 启动
项目: D:\AiProject\Node\projects\novels8
============================================================
[2026-05-19 03:21:02] [Writer] 第229章大纲不存在
[2026-05-19 03:21:04] [Writer] 第230章大纲不存在
[2026-05-19 03:21:06] [Writer] 第231章大纲不存在
[2026-05-19 03:21:08] [Writer] 第232章大纲不存在
[2026-05-19 03:21:10] [Writer] 全部完成
============================================================
Writer Agent 启动
项目: D:\AiProject\Node\projects\novels8
============================================================
[2026-05-19 03:21:27] [Writer] 第229章大纲不存在
[2026-05-19 03:21:29] [Writer] 第230章大纲不存在
[2026-05-19 03:21:31] [Writer] 第231章大纲不存在
[2026-05-19 03:21:33] [Writer] 第232章大纲不存在
[2026-05-19 03:21:35] [Writer] 全部完成
============================================================
Writer Agent 启动
项目: D:\AiProject\Node\projects\novels8
============================================================
[2026-05-19 05:26:13] [Writer] 正在生成第229章...
[2026-05-19 05:27:14] [Writer] 第229章字数不合格（3929字），重试(1/3)...
[2026-05-19 05:27:19] [Writer] 正在生成第229章...
[2026-05-19 05:28:52] [Writer] 第229章字数不合格（7165字），重试(2/3)...
[2026-05-19 05:28:57] [Writer] 第229章已存在且字数合格（5454字），跳过
[2026-05-19 05:28:59] [Writer] 正在生成第230章...
[2026-05-19 05:30:19] [Writer] 第230章已保存（5461字） -> D:\AiProject\Node\projects\novels8\chapters\draft\chapter_0230.txt
[2026-05-19 05:30:21] [Writer] 第231章已存在且字数合格（6306字），跳过
[2026-05-19 05:30:23] [Writer] 正在生成第232章...
[2026-05-19 05:32:09] [Writer] 第232章生成失败，重试(1/3)...
[2026-05-19 05:32:14] [Writer] 正在生成第232章...
[2026-05-19 05:33:35] [Writer] 第232章生成失败，重试(2/3)...
[2026-05-19 05:33:40] [Writer] 正在生成第232章...
[2026-05-19 05:35:15] [Writer] 第232章生成失败，重试(3/3)...
[2026-05-19 05:35:20] [Writer] 正在生成第232章...
[2026-05-19 05:36:34] [Writer] 第232章生成失败，已达最大重试次数
[2026-05-19 05:36:34] [Writer] 第232章生成失败，记录并继续
[2026-05-19 05:36:36] [Writer] 以下章节生成失败: [232]
