============================================================
Writer Agent 启动
项目: D:\AiProject\Node\projects\novels8
============================================================
[2026-05-19 02:49:20] [Writer] 正在生成第17章...
[2026-05-19 02:50:28] [Writer] 第17章已保存（4783字） -> D:\AiProject\Node\projects\novels8\chapters\draft\chapter_0017.txt
[2026-05-19 02:50:30] [Writer] 正在生成第18章...
[2026-05-19 02:51:48] [Writer] 第18章字数不合格（6190字），重试(1/3)...
[2026-05-19 02:51:54] [Writer] 正在生成第18章...
[2026-05-19 02:53:48] [Writer] 第18章字数不合格（8021字），重试(2/3)...
[2026-05-19 02:53:53] [Writer] 第18章已存在且字数合格（5255字），跳过
[2026-05-19 02:53:55] [Writer] 正在生成第19章...
[2026-05-19 02:55:02] [Writer] 第19章已保存（4733字） -> D:\AiProject\Node\projects\novels8\chapters\draft\chapter_0019.txt
[2026-05-19 02:55:04] [Writer] 正在生成第20章...
[2026-05-19 02:56:15] [Writer] 第20章字数不合格（5698字），重试(1/3)...
[2026-05-19 02:56:20] [Writer] 正在生成第20章...
[2026-05-19 02:57:31] [Writer] 第20章字数不合格（5747字），重试(2/3)...
[2026-05-19 02:57:36] [Writer] 第20章已存在且字数合格（4504字），跳过
[2026-05-19 02:57:38] [Writer] 全部完成
============================================================
Writer Agent 启动
项目: D:\AiProject\Node\projects\novels8
============================================================
[2026-05-19 03:30:45] [Writer] 正在生成第17章...
[2026-05-19 03:32:41] [Writer] 第17章字数不合格（8356字），重试(1/3)...
[2026-05-19 03:32:46] [Writer] 正在生成第17章...
[2026-05-19 03:34:24] [Writer] 第17章字数不合格（7656字），重试(2/3)...
[2026-05-19 03:34:29] [Writer] 正在生成第17章...
[2026-05-19 03:36:06] [Writer] 第17章字数不合格（7465字），重试(3/3)...
[2026-05-19 03:36:11] [Writer] 正在生成第17章...
[2026-05-19 03:37:28] [Writer] 第17章字数不合格（5743字），保存草稿并标记失败
[2026-05-19 03:37:28] [Writer] 第17章已保存（5743字） -> D:\AiProject\Node\projects\novels8\chapters\draft\chapter_0017.txt
[2026-05-19 03:37:28] [Writer] 第17章生成失败，记录并继续
[2026-05-19 03:37:30] [Writer] 正在生成第18章...
[2026-05-19 03:38:53] [Writer] 第18章字数不合格（5535字），重试(1/3)...
[2026-05-19 03:38:58] [Writer] 正在生成第18章...
[2026-05-19 03:40:06] [Writer] 第18章已保存（5171字） -> D:\AiProject\Node\projects\novels8\chapters\draft\chapter_0018.txt
[2026-05-19 03:40:08] [Writer] 正在生成第19章...
[2026-05-19 03:41:36] [Writer] 第19章字数不合格（6325字），重试(1/3)...
[2026-05-19 03:41:41] [Writer] 正在生成第19章...
[2026-05-19 03:42:54] [Writer] 第19章字数不合格（5552字），重试(2/3)...
[2026-05-19 03:42:59] [Writer] 正在生成第19章...
[2026-05-19 03:44:06] [Writer] 第19章已保存（4886字） -> D:\AiProject\Node\projects\novels8\chapters\draft\chapter_0019.txt
[2026-05-19 03:44:08] [Writer] 正在生成第20章...
[2026-05-19 03:45:23] [Writer] 第20章字数不合格（5702字），重试(1/3)...
[2026-05-19 03:45:28] [Writer] 正在生成第20章...
[2026-05-19 03:46:47] [Writer] 第20章字数不合格（5594字），重试(2/3)...
[2026-05-19 03:46:52] [Writer] 正在生成第20章...
[2026-05-19 03:48:14] [Writer] 第20章字数不合格（5909字），重试(3/3)...
[2026-05-19 03:48:19] [Writer] 正在生成第20章...
[2026-05-19 03:49:52] [Writer] 第20章字数不合格（6585字），保存草稿并标记失败
[2026-05-19 03:49:52] [Writer] 第20章已保存（6585字） -> D:\AiProject\Node\projects\novels8\chapters\draft\chapter_0020.txt
[2026-05-19 03:49:52] [Writer] 第20章生成失败，记录并继续
[2026-05-19 03:49:54] [Writer] 以下章节生成失败: [17, 20]
