============================================================
Writer Agent 启动
项目: D:\AiProject\Node\projects\novels8
============================================================
[2026-05-19 03:22:19] [Writer] 第285章大纲不存在
[2026-05-19 03:22:21] [Writer] 第286章大纲不存在
[2026-05-19 03:22:23] [Writer] 第287章大纲不存在
[2026-05-19 03:22:25] [Writer] 第288章大纲不存在
[2026-05-19 03:22:27] [Writer] 全部完成
============================================================
Writer Agent 启动
项目: D:\AiProject\Node\projects\novels8
============================================================
[2026-05-19 03:22:43] [Writer] 第285章大纲不存在
[2026-05-19 03:22:45] [Writer] 第286章大纲不存在
[2026-05-19 03:22:47] [Writer] 第287章大纲不存在
[2026-05-19 03:22:49] [Writer] 第288章大纲不存在
[2026-05-19 03:22:51] [Writer] 全部完成
============================================================
Writer Agent 启动
项目: D:\AiProject\Node\projects\novels8
============================================================
[2026-05-19 05:58:27] [Writer] 正在生成第285章...
[2026-05-19 05:59:27] [Writer] 第285章字数不合格（4230字），重试(1/3)...
[2026-05-19 05:59:32] [Writer] 正在生成第285章...
[2026-05-19 06:00:51] [Writer] 第285章已保存（5796字） -> D:\AiProject\Node\projects\novels8\chapters\draft\chapter_0285.txt
[2026-05-19 06:00:53] [Writer] 正在生成第286章...
[2026-05-19 06:02:04] [Writer] 第286章字数不合格（4055字），重试(1/3)...
[2026-05-19 06:02:09] [Writer] 正在生成第286章...
[2026-05-19 06:03:15] [Writer] 第286章字数不合格（4347字），重试(2/3)...
[2026-05-19 06:03:20] [Writer] 正在生成第286章...
[2026-05-19 06:04:31] [Writer] 第286章已保存（4672字） -> D:\AiProject\Node\projects\novels8\chapters\draft\chapter_0286.txt
[2026-05-19 06:04:33] [Writer] 第287章已存在且字数合格（5468字），跳过
[2026-05-19 06:04:35] [Writer] 第288章已存在且字数合格（4983字），跳过
[2026-05-19 06:04:37] [Writer] 全部完成
