============================================================
Writer Agent 启动
项目: D:\AiProject\Node\projects\novels8
============================================================
[2026-05-19 03:24:30] [Writer] 第381章大纲不存在
[2026-05-19 03:24:32] [Writer] 第382章大纲不存在
[2026-05-19 03:24:34] [Writer] 第383章大纲不存在
[2026-05-19 03:24:36] [Writer] 第384章大纲不存在
[2026-05-19 03:24:38] [Writer] 全部完成
============================================================
Writer Agent 启动
项目: D:\AiProject\Node\projects\novels8
============================================================
[2026-05-19 04:23:32] [Writer] 正在生成第381章...
[2026-05-19 04:24:25] [Writer] 第381章字数不合格（3991字），重试(1/3)...
[2026-05-19 04:24:30] [Writer] 正在生成第381章...
[2026-05-19 04:25:41] [Writer] 第381章已保存（5420字） -> D:\AiProject\Node\projects\novels8\chapters\draft\chapter_0381.txt
[2026-05-19 04:25:43] [Writer] 正在生成第382章...
[2026-05-19 04:27:07] [Writer] 第382章已保存（6052字） -> D:\AiProject\Node\projects\novels8\chapters\draft\chapter_0382.txt
[2026-05-19 04:27:09] [Writer] 正在生成第383章...
[2026-05-19 04:28:43] [Writer] 第383章字数不合格（6747字），重试(1/3)...
[2026-05-19 04:28:48] [Writer] 正在生成第383章...
[2026-05-19 04:30:01] [Writer] 第383章已保存（5159字） -> D:\AiProject\Node\projects\novels8\chapters\draft\chapter_0383.txt
[2026-05-19 04:30:03] [Writer] 正在生成第384章...
[2026-05-19 04:31:30] [Writer] 第384章已保存（5724字） -> D:\AiProject\Node\projects\novels8\chapters\draft\chapter_0384.txt
[2026-05-19 04:31:32] [Writer] 全部完成
============================================================
Writer Agent 启动
项目: D:\AiProject\Node\projects\novels8
============================================================
[2026-05-19 06:19:23] [Writer] 第381章已存在且字数合格（5420字），跳过
[2026-05-19 06:19:25] [Writer] 第382章已存在且字数合格（6052字），跳过
[2026-05-19 06:19:27] [Writer] 第383章已存在且字数合格（5159字），跳过
[2026-05-19 06:19:29] [Writer] 第384章已存在且字数合格（5724字），跳过
[2026-05-19 06:19:31] [Writer] 全部完成
