============================================================
Writer Agent 启动
项目: D:\AiProject\Node\projects\novels8
============================================================
[2026-05-19 03:20:11] [Writer] 第181章大纲不存在
[2026-05-19 03:20:13] [Writer] 第182章大纲不存在
[2026-05-19 03:20:15] [Writer] 第183章大纲不存在
[2026-05-19 03:20:17] [Writer] 第184章大纲不存在
[2026-05-19 03:20:19] [Writer] 全部完成
============================================================
Writer Agent 启动
项目: D:\AiProject\Node\projects\novels8
============================================================
[2026-05-19 03:20:36] [Writer] 第181章大纲不存在
[2026-05-19 03:20:38] [Writer] 第182章大纲不存在
[2026-05-19 03:20:40] [Writer] 第183章大纲不存在
[2026-05-19 03:20:42] [Writer] 第184章大纲不存在
[2026-05-19 03:20:44] [Writer] 全部完成
============================================================
Writer Agent 启动
项目: D:\AiProject\Node\projects\novels8
============================================================
[2026-05-19 05:12:40] [Writer] 第181章大纲不存在
[2026-05-19 05:12:42] [Writer] 第182章大纲不存在
[2026-05-19 05:12:44] [Writer] 第183章大纲不存在
[2026-05-19 05:12:46] [Writer] 第184章大纲不存在
[2026-05-19 05:12:48] [Writer] 全部完成
