============================================================
Writer Agent 启动
项目: D:\AiProject\Node\projects\novels8
============================================================
[2026-05-19 04:26:54] [Writer] 正在生成第477章...
[2026-05-19 04:28:09] [Writer] 第477章已保存（5417字） -> D:\AiProject\Node\projects\novels8\chapters\draft\chapter_0477.txt
[2026-05-19 04:28:11] [Writer] 正在生成第478章...
[2026-05-19 04:29:57] [Writer] 第478章字数不合格（8637字），重试(1/3)...
[2026-05-19 04:30:02] [Writer] 正在生成第478章...
[2026-05-19 04:31:40] [Writer] 第478章字数不合格（3890字），重试(2/3)...
[2026-05-19 04:31:45] [Writer] 正在生成第478章...
[2026-05-19 04:33:08] [Writer] 第478章已保存（5920字） -> D:\AiProject\Node\projects\novels8\chapters\draft\chapter_0478.txt
[2026-05-19 04:33:10] [Writer] 正在生成第479章...
[2026-05-19 04:34:37] [Writer] 第479章已保存（5643字） -> D:\AiProject\Node\projects\novels8\chapters\draft\chapter_0479.txt
[2026-05-19 04:34:39] [Writer] 正在生成第480章...
[2026-05-19 04:36:18] [Writer] 第480章字数不合格（7679字），重试(1/3)...
[2026-05-19 04:36:23] [Writer] 正在生成第480章...
[2026-05-19 04:37:24] [Writer] 第480章字数不合格（4409字），重试(2/3)...
[2026-05-19 04:37:29] [Writer] 正在生成第480章...
[2026-05-19 04:38:30] [Writer] 第480章已保存（5019字） -> D:\AiProject\Node\projects\novels8\chapters\draft\chapter_0480.txt
[2026-05-19 04:38:32] [Writer] 全部完成
============================================================
Writer Agent 启动
项目: D:\AiProject\Node\projects\novels8
============================================================
[2026-05-19 04:53:50] [Writer] 第477章已存在且字数合格（5417字），跳过
[2026-05-19 04:53:52] [Writer] 第478章已存在且字数合格（5920字），跳过
[2026-05-19 04:53:54] [Writer] 第479章已存在且字数合格（5643字），跳过
[2026-05-19 04:53:56] [Writer] 第480章已存在且字数合格（5019字），跳过
[2026-05-19 04:53:58] [Writer] 全部完成
============================================================
Writer Agent 启动
项目: D:\AiProject\Node\projects\novels8
============================================================
[2026-05-19 06:27:08] [Writer] 第477章已存在且字数合格（5417字），跳过
[2026-05-19 06:27:10] [Writer] 第478章已存在且字数合格（5920字），跳过
[2026-05-19 06:27:12] [Writer] 第479章已存在且字数合格（5643字），跳过
[2026-05-19 06:27:14] [Writer] 第480章已存在且字数合格（5019字），跳过
[2026-05-19 06:27:16] [Writer] 全部完成
