============================================================
Writer Agent 启动
项目: D:\AiProject\Node\projects\novels8
============================================================
[2026-05-19 03:21:53] [Writer] 第261章大纲不存在
[2026-05-19 03:21:55] [Writer] 第262章大纲不存在
[2026-05-19 03:21:57] [Writer] 第263章大纲不存在
[2026-05-19 03:21:59] [Writer] 第264章大纲不存在
[2026-05-19 03:22:01] [Writer] 全部完成
============================================================
Writer Agent 启动
项目: D:\AiProject\Node\projects\novels8
============================================================
[2026-05-19 03:22:17] [Writer] 第261章大纲不存在
[2026-05-19 03:22:19] [Writer] 第262章大纲不存在
[2026-05-19 03:22:21] [Writer] 第263章大纲不存在
[2026-05-19 03:22:23] [Writer] 第264章大纲不存在
[2026-05-19 03:22:25] [Writer] 全部完成
============================================================
Writer Agent 启动
项目: D:\AiProject\Node\projects\novels8
============================================================
[2026-05-19 05:47:52] [Writer] 正在生成第261章...
[2026-05-19 05:48:58] [Writer] 第261章已保存（4518字） -> D:\AiProject\Node\projects\novels8\chapters\draft\chapter_0261.txt
[2026-05-19 05:49:00] [Writer] 正在生成第262章...
[2026-05-19 05:50:47] [Writer] 第262章字数不合格（7740字），重试(1/3)...
[2026-05-19 05:50:52] [Writer] 第262章已存在且字数合格（5126字），跳过
[2026-05-19 05:50:54] [Writer] 第263章已存在且字数合格（5175字），跳过
[2026-05-19 05:50:56] [Writer] 第264章已存在且字数合格（6183字），跳过
[2026-05-19 05:50:58] [Writer] 全部完成
