============================================================
Writer Agent 启动
项目: D:\AiProject\Node\projects\novels8
============================================================
[2026-05-19 03:25:41] [Writer] 正在生成第3章...
[2026-05-19 03:27:19] [Writer] 第3章字数不合格（7310字），重试(1/3)...
[2026-05-19 03:27:24] [Writer] 正在生成第3章...
[2026-05-19 03:29:05] [Writer] 第3章字数不合格（8426字），重试(2/3)...
[2026-05-19 03:29:10] [Writer] 正在生成第3章...
[2026-05-19 03:30:32] [Writer] 第3章字数不合格（6038字），重试(3/3)...
[2026-05-19 03:30:37] [Writer] 正在生成第3章...
[2026-05-19 03:32:22] [Writer] 第3章字数不合格（8292字），保存草稿并标记失败
[2026-05-19 03:32:22] [Writer] 第3章已保存（8292字） -> D:\AiProject\Node\projects\novels8\chapters\draft\chapter_0003.txt
[2026-05-19 03:32:22] [Writer] 第3章生成失败，记录并继续
[2026-05-19 03:32:24] [Writer] 正在生成第4章...
[2026-05-19 03:33:59] [Writer] 第4章字数不合格（6806字），重试(1/3)...
[2026-05-19 03:34:04] [Writer] 正在生成第4章...
[2026-05-19 03:36:10] [Writer] 第4章字数不合格（7181字），重试(2/3)...
[2026-05-19 03:36:15] [Writer] 正在生成第4章...
[2026-05-19 03:37:33] [Writer] 第4章字数不合格（5834字），重试(3/3)...
[2026-05-19 03:37:38] [Writer] 正在生成第4章...
[2026-05-19 03:38:53] [Writer] 第4章字数不合格（5623字），保存草稿并标记失败
[2026-05-19 03:38:53] [Writer] 第4章已保存（5623字） -> D:\AiProject\Node\projects\novels8\chapters\draft\chapter_0004.txt
[2026-05-19 03:38:53] [Writer] 第4章生成失败，记录并继续
[2026-05-19 03:38:55] [Writer] 以下章节生成失败: [3, 4]
