============================================================
Writer Agent 启动
项目: D:\AiProject\Node\projects\novels8
============================================================
[2026-05-19 03:18:55] [Writer] 第121章大纲不存在
[2026-05-19 03:18:57] [Writer] 第122章大纲不存在
[2026-05-19 03:18:59] [Writer] 第123章大纲不存在
[2026-05-19 03:19:01] [Writer] 第124章大纲不存在
[2026-05-19 03:19:03] [Writer] 全部完成
============================================================
Writer Agent 启动
项目: D:\AiProject\Node\projects\novels8
============================================================
[2026-05-19 03:19:19] [Writer] 第121章大纲不存在
[2026-05-19 03:19:21] [Writer] 第122章大纲不存在
[2026-05-19 03:19:23] [Writer] 第123章大纲不存在
[2026-05-19 03:19:25] [Writer] 第124章大纲不存在
[2026-05-19 03:19:27] [Writer] 全部完成
============================================================
Writer Agent 启动
项目: D:\AiProject\Node\projects\novels8
============================================================
[2026-05-19 04:38:35] [Writer] 正在生成第121章...
[2026-05-19 04:40:06] [Writer] 第121章已保存（5904字） -> D:\AiProject\Node\projects\novels8\chapters\draft\chapter_0121.txt
[2026-05-19 04:40:08] [Writer] 正在生成第122章...
[2026-05-19 04:42:22] [Writer] 第122章字数不合格（9811字），重试(1/3)...
[2026-05-19 04:42:27] [Writer] 第122章已存在且字数合格（4554字），跳过
[2026-05-19 04:42:29] [Writer] 第123章已存在且字数合格（4630字），跳过
[2026-05-19 04:42:31] [Writer] 正在生成第124章...
[2026-05-19 04:43:44] [Writer] 第124章已保存（5379字） -> D:\AiProject\Node\projects\novels8\chapters\draft\chapter_0124.txt
[2026-05-19 04:43:46] [Writer] 全部完成
