============================================================
Writer Agent 启动
项目: D:\AiProject\Node\projects\novels8
============================================================
[2026-05-19 03:18:29] [Writer] 第117章大纲不存在
[2026-05-19 03:18:31] [Writer] 第118章大纲不存在
[2026-05-19 03:18:33] [Writer] 第119章大纲不存在
[2026-05-19 03:18:35] [Writer] 第120章大纲不存在
[2026-05-19 03:18:37] [Writer] 全部完成
============================================================
Writer Agent 启动
项目: D:\AiProject\Node\projects\novels8
============================================================
[2026-05-19 03:18:53] [Writer] 第117章大纲不存在
[2026-05-19 03:18:55] [Writer] 第118章大纲不存在
[2026-05-19 03:18:57] [Writer] 第119章大纲不存在
[2026-05-19 03:18:59] [Writer] 第120章大纲不存在
[2026-05-19 03:19:01] [Writer] 全部完成
============================================================
Writer Agent 启动
项目: D:\AiProject\Node\projects\novels8
============================================================
[2026-05-19 04:26:49] [Writer] 正在生成第117章...
[2026-05-19 04:28:07] [Writer] 第117章已保存（5823字） -> D:\AiProject\Node\projects\novels8\chapters\draft\chapter_0117.txt
[2026-05-19 04:28:09] [Writer] 正在生成第118章...
[2026-05-19 04:30:02] [Writer] 第118章字数不合格（8456字），重试(1/3)...
[2026-05-19 04:30:07] [Writer] 正在生成第118章...
[2026-05-19 04:31:27] [Writer] 第118章已保存（5741字） -> D:\AiProject\Node\projects\novels8\chapters\draft\chapter_0118.txt
[2026-05-19 04:31:29] [Writer] 第119章已存在且字数合格（5551字），跳过
[2026-05-19 04:31:31] [Writer] 正在生成第120章...
[2026-05-19 04:33:15] [Writer] 第120章字数不合格（7496字），重试(1/3)...
[2026-05-19 04:33:20] [Writer] 第120章已存在且字数合格（6363字），跳过
[2026-05-19 04:33:22] [Writer] 全部完成
