============================================================
Writer Agent 启动
项目: D:\AiProject\Node\projects\novels8
============================================================
[2026-05-19 03:18:29] [Writer] 第101章大纲不存在
[2026-05-19 03:18:31] [Writer] 第102章大纲不存在
[2026-05-19 03:18:33] [Writer] 第103章大纲不存在
[2026-05-19 03:18:35] [Writer] 第104章大纲不存在
[2026-05-19 03:18:37] [Writer] 全部完成
============================================================
Writer Agent 启动
项目: D:\AiProject\Node\projects\novels8
============================================================
[2026-05-19 03:18:53] [Writer] 第101章大纲不存在
[2026-05-19 03:18:55] [Writer] 第102章大纲不存在
[2026-05-19 03:18:57] [Writer] 第103章大纲不存在
[2026-05-19 03:18:59] [Writer] 第104章大纲不存在
[2026-05-19 03:19:01] [Writer] 全部完成
============================================================
Writer Agent 启动
项目: D:\AiProject\Node\projects\novels8
============================================================
[2026-05-19 04:26:49] [Writer] 正在生成第101章...
[2026-05-19 04:28:29] [Writer] 第101章字数不合格（7241字），重试(1/3)...
[2026-05-19 04:28:34] [Writer] 正在生成第101章...
[2026-05-19 04:29:48] [Writer] 第101章已保存（4937字） -> D:\AiProject\Node\projects\novels8\chapters\draft\chapter_0101.txt
[2026-05-19 04:29:50] [Writer] 正在生成第102章...
[2026-05-19 04:31:11] [Writer] 第102章已保存（6359字） -> D:\AiProject\Node\projects\novels8\chapters\draft\chapter_0102.txt
[2026-05-19 04:31:13] [Writer] 第103章已存在且字数合格（5884字），跳过
[2026-05-19 04:31:15] [Writer] 第104章已存在且字数合格（4664字），跳过
[2026-05-19 04:31:17] [Writer] 全部完成
