============================================================
Writer Agent 启动
项目: D:\AiProject\Node\projects\novels8
============================================================
[2026-05-19 05:09:09] [Writer] 正在生成第501章...
[2026-05-19 05:10:30] [Writer] 第501章已保存（5401字） -> D:\AiProject\Node\projects\novels8\chapters\draft\chapter_0501.txt
[2026-05-19 05:10:32] [Writer] 正在生成第502章...
[2026-05-19 05:12:15] [Writer] 第502章字数不合格（7211字），重试(1/3)...
[2026-05-19 05:12:20] [Writer] 正在生成第502章...
[2026-05-19 05:13:45] [Writer] 第502章已保存（5001字） -> D:\AiProject\Node\projects\novels8\chapters\draft\chapter_0502.txt
[2026-05-19 05:13:47] [Writer] 正在生成第503章...
[2026-05-19 05:15:10] [Writer] 第503章已保存（5614字） -> D:\AiProject\Node\projects\novels8\chapters\draft\chapter_0503.txt
[2026-05-19 05:15:12] [Writer] 正在生成第504章...
[2026-05-19 05:16:24] [Writer] 第504章字数不合格（4282字），重试(1/3)...
[2026-05-19 05:16:29] [Writer] 正在生成第504章...
[2026-05-19 05:18:06] [Writer] 第504章字数不合格（6583字），重试(2/3)...
[2026-05-19 05:18:11] [Writer] 第504章已存在且字数合格（6304字），跳过
[2026-05-19 05:18:13] [Writer] 全部完成
============================================================
Writer Agent 启动
项目: D:\AiProject\Node\projects\novels8
============================================================
[2026-05-19 06:30:08] [Writer] 第501章已存在且字数合格（4954字），跳过
[2026-05-19 06:30:10] [Writer] 第502章已存在且字数合格（5001字），跳过
[2026-05-19 06:30:12] [Writer] 第503章已存在且字数合格（6231字），跳过
[2026-05-19 06:30:14] [Writer] 第504章已存在且字数合格（6304字），跳过
[2026-05-19 06:30:16] [Writer] 全部完成
