============================================================
Writer Agent 启动
项目: D:\AiProject\Node\projects\novels8
============================================================
[2026-05-19 04:50:40] [Writer] 正在生成第489章...
[2026-05-19 04:51:49] [Writer] 第489章已保存（5334字） -> D:\AiProject\Node\projects\novels8\chapters\draft\chapter_0489.txt
[2026-05-19 04:51:51] [Writer] 正在生成第490章...
[2026-05-19 04:53:08] [Writer] 第490章已保存（5766字） -> D:\AiProject\Node\projects\novels8\chapters\draft\chapter_0490.txt
[2026-05-19 04:53:10] [Writer] 正在生成第491章...
[2026-05-19 04:54:13] [Writer] 第491章字数不合格（4416字），重试(1/3)...
[2026-05-19 04:54:18] [Writer] 正在生成第491章...
[2026-05-19 04:55:24] [Writer] 第491章已保存（5218字） -> D:\AiProject\Node\projects\novels8\chapters\draft\chapter_0491.txt
[2026-05-19 04:55:26] [Writer] 正在生成第492章...
[2026-05-19 04:56:34] [Writer] 第492章已保存（4883字） -> D:\AiProject\Node\projects\novels8\chapters\draft\chapter_0492.txt
[2026-05-19 04:56:36] [Writer] 全部完成
============================================================
Writer Agent 启动
项目: D:\AiProject\Node\projects\novels8
============================================================
[2026-05-19 04:59:39] [Writer] 第489章已存在且字数合格（5334字），跳过
[2026-05-19 04:59:41] [Writer] 第490章已存在且字数合格（5766字），跳过
[2026-05-19 04:59:43] [Writer] 第491章已存在且字数合格（5218字），跳过
[2026-05-19 04:59:45] [Writer] 第492章已存在且字数合格（4883字），跳过
[2026-05-19 04:59:47] [Writer] 全部完成
============================================================
Writer Agent 启动
项目: D:\AiProject\Node\projects\novels8
============================================================
[2026-05-19 06:27:34] [Writer] 第489章已存在且字数合格（5334字），跳过
[2026-05-19 06:27:36] [Writer] 第490章已存在且字数合格（5766字），跳过
[2026-05-19 06:27:38] [Writer] 第491章已存在且字数合格（5218字），跳过
[2026-05-19 06:27:40] [Writer] 第492章已存在且字数合格（4883字），跳过
[2026-05-19 06:27:42] [Writer] 全部完成
