============================================================
Writer Agent 启动
项目: D:\AiProject\Node\projects\novels8
============================================================
[2026-05-19 04:50:40] [Writer] 正在生成第485章...
[2026-05-19 04:51:51] [Writer] 第485章已保存（5145字） -> D:\AiProject\Node\projects\novels8\chapters\draft\chapter_0485.txt
[2026-05-19 04:51:53] [Writer] 正在生成第486章...
[2026-05-19 04:52:57] [Writer] 第486章已保存（4979字） -> D:\AiProject\Node\projects\novels8\chapters\draft\chapter_0486.txt
[2026-05-19 04:52:59] [Writer] 正在生成第487章...
[2026-05-19 04:54:05] [Writer] 第487章字数不合格（4382字），重试(1/3)...
[2026-05-19 04:54:10] [Writer] 正在生成第487章...
[2026-05-19 04:55:00] [Writer] 第487章字数不合格（3825字），重试(2/3)...
[2026-05-19 04:55:05] [Writer] 正在生成第487章...
[2026-05-19 04:56:12] [Writer] 第487章已保存（5027字） -> D:\AiProject\Node\projects\novels8\chapters\draft\chapter_0487.txt
[2026-05-19 04:56:14] [Writer] 正在生成第488章...
[2026-05-19 04:57:42] [Writer] 第488章字数不合格（6835字），重试(1/3)...
[2026-05-19 04:57:47] [Writer] 正在生成第488章...
[2026-05-19 04:59:04] [Writer] 第488章已保存（6275字） -> D:\AiProject\Node\projects\novels8\chapters\draft\chapter_0488.txt
[2026-05-19 04:59:06] [Writer] 全部完成
============================================================
Writer Agent 启动
项目: D:\AiProject\Node\projects\novels8
============================================================
[2026-05-19 04:59:39] [Writer] 第485章已存在且字数合格（5145字），跳过
[2026-05-19 04:59:41] [Writer] 第486章已存在且字数合格（4979字），跳过
[2026-05-19 04:59:43] [Writer] 第487章已存在且字数合格（5027字），跳过
[2026-05-19 04:59:45] [Writer] 第488章已存在且字数合格（6275字），跳过
[2026-05-19 04:59:47] [Writer] 全部完成
============================================================
Writer Agent 启动
项目: D:\AiProject\Node\projects\novels8
============================================================
[2026-05-19 06:27:34] [Writer] 第485章已存在且字数合格（5145字），跳过
[2026-05-19 06:27:36] [Writer] 第486章已存在且字数合格（4979字），跳过
[2026-05-19 06:27:38] [Writer] 第487章已存在且字数合格（5027字），跳过
[2026-05-19 06:27:40] [Writer] 第488章已存在且字数合格（6275字），跳过
[2026-05-19 06:27:42] [Writer] 全部完成
