============================================================
Writer Agent 启动
项目: D:\AiProject\Node\projects\novels8
============================================================
[2026-05-19 03:17:37] [Writer] 第65章大纲不存在
[2026-05-19 03:17:39] [Writer] 第66章大纲不存在
[2026-05-19 03:17:41] [Writer] 第67章大纲不存在
[2026-05-19 03:17:43] [Writer] 第68章大纲不存在
[2026-05-19 03:17:45] [Writer] 全部完成
============================================================
Writer Agent 启动
项目: D:\AiProject\Node\projects\novels8
============================================================
[2026-05-19 03:18:01] [Writer] 第65章大纲不存在
[2026-05-19 03:18:03] [Writer] 第66章大纲不存在
[2026-05-19 03:18:05] [Writer] 第67章大纲不存在
[2026-05-19 03:18:07] [Writer] 第68章大纲不存在
[2026-05-19 03:18:09] [Writer] 全部完成
============================================================
Writer Agent 启动
项目: D:\AiProject\Node\projects\novels8
============================================================
[2026-05-19 04:11:31] [Writer] 第65章已存在且字数合格（5036字），跳过
[2026-05-19 04:11:33] [Writer] 第66章已存在且字数合格（5526字），跳过
[2026-05-19 04:11:35] [Writer] 第67章已存在且字数合格（6080字），跳过
[2026-05-19 04:11:37] [Writer] 第68章已存在且字数合格（5477字），跳过
[2026-05-19 04:11:39] [Writer] 全部完成
