============================================================
Writer Agent 启动
项目: D:\AiProject\Node\projects\novels8
============================================================
[2026-05-19 03:17:12] [Writer] 第57章大纲不存在
[2026-05-19 03:17:14] [Writer] 第58章大纲不存在
[2026-05-19 03:17:16] [Writer] 第59章大纲不存在
[2026-05-19 03:17:18] [Writer] 第60章大纲不存在
[2026-05-19 03:17:20] [Writer] 全部完成
============================================================
Writer Agent 启动
项目: D:\AiProject\Node\projects\novels8
============================================================
[2026-05-19 03:17:36] [Writer] 第57章大纲不存在
[2026-05-19 03:17:38] [Writer] 第58章大纲不存在
[2026-05-19 03:17:40] [Writer] 第59章大纲不存在
[2026-05-19 03:17:42] [Writer] 第60章大纲不存在
[2026-05-19 03:17:44] [Writer] 全部完成
============================================================
Writer Agent 启动
项目: D:\AiProject\Node\projects\novels8
============================================================
[2026-05-19 03:58:25] [Writer] 正在生成第57章...
[2026-05-19 03:59:57] [Writer] 第57章已保存（6120字） -> D:\AiProject\Node\projects\novels8\chapters\draft\chapter_0057.txt
[2026-05-19 03:59:59] [Writer] 正在生成第58章...
[2026-05-19 04:01:13] [Writer] 第58章已保存（5001字） -> D:\AiProject\Node\projects\novels8\chapters\draft\chapter_0058.txt
[2026-05-19 04:01:15] [Writer] 正在生成第59章...
[2026-05-19 04:03:23] [Writer] 第59章字数不合格（8577字），重试(1/3)...
[2026-05-19 04:03:28] [Writer] 正在生成第59章...
[2026-05-19 04:04:25] [Writer] 第59章字数不合格（3686字），重试(2/3)...
[2026-05-19 04:04:30] [Writer] 正在生成第59章...
[2026-05-19 04:06:21] [Writer] 第59章字数不合格（7258字），重试(3/3)...
[2026-05-19 04:06:26] [Writer] 正在生成第59章...
[2026-05-19 04:07:43] [Writer] 第59章已保存（5347字） -> D:\AiProject\Node\projects\novels8\chapters\draft\chapter_0059.txt
[2026-05-19 04:07:45] [Writer] 正在生成第60章...
[2026-05-19 04:09:02] [Writer] 第60章已保存（5111字） -> D:\AiProject\Node\projects\novels8\chapters\draft\chapter_0060.txt
[2026-05-19 04:09:04] [Writer] 全部完成
