============================================================
Writer Agent 启动
项目: D:\AiProject\Node\projects\novels8
============================================================
[2026-05-19 03:24:03] [Writer] 第377章大纲不存在
[2026-05-19 03:24:05] [Writer] 第378章大纲不存在
[2026-05-19 03:24:07] [Writer] 第379章大纲不存在
[2026-05-19 03:24:09] [Writer] 第380章大纲不存在
[2026-05-19 03:24:11] [Writer] 全部完成
============================================================
Writer Agent 启动
项目: D:\AiProject\Node\projects\novels8
============================================================
[2026-05-19 04:07:18] [Writer] 正在生成第377章...
[2026-05-19 04:08:31] [Writer] 第377章已保存（4629字） -> D:\AiProject\Node\projects\novels8\chapters\draft\chapter_0377.txt
[2026-05-19 04:08:33] [Writer] 正在生成第378章...
[2026-05-19 04:09:43] [Writer] 第378章已保存（4658字） -> D:\AiProject\Node\projects\novels8\chapters\draft\chapter_0378.txt
[2026-05-19 04:09:45] [Writer] 正在生成第379章...
[2026-05-19 04:11:10] [Writer] 第379章已保存（6294字） -> D:\AiProject\Node\projects\novels8\chapters\draft\chapter_0379.txt
[2026-05-19 04:11:12] [Writer] 正在生成第380章...
[2026-05-19 04:12:34] [Writer] 第380章字数不合格（6679字），重试(1/3)...
[2026-05-19 04:12:39] [Writer] 正在生成第380章...
[2026-05-19 04:14:18] [Writer] 第380章字数不合格（7808字），重试(2/3)...
[2026-05-19 04:14:23] [Writer] 正在生成第380章...
[2026-05-19 04:15:37] [Writer] 第380章已保存（5494字） -> D:\AiProject\Node\projects\novels8\chapters\draft\chapter_0380.txt
[2026-05-19 04:15:39] [Writer] 全部完成
============================================================
Writer Agent 启动
项目: D:\AiProject\Node\projects\novels8
============================================================
[2026-05-19 06:18:58] [Writer] 第377章已存在且字数合格（4629字），跳过
[2026-05-19 06:19:00] [Writer] 第378章已存在且字数合格（4658字），跳过
[2026-05-19 06:19:02] [Writer] 第379章已存在且字数合格（6294字），跳过
[2026-05-19 06:19:04] [Writer] 第380章已存在且字数合格（5494字），跳过
[2026-05-19 06:19:06] [Writer] 全部完成
