============================================================
Writer Agent 启动
项目: D:\AiProject\Node\projects\novels8
============================================================
[2026-05-19 03:46:25] [Writer] 正在生成第425章...
[2026-05-19 03:47:38] [Writer] 第425章已保存（5691字） -> D:\AiProject\Node\projects\novels8\chapters\draft\chapter_0425.txt
[2026-05-19 03:47:40] [Writer] 正在生成第426章...
[2026-05-19 03:48:37] [Writer] 第426章字数不合格（4152字），重试(1/3)...
[2026-05-19 03:48:42] [Writer] 正在生成第426章...
[2026-05-19 03:50:05] [Writer] 第426章已保存（6304字） -> D:\AiProject\Node\projects\novels8\chapters\draft\chapter_0426.txt
[2026-05-19 03:50:07] [Writer] 正在生成第427章...
[2026-05-19 03:51:15] [Writer] 第427章已保存（4555字） -> D:\AiProject\Node\projects\novels8\chapters\draft\chapter_0427.txt
[2026-05-19 03:51:17] [Writer] 正在生成第428章...
[2026-05-19 03:52:36] [Writer] 第428章已保存（6399字） -> D:\AiProject\Node\projects\novels8\chapters\draft\chapter_0428.txt
[2026-05-19 03:52:38] [Writer] 全部完成
============================================================
Writer Agent 启动
项目: D:\AiProject\Node\projects\novels8
============================================================
[2026-05-19 04:49:23] [Writer] 第425章已存在且字数合格（5691字），跳过
[2026-05-19 04:49:25] [Writer] 第426章已存在且字数合格（6304字），跳过
[2026-05-19 04:49:27] [Writer] 第427章已存在且字数合格（4555字），跳过
[2026-05-19 04:49:29] [Writer] 第428章已存在且字数合格（6399字），跳过
[2026-05-19 04:49:31] [Writer] 全部完成
============================================================
Writer Agent 启动
项目: D:\AiProject\Node\projects\novels8
============================================================
[2026-05-19 06:25:38] [Writer] 第425章已存在且字数合格（5691字），跳过
[2026-05-19 06:25:40] [Writer] 第426章已存在且字数合格（6304字），跳过
[2026-05-19 06:25:42] [Writer] 第427章已存在且字数合格（4555字），跳过
[2026-05-19 06:25:44] [Writer] 第428章已存在且字数合格（6399字），跳过
[2026-05-19 06:25:46] [Writer] 全部完成
