============================================================
Writer Agent 启动
项目: D:\AiProject\Node\projects\novels8
============================================================
[2026-05-19 05:23:18] [Writer] 正在生成第537章...
[2026-05-19 05:25:07] [Writer] 第537章字数不合格（7071字），重试(1/3)...
[2026-05-19 05:25:12] [Writer] 正在生成第537章...
[2026-05-19 05:26:55] [Writer] 第537章字数不合格（7066字），重试(2/3)...
[2026-05-19 05:27:00] [Writer] 正在生成第537章...
[2026-05-19 05:28:33] [Writer] 第537章字数不合格（6525字），重试(3/3)...
[2026-05-19 05:28:38] [Writer] 第537章已存在且字数合格（5891字），跳过
[2026-05-19 05:28:40] [Writer] 正在生成第538章...
[2026-05-19 05:30:14] [Writer] 第538章字数不合格（7044字），重试(1/3)...
[2026-05-19 05:30:19] [Writer] 正在生成第538章...
[2026-05-19 05:31:45] [Writer] 第538章已保存（6208字） -> D:\AiProject\Node\projects\novels8\chapters\draft\chapter_0538.txt
[2026-05-19 05:31:47] [Writer] 正在生成第539章...
[2026-05-19 05:33:18] [Writer] 第539章字数不合格（6872字），重试(1/3)...
[2026-05-19 05:33:23] [Writer] 正在生成第539章...
[2026-05-19 05:34:21] [Writer] 第539章已保存（4515字） -> D:\AiProject\Node\projects\novels8\chapters\draft\chapter_0539.txt
[2026-05-19 05:34:23] [Writer] 正在生成第540章...
[2026-05-19 05:35:49] [Writer] 第540章字数不合格（6943字），重试(1/3)...
[2026-05-19 05:35:54] [Writer] 正在生成第540章...
[2026-05-19 05:37:14] [Writer] 第540章字数不合格（6568字），重试(2/3)...
[2026-05-19 05:37:19] [Writer] 第540章已存在且字数合格（6062字），跳过
[2026-05-19 05:37:21] [Writer] 全部完成
============================================================
Writer Agent 启动
项目: D:\AiProject\Node\projects\novels8
============================================================
[2026-05-19 06:30:34] [Writer] 第537章已存在且字数合格（5891字），跳过
[2026-05-19 06:30:36] [Writer] 第538章已存在且字数合格（6208字），跳过
[2026-05-19 06:30:38] [Writer] 第539章已存在且字数合格（4627字），跳过
[2026-05-19 06:30:40] [Writer] 第540章已存在且字数合格（6062字），跳过
[2026-05-19 06:30:42] [Writer] 全部完成
