============================================================
Writer Agent 启动
项目: D:\AiProject\Node\projects\novels8
============================================================
[2026-05-19 03:22:19] [Writer] 第281章大纲不存在
[2026-05-19 03:22:21] [Writer] 第282章大纲不存在
[2026-05-19 03:22:23] [Writer] 第283章大纲不存在
[2026-05-19 03:22:25] [Writer] 第284章大纲不存在
[2026-05-19 03:22:27] [Writer] 全部完成
============================================================
Writer Agent 启动
项目: D:\AiProject\Node\projects\novels8
============================================================
[2026-05-19 03:22:43] [Writer] 第281章大纲不存在
[2026-05-19 03:22:45] [Writer] 第282章大纲不存在
[2026-05-19 03:22:47] [Writer] 第283章大纲不存在
[2026-05-19 03:22:49] [Writer] 第284章大纲不存在
[2026-05-19 03:22:51] [Writer] 全部完成
============================================================
Writer Agent 启动
项目: D:\AiProject\Node\projects\novels8
============================================================
[2026-05-19 05:58:27] [Writer] 正在生成第281章...
[2026-05-19 05:59:52] [Writer] 第281章字数不合格（6858字），重试(1/3)...
[2026-05-19 05:59:57] [Writer] 正在生成第281章...
[2026-05-19 06:01:13] [Writer] 第281章已保存（5631字） -> D:\AiProject\Node\projects\novels8\chapters\draft\chapter_0281.txt
[2026-05-19 06:01:15] [Writer] 正在生成第282章...
[2026-05-19 06:02:43] [Writer] 第282章已保存（6254字） -> D:\AiProject\Node\projects\novels8\chapters\draft\chapter_0282.txt
[2026-05-19 06:02:45] [Writer] 正在生成第283章...
[2026-05-19 06:04:08] [Writer] 第283章已保存（6179字） -> D:\AiProject\Node\projects\novels8\chapters\draft\chapter_0283.txt
[2026-05-19 06:04:10] [Writer] 正在生成第284章...
[2026-05-19 06:05:43] [Writer] 第284章已保存（6384字） -> D:\AiProject\Node\projects\novels8\chapters\draft\chapter_0284.txt
[2026-05-19 06:05:45] [Writer] 全部完成
