============================================================
Writer Agent 启动
项目: D:\AiProject\Node\projects\novels8
============================================================
[2026-05-19 05:42:23] [Writer] 正在生成第553章...
[2026-05-19 05:44:45] [Writer] 第553章字数不合格（6987字），重试(1/3)...
[2026-05-19 05:44:50] [Writer] 第553章已存在且字数合格（5476字），跳过
[2026-05-19 05:44:52] [Writer] 正在生成第554章...
[2026-05-19 05:45:55] [Writer] 第554章已保存（4714字） -> D:\AiProject\Node\projects\novels8\chapters\draft\chapter_0554.txt
[2026-05-19 05:45:57] [Writer] 正在生成第555章...
[2026-05-19 05:46:48] [Writer] 第555章字数不合格（3944字），重试(1/3)...
[2026-05-19 05:46:53] [Writer] 正在生成第555章...
[2026-05-19 05:48:04] [Writer] 第555章已保存（5358字） -> D:\AiProject\Node\projects\novels8\chapters\draft\chapter_0555.txt
[2026-05-19 05:48:06] [Writer] 正在生成第556章...
[2026-05-19 05:49:38] [Writer] 第556章字数不合格（7377字），重试(1/3)...
[2026-05-19 05:49:43] [Writer] 正在生成第556章...
[2026-05-19 05:51:38] [Writer] 第556章已保存（6316字） -> D:\AiProject\Node\projects\novels8\chapters\draft\chapter_0556.txt
[2026-05-19 05:51:40] [Writer] 全部完成
============================================================
Writer Agent 启动
项目: D:\AiProject\Node\projects\novels8
============================================================
[2026-05-19 06:30:59] [Writer] 第553章已存在且字数合格（5476字），跳过
[2026-05-19 06:31:01] [Writer] 第554章已存在且字数合格（4539字），跳过
[2026-05-19 06:31:03] [Writer] 第555章已存在且字数合格（5358字），跳过
[2026-05-19 06:31:05] [Writer] 第556章已存在且字数合格（6316字），跳过
[2026-05-19 06:31:07] [Writer] 全部完成
