============================================================
Writer Agent 启动
项目: D:\AiProject\Node\projects\novels8
============================================================
[2026-05-19 04:50:40] [Writer] 正在生成第493章...
[2026-05-19 04:52:24] [Writer] 第493章字数不合格（7981字），重试(1/3)...
[2026-05-19 04:52:29] [Writer] 正在生成第493章...
[2026-05-19 04:53:44] [Writer] 第493章已保存（6113字） -> D:\AiProject\Node\projects\novels8\chapters\draft\chapter_0493.txt
[2026-05-19 04:53:46] [Writer] 正在生成第494章...
[2026-05-19 04:54:23] [Writer] 第494章字数不合格（2310字），重试(1/3)...
[2026-05-19 04:54:28] [Writer] 正在生成第494章...
[2026-05-19 04:55:33] [Writer] 第494章已保存（5301字） -> D:\AiProject\Node\projects\novels8\chapters\draft\chapter_0494.txt
[2026-05-19 04:55:35] [Writer] 正在生成第495章...
[2026-05-19 04:57:14] [Writer] 第495章字数不合格（7751字），重试(1/3)...
[2026-05-19 04:57:19] [Writer] 正在生成第495章...
[2026-05-19 04:58:45] [Writer] 第495章字数不合格（6775字），重试(2/3)...
[2026-05-19 04:58:50] [Writer] 正在生成第495章...
[2026-05-19 05:00:35] [Writer] 第495章字数不合格（9120字），重试(3/3)...
[2026-05-19 05:00:40] [Writer] 正在生成第495章...
[2026-05-19 05:02:24] [Writer] 第495章字数不合格（7294字），保存草稿并标记失败
[2026-05-19 05:02:24] [Writer] 第495章已保存（7294字） -> D:\AiProject\Node\projects\novels8\chapters\draft\chapter_0495.txt
[2026-05-19 05:02:24] [Writer] 第495章生成失败，记录并继续
[2026-05-19 05:02:26] [Writer] 第496章已存在且字数合格（5724字），跳过
[2026-05-19 05:02:28] [Writer] 以下章节生成失败: [495]
============================================================
Writer Agent 启动
项目: D:\AiProject\Node\projects\novels8
============================================================
[2026-05-19 06:27:34] [Writer] 第493章已存在且字数合格（6113字），跳过
[2026-05-19 06:27:36] [Writer] 第494章已存在且字数合格（5301字），跳过
[2026-05-19 06:27:38] [Writer] 第495章已存在但字数不合格（7294字），重新生成
[2026-05-19 06:27:38] [Writer] 正在生成第495章...
[2026-05-19 06:29:42] [Writer] 第495章字数不合格（9434字），重试(1/3)...
[2026-05-19 06:29:47] [Writer] 第495章已存在且字数合格（5958字），跳过
[2026-05-19 06:29:49] [Writer] 第496章已存在且字数合格（5724字），跳过
[2026-05-19 06:29:51] [Writer] 全部完成
