============================================================
Writer Agent 启动
项目: D:\AiProject\Node\projects\novels8
============================================================
[2026-05-19 03:19:46] [Writer] 第177章大纲不存在
[2026-05-19 03:19:48] [Writer] 第178章大纲不存在
[2026-05-19 03:19:50] [Writer] 第179章大纲不存在
[2026-05-19 03:19:52] [Writer] 第180章大纲不存在
[2026-05-19 03:19:54] [Writer] 全部完成
============================================================
Writer Agent 启动
项目: D:\AiProject\Node\projects\novels8
============================================================
[2026-05-19 03:20:10] [Writer] 第177章大纲不存在
[2026-05-19 03:20:12] [Writer] 第178章大纲不存在
[2026-05-19 03:20:14] [Writer] 第179章大纲不存在
[2026-05-19 03:20:16] [Writer] 第180章大纲不存在
[2026-05-19 03:20:18] [Writer] 全部完成
============================================================
Writer Agent 启动
项目: D:\AiProject\Node\projects\novels8
============================================================
[2026-05-19 04:59:17] [Writer] 第177章大纲不存在
[2026-05-19 04:59:19] [Writer] 第178章大纲不存在
[2026-05-19 04:59:21] [Writer] 第179章大纲不存在
[2026-05-19 04:59:23] [Writer] 第180章大纲不存在
[2026-05-19 04:59:25] [Writer] 全部完成
