============================================================
Writer Agent 启动
项目: D:\AiProject\Node\projects\novels8
============================================================
[2026-05-19 06:09:14] [Writer] 第307章已存在但字数不合格（4386字），重新生成
[2026-05-19 06:09:14] [Writer] 正在生成第307章...
[2026-05-19 06:11:01] [Writer] 第307章字数不合格（7332字），重试(1/3)...
[2026-05-19 06:11:06] [Writer] 第307章已存在但字数不合格（4386字），重新生成
[2026-05-19 06:11:06] [Writer] 正在生成第307章...
[2026-05-19 06:12:41] [Writer] 第307章字数不合格（7071字），重试(2/3)...
[2026-05-19 06:12:46] [Writer] 第307章已存在但字数不合格（4386字），重新生成
[2026-05-19 06:12:46] [Writer] 正在生成第307章...
[2026-05-19 06:14:19] [Writer] 第307章字数不合格（6985字），重试(3/3)...
[2026-05-19 06:14:24] [Writer] 第307章已存在但字数不合格（4386字），重新生成
[2026-05-19 06:14:24] [Writer] 正在生成第307章...
[2026-05-19 06:16:15] [Writer] 第307章字数不合格（8285字），保存草稿并标记失败
[2026-05-19 06:16:15] [Writer] 第307章已保存（8285字） -> D:\AiProject\Node\projects\novels8\chapters\draft\chapter_0307.txt
[2026-05-19 06:16:15] [Writer] 第307章生成失败，记录并继续
[2026-05-19 06:16:17] [Writer] 第308章已存在且字数合格（6320字），跳过
[2026-05-19 06:16:19] [Writer] 以下章节生成失败: [307]
