============================================================
Writer Agent 启动
项目: D:\AiProject\Node\projects\novels8
============================================================
[2026-05-19 05:42:23] [Writer] 正在生成第545章...
[2026-05-19 05:44:06] [Writer] 第545章字数不合格（7541字），重试(1/3)...
[2026-05-19 05:44:11] [Writer] 第545章已存在且字数合格（5781字），跳过
[2026-05-19 05:44:13] [Writer] 正在生成第546章...
[2026-05-19 05:45:30] [Writer] 第546章已保存（4968字） -> D:\AiProject\Node\projects\novels8\chapters\draft\chapter_0546.txt
[2026-05-19 05:45:32] [Writer] 正在生成第547章...
[2026-05-19 05:46:58] [Writer] 第547章已保存（6432字） -> D:\AiProject\Node\projects\novels8\chapters\draft\chapter_0547.txt
[2026-05-19 05:47:00] [Writer] 正在生成第548章...
[2026-05-19 05:48:22] [Writer] 第548章已保存（6485字） -> D:\AiProject\Node\projects\novels8\chapters\draft\chapter_0548.txt
[2026-05-19 05:48:24] [Writer] 全部完成
============================================================
Writer Agent 启动
项目: D:\AiProject\Node\projects\novels8
============================================================
[2026-05-19 06:30:59] [Writer] 第545章已存在且字数合格（5781字），跳过
[2026-05-19 06:31:01] [Writer] 第546章已存在且字数合格（4968字），跳过
[2026-05-19 06:31:03] [Writer] 第547章已存在且字数合格（6432字），跳过
[2026-05-19 06:31:05] [Writer] 第548章已存在且字数合格（6485字），跳过
[2026-05-19 06:31:07] [Writer] 全部完成
