============================================================
Writer Agent 启动
项目: D:\AiProject\Node\projects\novels8
============================================================
[2026-05-19 04:59:39] [Writer] 第481章已存在且字数合格（5574字），跳过
[2026-05-19 04:59:41] [Writer] 第482章已存在且字数合格（6336字），跳过
[2026-05-19 04:59:43] [Writer] 第483章已存在且字数合格（5046字），跳过
[2026-05-19 04:59:45] [Writer] 第484章已存在且字数合格（4839字），跳过
[2026-05-19 04:59:47] [Writer] 全部完成
er] 正在生成第482章...
[2026-05-19 04:54:27] [Writer] 第482章字数不合格（4073字），重试(1/3)...
[2026-05-19 04:54:32] [Writer] 正在生成第482章...
[2026-05-19 04:56:05] [Writer] 第482章字数不合格（7109字），重试(2/3)...
[2026-05-19 04:56:10] [Writer] 正在生成第482章...
[2026-05-19 04:57:33] [Writer] 第482章已保存（6336字） -> D:\AiProject\Node\projects\novels8\chapters\draft\chapter_0482.txt
[2026-05-19 04:57:35] [Writer] 正在生成第483章...
[2026-05-19 04:58:37] [Writer] 第483章已保存（5046字） -> D:\AiProject\Node\projects\novels8\chapters\draft\chapter_0483.txt
[2026-05-19 04:58:39] [Writer] 正在生成第484章...
[2026-05-19 04:59:40] [Writer] 第484章已保存（4839字） -> D:\AiProject\Node\projects\novels8\chapters\draft\chapter_0484.txt
[2026-05-19 04:59:42] [Writer] 全部完成
============================================================
Writer Agent 启动
项目: D:\AiProject\Node\projects\novels8
============================================================
[2026-05-19 06:27:34] [Writer] 第481章已存在且字数合格（5574字），跳过
[2026-05-19 06:27:36] [Writer] 第482章已存在且字数合格（6336字），跳过
[2026-05-19 06:27:38] [Writer] 第483章已存在且字数合格（5046字），跳过
[2026-05-19 06:27:40] [Writer] 第484章已存在且字数合格（4839字），跳过
[2026-05-19 06:27:42] [Writer] 全部完成
