============================================================
Writer Agent 启动
项目: D:\AiProject\Node\projects\novels8
============================================================
[2026-05-19 03:22:19] [Writer] 第293章大纲不存在
[2026-05-19 03:22:21] [Writer] 第294章大纲不存在
[2026-05-19 03:22:23] [Writer] 第295章大纲不存在
[2026-05-19 03:22:25] [Writer] 第296章大纲不存在
[2026-05-19 03:22:27] [Writer] 全部完成
============================================================
Writer Agent 启动
项目: D:\AiProject\Node\projects\novels8
============================================================
[2026-05-19 03:22:43] [Writer] 第293章大纲不存在
[2026-05-19 03:22:45] [Writer] 第294章大纲不存在
[2026-05-19 03:22:47] [Writer] 第295章大纲不存在
[2026-05-19 03:22:49] [Writer] 第296章大纲不存在
[2026-05-19 03:22:51] [Writer] 全部完成
============================================================
Writer Agent 启动
项目: D:\AiProject\Node\projects\novels8
============================================================
[2026-05-19 05:58:27] [Writer] 正在生成第293章...
[2026-05-19 05:59:58] [Writer] 第293章字数不合格（6906字），重试(1/3)...
[2026-05-19 06:00:03] [Writer] 第293章已存在且字数合格（4974字），跳过
[2026-05-19 06:00:05] [Writer] 正在生成第294章...
[2026-05-19 06:01:18] [Writer] 第294章已保存（4800字） -> D:\AiProject\Node\projects\novels8\chapters\draft\chapter_0294.txt
[2026-05-19 06:01:20] [Writer] 第295章已存在且字数合格（6088字），跳过
[2026-05-19 06:01:22] [Writer] 正在生成第296章...
[2026-05-19 06:02:51] [Writer] 第296章已保存（6218字） -> D:\AiProject\Node\projects\novels8\chapters\draft\chapter_0296.txt
[2026-05-19 06:02:53] [Writer] 全部完成
