============================================================
Writer Agent 启动
项目: D:\AiProject\Node\projects\novels8
============================================================
[2026-05-19 03:24:56] [Writer] 正在生成第413章...
[2026-05-19 03:26:08] [Writer] 第413章已保存（4878字） -> D:\AiProject\Node\projects\novels8\chapters\draft\chapter_0413.txt
[2026-05-19 03:26:10] [Writer] 正在生成第414章...
[2026-05-19 03:27:50] [Writer] 第414章生成失败，重试(1/3)...
[2026-05-19 03:27:55] [Writer] 正在生成第414章...
[2026-05-19 03:29:37] [Writer] 第414章字数不合格（8145字），重试(2/3)...
[2026-05-19 03:29:42] [Writer] 正在生成第414章...
[2026-05-19 03:31:05] [Writer] 第414章字数不合格（6109字），重试(3/3)...
[2026-05-19 03:31:10] [Writer] 正在生成第414章...
[2026-05-19 03:32:42] [Writer] 第414章字数不合格（6824字），保存草稿并标记失败
[2026-05-19 03:32:42] [Writer] 第414章已保存（6824字） -> D:\AiProject\Node\projects\novels8\chapters\draft\chapter_0414.txt
[2026-05-19 03:32:42] [Writer] 第414章生成失败，记录并继续
[2026-05-19 03:32:44] [Writer] 正在生成第415章...
[2026-05-19 03:33:51] [Writer] 第415章字数不合格（5502字），重试(1/3)...
[2026-05-19 03:33:56] [Writer] 正在生成第415章...
[2026-05-19 03:35:00] [Writer] 第415章已保存（5222字） -> D:\AiProject\Node\projects\novels8\chapters\draft\chapter_0415.txt
[2026-05-19 03:35:02] [Writer] 正在生成第416章...
[2026-05-19 03:36:29] [Writer] 第416章字数不合格（6272字），重试(1/3)...
[2026-05-19 03:36:34] [Writer] 正在生成第416章...
[2026-05-19 03:37:43] [Writer] 第416章已保存（5024字） -> D:\AiProject\Node\projects\novels8\chapters\draft\chapter_0416.txt
[2026-05-19 03:37:45] [Writer] 以下章节生成失败: [414]
============================================================
Writer Agent 启动
项目: D:\AiProject\Node\projects\novels8
============================================================
[2026-05-19 04:38:33] [Writer] 第413章已存在且字数合格（4878字），跳过
[2026-05-19 04:38:35] [Writer] 第414章已存在但字数不合格（6824字），重新生成
[2026-05-19 04:38:35] [Writer] 正在生成第414章...
[2026-05-19 04:40:05] [Writer] 第414章字数不合格（6588字），重试(1/3)...
[2026-05-19 04:40:10] [Writer] 第414章已存在但字数不合格（6824字），重新生成
[2026-05-19 04:40:10] [Writer] 正在生成第414章...
[2026-05-19 04:41:36] [Writer] 第414章字数不合格（6560字），重试(2/3)...
[2026-05-19 04:41:41] [Writer] 第414章已存在但字数不合格（6824字），重新生成
[2026-05-19 04:41:41] [Writer] 正在生成第414章...
[2026-05-19 04:42:58] [Writer] 第414章已保存（5607字） -> D:\AiProject\Node\projects\novels8\chapters\draft\chapter_0414.txt
[2026-05-19 04:43:00] [Writer] 第415章已存在且字数合格（5222字），跳过
[2026-05-19 04:43:02] [Writer] 第416章已存在且字数合格（5024字），跳过
[2026-05-19 04:43:04] [Writer] 全部完成
============================================================
Writer Agent 启动
项目: D:\AiProject\Node\projects\novels8
============================================================
[2026-05-19 06:20:34] [Writer] 第413章已存在且字数合格（4878字），跳过
[2026-05-19 06:20:36] [Writer] 第414章已存在且字数合格（5607字），跳过
[2026-05-19 06:20:38] [Writer] 第415章已存在且字数合格（5222字），跳过
[2026-05-19 06:20:40] [Writer] 第416章已存在且字数合格（5024字），跳过
[2026-05-19 06:20:42] [Writer] 全部完成
