============================================================
Writer Agent 启动
项目: D:\AiProject\Node\projects\novels8
============================================================
[2026-05-19 03:19:20] [Writer] 第149章大纲不存在
[2026-05-19 03:19:22] [Writer] 第150章大纲不存在
[2026-05-19 03:19:24] [Writer] 第151章大纲不存在
[2026-05-19 03:19:26] [Writer] 第152章大纲不存在
[2026-05-19 03:19:28] [Writer] 全部完成
============================================================
Writer Agent 启动
项目: D:\AiProject\Node\projects\novels8
============================================================
[2026-05-19 03:19:44] [Writer] 第149章大纲不存在
[2026-05-19 03:19:46] [Writer] 第150章大纲不存在
[2026-05-19 03:19:48] [Writer] 第151章大纲不存在
[2026-05-19 03:19:50] [Writer] 第152章大纲不存在
[2026-05-19 03:19:52] [Writer] 全部完成
============================================================
Writer Agent 启动
项目: D:\AiProject\Node\projects\novels8
============================================================
[2026-05-19 04:50:07] [Writer] 正在生成第149章...
[2026-05-19 04:51:35] [Writer] 第149章已保存（5807字） -> D:\AiProject\Node\projects\novels8\chapters\draft\chapter_0149.txt
[2026-05-19 04:51:37] [Writer] 正在生成第150章...
[2026-05-19 04:52:43] [Writer] 第150章已保存（4846字） -> D:\AiProject\Node\projects\novels8\chapters\draft\chapter_0150.txt
[2026-05-19 04:52:45] [Writer] 第151章已存在且字数合格（4940字），跳过
[2026-05-19 04:52:47] [Writer] 正在生成第152章...
[2026-05-19 04:54:07] [Writer] 第152章已保存（5897字） -> D:\AiProject\Node\projects\novels8\chapters\draft\chapter_0152.txt
[2026-05-19 04:54:09] [Writer] 全部完成
