============================================================
Writer Agent 启动
项目: D:\AiProject\Node\projects\novels8
============================================================
[2026-05-19 03:21:28] [Writer] 第249章大纲不存在
[2026-05-19 03:21:30] [Writer] 第250章大纲不存在
[2026-05-19 03:21:32] [Writer] 第251章大纲不存在
[2026-05-19 03:21:34] [Writer] 第252章大纲不存在
[2026-05-19 03:21:36] [Writer] 全部完成
============================================================
Writer Agent 启动
项目: D:\AiProject\Node\projects\novels8
============================================================
[2026-05-19 03:21:52] [Writer] 第249章大纲不存在
[2026-05-19 03:21:54] [Writer] 第250章大纲不存在
[2026-05-19 03:21:56] [Writer] 第251章大纲不存在
[2026-05-19 03:21:58] [Writer] 第252章大纲不存在
[2026-05-19 03:22:00] [Writer] 全部完成
============================================================
Writer Agent 启动
项目: D:\AiProject\Node\projects\novels8
============================================================
[2026-05-19 05:36:53] [Writer] 正在生成第249章...
[2026-05-19 05:38:09] [Writer] 第249章已保存（5217字） -> D:\AiProject\Node\projects\novels8\chapters\draft\chapter_0249.txt
[2026-05-19 05:38:11] [Writer] 正在生成第250章...
[2026-05-19 05:39:56] [Writer] 第250章字数不合格（7353字），重试(1/3)...
[2026-05-19 05:40:01] [Writer] 第250章已存在且字数合格（5717字），跳过
[2026-05-19 05:40:03] [Writer] 第251章已存在且字数合格（6474字），跳过
[2026-05-19 05:40:05] [Writer] 第252章已存在且字数合格（5050字），跳过
[2026-05-19 05:40:07] [Writer] 全部完成
