============================================================
Writer Agent 启动
项目: D:\AiProject\Node\projects\novels8
============================================================
[2026-05-19 03:20:11] [Writer] 第197章大纲不存在
[2026-05-19 03:20:13] [Writer] 第198章大纲不存在
[2026-05-19 03:20:15] [Writer] 第199章大纲不存在
[2026-05-19 03:20:17] [Writer] 第200章大纲不存在
[2026-05-19 03:20:19] [Writer] 全部完成
============================================================
Writer Agent 启动
项目: D:\AiProject\Node\projects\novels8
============================================================
[2026-05-19 03:20:36] [Writer] 第197章大纲不存在
[2026-05-19 03:20:38] [Writer] 第198章大纲不存在
[2026-05-19 03:20:40] [Writer] 第199章大纲不存在
[2026-05-19 03:20:42] [Writer] 第200章大纲不存在
[2026-05-19 03:20:44] [Writer] 全部完成
============================================================
Writer Agent 启动
项目: D:\AiProject\Node\projects\novels8
============================================================
[2026-05-19 05:12:40] [Writer] 正在生成第197章...
[2026-05-19 05:14:00] [Writer] 第197章已保存（5487字） -> D:\AiProject\Node\projects\novels8\chapters\draft\chapter_0197.txt
[2026-05-19 05:14:02] [Writer] 正在生成第198章...
[2026-05-19 05:15:16] [Writer] 第198章已保存（5231字） -> D:\AiProject\Node\projects\novels8\chapters\draft\chapter_0198.txt
[2026-05-19 05:15:18] [Writer] 第199章已存在且字数合格（4723字），跳过
[2026-05-19 05:15:20] [Writer] 正在生成第200章...
[2026-05-19 05:16:22] [Writer] 第200章字数不合格（4435字），重试(1/3)...
[2026-05-19 05:16:27] [Writer] 正在生成第200章...
[2026-05-19 05:18:05] [Writer] 第200章字数不合格（7603字），重试(2/3)...
[2026-05-19 05:18:10] [Writer] 第200章已存在且字数合格（5255字），跳过
[2026-05-19 05:18:12] [Writer] 全部完成
