============================================================
Writer Agent 启动
项目: D:\AiProject\Node\projects\novels8
============================================================
[2026-05-19 02:49:20] [Writer] 正在生成第1章...
[2026-05-19 02:50:22] [Writer] 第1章已保存（4567字） -> D:\AiProject\Node\projects\novels8\chapters\draft\chapter_0001.txt
[2026-05-19 02:50:25] [Writer] 第2章大纲不存在
[2026-05-19 02:50:27] [Writer] 第3章大纲不存在
[2026-05-19 02:50:29] [Writer] 第4章大纲不存在
[2026-05-19 02:50:31] [Writer] 全部完成
============================================================
Writer Agent 启动
项目: D:\AiProject\Node\projects\novels8
============================================================
[2026-05-19 03:30:45] [Writer] 正在生成第1章...
[2026-05-19 03:31:50] [Writer] 第1章已保存（4756字） -> D:\AiProject\Node\projects\novels8\chapters\draft\chapter_0001.txt
[2026-05-19 03:31:52] [Writer] 正在生成第2章...
[2026-05-19 03:33:13] [Writer] 第2章已保存（5397字） -> D:\AiProject\Node\projects\novels8\chapters\draft\chapter_0002.txt
[2026-05-19 03:33:15] [Writer] 第3章已存在但字数不合格（8292字），重新生成
[2026-05-19 03:33:15] [Writer] 正在生成第3章...
[2026-05-19 03:35:48] [Writer] 第3章已保存（5194字） -> D:\AiProject\Node\projects\novels8\chapters\draft\chapter_0003.txt
[2026-05-19 03:35:50] [Writer] 正在生成第4章...
[2026-05-19 03:37:32] [Writer] 第4章字数不合格（7460字），重试(1/3)...
[2026-05-19 03:37:37] [Writer] 正在生成第4章...
[2026-05-19 03:38:52] [Writer] 第4章字数不合格（5729字），重试(2/3)...
[2026-05-19 03:38:57] [Writer] 第4章已存在但字数不合格（5623字），重新生成
[2026-05-19 03:38:57] [Writer] 正在生成第4章...
[2026-05-19 03:40:28] [Writer] 第4章字数不合格（7594字），重试(3/3)...
[2026-05-19 03:40:33] [Writer] 第4章已存在但字数不合格（5623字），重新生成
[2026-05-19 03:40:33] [Writer] 正在生成第4章...
[2026-05-19 03:41:40] [Writer] 第4章已保存（5414字） -> D:\AiProject\Node\projects\novels8\chapters\draft\chapter_0004.txt
[2026-05-19 03:41:42] [Writer] 全部完成
