============================================================
Writer Agent 启动
项目: D:\AiProject\Node\projects\novels8
============================================================
[2026-05-19 05:26:03] [Writer] 正在生成第235章...
[2026-05-19 05:27:59] [Writer] 第235章字数不合格（8649字），重试(1/3)...
[2026-05-19 05:28:04] [Writer] 正在生成第235章...
[2026-05-19 05:29:43] [Writer] 第235章字数不合格（7992字），重试(2/3)...
[2026-05-19 05:29:48] [Writer] 正在生成第235章...
[2026-05-19 05:31:02] [Writer] 第235章已保存（5554字） -> D:\AiProject\Node\projects\novels8\chapters\draft\chapter_0235.txt
[2026-05-19 05:31:04] [Writer] 正在生成第236章...
[2026-05-19 05:32:17] [Writer] 第236章已保存（5307字） -> D:\AiProject\Node\projects\novels8\chapters\draft\chapter_0236.txt
[2026-05-19 05:32:19] [Writer] 全部完成
============================================================
Writer Agent 启动
项目: D:\AiProject\Node\projects\novels8
============================================================
[2026-05-19 09:29:50] [Writer] 第235章已存在且字数合格（5554字），跳过
[2026-05-19 09:29:52] [Writer] 第236章已存在且字数合格（5090字），跳过
[2026-05-19 09:29:54] [Writer] 全部完成
