============================================================
Writer Agent 启动
项目: D:\AiProject\Node\projects\novels8
============================================================
[2026-05-19 03:20:11] [Writer] 第193章大纲不存在
[2026-05-19 03:20:13] [Writer] 第194章大纲不存在
[2026-05-19 03:20:15] [Writer] 第195章大纲不存在
[2026-05-19 03:20:17] [Writer] 第196章大纲不存在
[2026-05-19 03:20:19] [Writer] 全部完成
============================================================
Writer Agent 启动
项目: D:\AiProject\Node\projects\novels8
============================================================
[2026-05-19 03:20:36] [Writer] 第193章大纲不存在
[2026-05-19 03:20:38] [Writer] 第194章大纲不存在
[2026-05-19 03:20:40] [Writer] 第195章大纲不存在
[2026-05-19 03:20:42] [Writer] 第196章大纲不存在
[2026-05-19 03:20:44] [Writer] 全部完成
============================================================
Writer Agent 启动
项目: D:\AiProject\Node\projects\novels8
============================================================
[2026-05-19 05:12:40] [Writer] 正在生成第193章...
[2026-05-19 05:13:45] [Writer] 第193章字数不合格（4259字），重试(1/3)...
[2026-05-19 05:13:50] [Writer] 第193章已存在且字数合格（4768字），跳过
[2026-05-19 05:13:52] [Writer] 正在生成第194章...
[2026-05-19 05:15:23] [Writer] 第194章字数不合格（6667字），重试(1/3)...
[2026-05-19 05:15:28] [Writer] 正在生成第194章...
[2026-05-19 05:16:48] [Writer] 第194章已保存（5905字） -> D:\AiProject\Node\projects\novels8\chapters\draft\chapter_0194.txt
[2026-05-19 05:16:50] [Writer] 第195章已存在且字数合格（5186字），跳过
[2026-05-19 05:16:52] [Writer] 第196章已存在且字数合格（6030字），跳过
[2026-05-19 05:16:54] [Writer] 全部完成
