============================================================
Writer Agent 启动
项目: D:\AiProject\Node\projects\novels8
============================================================
[2026-05-19 05:57:43] [Writer] 正在生成第561章...
[2026-05-19 05:59:04] [Writer] 第561章已保存（5889字） -> D:\AiProject\Node\projects\novels8\chapters\draft\chapter_0561.txt
[2026-05-19 05:59:06] [Writer] 正在生成第562章...
[2026-05-19 06:00:35] [Writer] 第562章已保存（5338字） -> D:\AiProject\Node\projects\novels8\chapters\draft\chapter_0562.txt
[2026-05-19 06:00:37] [Writer] 正在生成第563章...
[2026-05-19 06:01:50] [Writer] 第563章已保存（4942字） -> D:\AiProject\Node\projects\novels8\chapters\draft\chapter_0563.txt
[2026-05-19 06:01:52] [Writer] 正在生成第564章...
[2026-05-19 06:04:17] [Writer] 第564章字数不合格（8305字），重试(1/3)...
[2026-05-19 06:04:22] [Writer] 第564章已存在且字数合格（5352字），跳过
[2026-05-19 06:04:24] [Writer] 全部完成
============================================================
Writer Agent 启动
项目: D:\AiProject\Node\projects\novels8
============================================================
[2026-05-19 06:31:58] [Writer] 第561章已存在且字数合格（5506字），跳过
[2026-05-19 06:32:00] [Writer] 第562章已存在且字数合格（6210字），跳过
[2026-05-19 06:32:02] [Writer] 第563章已存在且字数合格（4942字），跳过
[2026-05-19 06:32:04] [Writer] 第564章已存在且字数合格（5352字），跳过
[2026-05-19 06:32:06] [Writer] 全部完成
