============================================================
Writer Agent 启动
项目: D:\AiProject\Node\projects\novels8
============================================================
[2026-05-19 04:07:22] [Writer] 正在生成第449章...
[2026-05-19 04:08:53] [Writer] 第449章已保存（6121字） -> D:\AiProject\Node\projects\novels8\chapters\draft\chapter_0449.txt
[2026-05-19 04:08:55] [Writer] 正在生成第450章...
[2026-05-19 04:09:51] [Writer] 第450章字数不合格（4219字），重试(1/3)...
[2026-05-19 04:09:56] [Writer] 正在生成第450章...
[2026-05-19 04:11:23] [Writer] 第450章已保存（6200字） -> D:\AiProject\Node\projects\novels8\chapters\draft\chapter_0450.txt
[2026-05-19 04:11:25] [Writer] 正在生成第451章...
[2026-05-19 04:12:50] [Writer] 第451章字数不合格（6547字），重试(1/3)...
[2026-05-19 04:12:55] [Writer] 正在生成第451章...
[2026-05-19 04:14:01] [Writer] 第451章已保存（4754字） -> D:\AiProject\Node\projects\novels8\chapters\draft\chapter_0451.txt
[2026-05-19 04:14:03] [Writer] 正在生成第452章...
[2026-05-19 04:15:32] [Writer] 第452章字数不合格（6739字），重试(1/3)...
[2026-05-19 04:15:37] [Writer] 正在生成第452章...
[2026-05-19 04:17:08] [Writer] 第452章字数不合格（7083字），重试(2/3)...
[2026-05-19 04:17:13] [Writer] 正在生成第452章...
[2026-05-19 04:18:39] [Writer] 第452章字数不合格（7049字），重试(3/3)...
[2026-05-19 04:18:44] [Writer] 正在生成第452章...
[2026-05-19 04:20:44] [Writer] 第452章字数不合格（8758字），保存草稿并标记失败
[2026-05-19 04:20:44] [Writer] 第452章已保存（8758字） -> D:\AiProject\Node\projects\novels8\chapters\draft\chapter_0452.txt
[2026-05-19 04:20:44] [Writer] 第452章生成失败，记录并继续
[2026-05-19 04:20:46] [Writer] 以下章节生成失败: [452]
============================================================
Writer Agent 启动
项目: D:\AiProject\Node\projects\novels8
============================================================
[2026-05-19 04:52:09] [Writer] 第449章已存在且字数合格（6121字），跳过
[2026-05-19 04:52:11] [Writer] 第450章已存在且字数合格（6200字），跳过
[2026-05-19 04:52:13] [Writer] 第451章已存在且字数合格（4754字），跳过
[2026-05-19 04:52:15] [Writer] 第452章已存在但字数不合格（8758字），重新生成
[2026-05-19 04:52:15] [Writer] 正在生成第452章...
[2026-05-19 04:53:31] [Writer] 第452章已保存（5756字） -> D:\AiProject\Node\projects\novels8\chapters\draft\chapter_0452.txt
[2026-05-19 04:53:33] [Writer] 全部完成
============================================================
Writer Agent 启动
项目: D:\AiProject\Node\projects\novels8
============================================================
[2026-05-19 06:26:43] [Writer] 第449章已存在且字数合格（6121字），跳过
[2026-05-19 06:26:45] [Writer] 第450章已存在且字数合格（6200字），跳过
[2026-05-19 06:26:47] [Writer] 第451章已存在且字数合格（4754字），跳过
[2026-05-19 06:26:49] [Writer] 第452章已存在且字数合格（5756字），跳过
[2026-05-19 06:26:51] [Writer] 全部完成
