============================================================
Writer Agent 启动
项目: D:\AiProject\Node\projects\novels8
============================================================
[2026-05-19 04:07:22] [Writer] 正在生成第457章...
[2026-05-19 04:08:55] [Writer] 第457章已保存（5956字） -> D:\AiProject\Node\projects\novels8\chapters\draft\chapter_0457.txt
[2026-05-19 04:08:57] [Writer] 正在生成第458章...
[2026-05-19 04:10:09] [Writer] 第458章已保存（5241字） -> D:\AiProject\Node\projects\novels8\chapters\draft\chapter_0458.txt
[2026-05-19 04:10:11] [Writer] 正在生成第459章...
[2026-05-19 04:11:44] [Writer] 第459章已保存（6219字） -> D:\AiProject\Node\projects\novels8\chapters\draft\chapter_0459.txt
[2026-05-19 04:11:46] [Writer] 正在生成第460章...
[2026-05-19 04:12:42] [Writer] 第460章字数不合格（4146字），重试(1/3)...
[2026-05-19 04:12:47] [Writer] 正在生成第460章...
[2026-05-19 04:13:31] [Writer] 第460章字数不合格（3642字），重试(2/3)...
[2026-05-19 04:13:36] [Writer] 正在生成第460章...
[2026-05-19 04:14:34] [Writer] 第460章字数不合格（4266字），重试(3/3)...
[2026-05-19 04:14:39] [Writer] 正在生成第460章...
[2026-05-19 04:15:46] [Writer] 第460章已保存（4962字） -> D:\AiProject\Node\projects\novels8\chapters\draft\chapter_0460.txt
[2026-05-19 04:15:48] [Writer] 全部完成
============================================================
Writer Agent 启动
项目: D:\AiProject\Node\projects\novels8
============================================================
[2026-05-19 04:52:09] [Writer] 第457章已存在且字数合格（5956字），跳过
[2026-05-19 04:52:11] [Writer] 第458章已存在且字数合格（5241字），跳过
[2026-05-19 04:52:13] [Writer] 第459章已存在且字数合格（6219字），跳过
[2026-05-19 04:52:15] [Writer] 第460章已存在且字数合格（4962字），跳过
[2026-05-19 04:52:17] [Writer] 全部完成
============================================================
Writer Agent 启动
项目: D:\AiProject\Node\projects\novels8
============================================================
[2026-05-19 06:26:43] [Writer] 第457章已存在且字数合格（5956字），跳过
[2026-05-19 06:26:45] [Writer] 第458章已存在且字数合格（5241字），跳过
[2026-05-19 06:26:47] [Writer] 第459章已存在且字数合格（6219字），跳过
[2026-05-19 06:26:49] [Writer] 第460章已存在且字数合格（4962字），跳过
[2026-05-19 06:26:51] [Writer] 全部完成
