============================================================
Writer Agent 启动
项目: D:\AiProject\Node\projects\novels8
============================================================
[2026-05-19 05:36:41] [Writer] 正在生成第255章...
[2026-05-19 05:38:16] [Writer] 第255章已保存（6049字） -> D:\AiProject\Node\projects\novels8\chapters\draft\chapter_0255.txt
[2026-05-19 05:38:18] [Writer] 正在生成第256章...
[2026-05-19 05:39:46] [Writer] 第256章字数不合格（6649字），重试(1/3)...
[2026-05-19 05:39:51] [Writer] 正在生成第256章...
[2026-05-19 05:41:32] [Writer] 第256章字数不合格（7066字），重试(2/3)...
[2026-05-19 05:41:37] [Writer] 正在生成第256章...
[2026-05-19 05:43:32] [Writer] 第256章字数不合格（7681字），重试(3/3)...
[2026-05-19 05:43:37] [Writer] 正在生成第256章...
[2026-05-19 05:44:49] [Writer] 第256章已保存（5710字） -> D:\AiProject\Node\projects\novels8\chapters\draft\chapter_0256.txt
[2026-05-19 05:44:51] [Writer] 全部完成
============================================================
Writer Agent 启动
项目: D:\AiProject\Node\projects\novels8
============================================================
[2026-05-19 09:29:50] [Writer] 第255章已存在且字数合格（6049字），跳过
[2026-05-19 09:29:52] [Writer] 第256章已存在且字数合格（5710字），跳过
[2026-05-19 09:29:54] [Writer] 全部完成
