============================================================
Writer Agent 启动
项目: D:\AiProject\Node\projects\novels8
============================================================
[2026-05-19 03:21:54] [Writer] 第273章大纲不存在
[2026-05-19 03:21:56] [Writer] 第274章大纲不存在
[2026-05-19 03:21:58] [Writer] 第275章大纲不存在
[2026-05-19 03:22:00] [Writer] 第276章大纲不存在
[2026-05-19 03:22:02] [Writer] 全部完成
============================================================
Writer Agent 启动
项目: D:\AiProject\Node\projects\novels8
============================================================
[2026-05-19 03:22:18] [Writer] 第273章大纲不存在
[2026-05-19 03:22:20] [Writer] 第274章大纲不存在
[2026-05-19 03:22:22] [Writer] 第275章大纲不存在
[2026-05-19 03:22:24] [Writer] 第276章大纲不存在
[2026-05-19 03:22:26] [Writer] 全部完成
============================================================
Writer Agent 启动
项目: D:\AiProject\Node\projects\novels8
============================================================
[2026-05-19 05:47:52] [Writer] 正在生成第273章...
[2026-05-19 05:48:56] [Writer] 第273章字数不合格（3939字），重试(1/3)...
[2026-05-19 05:49:01] [Writer] 第273章已存在且字数合格（5161字），跳过
[2026-05-19 05:49:03] [Writer] 正在生成第274章...
[2026-05-19 05:50:06] [Writer] 第274章已保存（4653字） -> D:\AiProject\Node\projects\novels8\chapters\draft\chapter_0274.txt
[2026-05-19 05:50:08] [Writer] 第275章已存在且字数合格（5189字），跳过
[2026-05-19 05:50:10] [Writer] 正在生成第276章...
[2026-05-19 05:51:22] [Writer] 第276章已保存（5121字） -> D:\AiProject\Node\projects\novels8\chapters\draft\chapter_0276.txt
[2026-05-19 05:51:24] [Writer] 全部完成
