============================================================
Writer Agent 启动
项目: D:\AiProject\Node\projects\novels8
============================================================
[2026-05-19 03:20:11] [Writer] 第189章大纲不存在
[2026-05-19 03:20:13] [Writer] 第190章大纲不存在
[2026-05-19 03:20:15] [Writer] 第191章大纲不存在
[2026-05-19 03:20:17] [Writer] 第192章大纲不存在
[2026-05-19 03:20:19] [Writer] 全部完成
============================================================
Writer Agent 启动
项目: D:\AiProject\Node\projects\novels8
============================================================
[2026-05-19 03:20:36] [Writer] 第189章大纲不存在
[2026-05-19 03:20:38] [Writer] 第190章大纲不存在
[2026-05-19 03:20:40] [Writer] 第191章大纲不存在
[2026-05-19 03:20:42] [Writer] 第192章大纲不存在
[2026-05-19 03:20:44] [Writer] 全部完成
============================================================
Writer Agent 启动
项目: D:\AiProject\Node\projects\novels8
============================================================
[2026-05-19 05:12:40] [Writer] 第189章大纲不存在
[2026-05-19 05:12:42] [Writer] 第190章大纲不存在
[2026-05-19 05:12:44] [Writer] 正在生成第191章...
[2026-05-19 05:14:22] [Writer] 第191章字数不合格（6968字），重试(1/3)...
[2026-05-19 05:14:27] [Writer] 第191章已存在且字数合格（5765字），跳过
[2026-05-19 05:14:29] [Writer] 正在生成第192章...
[2026-05-19 05:15:37] [Writer] 第192章字数不合格（4374字），重试(1/3)...
[2026-05-19 05:15:42] [Writer] 第192章已存在且字数合格（5282字），跳过
[2026-05-19 05:15:44] [Writer] 全部完成
