============================================================
Writer Agent 启动
项目: D:\AiProject\Node\projects\novels8
============================================================
[2026-05-19 03:21:02] [Writer] 第221章大纲不存在
[2026-05-19 03:21:04] [Writer] 第222章大纲不存在
[2026-05-19 03:21:06] [Writer] 第223章大纲不存在
[2026-05-19 03:21:08] [Writer] 第224章大纲不存在
[2026-05-19 03:21:10] [Writer] 全部完成
============================================================
Writer Agent 启动
项目: D:\AiProject\Node\projects\novels8
============================================================
[2026-05-19 03:21:27] [Writer] 第221章大纲不存在
[2026-05-19 03:21:29] [Writer] 第222章大纲不存在
[2026-05-19 03:21:31] [Writer] 第223章大纲不存在
[2026-05-19 03:21:33] [Writer] 第224章大纲不存在
[2026-05-19 03:21:35] [Writer] 全部完成
============================================================
Writer Agent 启动
项目: D:\AiProject\Node\projects\novels8
============================================================
[2026-05-19 05:26:13] [Writer] 正在生成第221章...
[2026-05-19 05:27:33] [Writer] 第221章已保存（5634字） -> D:\AiProject\Node\projects\novels8\chapters\draft\chapter_0221.txt
[2026-05-19 05:27:35] [Writer] 正在生成第222章...
[2026-05-19 05:28:55] [Writer] 第222章已保存（5986字） -> D:\AiProject\Node\projects\novels8\chapters\draft\chapter_0222.txt
[2026-05-19 05:28:57] [Writer] 第223章已存在且字数合格（4910字），跳过
[2026-05-19 05:28:59] [Writer] 第224章已存在且字数合格（4882字），跳过
[2026-05-19 05:29:01] [Writer] 全部完成
