============================================================
Writer Agent 启动
项目: D:\AiProject\Node\projects\novels8
============================================================
[2026-05-19 04:26:54] [Writer] 正在生成第473章...
[2026-05-19 04:28:11] [Writer] 第473章字数不合格（4081字），重试(1/3)...
[2026-05-19 04:28:16] [Writer] 正在生成第473章...
[2026-05-19 04:29:13] [Writer] 第473章字数不合格（3926字），重试(2/3)...
[2026-05-19 04:29:18] [Writer] 正在生成第473章...
[2026-05-19 04:30:04] [Writer] 第473章字数不合格（3631字），重试(3/3)...
[2026-05-19 04:30:09] [Writer] 正在生成第473章...
[2026-05-19 04:31:03] [Writer] 第473章字数不合格（3855字），保存草稿并标记失败
[2026-05-19 04:31:03] [Writer] 第473章已保存（3855字） -> D:\AiProject\Node\projects\novels8\chapters\draft\chapter_0473.txt
[2026-05-19 04:31:03] [Writer] 第473章生成失败，记录并继续
[2026-05-19 04:31:05] [Writer] 正在生成第474章...
[2026-05-19 04:32:25] [Writer] 第474章已保存（5479字） -> D:\AiProject\Node\projects\novels8\chapters\draft\chapter_0474.txt
[2026-05-19 04:32:27] [Writer] 正在生成第475章...
[2026-05-19 04:33:38] [Writer] 第475章已保存（5318字） -> D:\AiProject\Node\projects\novels8\chapters\draft\chapter_0475.txt
[2026-05-19 04:33:40] [Writer] 正在生成第476章...
[2026-05-19 04:35:33] [Writer] 第476章字数不合格（8895字），重试(1/3)...
[2026-05-19 04:35:38] [Writer] 正在生成第476章...
[2026-05-19 04:36:38] [Writer] 第476章已保存（4581字） -> D:\AiProject\Node\projects\novels8\chapters\draft\chapter_0476.txt
[2026-05-19 04:36:40] [Writer] 以下章节生成失败: [473]
============================================================
Writer Agent 启动
项目: D:\AiProject\Node\projects\novels8
============================================================
[2026-05-19 04:53:50] [Writer] 第473章已存在但字数不合格（3855字），重新生成
[2026-05-19 04:53:50] [Writer] 正在生成第473章...
[2026-05-19 04:54:54] [Writer] 第473章已保存（5160字） -> D:\AiProject\Node\projects\novels8\chapters\draft\chapter_0473.txt
[2026-05-19 04:54:56] [Writer] 第474章已存在且字数合格（5479字），跳过
[2026-05-19 04:54:58] [Writer] 第475章已存在且字数合格（5318字），跳过
[2026-05-19 04:55:00] [Writer] 第476章已存在且字数合格（4581字），跳过
[2026-05-19 04:55:02] [Writer] 全部完成
============================================================
Writer Agent 启动
项目: D:\AiProject\Node\projects\novels8
============================================================
[2026-05-19 06:27:08] [Writer] 第473章已存在且字数合格（5160字），跳过
[2026-05-19 06:27:10] [Writer] 第474章已存在且字数合格（5479字），跳过
[2026-05-19 06:27:12] [Writer] 第475章已存在且字数合格（5318字），跳过
[2026-05-19 06:27:14] [Writer] 第476章已存在且字数合格（4581字），跳过
[2026-05-19 06:27:16] [Writer] 全部完成
