============================================================
Writer Agent 启动
项目: D:\AiProject\Node\projects\novels8
============================================================
[2026-05-19 03:22:44] [Writer] 第313章大纲不存在
[2026-05-19 03:22:46] [Writer] 第314章大纲不存在
[2026-05-19 03:22:48] [Writer] 第315章大纲不存在
[2026-05-19 03:22:50] [Writer] 第316章大纲不存在
[2026-05-19 03:22:52] [Writer] 全部完成
============================================================
Writer Agent 启动
项目: D:\AiProject\Node\projects\novels8
============================================================
[2026-05-19 03:23:09] [Writer] 正在生成第313章...
[2026-05-19 03:24:29] [Writer] 第313章字数不合格（6115字），重试(1/3)...
[2026-05-19 03:24:34] [Writer] 正在生成第313章...
[2026-05-19 03:25:50] [Writer] 第313章已保存（5217字） -> D:\AiProject\Node\projects\novels8\chapters\draft\chapter_0313.txt
[2026-05-19 03:25:52] [Writer] 正在生成第314章...
[2026-05-19 03:27:00] [Writer] 第314章已保存（5117字） -> D:\AiProject\Node\projects\novels8\chapters\draft\chapter_0314.txt
[2026-05-19 03:27:02] [Writer] 正在生成第315章...
[2026-05-19 03:28:16] [Writer] 第315章字数不合格（6061字），重试(1/3)...
[2026-05-19 03:28:21] [Writer] 正在生成第315章...
[2026-05-19 03:29:30] [Writer] 第315章已保存（5493字） -> D:\AiProject\Node\projects\novels8\chapters\draft\chapter_0315.txt
[2026-05-19 03:29:32] [Writer] 第316章大纲不存在
[2026-05-19 03:29:34] [Writer] 全部完成
============================================================
Writer Agent 启动
项目: D:\AiProject\Node\projects\novels8
============================================================
[2026-05-19 06:09:40] [Writer] 第313章已存在且字数合格（5217字），跳过
[2026-05-19 06:09:42] [Writer] 第314章已存在且字数合格（5117字），跳过
[2026-05-19 06:09:44] [Writer] 第315章已存在且字数合格（5493字），跳过
[2026-05-19 06:09:46] [Writer] 第316章大纲不存在
[2026-05-19 06:09:48] [Writer] 全部完成
