============================================================
Writer Agent 启动
项目: D:\AiProject\Node\projects\novels8
============================================================
[2026-05-19 03:17:11] [Writer] 第49章大纲不存在
[2026-05-19 03:17:13] [Writer] 第50章大纲不存在
[2026-05-19 03:17:15] [Writer] 第51章大纲不存在
[2026-05-19 03:17:17] [Writer] 第52章大纲不存在
[2026-05-19 03:17:19] [Writer] 全部完成
============================================================
Writer Agent 启动
项目: D:\AiProject\Node\projects\novels8
============================================================
[2026-05-19 03:17:36] [Writer] 第49章大纲不存在
[2026-05-19 03:17:38] [Writer] 第50章大纲不存在
[2026-05-19 03:17:40] [Writer] 第51章大纲不存在
[2026-05-19 03:17:42] [Writer] 第52章大纲不存在
[2026-05-19 03:17:44] [Writer] 全部完成
============================================================
Writer Agent 启动
项目: D:\AiProject\Node\projects\novels8
============================================================
[2026-05-19 03:58:25] [Writer] 第49章已存在且字数合格（5069字），跳过
[2026-05-19 03:58:27] [Writer] 第50章已存在且字数合格（4718字），跳过
[2026-05-19 03:58:29] [Writer] 第51章已存在且字数合格（5472字），跳过
[2026-05-19 03:58:31] [Writer] 第52章已存在且字数合格（5171字），跳过
[2026-05-19 03:58:33] [Writer] 全部完成
