============================================================
Writer Agent 启动
项目: D:\AiProject\Node\projects\novels8
============================================================
[2026-05-19 02:49:53] [Writer] 第13章大纲不存在
[2026-05-19 02:49:55] [Writer] 第14章大纲不存在
[2026-05-19 02:49:57] [Writer] 第15章大纲不存在
[2026-05-19 02:49:59] [Writer] 正在生成第16章...
[2026-05-19 02:51:39] [Writer] 第16章字数不合格（7141字），重试(1/3)...
[2026-05-19 02:51:44] [Writer] 第16章已存在且字数合格（5042字），跳过
[2026-05-19 02:51:46] [Writer] 全部完成
Project\Node\projects\novels8\chapters\draft\chapter_0016.txt
[2026-05-19 02:51:42] [Writer] 全部完成
============================================================
Writer Agent 启动
项目: D:\AiProject\Node\projects\novels8
============================================================
[2026-05-19 03:30:45] [Writer] 第13章已存在且字数合格（5252字），跳过
[2026-05-19 03:30:47] [Writer] 正在生成第14章...
[2026-05-19 03:32:02] [Writer] 第14章字数不合格（6539字），重试(1/3)...
[2026-05-19 03:32:07] [Writer] 正在生成第14章...
[2026-05-19 03:33:08] [Writer] 第14章字数不合格（4475字），重试(2/3)...
[2026-05-19 03:33:13] [Writer] 第14章已存在且字数合格（5337字），跳过
[2026-05-19 03:33:15] [Writer] 第15章已存在且字数合格（5181字），跳过
[2026-05-19 03:33:17] [Writer] 正在生成第16章...
[2026-05-19 03:34:55] [Writer] 第16章字数不合格（8055字），重试(1/3)...
[2026-05-19 03:35:01] [Writer] 正在生成第16章...
[2026-05-19 03:36:07] [Writer] 第16章已保存（4673字） -> D:\AiProject\Node\projects\novels8\chapters\draft\chapter_0016.txt
[2026-05-19 03:36:09] [Writer] 全部完成
