============================================================
Writer Agent 启动
项目: D:\AiProject\Node\projects\novels8
============================================================
[2026-05-19 03:19:46] [Writer] 第173章大纲不存在
[2026-05-19 03:19:48] [Writer] 第174章大纲不存在
[2026-05-19 03:19:50] [Writer] 第175章大纲不存在
[2026-05-19 03:19:52] [Writer] 第176章大纲不存在
[2026-05-19 03:19:54] [Writer] 全部完成
============================================================
Writer Agent 启动
项目: D:\AiProject\Node\projects\novels8
============================================================
[2026-05-19 03:20:10] [Writer] 第173章大纲不存在
[2026-05-19 03:20:12] [Writer] 第174章大纲不存在
[2026-05-19 03:20:14] [Writer] 第175章大纲不存在
[2026-05-19 03:20:16] [Writer] 第176章大纲不存在
[2026-05-19 03:20:18] [Writer] 全部完成
============================================================
Writer Agent 启动
项目: D:\AiProject\Node\projects\novels8
============================================================
[2026-05-19 04:59:17] [Writer] 正在生成第173章...
[2026-05-19 05:00:56] [Writer] 第173章字数不合格（7457字），重试(1/3)...
[2026-05-19 05:01:01] [Writer] 正在生成第173章...
[2026-05-19 05:02:23] [Writer] 第173章已保存（5124字） -> D:\AiProject\Node\projects\novels8\chapters\draft\chapter_0173.txt
[2026-05-19 05:02:25] [Writer] 正在生成第174章...
[2026-05-19 05:04:24] [Writer] 第174章字数不合格（7542字），重试(1/3)...
[2026-05-19 05:04:29] [Writer] 正在生成第174章...
[2026-05-19 05:06:07] [Writer] 第174章字数不合格（6514字），重试(2/3)...
[2026-05-19 05:06:12] [Writer] 正在生成第174章...
[2026-05-19 05:08:28] [Writer] 第174章字数不合格（9664字），重试(3/3)...
[2026-05-19 05:08:33] [Writer] 正在生成第174章...
[2026-05-19 05:10:09] [Writer] 第174章字数不合格（7115字），保存草稿并标记失败
[2026-05-19 05:10:09] [Writer] 第174章已保存（7115字） -> D:\AiProject\Node\projects\novels8\chapters\draft\chapter_0174.txt
[2026-05-19 05:10:09] [Writer] 第174章生成失败，记录并继续
[2026-05-19 05:10:11] [Writer] 第175章已存在且字数合格（5111字），跳过
[2026-05-19 05:10:13] [Writer] 第176章大纲不存在
[2026-05-19 05:10:15] [Writer] 以下章节生成失败: [174]
