============================================================
Writer Agent 启动
项目: D:\AiProject\Node\projects\novels8
============================================================
[2026-05-19 03:21:53] [Writer] 第265章大纲不存在
[2026-05-19 03:21:55] [Writer] 第266章大纲不存在
[2026-05-19 03:21:57] [Writer] 第267章大纲不存在
[2026-05-19 03:21:59] [Writer] 第268章大纲不存在
[2026-05-19 03:22:01] [Writer] 全部完成
============================================================
Writer Agent 启动
项目: D:\AiProject\Node\projects\novels8
============================================================
[2026-05-19 03:22:18] [Writer] 第265章大纲不存在
[2026-05-19 03:22:20] [Writer] 第266章大纲不存在
[2026-05-19 03:22:22] [Writer] 第267章大纲不存在
[2026-05-19 03:22:24] [Writer] 第268章大纲不存在
[2026-05-19 03:22:26] [Writer] 全部完成
============================================================
Writer Agent 启动
项目: D:\AiProject\Node\projects\novels8
============================================================
[2026-05-19 05:47:52] [Writer] 正在生成第265章...
[2026-05-19 05:49:20] [Writer] 第265章已保存（6003字） -> D:\AiProject\Node\projects\novels8\chapters\draft\chapter_0265.txt
[2026-05-19 05:49:22] [Writer] 正在生成第266章...
[2026-05-19 05:50:47] [Writer] 第266章已保存（6357字） -> D:\AiProject\Node\projects\novels8\chapters\draft\chapter_0266.txt
[2026-05-19 05:50:49] [Writer] 第267章已存在且字数合格（5624字），跳过
[2026-05-19 05:50:51] [Writer] 第268章已存在且字数合格（5869字），跳过
[2026-05-19 05:50:53] [Writer] 全部完成
