============================================================
Writer Agent 启动
项目: D:\AiProject\Node\projects\novels8
============================================================
[2026-05-19 04:26:54] [Writer] 正在生成第465章...
[2026-05-19 04:28:51] [Writer] 第465章字数不合格（8428字），重试(1/3)...
[2026-05-19 04:28:56] [Writer] 正在生成第465章...
[2026-05-19 04:30:58] [Writer] 第465章字数不合格（8723字），重试(2/3)...
[2026-05-19 04:31:03] [Writer] 正在生成第465章...
[2026-05-19 04:32:48] [Writer] 第465章字数不合格（7295字），重试(3/3)...
[2026-05-19 04:32:53] [Writer] 正在生成第465章...
[2026-05-19 04:34:46] [Writer] 第465章字数不合格（4499字），保存草稿并标记失败
[2026-05-19 04:34:46] [Writer] 第465章已保存（4499字） -> D:\AiProject\Node\projects\novels8\chapters\draft\chapter_0465.txt
[2026-05-19 04:34:46] [Writer] 第465章生成失败，记录并继续
[2026-05-19 04:34:48] [Writer] 正在生成第466章...
[2026-05-19 04:36:26] [Writer] 第466章字数不合格（6905字），重试(1/3)...
[2026-05-19 04:36:31] [Writer] 正在生成第466章...
[2026-05-19 04:37:44] [Writer] 第466章已保存（5510字） -> D:\AiProject\Node\projects\novels8\chapters\draft\chapter_0466.txt
[2026-05-19 04:37:46] [Writer] 正在生成第467章...
[2026-05-19 04:39:33] [Writer] 第467章字数不合格（8092字），重试(1/3)...
[2026-05-19 04:39:38] [Writer] 正在生成第467章...
[2026-05-19 04:41:51] [Writer] 第467章字数不合格（10112字），重试(2/3)...
[2026-05-19 04:41:56] [Writer] 正在生成第467章...
[2026-05-19 04:43:17] [Writer] 第467章已保存（5999字） -> D:\AiProject\Node\projects\novels8\chapters\draft\chapter_0467.txt
[2026-05-19 04:43:19] [Writer] 正在生成第468章...
[2026-05-19 04:44:26] [Writer] 第468章已保存（4771字） -> D:\AiProject\Node\projects\novels8\chapters\draft\chapter_0468.txt
[2026-05-19 04:44:28] [Writer] 以下章节生成失败: [465]
============================================================
Writer Agent 启动
项目: D:\AiProject\Node\projects\novels8
============================================================
[2026-05-19 04:53:50] [Writer] 第465章已存在但字数不合格（4499字），重新生成
[2026-05-19 04:53:50] [Writer] 正在生成第465章...
[2026-05-19 04:55:43] [Writer] 第465章字数不合格（8187字），重试(1/3)...
[2026-05-19 04:55:48] [Writer] 第465章已存在但字数不合格（4499字），重新生成
[2026-05-19 04:55:48] [Writer] 正在生成第465章...
[2026-05-19 04:57:26] [Writer] 第465章字数不合格（7464字），重试(2/3)...
[2026-05-19 04:57:31] [Writer] 第465章已存在但字数不合格（4499字），重新生成
[2026-05-19 04:57:31] [Writer] 正在生成第465章...
[2026-05-19 04:58:44] [Writer] 第465章已保存（5186字） -> D:\AiProject\Node\projects\novels8\chapters\draft\chapter_0465.txt
[2026-05-19 04:58:46] [Writer] 第466章已存在且字数合格（5510字），跳过
[2026-05-19 04:58:48] [Writer] 第467章已存在且字数合格（5999字），跳过
[2026-05-19 04:58:50] [Writer] 第468章已存在且字数合格（4771字），跳过
[2026-05-19 04:58:52] [Writer] 全部完成
============================================================
Writer Agent 启动
项目: D:\AiProject\Node\projects\novels8
============================================================
[2026-05-19 06:27:08] [Writer] 第465章已存在且字数合格（5186字），跳过
[2026-05-19 06:27:10] [Writer] 第466章已存在且字数合格（5510字），跳过
[2026-05-19 06:27:12] [Writer] 第467章已存在且字数合格（5999字），跳过
[2026-05-19 06:27:14] [Writer] 第468章已存在且字数合格（4771字），跳过
[2026-05-19 06:27:16] [Writer] 全部完成
