============================================================
Writer Agent 启动
项目: D:\AiProject\Node\projects\novels8
============================================================
[2026-05-19 06:27:35] [Writer] 正在生成第605章...
[2026-05-19 06:28:48] [Writer] 第605章已保存（4932字） -> D:\AiProject\Node\projects\novels8\chapters\draft\chapter_0605.txt
[2026-05-19 06:28:50] [Writer] 正在生成第606章...
[2026-05-19 06:30:44] [Writer] 第606章字数不合格（8229字），重试(1/3)...
[2026-05-19 06:30:49] [Writer] 第606章已存在且字数合格（5729字），跳过
[2026-05-19 06:30:51] [Writer] 正在生成第607章...
[2026-05-19 06:32:29] [Writer] 第607章字数不合格（6952字），重试(1/3)...
[2026-05-19 06:32:34] [Writer] 第607章已存在且字数合格（5708字），跳过
[2026-05-19 06:32:36] [Writer] 正在生成第608章...
[2026-05-19 06:33:52] [Writer] 第608章已保存（4809字） -> D:\AiProject\Node\projects\novels8\chapters\draft\chapter_0608.txt
[2026-05-19 06:33:54] [Writer] 全部完成
============================================================
Writer Agent 启动
项目: D:\AiProject\Node\projects\novels8
============================================================
[2026-05-19 06:34:34] [Writer] 第605章已存在且字数合格（4812字），跳过
[2026-05-19 06:34:36] [Writer] 第606章已存在且字数合格（5729字），跳过
[2026-05-19 06:34:38] [Writer] 第607章已存在且字数合格（5708字），跳过
[2026-05-19 06:34:40] [Writer] 第608章已存在且字数合格（4809字），跳过
[2026-05-19 06:34:42] [Writer] 全部完成
