============================================================
Writer Agent 启动
项目: D:\AiProject\Node\projects\novels8
============================================================
[2026-05-19 03:19:20] [Writer] 第145章大纲不存在
[2026-05-19 03:19:22] [Writer] 第146章大纲不存在
[2026-05-19 03:19:24] [Writer] 第147章大纲不存在
[2026-05-19 03:19:26] [Writer] 第148章大纲不存在
[2026-05-19 03:19:28] [Writer] 全部完成
============================================================
Writer Agent 启动
项目: D:\AiProject\Node\projects\novels8
============================================================
[2026-05-19 03:19:44] [Writer] 第145章大纲不存在
[2026-05-19 03:19:46] [Writer] 第146章大纲不存在
[2026-05-19 03:19:48] [Writer] 第147章大纲不存在
[2026-05-19 03:19:50] [Writer] 第148章大纲不存在
[2026-05-19 03:19:52] [Writer] 全部完成
============================================================
Writer Agent 启动
项目: D:\AiProject\Node\projects\novels8
============================================================
[2026-05-19 04:50:07] [Writer] 正在生成第145章...
[2026-05-19 04:51:36] [Writer] 第145章字数不合格（6512字），重试(1/3)...
[2026-05-19 04:51:41] [Writer] 正在生成第145章...
[2026-05-19 04:53:00] [Writer] 第145章已保存（6166字） -> D:\AiProject\Node\projects\novels8\chapters\draft\chapter_0145.txt
[2026-05-19 04:53:02] [Writer] 正在生成第146章...
[2026-05-19 04:54:27] [Writer] 第146章字数不合格（2709字），重试(1/3)...
[2026-05-19 04:54:32] [Writer] 正在生成第146章...
[2026-05-19 04:55:56] [Writer] 第146章已保存（6367字） -> D:\AiProject\Node\projects\novels8\chapters\draft\chapter_0146.txt
[2026-05-19 04:55:58] [Writer] 第147章已存在且字数合格（6132字），跳过
[2026-05-19 04:56:00] [Writer] 第148章已存在且字数合格（4660字），跳过
[2026-05-19 04:56:02] [Writer] 全部完成
