============================================================
Writer Agent 启动
项目: D:\AiProject\Node\projects\novels8
============================================================
[2026-05-19 03:19:20] [Writer] 第157章大纲不存在
[2026-05-19 03:19:22] [Writer] 第158章大纲不存在
[2026-05-19 03:19:24] [Writer] 第159章大纲不存在
[2026-05-19 03:19:26] [Writer] 第160章大纲不存在
[2026-05-19 03:19:28] [Writer] 全部完成
============================================================
Writer Agent 启动
项目: D:\AiProject\Node\projects\novels8
============================================================
[2026-05-19 03:19:44] [Writer] 第157章大纲不存在
[2026-05-19 03:19:46] [Writer] 第158章大纲不存在
[2026-05-19 03:19:48] [Writer] 第159章大纲不存在
[2026-05-19 03:19:50] [Writer] 第160章大纲不存在
[2026-05-19 03:19:52] [Writer] 全部完成
============================================================
Writer Agent 启动
项目: D:\AiProject\Node\projects\novels8
============================================================
[2026-05-19 04:50:07] [Writer] 正在生成第157章...
[2026-05-19 04:51:47] [Writer] 第157章字数不合格（7322字），重试(1/3)...
[2026-05-19 04:51:52] [Writer] 第157章已存在且字数合格（4918字），跳过
[2026-05-19 04:51:54] [Writer] 正在生成第158章...
[2026-05-19 04:52:59] [Writer] 第158章已保存（5011字） -> D:\AiProject\Node\projects\novels8\chapters\draft\chapter_0158.txt
[2026-05-19 04:53:01] [Writer] 正在生成第159章...
[2026-05-19 04:54:03] [Writer] 第159章已保存（5156字） -> D:\AiProject\Node\projects\novels8\chapters\draft\chapter_0159.txt
[2026-05-19 04:54:05] [Writer] 正在生成第160章...
[2026-05-19 04:56:01] [Writer] 第160章字数不合格（7798字），重试(1/3)...
[2026-05-19 04:56:06] [Writer] 正在生成第160章...
[2026-05-19 04:57:20] [Writer] 第160章已保存（5429字） -> D:\AiProject\Node\projects\novels8\chapters\draft\chapter_0160.txt
[2026-05-19 04:57:22] [Writer] 全部完成
