============================================================
Writer Agent 启动
项目: D:\AiProject\Node\projects\novels8
============================================================
[2026-05-19 03:25:42] [Writer] 正在生成第5章...
[2026-05-19 03:27:39] [Writer] 第5章字数不合格（8680字），重试(1/3)...
[2026-05-19 03:27:44] [Writer] 正在生成第5章...
[2026-05-19 03:29:09] [Writer] 第5章字数不合格（6360字），重试(2/3)...
[2026-05-19 03:29:14] [Writer] 正在生成第5章...
[2026-05-19 03:30:31] [Writer] 第5章字数不合格（5603字），重试(3/3)...
[2026-05-19 03:30:36] [Writer] 正在生成第5章...
[2026-05-19 03:31:42] [Writer] 第5章已保存（4969字） -> D:\AiProject\Node\projects\novels8\chapters\draft\chapter_0005.txt
[2026-05-19 03:31:44] [Writer] 正在生成第6章...
[2026-05-19 03:33:05] [Writer] 第6章字数不合格（5535字），重试(1/3)...
[2026-05-19 03:33:10] [Writer] 正在生成第6章...
[2026-05-19 03:34:54] [Writer] 第6章字数不合格（7767字），重试(2/3)...
[2026-05-19 03:34:59] [Writer] 正在生成第6章...
[2026-05-19 03:36:35] [Writer] 第6章字数不合格（6901字），重试(3/3)...
[2026-05-19 03:36:40] [Writer] 正在生成第6章...
[2026-05-19 03:37:56] [Writer] 第6章已保存（5462字） -> D:\AiProject\Node\projects\novels8\chapters\draft\chapter_0006.txt
[2026-05-19 03:37:58] [Writer] 全部完成
