============================================================
Writer Agent 启动
项目: D:\AiProject\Node\projects\novels8
============================================================
[2026-05-19 03:21:54] [Writer] 第277章大纲不存在
[2026-05-19 03:21:56] [Writer] 第278章大纲不存在
[2026-05-19 03:21:58] [Writer] 第279章大纲不存在
[2026-05-19 03:22:00] [Writer] 第280章大纲不存在
[2026-05-19 03:22:02] [Writer] 全部完成
============================================================
Writer Agent 启动
项目: D:\AiProject\Node\projects\novels8
============================================================
[2026-05-19 03:22:18] [Writer] 第277章大纲不存在
[2026-05-19 03:22:20] [Writer] 第278章大纲不存在
[2026-05-19 03:22:22] [Writer] 第279章大纲不存在
[2026-05-19 03:22:24] [Writer] 第280章大纲不存在
[2026-05-19 03:22:26] [Writer] 全部完成
============================================================
Writer Agent 启动
项目: D:\AiProject\Node\projects\novels8
============================================================
[2026-05-19 05:47:52] [Writer] 正在生成第277章...
[2026-05-19 05:48:56] [Writer] 第277章字数不合格（4134字），重试(1/3)...
[2026-05-19 05:49:01] [Writer] 正在生成第277章...
[2026-05-19 05:50:14] [Writer] 第277章已保存（4887字） -> D:\AiProject\Node\projects\novels8\chapters\draft\chapter_0277.txt
[2026-05-19 05:50:16] [Writer] 正在生成第278章...
[2026-05-19 05:51:35] [Writer] 第278章已保存（5742字） -> D:\AiProject\Node\projects\novels8\chapters\draft\chapter_0278.txt
[2026-05-19 05:51:37] [Writer] 正在生成第279章...
[2026-05-19 05:52:56] [Writer] 第279章已保存（5613字） -> D:\AiProject\Node\projects\novels8\chapters\draft\chapter_0279.txt
[2026-05-19 05:52:58] [Writer] 正在生成第280章...
[2026-05-19 05:54:13] [Writer] 第280章已保存（4852字） -> D:\AiProject\Node\projects\novels8\chapters\draft\chapter_0280.txt
[2026-05-19 05:54:15] [Writer] 全部完成
