============================================================
Writer Agent 启动
项目: D:\AiProject\Node\projects\novels8
============================================================
[2026-05-19 03:22:19] [Writer] 第297章大纲不存在
[2026-05-19 03:22:21] [Writer] 第298章大纲不存在
[2026-05-19 03:22:23] [Writer] 第299章大纲不存在
[2026-05-19 03:22:25] [Writer] 第300章大纲不存在
[2026-05-19 03:22:27] [Writer] 全部完成
============================================================
Writer Agent 启动
项目: D:\AiProject\Node\projects\novels8
============================================================
[2026-05-19 03:22:43] [Writer] 第297章大纲不存在
[2026-05-19 03:22:45] [Writer] 第298章大纲不存在
[2026-05-19 03:22:47] [Writer] 第299章大纲不存在
[2026-05-19 03:22:49] [Writer] 第300章大纲不存在
[2026-05-19 03:22:51] [Writer] 全部完成
============================================================
Writer Agent 启动
项目: D:\AiProject\Node\projects\novels8
============================================================
[2026-05-19 05:58:27] [Writer] 正在生成第297章...
[2026-05-19 05:59:36] [Writer] 第297章字数不合格（4359字），重试(1/3)...
[2026-05-19 05:59:41] [Writer] 正在生成第297章...
[2026-05-19 06:01:23] [Writer] 第297章已保存（6409字） -> D:\AiProject\Node\projects\novels8\chapters\draft\chapter_0297.txt
[2026-05-19 06:01:25] [Writer] 正在生成第298章...
[2026-05-19 06:02:40] [Writer] 第298章已保存（4792字） -> D:\AiProject\Node\projects\novels8\chapters\draft\chapter_0298.txt
[2026-05-19 06:02:42] [Writer] 第299章已存在且字数合格（5241字），跳过
[2026-05-19 06:02:44] [Writer] 第300章已存在且字数合格（5423字），跳过
[2026-05-19 06:02:46] [Writer] 全部完成
