============================================================
Writer Agent 启动
项目: D:\AiProject\Node\projects\novels8
============================================================
[2026-05-19 06:12:48] [Writer] 正在生成第589章...
[2026-05-19 06:14:05] [Writer] 第589章已保存（4989字） -> D:\AiProject\Node\projects\novels8\chapters\draft\chapter_0589.txt
[2026-05-19 06:14:07] [Writer] 正在生成第590章...
[2026-05-19 06:15:29] [Writer] 第590章已保存（5885字） -> D:\AiProject\Node\projects\novels8\chapters\draft\chapter_0590.txt
[2026-05-19 06:15:31] [Writer] 正在生成第591章...
[2026-05-19 06:17:00] [Writer] 第591章字数不合格（6633字），重试(1/3)...
[2026-05-19 06:17:05] [Writer] 正在生成第591章...
[2026-05-19 06:18:20] [Writer] 第591章已保存（5332字） -> D:\AiProject\Node\projects\novels8\chapters\draft\chapter_0591.txt
[2026-05-19 06:18:22] [Writer] 正在生成第592章...
[2026-05-19 06:19:46] [Writer] 第592章字数不合格（6594字），重试(1/3)...
[2026-05-19 06:19:51] [Writer] 正在生成第592章...
[2026-05-19 06:20:48] [Writer] 第592章已保存（4571字） -> D:\AiProject\Node\projects\novels8\chapters\draft\chapter_0592.txt
[2026-05-19 06:20:50] [Writer] 全部完成
 [Writer] 全部完成
============================================================
Writer Agent 启动
项目: D:\AiProject\Node\projects\novels8
============================================================
[2026-05-19 06:33:33] [Writer] 第589章已存在且字数合格（4989字），跳过
[2026-05-19 06:33:35] [Writer] 第590章已存在且字数合格（5885字），跳过
[2026-05-19 06:33:37] [Writer] 第591章已存在且字数合格（5823字），跳过
[2026-05-19 06:33:39] [Writer] 第592章已存在且字数合格（4571字），跳过
[2026-05-19 06:33:41] [Writer] 全部完成
