============================================================
Writer Agent 启动
项目: D:\AiProject\Node\projects\novels8
============================================================
[2026-05-19 03:18:29] [Writer] 第109章大纲不存在
[2026-05-19 03:18:31] [Writer] 第110章大纲不存在
[2026-05-19 03:18:33] [Writer] 第111章大纲不存在
[2026-05-19 03:18:35] [Writer] 第112章大纲不存在
[2026-05-19 03:18:37] [Writer] 全部完成
============================================================
Writer Agent 启动
项目: D:\AiProject\Node\projects\novels8
============================================================
[2026-05-19 03:18:53] [Writer] 第109章大纲不存在
[2026-05-19 03:18:55] [Writer] 第110章大纲不存在
[2026-05-19 03:18:57] [Writer] 第111章大纲不存在
[2026-05-19 03:18:59] [Writer] 第112章大纲不存在
[2026-05-19 03:19:01] [Writer] 全部完成
============================================================
Writer Agent 启动
项目: D:\AiProject\Node\projects\novels8
============================================================
[2026-05-19 04:26:49] [Writer] 正在生成第109章...
[2026-05-19 04:28:16] [Writer] 第109章字数不合格（6702字），重试(1/3)...
[2026-05-19 04:28:21] [Writer] 正在生成第109章...
[2026-05-19 04:30:12] [Writer] 第109章字数不合格（9107字），重试(2/3)...
[2026-05-19 04:30:17] [Writer] 正在生成第109章...
[2026-05-19 04:31:58] [Writer] 第109章字数不合格（7013字），重试(3/3)...
[2026-05-19 04:32:03] [Writer] 正在生成第109章...
[2026-05-19 04:33:38] [Writer] 第109章字数不合格（6576字），保存草稿并标记失败
[2026-05-19 04:33:38] [Writer] 第109章已保存（6576字） -> D:\AiProject\Node\projects\novels8\chapters\draft\chapter_0109.txt
[2026-05-19 04:33:38] [Writer] 第109章生成失败，记录并继续
[2026-05-19 04:33:40] [Writer] 正在生成第110章...
[2026-05-19 04:35:15] [Writer] 第110章已保存（6280字） -> D:\AiProject\Node\projects\novels8\chapters\draft\chapter_0110.txt
[2026-05-19 04:35:17] [Writer] 第111章已存在且字数合格（5771字），跳过
[2026-05-19 04:35:19] [Writer] 第112章已存在且字数合格（5704字），跳过
[2026-05-19 04:35:21] [Writer] 以下章节生成失败: [109]
