============================================================
Writer Agent 启动
项目: D:\AiProject\Node\projects\novels8
============================================================
[2026-05-19 03:18:29] [Writer] 第113章大纲不存在
[2026-05-19 03:18:31] [Writer] 第114章大纲不存在
[2026-05-19 03:18:33] [Writer] 第115章大纲不存在
[2026-05-19 03:18:35] [Writer] 第116章大纲不存在
[2026-05-19 03:18:37] [Writer] 全部完成
============================================================
Writer Agent 启动
项目: D:\AiProject\Node\projects\novels8
============================================================
[2026-05-19 03:18:53] [Writer] 第113章大纲不存在
[2026-05-19 03:18:55] [Writer] 第114章大纲不存在
[2026-05-19 03:18:57] [Writer] 第115章大纲不存在
[2026-05-19 03:18:59] [Writer] 第116章大纲不存在
[2026-05-19 03:19:01] [Writer] 全部完成
============================================================
Writer Agent 启动
项目: D:\AiProject\Node\projects\novels8
============================================================
[2026-05-19 04:26:49] [Writer] 正在生成第113章...
[2026-05-19 04:28:17] [Writer] 第113章已保存（6070字） -> D:\AiProject\Node\projects\novels8\chapters\draft\chapter_0113.txt
[2026-05-19 04:28:19] [Writer] 正在生成第114章...
[2026-05-19 04:30:25] [Writer] 第114章已保存（6055字） -> D:\AiProject\Node\projects\novels8\chapters\draft\chapter_0114.txt
[2026-05-19 04:30:27] [Writer] 第115章已存在且字数合格（5778字），跳过
[2026-05-19 04:30:29] [Writer] 正在生成第116章...
[2026-05-19 04:32:07] [Writer] 第116章字数不合格（6933字），重试(1/3)...
[2026-05-19 04:32:12] [Writer] 第116章已存在且字数合格（6455字），跳过
[2026-05-19 04:32:14] [Writer] 全部完成
