============================================================
Writer Agent 启动
项目: D:\AiProject\Node\projects\novels8
============================================================
[2026-05-19 04:26:54] [Writer] 正在生成第469章...
[2026-05-19 04:28:39] [Writer] 第469章字数不合格（6953字），重试(1/3)...
[2026-05-19 04:28:44] [Writer] 正在生成第469章...
[2026-05-19 04:29:55] [Writer] 第469章已保存（5275字） -> D:\AiProject\Node\projects\novels8\chapters\draft\chapter_0469.txt
[2026-05-19 04:29:57] [Writer] 正在生成第470章...
[2026-05-19 04:31:05] [Writer] 第470章已保存（4889字） -> D:\AiProject\Node\projects\novels8\chapters\draft\chapter_0470.txt
[2026-05-19 04:31:07] [Writer] 正在生成第471章...
[2026-05-19 04:32:29] [Writer] 第471章已保存（6363字） -> D:\AiProject\Node\projects\novels8\chapters\draft\chapter_0471.txt
[2026-05-19 04:32:31] [Writer] 正在生成第472章...
[2026-05-19 04:33:47] [Writer] 第472章字数不合格（1989字），重试(1/3)...
[2026-05-19 04:33:52] [Writer] 正在生成第472章...
[2026-05-19 04:35:17] [Writer] 第472章字数不合格（6868字），重试(2/3)...
[2026-05-19 04:35:22] [Writer] 正在生成第472章...
[2026-05-19 04:36:30] [Writer] 第472章已保存（4813字） -> D:\AiProject\Node\projects\novels8\chapters\draft\chapter_0472.txt
[2026-05-19 04:36:32] [Writer] 全部完成
============================================================
Writer Agent 启动
项目: D:\AiProject\Node\projects\novels8
============================================================
[2026-05-19 04:53:50] [Writer] 第469章已存在且字数合格（5275字），跳过
[2026-05-19 04:53:52] [Writer] 第470章已存在且字数合格（4889字），跳过
[2026-05-19 04:53:54] [Writer] 第471章已存在且字数合格（6363字），跳过
[2026-05-19 04:53:56] [Writer] 第472章已存在且字数合格（4813字），跳过
[2026-05-19 04:53:58] [Writer] 全部完成
============================================================
Writer Agent 启动
项目: D:\AiProject\Node\projects\novels8
============================================================
[2026-05-19 06:27:08] [Writer] 第469章已存在且字数合格（5275字），跳过
[2026-05-19 06:27:10] [Writer] 第470章已存在且字数合格（4889字），跳过
[2026-05-19 06:27:12] [Writer] 第471章已存在且字数合格（6363字），跳过
[2026-05-19 06:27:14] [Writer] 第472章已存在且字数合格（4813字），跳过
[2026-05-19 06:27:16] [Writer] 全部完成
