============================================================
Writer Agent 启动
项目: D:\AiProject\Node\projects\novels8
============================================================
[2026-05-19 03:19:20] [Writer] 第153章大纲不存在
[2026-05-19 03:19:22] [Writer] 第154章大纲不存在
[2026-05-19 03:19:24] [Writer] 第155章大纲不存在
[2026-05-19 03:19:26] [Writer] 第156章大纲不存在
[2026-05-19 03:19:28] [Writer] 全部完成
============================================================
Writer Agent 启动
项目: D:\AiProject\Node\projects\novels8
============================================================
[2026-05-19 03:19:44] [Writer] 第153章大纲不存在
[2026-05-19 03:19:46] [Writer] 第154章大纲不存在
[2026-05-19 03:19:48] [Writer] 第155章大纲不存在
[2026-05-19 03:19:50] [Writer] 第156章大纲不存在
[2026-05-19 03:19:52] [Writer] 全部完成
============================================================
Writer Agent 启动
项目: D:\AiProject\Node\projects\novels8
============================================================
[2026-05-19 04:50:07] [Writer] 正在生成第153章...
[2026-05-19 04:51:51] [Writer] 第153章字数不合格（7830字），重试(1/3)...
[2026-05-19 04:51:56] [Writer] 正在生成第153章...
[2026-05-19 04:53:43] [Writer] 第153章字数不合格（8379字），重试(2/3)...
[2026-05-19 04:53:48] [Writer] 第153章已存在且字数合格（5782字），跳过
[2026-05-19 04:53:50] [Writer] 正在生成第154章...
[2026-05-19 04:55:14] [Writer] 第154章字数不合格（6943字），重试(1/3)...
[2026-05-19 04:55:19] [Writer] 第154章已存在且字数合格（5664字），跳过
[2026-05-19 04:55:21] [Writer] 第155章已存在且字数合格（5463字），跳过
[2026-05-19 04:55:23] [Writer] 正在生成第156章...
[2026-05-19 04:56:41] [Writer] 第156章已保存（6107字） -> D:\AiProject\Node\projects\novels8\chapters\draft\chapter_0156.txt
[2026-05-19 04:56:43] [Writer] 全部完成
