============================================================
Writer Agent 启动
项目: D:\AiProject\Node\projects\novels8
============================================================
[2026-05-19 03:24:03] [Writer] 第361章大纲不存在
[2026-05-19 03:24:05] [Writer] 第362章大纲不存在
[2026-05-19 03:24:07] [Writer] 第363章大纲不存在
[2026-05-19 03:24:09] [Writer] 第364章大纲不存在
[2026-05-19 03:24:11] [Writer] 全部完成
============================================================
Writer Agent 启动
项目: D:\AiProject\Node\projects\novels8
============================================================
[2026-05-19 04:07:18] [Writer] 正在生成第361章...
[2026-05-19 04:08:25] [Writer] 第361章已保存（5140字） -> D:\AiProject\Node\projects\novels8\chapters\draft\chapter_0361.txt
[2026-05-19 04:08:27] [Writer] 正在生成第362章...
[2026-05-19 04:09:47] [Writer] 第362章已保存（6011字） -> D:\AiProject\Node\projects\novels8\chapters\draft\chapter_0362.txt
[2026-05-19 04:09:49] [Writer] 正在生成第363章...
[2026-05-19 04:11:11] [Writer] 第363章已保存（5926字） -> D:\AiProject\Node\projects\novels8\chapters\draft\chapter_0363.txt
[2026-05-19 04:11:13] [Writer] 正在生成第364章...
[2026-05-19 04:12:38] [Writer] 第364章已保存（5415字） -> D:\AiProject\Node\projects\novels8\chapters\draft\chapter_0364.txt
[2026-05-19 04:12:40] [Writer] 全部完成
============================================================
Writer Agent 启动
项目: D:\AiProject\Node\projects\novels8
============================================================
[2026-05-19 06:18:58] [Writer] 第361章已存在且字数合格（5140字），跳过
[2026-05-19 06:19:00] [Writer] 第362章已存在且字数合格（6011字），跳过
[2026-05-19 06:19:02] [Writer] 第363章已存在且字数合格（5926字），跳过
[2026-05-19 06:19:04] [Writer] 第364章已存在且字数合格（5415字），跳过
[2026-05-19 06:19:06] [Writer] 全部完成
