============================================================
Writer Agent 启动
项目: D:\AiProject\Node\projects\novels8
============================================================
[2026-05-19 03:18:03] [Writer] 第85章大纲不存在
[2026-05-19 03:18:05] [Writer] 第86章大纲不存在
[2026-05-19 03:18:07] [Writer] 第87章大纲不存在
[2026-05-19 03:18:09] [Writer] 第88章大纲不存在
[2026-05-19 03:18:11] [Writer] 全部完成
============================================================
Writer Agent 启动
项目: D:\AiProject\Node\projects\novels8
============================================================
[2026-05-19 03:18:27] [Writer] 第85章大纲不存在
[2026-05-19 03:18:29] [Writer] 第86章大纲不存在
[2026-05-19 03:18:31] [Writer] 第87章大纲不存在
[2026-05-19 03:18:33] [Writer] 第88章大纲不存在
[2026-05-19 03:18:35] [Writer] 全部完成
============================================================
Writer Agent 启动
项目: D:\AiProject\Node\projects\novels8
============================================================
[2026-05-19 04:16:44] [Writer] 正在生成第85章...
[2026-05-19 04:18:20] [Writer] 第85章已保存（5814字） -> D:\AiProject\Node\projects\novels8\chapters\draft\chapter_0085.txt
[2026-05-19 04:18:22] [Writer] 正在生成第86章...
[2026-05-19 04:20:27] [Writer] 第86章字数不合格（9246字），重试(1/3)...
[2026-05-19 04:20:32] [Writer] 正在生成第86章...
[2026-05-19 04:22:01] [Writer] 第86章已保存（6414字） -> D:\AiProject\Node\projects\novels8\chapters\draft\chapter_0086.txt
[2026-05-19 04:22:03] [Writer] 第87章已存在且字数合格（4504字），跳过
[2026-05-19 04:22:05] [Writer] 第88章已存在且字数合格（5195字），跳过
[2026-05-19 04:22:07] [Writer] 全部完成
