============================================================
Writer Agent 启动
项目: D:\AiProject\Node\projects\novels8
============================================================
[2026-05-19 06:27:35] [Writer] 正在生成第609章...
[2026-05-19 06:28:55] [Writer] 第609章已保存（5859字） -> D:\AiProject\Node\projects\novels8\chapters\draft\chapter_0609.txt
[2026-05-19 06:28:57] [Writer] 正在生成第610章...
[2026-05-19 06:29:59] [Writer] 第610章已保存（4917字） -> D:\AiProject\Node\projects\novels8\chapters\draft\chapter_0610.txt
[2026-05-19 06:30:01] [Writer] 正在生成第611章...
[2026-05-19 06:31:28] [Writer] 第611章已保存（6245字） -> D:\AiProject\Node\projects\novels8\chapters\draft\chapter_0611.txt
[2026-05-19 06:31:30] [Writer] 正在生成第612章...
[2026-05-19 06:32:57] [Writer] 第612章已保存（6240字） -> D:\AiProject\Node\projects\novels8\chapters\draft\chapter_0612.txt
[2026-05-19 06:32:59] [Writer] 全部完成
 [Writer] 全部完成
============================================================
Writer Agent 启动
项目: D:\AiProject\Node\projects\novels8
============================================================
[2026-05-19 06:34:34] [Writer] 第609章已存在且字数合格（5859字），跳过
[2026-05-19 06:34:36] [Writer] 第610章已存在且字数合格（5923字），跳过
[2026-05-19 06:34:38] [Writer] 第611章已存在且字数合格（6245字），跳过
[2026-05-19 06:34:40] [Writer] 第612章已存在且字数合格（6240字），跳过
[2026-05-19 06:34:42] [Writer] 全部完成
