============================================================
Writer Agent 启动
项目: D:\AiProject\Node\projects\novels8
============================================================
[2026-05-19 06:27:46] [Writer] 正在生成第617章...
[2026-05-19 06:29:06] [Writer] 第617章已保存（4918字） -> D:\AiProject\Node\projects\novels8\chapters\draft\chapter_0617.txt
[2026-05-19 06:29:08] [Writer] 正在生成第618章...
[2026-05-19 06:30:48] [Writer] 第618章字数不合格（7482字），重试(1/3)...
[2026-05-19 06:30:53] [Writer] 第618章已存在且字数合格（5501字），跳过
[2026-05-19 06:30:55] [Writer] 正在生成第619章...
[2026-05-19 06:32:18] [Writer] 第619章已保存（5467字） -> D:\AiProject\Node\projects\novels8\chapters\draft\chapter_0619.txt
[2026-05-19 06:32:20] [Writer] 正在生成第620章...
[2026-05-19 06:33:24] [Writer] 第620章字数不合格（4187字），重试(1/3)...
[2026-05-19 06:33:29] [Writer] 第620章已存在且字数合格（5537字），跳过
[2026-05-19 06:33:31] [Writer] 全部完成
============================================================
Writer Agent 启动
项目: D:\AiProject\Node\projects\novels8
============================================================
[2026-05-19 06:34:34] [Writer] 第617章已存在且字数合格（4918字），跳过
[2026-05-19 06:34:36] [Writer] 第618章已存在且字数合格（5501字），跳过
[2026-05-19 06:34:38] [Writer] 第619章已存在且字数合格（5467字），跳过
[2026-05-19 06:34:40] [Writer] 第620章已存在且字数合格（5537字），跳过
[2026-05-19 06:34:42] [Writer] 全部完成
