============================================================
Writer Agent 启动
项目: D:\AiProject\Node\projects\novels8
============================================================
[2026-05-19 04:26:54] [Writer] 正在生成第461章...
[2026-05-19 04:28:10] [Writer] 第461章已保存（5011字） -> D:\AiProject\Node\projects\novels8\chapters\draft\chapter_0461.txt
[2026-05-19 04:28:12] [Writer] 正在生成第462章...
[2026-05-19 04:29:44] [Writer] 第462章字数不合格（6563字），重试(1/3)...
[2026-05-19 04:29:49] [Writer] 正在生成第462章...
[2026-05-19 04:31:17] [Writer] 第462章已保存（5961字） -> D:\AiProject\Node\projects\novels8\chapters\draft\chapter_0462.txt
[2026-05-19 04:31:19] [Writer] 正在生成第463章...
[2026-05-19 04:32:43] [Writer] 第463章已保存（5966字） -> D:\AiProject\Node\projects\novels8\chapters\draft\chapter_0463.txt
[2026-05-19 04:32:45] [Writer] 正在生成第464章...
[2026-05-19 04:34:40] [Writer] 第464章字数不合格（7072字），重试(1/3)...
[2026-05-19 04:34:45] [Writer] 正在生成第464章...
[2026-05-19 04:36:07] [Writer] 第464章已保存（5870字） -> D:\AiProject\Node\projects\novels8\chapters\draft\chapter_0464.txt
[2026-05-19 04:36:09] [Writer] 全部完成
============================================================
Writer Agent 启动
项目: D:\AiProject\Node\projects\novels8
============================================================
[2026-05-19 04:53:50] [Writer] 第461章已存在且字数合格（5011字），跳过
[2026-05-19 04:53:52] [Writer] 第462章已存在且字数合格（5961字），跳过
[2026-05-19 04:53:54] [Writer] 第463章已存在且字数合格（5966字），跳过
[2026-05-19 04:53:56] [Writer] 第464章已存在且字数合格（5870字），跳过
[2026-05-19 04:53:58] [Writer] 全部完成
============================================================
Writer Agent 启动
项目: D:\AiProject\Node\projects\novels8
============================================================
[2026-05-19 06:27:08] [Writer] 第461章已存在且字数合格（5011字），跳过
[2026-05-19 06:27:10] [Writer] 第462章已存在且字数合格（5961字），跳过
[2026-05-19 06:27:12] [Writer] 第463章已存在且字数合格（5966字），跳过
[2026-05-19 06:27:14] [Writer] 第464章已存在且字数合格（5870字），跳过
[2026-05-19 06:27:16] [Writer] 全部完成
