============================================================
Writer Agent 启动
项目: D:\AiProject\Node\projects\novels8
============================================================
[2026-05-19 02:49:20] [Writer] 正在生成第5章...
[2026-05-19 02:50:31] [Writer] 第5章已保存（4949字） -> D:\AiProject\Node\projects\novels8\chapters\draft\chapter_0005.txt
[2026-05-19 02:50:33] [Writer] 第6章大纲不存在
[2026-05-19 02:50:35] [Writer] 第7章大纲不存在
[2026-05-19 02:50:37] [Writer] 第8章大纲不存在
[2026-05-19 02:50:39] [Writer] 全部完成
============================================================
Writer Agent 启动
项目: D:\AiProject\Node\projects\novels8
============================================================
[2026-05-19 03:30:45] [Writer] 正在生成第5章...
[2026-05-19 03:31:44] [Writer] 第5章已保存（4737字） -> D:\AiProject\Node\projects\novels8\chapters\draft\chapter_0005.txt
[2026-05-19 03:31:46] [Writer] 正在生成第6章...
[2026-05-19 03:33:27] [Writer] 第6章字数不合格（8082字），重试(1/3)...
[2026-05-19 03:33:32] [Writer] 正在生成第6章...
[2026-05-19 03:35:13] [Writer] 第6章字数不合格（7532字），重试(2/3)...
[2026-05-19 03:35:18] [Writer] 正在生成第6章...
[2026-05-19 03:36:53] [Writer] 第6章字数不合格（6743字），重试(3/3)...
[2026-05-19 03:36:58] [Writer] 正在生成第6章...
[2026-05-19 03:38:28] [Writer] 第6章字数不合格（7217字），保存草稿并标记失败
[2026-05-19 03:38:28] [Writer] 第6章已保存（7217字） -> D:\AiProject\Node\projects\novels8\chapters\draft\chapter_0006.txt
[2026-05-19 03:38:28] [Writer] 第6章生成失败，记录并继续
[2026-05-19 03:38:30] [Writer] 第7章已存在但字数不合格（5938字），重新生成
[2026-05-19 03:38:30] [Writer] 正在生成第7章...
[2026-05-19 03:40:06] [Writer] 第7章字数不合格（7564字），重试(1/3)...
[2026-05-19 03:40:11] [Writer] 第7章已存在但字数不合格（5938字），重新生成
[2026-05-19 03:40:11] [Writer] 正在生成第7章...
[2026-05-19 03:41:27] [Writer] 第7章字数不合格（5868字），重试(2/3)...
[2026-05-19 03:41:32] [Writer] 第7章已存在但字数不合格（5938字），重新生成
[2026-05-19 03:41:32] [Writer] 正在生成第7章...
[2026-05-19 03:42:54] [Writer] 第7章字数不合格（6322字），重试(3/3)...
[2026-05-19 03:42:59] [Writer] 第7章已存在但字数不合格（5938字），重新生成
[2026-05-19 03:42:59] [Writer] 正在生成第7章...
[2026-05-19 03:44:10] [Writer] 第7章字数不合格（5544字），保存草稿并标记失败
[2026-05-19 03:44:10] [Writer] 第7章已保存（5544字） -> D:\AiProject\Node\projects\novels8\chapters\draft\chapter_0007.txt
[2026-05-19 03:44:10] [Writer] 第7章生成失败，记录并继续
[2026-05-19 03:44:12] [Writer] 第8章已存在且字数合格（5149字），跳过
[2026-05-19 03:44:14] [Writer] 以下章节生成失败: [6, 7]
