============================================================
Writer Agent 启动
项目: D:\AiProject\Node\projects\novels8
============================================================
[2026-05-19 03:18:03] [Writer] 第89章大纲不存在
[2026-05-19 03:18:05] [Writer] 第90章大纲不存在
[2026-05-19 03:18:07] [Writer] 第91章大纲不存在
[2026-05-19 03:18:09] [Writer] 第92章大纲不存在
[2026-05-19 03:18:11] [Writer] 全部完成
============================================================
Writer Agent 启动
项目: D:\AiProject\Node\projects\novels8
============================================================
[2026-05-19 03:18:27] [Writer] 第89章大纲不存在
[2026-05-19 03:18:29] [Writer] 第90章大纲不存在
[2026-05-19 03:18:31] [Writer] 第91章大纲不存在
[2026-05-19 03:18:33] [Writer] 第92章大纲不存在
[2026-05-19 03:18:35] [Writer] 全部完成
============================================================
Writer Agent 启动
项目: D:\AiProject\Node\projects\novels8
============================================================
[2026-05-19 04:16:44] [Writer] 正在生成第89章...
[2026-05-19 04:17:58] [Writer] 第89章已保存（4877字） -> D:\AiProject\Node\projects\novels8\chapters\draft\chapter_0089.txt
[2026-05-19 04:18:00] [Writer] 正在生成第90章...
[2026-05-19 04:19:20] [Writer] 第90章已保存（6052字） -> D:\AiProject\Node\projects\novels8\chapters\draft\chapter_0090.txt
[2026-05-19 04:19:22] [Writer] 第91章已存在且字数合格（4884字），跳过
[2026-05-19 04:19:24] [Writer] 第92章已存在且字数合格（5251字），跳过
[2026-05-19 04:19:26] [Writer] 全部完成
