============================================================
Writer Agent 启动
项目: D:\AiProject\Node\projects\novels8
============================================================
[2026-05-19 03:21:28] [Writer] 第245章大纲不存在
[2026-05-19 03:21:30] [Writer] 第246章大纲不存在
[2026-05-19 03:21:32] [Writer] 第247章大纲不存在
[2026-05-19 03:21:34] [Writer] 第248章大纲不存在
[2026-05-19 03:21:36] [Writer] 全部完成
============================================================
Writer Agent 启动
项目: D:\AiProject\Node\projects\novels8
============================================================
[2026-05-19 03:21:52] [Writer] 第245章大纲不存在
[2026-05-19 03:21:54] [Writer] 第246章大纲不存在
[2026-05-19 03:21:56] [Writer] 第247章大纲不存在
[2026-05-19 03:21:58] [Writer] 第248章大纲不存在
[2026-05-19 03:22:00] [Writer] 全部完成
============================================================
Writer Agent 启动
项目: D:\AiProject\Node\projects\novels8
============================================================
[2026-05-19 05:36:53] [Writer] 正在生成第245章...
[2026-05-19 05:38:00] [Writer] 第245章已保存（4734字） -> D:\AiProject\Node\projects\novels8\chapters\draft\chapter_0245.txt
[2026-05-19 05:38:02] [Writer] 正在生成第246章...
[2026-05-19 05:39:39] [Writer] 第246章字数不合格（6965字），重试(1/3)...
[2026-05-19 05:39:44] [Writer] 正在生成第246章...
[2026-05-19 05:41:08] [Writer] 第246章已保存（5744字） -> D:\AiProject\Node\projects\novels8\chapters\draft\chapter_0246.txt
[2026-05-19 05:41:10] [Writer] 第247章已存在且字数合格（5284字），跳过
[2026-05-19 05:41:12] [Writer] 第248章已存在且字数合格（4761字），跳过
[2026-05-19 05:41:14] [Writer] 全部完成
