============================================================
Writer Agent 启动
项目: D:\AiProject\Node\projects\novels8
============================================================
[2026-05-19 03:18:55] [Writer] 第125章大纲不存在
[2026-05-19 03:18:57] [Writer] 第126章大纲不存在
[2026-05-19 03:18:59] [Writer] 第127章大纲不存在
[2026-05-19 03:19:01] [Writer] 第128章大纲不存在
[2026-05-19 03:19:03] [Writer] 全部完成
============================================================
Writer Agent 启动
项目: D:\AiProject\Node\projects\novels8
============================================================
[2026-05-19 03:19:19] [Writer] 第125章大纲不存在
[2026-05-19 03:19:21] [Writer] 第126章大纲不存在
[2026-05-19 03:19:23] [Writer] 第127章大纲不存在
[2026-05-19 03:19:25] [Writer] 第128章大纲不存在
[2026-05-19 03:19:27] [Writer] 全部完成
============================================================
Writer Agent 启动
项目: D:\AiProject\Node\projects\novels8
============================================================
[2026-05-19 04:38:35] [Writer] 正在生成第125章...
[2026-05-19 04:39:48] [Writer] 第125章已保存（4872字） -> D:\AiProject\Node\projects\novels8\chapters\draft\chapter_0125.txt
[2026-05-19 04:39:50] [Writer] 正在生成第126章...
[2026-05-19 04:41:31] [Writer] 第126章字数不合格（6679字），重试(1/3)...
[2026-05-19 04:41:36] [Writer] 正在生成第126章...
[2026-05-19 04:42:48] [Writer] 第126章已保存（4618字） -> D:\AiProject\Node\projects\novels8\chapters\draft\chapter_0126.txt
[2026-05-19 04:42:50] [Writer] 第127章已存在且字数合格（5341字），跳过
[2026-05-19 04:42:52] [Writer] 第128章已存在且字数合格（5333字），跳过
[2026-05-19 04:42:54] [Writer] 全部完成
