============================================================
Writer Agent 启动
项目: D:\AiProject\Node\projects\novels8
============================================================
[2026-05-19 03:21:54] [Writer] 第269章大纲不存在
[2026-05-19 03:21:56] [Writer] 第270章大纲不存在
[2026-05-19 03:21:58] [Writer] 第271章大纲不存在
[2026-05-19 03:22:00] [Writer] 第272章大纲不存在
[2026-05-19 03:22:02] [Writer] 全部完成
============================================================
Writer Agent 启动
项目: D:\AiProject\Node\projects\novels8
============================================================
[2026-05-19 03:22:18] [Writer] 第269章大纲不存在
[2026-05-19 03:22:20] [Writer] 第270章大纲不存在
[2026-05-19 03:22:22] [Writer] 第271章大纲不存在
[2026-05-19 03:22:24] [Writer] 第272章大纲不存在
[2026-05-19 03:22:26] [Writer] 全部完成
============================================================
Writer Agent 启动
项目: D:\AiProject\Node\projects\novels8
============================================================
[2026-05-19 05:47:52] [Writer] 正在生成第269章...
[2026-05-19 05:49:17] [Writer] 第269章已保存（4764字） -> D:\AiProject\Node\projects\novels8\chapters\draft\chapter_0269.txt
[2026-05-19 05:49:19] [Writer] 正在生成第270章...
[2026-05-19 05:50:19] [Writer] 第270章字数不合格（4028字），重试(1/3)...
[2026-05-19 05:50:24] [Writer] 正在生成第270章...
[2026-05-19 05:51:28] [Writer] 第270章已保存（4522字） -> D:\AiProject\Node\projects\novels8\chapters\draft\chapter_0270.txt
[2026-05-19 05:51:30] [Writer] 正在生成第271章...
[2026-05-19 05:52:36] [Writer] 第271章字数不合格（4478字），重试(1/3)...
[2026-05-19 05:52:41] [Writer] 正在生成第271章...
[2026-05-19 05:54:05] [Writer] 第271章已保存（5745字） -> D:\AiProject\Node\projects\novels8\chapters\draft\chapter_0271.txt
[2026-05-19 05:54:07] [Writer] 正在生成第272章...
[2026-05-19 05:55:22] [Writer] 第272章已保存（5230字） -> D:\AiProject\Node\projects\novels8\chapters\draft\chapter_0272.txt
[2026-05-19 05:55:24] [Writer] 全部完成
