============================================================
Writer Agent 启动
项目: D:\AiProject\Node\projects\novels8
============================================================
[2026-05-19 05:42:21] [Writer] 正在生成第541章...
[2026-05-19 05:43:40] [Writer] 第541章已保存（6155字） -> D:\AiProject\Node\projects\novels8\chapters\draft\chapter_0541.txt
[2026-05-19 05:43:42] [Writer] 正在生成第542章...
[2026-05-19 05:44:39] [Writer] 第542章字数不合格（4350字），重试(1/3)...
[2026-05-19 05:44:44] [Writer] 正在生成第542章...
[2026-05-19 05:45:58] [Writer] 第542章已保存（5965字） -> D:\AiProject\Node\projects\novels8\chapters\draft\chapter_0542.txt
[2026-05-19 05:46:00] [Writer] 正在生成第543章...
[2026-05-19 05:47:17] [Writer] 第543章已保存（5556字） -> D:\AiProject\Node\projects\novels8\chapters\draft\chapter_0543.txt
[2026-05-19 05:47:19] [Writer] 正在生成第544章...
[2026-05-19 05:48:18] [Writer] 第544章字数不合格（4220字），重试(1/3)...
[2026-05-19 05:48:23] [Writer] 正在生成第544章...
[2026-05-19 05:49:25] [Writer] 第544章已保存（4832字） -> D:\AiProject\Node\projects\novels8\chapters\draft\chapter_0544.txt
[2026-05-19 05:49:27] [Writer] 全部完成
============================================================
Writer Agent 启动
项目: D:\AiProject\Node\projects\novels8
============================================================
[2026-05-19 06:30:59] [Writer] 第541章已存在且字数合格（6155字），跳过
[2026-05-19 06:31:01] [Writer] 第542章已存在且字数合格（5965字），跳过
[2026-05-19 06:31:03] [Writer] 第543章已存在且字数合格（5556字），跳过
[2026-05-19 06:31:05] [Writer] 第544章已存在且字数合格（4832字），跳过
[2026-05-19 06:31:07] [Writer] 全部完成
