============================================================
Writer Agent 启动
项目: D:\AiProject\Node\projects\novels8
============================================================
[2026-05-19 03:24:56] [Writer] 正在生成第405章...
[2026-05-19 03:26:16] [Writer] 第405章已保存（4526字） -> D:\AiProject\Node\projects\novels8\chapters\draft\chapter_0405.txt
[2026-05-19 03:26:18] [Writer] 正在生成第406章...
[2026-05-19 03:27:32] [Writer] 第406章已保存（5315字） -> D:\AiProject\Node\projects\novels8\chapters\draft\chapter_0406.txt
[2026-05-19 03:27:34] [Writer] 正在生成第407章...
[2026-05-19 03:28:41] [Writer] 第407章已保存（4863字） -> D:\AiProject\Node\projects\novels8\chapters\draft\chapter_0407.txt
[2026-05-19 03:28:43] [Writer] 正在生成第408章...
[2026-05-19 03:29:45] [Writer] 第408章已保存（4828字） -> D:\AiProject\Node\projects\novels8\chapters\draft\chapter_0408.txt
[2026-05-19 03:29:47] [Writer] 全部完成
============================================================
Writer Agent 启动
项目: D:\AiProject\Node\projects\novels8
============================================================
[2026-05-19 04:38:33] [Writer] 第405章已存在且字数合格（4526字），跳过
[2026-05-19 04:38:35] [Writer] 第406章已存在且字数合格（5315字），跳过
[2026-05-19 04:38:37] [Writer] 第407章已存在且字数合格（4863字），跳过
[2026-05-19 04:38:39] [Writer] 第408章已存在且字数合格（4828字），跳过
[2026-05-19 04:38:41] [Writer] 全部完成
============================================================
Writer Agent 启动
项目: D:\AiProject\Node\projects\novels8
============================================================
[2026-05-19 06:20:34] [Writer] 第405章已存在且字数合格（4526字），跳过
[2026-05-19 06:20:36] [Writer] 第406章已存在且字数合格（5315字），跳过
[2026-05-19 06:20:38] [Writer] 第407章已存在且字数合格（4863字），跳过
[2026-05-19 06:20:40] [Writer] 第408章已存在且字数合格（4828字），跳过
[2026-05-19 06:20:42] [Writer] 全部完成
