============================================================
Writer Agent 启动
项目: D:\AiProject\Node\projects\novels8
============================================================
[2026-05-19 03:46:25] [Writer] 正在生成第429章...
[2026-05-19 03:47:37] [Writer] 第429章已保存（5448字） -> D:\AiProject\Node\projects\novels8\chapters\draft\chapter_0429.txt
[2026-05-19 03:47:39] [Writer] 正在生成第430章...
[2026-05-19 03:48:44] [Writer] 第430章已保存（4835字） -> D:\AiProject\Node\projects\novels8\chapters\draft\chapter_0430.txt
[2026-05-19 03:48:46] [Writer] 正在生成第431章...
[2026-05-19 03:49:56] [Writer] 第431章已保存（5405字） -> D:\AiProject\Node\projects\novels8\chapters\draft\chapter_0431.txt
[2026-05-19 03:49:58] [Writer] 正在生成第432章...
[2026-05-19 03:51:08] [Writer] 第432章已保存（5075字） -> D:\AiProject\Node\projects\novels8\chapters\draft\chapter_0432.txt
[2026-05-19 03:51:10] [Writer] 全部完成
============================================================
Writer Agent 启动
项目: D:\AiProject\Node\projects\novels8
============================================================
[2026-05-19 04:49:23] [Writer] 第429章已存在且字数合格（5448字），跳过
[2026-05-19 04:49:25] [Writer] 第430章已存在且字数合格（4835字），跳过
[2026-05-19 04:49:27] [Writer] 第431章已存在且字数合格（5405字），跳过
[2026-05-19 04:49:29] [Writer] 第432章已存在且字数合格（5075字），跳过
[2026-05-19 04:49:31] [Writer] 全部完成
============================================================
Writer Agent 启动
项目: D:\AiProject\Node\projects\novels8
============================================================
[2026-05-19 06:25:38] [Writer] 第429章已存在且字数合格（5448字），跳过
[2026-05-19 06:25:40] [Writer] 第430章已存在且字数合格（4835字），跳过
[2026-05-19 06:25:42] [Writer] 第431章已存在且字数合格（5405字），跳过
[2026-05-19 06:25:44] [Writer] 第432章已存在且字数合格（5075字），跳过
[2026-05-19 06:25:46] [Writer] 全部完成
