============================================================
Writer Agent 启动
项目: D:\AiProject\Node\projects\novels8
============================================================
[2026-05-19 05:57:43] [Writer] 正在生成第565章...
[2026-05-19 05:58:37] [Writer] 第565章字数不合格（3927字），重试(1/3)...
[2026-05-19 05:58:42] [Writer] 正在生成第565章...
[2026-05-19 05:59:44] [Writer] 第565章已保存（4589字） -> D:\AiProject\Node\projects\novels8\chapters\draft\chapter_0565.txt
[2026-05-19 05:59:46] [Writer] 正在生成第566章...
[2026-05-19 06:01:00] [Writer] 第566章已保存（4804字） -> D:\AiProject\Node\projects\novels8\chapters\draft\chapter_0566.txt
[2026-05-19 06:01:02] [Writer] 正在生成第567章...
[2026-05-19 06:02:27] [Writer] 第567章已保存（5649字） -> D:\AiProject\Node\projects\novels8\chapters\draft\chapter_0567.txt
[2026-05-19 06:02:29] [Writer] 正在生成第568章...
[2026-05-19 06:03:46] [Writer] 第568章字数不合格（4456字），重试(1/3)...
[2026-05-19 06:03:51] [Writer] 正在生成第568章...
[2026-05-19 06:05:17] [Writer] 第568章已保存（5648字） -> D:\AiProject\Node\projects\novels8\chapters\draft\chapter_0568.txt
[2026-05-19 06:05:19] [Writer] 全部完成
============================================================
Writer Agent 启动
项目: D:\AiProject\Node\projects\novels8
============================================================
[2026-05-19 06:31:58] [Writer] 第565章已存在且字数合格（4589字），跳过
[2026-05-19 06:32:00] [Writer] 第566章已存在且字数合格（4804字），跳过
[2026-05-19 06:32:02] [Writer] 第567章已存在且字数合格（5649字），跳过
[2026-05-19 06:32:04] [Writer] 第568章已存在且字数合格（5648字），跳过
[2026-05-19 06:32:06] [Writer] 全部完成
