============================================================
Writer Agent 启动
项目: D:\AiProject\Node\projects\novels8
============================================================
[2026-05-19 02:49:20] [Writer] 正在生成第9章...
[2026-05-19 02:50:58] [Writer] 第9章字数不合格（6966字），重试(1/3)...
[2026-05-19 02:51:03] [Writer] 第9章大纲不存在
[2026-05-19 02:51:05] [Writer] 第10章大纲不存在
[2026-05-19 02:51:07] [Writer] 第11章大纲不存在
[2026-05-19 02:51:09] [Writer] 第12章大纲不存在
[2026-05-19 02:51:11] [Writer] 全部完成
============================================================
Writer Agent 启动
项目: D:\AiProject\Node\projects\novels8
============================================================
[2026-05-19 03:30:45] [Writer] 第9章已存在且字数合格（5324字），跳过
[2026-05-19 03:30:47] [Writer] 正在生成第10章...
[2026-05-19 03:32:13] [Writer] 第10章字数不合格（6449字），重试(1/3)...
[2026-05-19 03:32:18] [Writer] 正在生成第10章...
[2026-05-19 03:33:13] [Writer] 第10章字数不合格（4355字），重试(2/3)...
[2026-05-19 03:33:18] [Writer] 正在生成第10章...
[2026-05-19 03:34:02] [Writer] 第10章字数不合格（3524字），重试(3/3)...
[2026-05-19 03:34:07] [Writer] 正在生成第10章...
[2026-05-19 03:35:24] [Writer] 第10章字数不合格（5559字），保存草稿并标记失败
[2026-05-19 03:35:24] [Writer] 第10章已保存（5559字） -> D:\AiProject\Node\projects\novels8\chapters\draft\chapter_0010.txt
[2026-05-19 03:35:24] [Writer] 第10章生成失败，记录并继续
[2026-05-19 03:35:26] [Writer] 第11章已存在且字数合格（5496字），跳过
[2026-05-19 03:35:28] [Writer] 第12章已存在且字数合格（5458字），跳过
[2026-05-19 03:35:30] [Writer] 以下章节生成失败: [10]
