============================================================
Writer Agent 启动
项目: D:\AiProject\Node\projects\novels8
============================================================
[2026-05-19 05:42:21] [Writer] 正在生成第557章...
[2026-05-19 05:43:30] [Writer] 第557章已保存（4648字） -> D:\AiProject\Node\projects\novels8\chapters\draft\chapter_0557.txt
[2026-05-19 05:43:32] [Writer] 正在生成第558章...
[2026-05-19 05:45:16] [Writer] 第558章字数不合格（7239字），重试(1/3)...
[2026-05-19 05:45:21] [Writer] 第558章已存在且字数合格（5005字），跳过
[2026-05-19 05:45:23] [Writer] 正在生成第559章...
[2026-05-19 05:46:57] [Writer] 第559章字数不合格（7610字），重试(1/3)...
[2026-05-19 05:47:02] [Writer] 第559章已存在且字数合格（4919字），跳过
[2026-05-19 05:47:04] [Writer] 正在生成第560章...
[2026-05-19 05:48:20] [Writer] 第560章生成失败，重试(1/3)...
[2026-05-19 05:48:25] [Writer] 第560章已存在且字数合格（4816字），跳过
[2026-05-19 05:48:27] [Writer] 全部完成
============================================================
Writer Agent 启动
项目: D:\AiProject\Node\projects\novels8
============================================================
[2026-05-19 06:30:59] [Writer] 第557章已存在且字数合格（4806字），跳过
[2026-05-19 06:31:01] [Writer] 第558章已存在且字数合格（5005字），跳过
[2026-05-19 06:31:03] [Writer] 第559章已存在且字数合格（4919字），跳过
[2026-05-19 06:31:05] [Writer] 第560章已存在且字数合格（4816字），跳过
[2026-05-19 06:31:07] [Writer] 全部完成
