============================================================
Writer Agent 启动
项目: D:\AiProject\Node\projects\novels8
============================================================
[2026-05-19 03:25:42] [Writer] 正在生成第7章...
[2026-05-19 03:27:03] [Writer] 第7章字数不合格（5658字），重试(1/3)...
[2026-05-19 03:27:08] [Writer] 正在生成第7章...
[2026-05-19 03:28:35] [Writer] 第7章字数不合格（6259字），重试(2/3)...
[2026-05-19 03:28:40] [Writer] 正在生成第7章...
[2026-05-19 03:30:42] [Writer] 第7章字数不合格（5997字），重试(3/3)...
[2026-05-19 03:30:47] [Writer] 正在生成第7章...
[2026-05-19 03:32:16] [Writer] 第7章字数不合格（5938字），保存草稿并标记失败
[2026-05-19 03:32:16] [Writer] 第7章已保存（5938字） -> D:\AiProject\Node\projects\novels8\chapters\draft\chapter_0007.txt
[2026-05-19 03:32:16] [Writer] 第7章生成失败，记录并继续
[2026-05-19 03:32:18] [Writer] 正在生成第8章...
[2026-05-19 03:33:35] [Writer] 第8章字数不合格（5927字），重试(1/3)...
[2026-05-19 03:33:41] [Writer] 正在生成第8章...
[2026-05-19 03:34:55] [Writer] 第8章字数不合格（5677字），重试(2/3)...
[2026-05-19 03:35:00] [Writer] 正在生成第8章...
[2026-05-19 03:36:41] [Writer] 第8章字数不合格（7702字），重试(3/3)...
[2026-05-19 03:36:46] [Writer] 正在生成第8章...
[2026-05-19 03:37:59] [Writer] 第8章已保存（5149字） -> D:\AiProject\Node\projects\novels8\chapters\draft\chapter_0008.txt
[2026-05-19 03:38:01] [Writer] 以下章节生成失败: [7]
