============================================================
Writer Agent 启动
项目: D:\AiProject\Node\projects\novels8
============================================================
[2026-05-19 03:20:37] [Writer] 第217章大纲不存在
[2026-05-19 03:20:39] [Writer] 第218章大纲不存在
[2026-05-19 03:20:41] [Writer] 第219章大纲不存在
[2026-05-19 03:20:43] [Writer] 第220章大纲不存在
[2026-05-19 03:20:45] [Writer] 全部完成
============================================================
Writer Agent 启动
项目: D:\AiProject\Node\projects\novels8
============================================================
[2026-05-19 03:21:01] [Writer] 第217章大纲不存在
[2026-05-19 03:21:03] [Writer] 第218章大纲不存在
[2026-05-19 03:21:05] [Writer] 第219章大纲不存在
[2026-05-19 03:21:07] [Writer] 第220章大纲不存在
[2026-05-19 03:21:09] [Writer] 全部完成
============================================================
Writer Agent 启动
项目: D:\AiProject\Node\projects\novels8
============================================================
[2026-05-19 05:19:56] [Writer] 正在生成第217章...
[2026-05-19 05:21:34] [Writer] 第217章已保存（6170字） -> D:\AiProject\Node\projects\novels8\chapters\draft\chapter_0217.txt
[2026-05-19 05:21:36] [Writer] 正在生成第218章...
[2026-05-19 05:23:16] [Writer] 第218章字数不合格（7114字），重试(1/3)...
[2026-05-19 05:23:21] [Writer] 第218章已存在且字数合格（6059字），跳过
[2026-05-19 05:23:23] [Writer] 第219章已存在且字数合格（6498字），跳过
[2026-05-19 05:23:25] [Writer] 正在生成第220章...
[2026-05-19 05:24:45] [Writer] 第220章已保存（4931字） -> D:\AiProject\Node\projects\novels8\chapters\draft\chapter_0220.txt
[2026-05-19 05:24:47] [Writer] 全部完成
