============================================================
Writer Agent 启动
项目: D:\AiProject\Node\projects\novels8
============================================================
[2026-05-19 03:24:56] [Writer] 正在生成第409章...
[2026-05-19 03:26:24] [Writer] 第409章字数不合格（6623字），重试(1/3)...
[2026-05-19 03:26:29] [Writer] 正在生成第409章...
[2026-05-19 03:27:25] [Writer] 第409章字数不合格（4132字），重试(2/3)...
[2026-05-19 03:27:30] [Writer] 正在生成第409章...
[2026-05-19 03:28:38] [Writer] 第409章已保存（4890字） -> D:\AiProject\Node\projects\novels8\chapters\draft\chapter_0409.txt
[2026-05-19 03:28:40] [Writer] 正在生成第410章...
[2026-05-19 03:29:57] [Writer] 第410章字数不合格（6231字），重试(1/3)...
[2026-05-19 03:30:02] [Writer] 正在生成第410章...
[2026-05-19 03:31:11] [Writer] 第410章已保存（5461字） -> D:\AiProject\Node\projects\novels8\chapters\draft\chapter_0410.txt
[2026-05-19 03:31:13] [Writer] 正在生成第411章...
[2026-05-19 03:32:33] [Writer] 第411章字数不合格（5574字），重试(1/3)...
[2026-05-19 03:32:38] [Writer] 正在生成第411章...
[2026-05-19 03:33:50] [Writer] 第411章已保存（5276字） -> D:\AiProject\Node\projects\novels8\chapters\draft\chapter_0411.txt
[2026-05-19 03:33:52] [Writer] 正在生成第412章...
[2026-05-19 03:35:08] [Writer] 第412章字数不合格（6176字），重试(1/3)...
[2026-05-19 03:35:13] [Writer] 正在生成第412章...
[2026-05-19 03:37:02] [Writer] 第412章字数不合格（7942字），重试(2/3)...
[2026-05-19 03:37:07] [Writer] 正在生成第412章...
[2026-05-19 03:38:29] [Writer] 第412章字数不合格（6444字），重试(3/3)...
[2026-05-19 03:38:34] [Writer] 正在生成第412章...
[2026-05-19 03:40:46] [Writer] 第412章字数不合格（10714字），保存草稿并标记失败
[2026-05-19 03:40:46] [Writer] 第412章已保存（10714字） -> D:\AiProject\Node\projects\novels8\chapters\draft\chapter_0412.txt
[2026-05-19 03:40:46] [Writer] 第412章生成失败，记录并继续
[2026-05-19 03:40:48] [Writer] 以下章节生成失败: [412]
============================================================
Writer Agent 启动
项目: D:\AiProject\Node\projects\novels8
============================================================
[2026-05-19 04:38:33] [Writer] 第409章已存在且字数合格（4890字），跳过
[2026-05-19 04:38:35] [Writer] 第410章已存在且字数合格（5461字），跳过
[2026-05-19 04:38:37] [Writer] 第411章已存在且字数合格（5276字），跳过
[2026-05-19 04:38:39] [Writer] 第412章已存在但字数不合格（10714字），重新生成
[2026-05-19 04:38:39] [Writer] 正在生成第412章...
[2026-05-19 04:40:16] [Writer] 第412章字数不合格（6977字），重试(1/3)...
[2026-05-19 04:40:21] [Writer] 第412章已存在但字数不合格（10714字），重新生成
[2026-05-19 04:40:21] [Writer] 正在生成第412章...
[2026-05-19 04:41:46] [Writer] 第412章字数不合格（6544字），重试(2/3)...
[2026-05-19 04:41:51] [Writer] 第412章已存在但字数不合格（10714字），重新生成
[2026-05-19 04:41:51] [Writer] 正在生成第412章...
[2026-05-19 04:43:26] [Writer] 第412章字数不合格（7529字），重试(3/3)...
[2026-05-19 04:43:31] [Writer] 第412章已存在但字数不合格（10714字），重新生成
[2026-05-19 04:43:31] [Writer] 正在生成第412章...
[2026-05-19 04:45:03] [Writer] 第412章字数不合格（6736字），保存草稿并标记失败
[2026-05-19 04:45:03] [Writer] 第412章已保存（6736字） -> D:\AiProject\Node\projects\novels8\chapters\draft\chapter_0412.txt
[2026-05-19 04:45:03] [Writer] 第412章生成失败，记录并继续
[2026-05-19 04:45:05] [Writer] 以下章节生成失败: [412]
============================================================
Writer Agent 启动
项目: D:\AiProject\Node\projects\novels8
============================================================
[2026-05-19 06:20:34] [Writer] 第409章已存在且字数合格（4890字），跳过
[2026-05-19 06:20:36] [Writer] 第410章已存在且字数合格（5461字），跳过
[2026-05-19 06:20:38] [Writer] 第411章已存在且字数合格（5276字），跳过
[2026-05-19 06:20:40] [Writer] 第412章已存在但字数不合格（6736字），重新生成
[2026-05-19 06:20:40] [Writer] 正在生成第412章...
[2026-05-19 06:22:13] [Writer] 第412章字数不合格（7088字），重试(1/3)...
[2026-05-19 06:22:18] [Writer] 第412章已存在但字数不合格（6736字），重新生成
[2026-05-19 06:22:18] [Writer] 正在生成第412章...
[2026-05-19 06:24:04] [Writer] 第412章字数不合格（8176字），重试(2/3)...
[2026-05-19 06:24:09] [Writer] 第412章已存在但字数不合格（6736字），重新生成
[2026-05-19 06:24:09] [Writer] 正在生成第412章...
[2026-05-19 06:25:19] [Writer] 第412章已保存（5367字） -> D:\AiProject\Node\projects\novels8\chapters\draft\chapter_0412.txt
[2026-05-19 06:25:21] [Writer] 全部完成
