============================================================
Writer Agent 启动
项目: D:\AiProject\Node\projects\novels8
============================================================
[2026-05-19 05:12:21] [Writer] 正在生成第199章...
[2026-05-19 05:13:30] [Writer] 第199章已保存（4723字） -> D:\AiProject\Node\projects\novels8\chapters\draft\chapter_0199.txt
[2026-05-19 05:13:32] [Writer] 正在生成第200章...
[2026-05-19 05:14:21] [Writer] 第200章字数不合格（3321字），重试(1/3)...
[2026-05-19 05:14:26] [Writer] 正在生成第200章...
[2026-05-19 05:15:55] [Writer] 第200章字数不合格（6974字），重试(2/3)...
[2026-05-19 05:16:00] [Writer] 正在生成第200章...
[2026-05-19 05:17:04] [Writer] 第200章已保存（5255字） -> D:\AiProject\Node\projects\novels8\chapters\draft\chapter_0200.txt
[2026-05-19 05:17:06] [Writer] 全部完成
============================================================
Writer Agent 启动
项目: D:\AiProject\Node\projects\novels8
============================================================
[2026-05-19 09:27:06] [Writer] 第199章已存在且字数合格（4723字），跳过
[2026-05-19 09:27:08] [Writer] 第200章已存在且字数合格（5255字），跳过
[2026-05-19 09:27:10] [Writer] 全部完成
