============================================================
Writer Agent 启动
项目: D:\AiProject\Node\projects\novels8
============================================================
[2026-05-19 03:18:55] [Writer] 第133章大纲不存在
[2026-05-19 03:18:57] [Writer] 第134章大纲不存在
[2026-05-19 03:18:59] [Writer] 第135章大纲不存在
[2026-05-19 03:19:01] [Writer] 第136章大纲不存在
[2026-05-19 03:19:03] [Writer] 全部完成
============================================================
Writer Agent 启动
项目: D:\AiProject\Node\projects\novels8
============================================================
[2026-05-19 03:19:19] [Writer] 第133章大纲不存在
[2026-05-19 03:19:21] [Writer] 第134章大纲不存在
[2026-05-19 03:19:23] [Writer] 第135章大纲不存在
[2026-05-19 03:19:25] [Writer] 第136章大纲不存在
[2026-05-19 03:19:27] [Writer] 全部完成
============================================================
Writer Agent 启动
项目: D:\AiProject\Node\projects\novels8
============================================================
[2026-05-19 04:38:35] [Writer] 正在生成第133章...
[2026-05-19 04:40:03] [Writer] 第133章已保存（5902字） -> D:\AiProject\Node\projects\novels8\chapters\draft\chapter_0133.txt
[2026-05-19 04:40:05] [Writer] 正在生成第134章...
[2026-05-19 04:41:36] [Writer] 第134章字数不合格（7104字），重试(1/3)...
[2026-05-19 04:41:41] [Writer] 正在生成第134章...
[2026-05-19 04:43:10] [Writer] 第134章已保存（6051字） -> D:\AiProject\Node\projects\novels8\chapters\draft\chapter_0134.txt
[2026-05-19 04:43:12] [Writer] 正在生成第135章...
[2026-05-19 04:45:29] [Writer] 第135章字数不合格（10798字），重试(1/3)...
[2026-05-19 04:45:34] [Writer] 第135章已存在且字数合格（5235字），跳过
[2026-05-19 04:45:36] [Writer] 正在生成第136章...
[2026-05-19 04:46:53] [Writer] 第136章已保存（5335字） -> D:\AiProject\Node\projects\novels8\chapters\draft\chapter_0136.txt
[2026-05-19 04:46:55] [Writer] 全部完成
