============================================================
Writer Agent 启动
项目: D:\AiProject\Node\projects\novels8
============================================================
[2026-05-19 05:09:26] [Writer] 正在生成第509章...
[2026-05-19 05:10:29] [Writer] 第509章字数不合格（4117字），重试(1/3)...
[2026-05-19 05:10:34] [Writer] 正在生成第509章...
[2026-05-19 05:11:44] [Writer] 第509章已保存（4587字） -> D:\AiProject\Node\projects\novels8\chapters\draft\chapter_0509.txt
[2026-05-19 05:11:46] [Writer] 正在生成第510章...
[2026-05-19 05:13:07] [Writer] 第510章已保存（5426字） -> D:\AiProject\Node\projects\novels8\chapters\draft\chapter_0510.txt
[2026-05-19 05:13:09] [Writer] 正在生成第511章...
[2026-05-19 05:14:28] [Writer] 第511章已保存（6026字） -> D:\AiProject\Node\projects\novels8\chapters\draft\chapter_0511.txt
[2026-05-19 05:14:30] [Writer] 正在生成第512章...
[2026-05-19 05:15:42] [Writer] 第512章字数不合格（4476字），重试(1/3)...
[2026-05-19 05:15:47] [Writer] 正在生成第512章...
[2026-05-19 05:17:16] [Writer] 第512章已保存（6089字） -> D:\AiProject\Node\projects\novels8\chapters\draft\chapter_0512.txt
[2026-05-19 05:17:18] [Writer] 全部完成
============================================================
Writer Agent 启动
项目: D:\AiProject\Node\projects\novels8
============================================================
[2026-05-19 06:30:08] [Writer] 第509章已存在且字数合格（4587字），跳过
[2026-05-19 06:30:10] [Writer] 第510章已存在且字数合格（5426字），跳过
[2026-05-19 06:30:12] [Writer] 第511章已存在且字数合格（6329字），跳过
[2026-05-19 06:30:14] [Writer] 第512章已存在且字数合格（6089字），跳过
[2026-05-19 06:30:16] [Writer] 全部完成
