============================================================
Writer Agent 启动
项目: D:\AiProject\Node\projects\novels8
============================================================
[2026-05-19 04:07:22] [Writer] 正在生成第441章...
[2026-05-19 04:08:22] [Writer] 第441章字数不合格（3963字），重试(1/3)...
[2026-05-19 04:08:27] [Writer] 正在生成第441章...
[2026-05-19 04:09:22] [Writer] 第441章字数不合格（3720字），重试(2/3)...
[2026-05-19 04:09:27] [Writer] 正在生成第441章...
[2026-05-19 04:10:42] [Writer] 第441章已保存（5558字） -> D:\AiProject\Node\projects\novels8\chapters\draft\chapter_0441.txt
[2026-05-19 04:10:44] [Writer] 正在生成第442章...
[2026-05-19 04:12:05] [Writer] 第442章已保存（5706字） -> D:\AiProject\Node\projects\novels8\chapters\draft\chapter_0442.txt
[2026-05-19 04:12:07] [Writer] 正在生成第443章...
[2026-05-19 04:13:25] [Writer] 第443章已保存（5618字） -> D:\AiProject\Node\projects\novels8\chapters\draft\chapter_0443.txt
[2026-05-19 04:13:27] [Writer] 正在生成第444章...
[2026-05-19 04:14:54] [Writer] 第444章已保存（6134字） -> D:\AiProject\Node\projects\novels8\chapters\draft\chapter_0444.txt
[2026-05-19 04:14:56] [Writer] 全部完成
============================================================
Writer Agent 启动
项目: D:\AiProject\Node\projects\novels8
============================================================
[2026-05-19 04:52:09] [Writer] 第441章已存在且字数合格（5558字），跳过
[2026-05-19 04:52:11] [Writer] 第442章已存在且字数合格（5706字），跳过
[2026-05-19 04:52:13] [Writer] 第443章已存在且字数合格（5618字），跳过
[2026-05-19 04:52:15] [Writer] 第444章已存在且字数合格（6134字），跳过
[2026-05-19 04:52:17] [Writer] 全部完成
============================================================
Writer Agent 启动
项目: D:\AiProject\Node\projects\novels8
============================================================
[2026-05-19 06:26:43] [Writer] 第441章已存在且字数合格（5558字），跳过
[2026-05-19 06:26:45] [Writer] 第442章已存在且字数合格（5706字），跳过
[2026-05-19 06:26:47] [Writer] 第443章已存在且字数合格（5618字），跳过
[2026-05-19 06:26:49] [Writer] 第444章已存在且字数合格（6134字），跳过
[2026-05-19 06:26:51] [Writer] 全部完成
