============================================================
Writer Agent 启动
项目: D:\AiProject\Node\projects\novels8
============================================================
[2026-05-19 05:23:52] [Writer] 第529章大纲不存在
[2026-05-19 05:23:54] [Writer] 第530章大纲不存在
[2026-05-19 05:23:56] [Writer] 正在生成第531章...
[2026-05-19 05:25:20] [Writer] 第531章已保存（6307字） -> D:\AiProject\Node\projects\novels8\chapters\draft\chapter_0531.txt
[2026-05-19 05:25:22] [Writer] 正在生成第532章...
[2026-05-19 05:26:25] [Writer] 第532章已保存（4673字） -> D:\AiProject\Node\projects\novels8\chapters\draft\chapter_0532.txt
[2026-05-19 05:26:27] [Writer] 全部完成
============================================================
Writer Agent 启动
项目: D:\AiProject\Node\projects\novels8
============================================================
[2026-05-19 06:30:34] [Writer] 第529章大纲不存在
[2026-05-19 06:30:36] [Writer] 第530章大纲不存在
[2026-05-19 06:30:38] [Writer] 第531章已存在且字数合格（6307字），跳过
[2026-05-19 06:30:40] [Writer] 第532章已存在且字数合格（4673字），跳过
[2026-05-19 06:30:42] [Writer] 全部完成
