============================================================
Writer Agent 启动
项目: D:\AiProject\Node\projects\novels8
============================================================
[2026-05-19 03:24:03] [Writer] 第365章大纲不存在
[2026-05-19 03:24:05] [Writer] 第366章大纲不存在
[2026-05-19 03:24:07] [Writer] 第367章大纲不存在
[2026-05-19 03:24:09] [Writer] 第368章大纲不存在
[2026-05-19 03:24:11] [Writer] 全部完成
============================================================
Writer Agent 启动
项目: D:\AiProject\Node\projects\novels8
============================================================
[2026-05-19 04:07:18] [Writer] 正在生成第365章...
[2026-05-19 04:08:53] [Writer] 第365章已保存（5991字） -> D:\AiProject\Node\projects\novels8\chapters\draft\chapter_0365.txt
[2026-05-19 04:08:56] [Writer] 正在生成第366章...
[2026-05-19 04:09:47] [Writer] 第366章字数不合格（3494字），重试(1/3)...
[2026-05-19 04:09:52] [Writer] 正在生成第366章...
[2026-05-19 04:11:18] [Writer] 第366章已保存（5463字） -> D:\AiProject\Node\projects\novels8\chapters\draft\chapter_0366.txt
[2026-05-19 04:11:21] [Writer] 正在生成第367章...
[2026-05-19 04:12:33] [Writer] 第367章已保存（5180字） -> D:\AiProject\Node\projects\novels8\chapters\draft\chapter_0367.txt
[2026-05-19 04:12:35] [Writer] 正在生成第368章...
[2026-05-19 04:14:12] [Writer] 第368章字数不合格（6971字），重试(1/3)...
[2026-05-19 04:14:17] [Writer] 正在生成第368章...
[2026-05-19 04:15:57] [Writer] 第368章字数不合格（7035字），重试(2/3)...
[2026-05-19 04:16:02] [Writer] 正在生成第368章...
[2026-05-19 04:17:26] [Writer] 第368章已保存（5713字） -> D:\AiProject\Node\projects\novels8\chapters\draft\chapter_0368.txt
[2026-05-19 04:17:28] [Writer] 全部完成
============================================================
Writer Agent 启动
项目: D:\AiProject\Node\projects\novels8
============================================================
[2026-05-19 06:18:58] [Writer] 第365章已存在且字数合格（5991字），跳过
[2026-05-19 06:19:00] [Writer] 第366章已存在且字数合格（5463字），跳过
[2026-05-19 06:19:02] [Writer] 第367章已存在且字数合格（5180字），跳过
[2026-05-19 06:19:04] [Writer] 第368章已存在且字数合格（5713字），跳过
[2026-05-19 06:19:06] [Writer] 全部完成
