============================================================
Writer Agent 启动
项目: D:\AiProject\Node\projects\novels8
============================================================
[2026-05-19 05:09:26] [Writer] 正在生成第513章...
[2026-05-19 05:10:35] [Writer] 第513章已保存（4520字） -> D:\AiProject\Node\projects\novels8\chapters\draft\chapter_0513.txt
[2026-05-19 05:10:37] [Writer] 正在生成第514章...
[2026-05-19 05:12:01] [Writer] 第514章已保存（5981字） -> D:\AiProject\Node\projects\novels8\chapters\draft\chapter_0514.txt
[2026-05-19 05:12:03] [Writer] 正在生成第515章...
[2026-05-19 05:13:47] [Writer] 第515章字数不合格（8117字），重试(1/3)...
[2026-05-19 05:13:52] [Writer] 第515章已存在且字数合格（5624字），跳过
[2026-05-19 05:13:54] [Writer] 第516章大纲不存在
[2026-05-19 05:13:56] [Writer] 全部完成
============================================================
Writer Agent 启动
项目: D:\AiProject\Node\projects\novels8
============================================================
[2026-05-19 06:30:08] [Writer] 第513章已存在且字数合格（6382字），跳过
[2026-05-19 06:30:10] [Writer] 第514章已存在且字数合格（5981字），跳过
[2026-05-19 06:30:12] [Writer] 第515章已存在且字数合格（5624字），跳过
[2026-05-19 06:30:14] [Writer] 第516章大纲不存在
[2026-05-19 06:30:16] [Writer] 全部完成
