============================================================
Writer Agent 启动
项目: D:\AiProject\Node\projects\novels8
============================================================
[2026-05-19 06:27:35] [Writer] 正在生成第601章...
[2026-05-19 06:28:41] [Writer] 第601章已保存（4704字） -> D:\AiProject\Node\projects\novels8\chapters\draft\chapter_0601.txt
[2026-05-19 06:28:43] [Writer] 正在生成第602章...
[2026-05-19 06:30:05] [Writer] 第602章已保存（5845字） -> D:\AiProject\Node\projects\novels8\chapters\draft\chapter_0602.txt
[2026-05-19 06:30:07] [Writer] 正在生成第603章...
[2026-05-19 06:31:01] [Writer] 第603章字数不合格（3694字），重试(1/3)...
[2026-05-19 06:31:06] [Writer] 正在生成第603章...
[2026-05-19 06:32:08] [Writer] 第603章已保存（4567字） -> D:\AiProject\Node\projects\novels8\chapters\draft\chapter_0603.txt
[2026-05-19 06:32:10] [Writer] 正在生成第604章...
[2026-05-19 06:33:48] [Writer] 第604章字数不合格（6982字），重试(1/3)...
[2026-05-19 06:33:53] [Writer] 第604章已存在且字数合格（6067字），跳过
[2026-05-19 06:33:55] [Writer] 全部完成
============================================================
Writer Agent 启动
项目: D:\AiProject\Node\projects\novels8
============================================================
[2026-05-19 06:34:34] [Writer] 第601章已存在且字数合格（5351字），跳过
[2026-05-19 06:34:36] [Writer] 第602章已存在且字数合格（6078字），跳过
[2026-05-19 06:34:38] [Writer] 第603章已存在且字数合格（4567字），跳过
[2026-05-19 06:34:40] [Writer] 第604章已存在且字数合格（6067字），跳过
[2026-05-19 06:34:42] [Writer] 全部完成
