============================================================
Writer Agent 启动
项目: D:\AiProject\Node\projects\novels8
============================================================
[2026-05-19 03:22:44] [Writer] 第301章大纲不存在
[2026-05-19 03:22:46] [Writer] 第302章大纲不存在
[2026-05-19 03:22:48] [Writer] 第303章大纲不存在
[2026-05-19 03:22:50] [Writer] 第304章大纲不存在
[2026-05-19 03:22:52] [Writer] 全部完成
============================================================
Writer Agent 启动
项目: D:\AiProject\Node\projects\novels8
============================================================
[2026-05-19 03:23:09] [Writer] 正在生成第301章...
[2026-05-19 03:24:15] [Writer] 第301章已保存（4586字） -> D:\AiProject\Node\projects\novels8\chapters\draft\chapter_0301.txt
[2026-05-19 03:24:17] [Writer] 正在生成第302章...
[2026-05-19 03:25:43] [Writer] 第302章字数不合格（6514字），重试(1/3)...
[2026-05-19 03:25:48] [Writer] 正在生成第302章...
[2026-05-19 03:26:47] [Writer] 第302章字数不合格（4253字），重试(2/3)...
[2026-05-19 03:26:52] [Writer] 正在生成第302章...
[2026-05-19 03:28:21] [Writer] 第302章字数不合格（6250字），重试(3/3)...
[2026-05-19 03:28:26] [Writer] 正在生成第302章...
[2026-05-19 03:29:42] [Writer] 第302章已保存（5229字） -> D:\AiProject\Node\projects\novels8\chapters\draft\chapter_0302.txt
[2026-05-19 03:29:44] [Writer] 正在生成第303章...
[2026-05-19 03:30:56] [Writer] 第303章已保存（5242字） -> D:\AiProject\Node\projects\novels8\chapters\draft\chapter_0303.txt
[2026-05-19 03:30:58] [Writer] 正在生成第304章...
[2026-05-19 03:31:52] [Writer] 第304章字数不合格（4182字），重试(1/3)...
[2026-05-19 03:31:57] [Writer] 正在生成第304章...
[2026-05-19 03:33:09] [Writer] 第304章已保存（5361字） -> D:\AiProject\Node\projects\novels8\chapters\draft\chapter_0304.txt
[2026-05-19 03:33:11] [Writer] 全部完成
============================================================
Writer Agent 启动
项目: D:\AiProject\Node\projects\novels8
============================================================
[2026-05-19 06:09:40] [Writer] 正在生成第301章...
[2026-05-19 06:11:04] [Writer] 第301章已保存（5795字） -> D:\AiProject\Node\projects\novels8\chapters\draft\chapter_0301.txt
[2026-05-19 06:11:06] [Writer] 第302章已存在且字数合格（5229字），跳过
[2026-05-19 06:11:08] [Writer] 第303章已存在且字数合格（5242字），跳过
[2026-05-19 06:11:10] [Writer] 第304章已存在且字数合格（5361字），跳过
[2026-05-19 06:11:12] [Writer] 全部完成
