============================================================
Writer Agent 启动
项目: D:\AiProject\Node\projects\novels8
============================================================
[2026-05-19 03:21:28] [Writer] 第253章大纲不存在
[2026-05-19 03:21:30] [Writer] 第254章大纲不存在
[2026-05-19 03:21:32] [Writer] 第255章大纲不存在
[2026-05-19 03:21:34] [Writer] 第256章大纲不存在
[2026-05-19 03:21:36] [Writer] 全部完成
============================================================
Writer Agent 启动
项目: D:\AiProject\Node\projects\novels8
============================================================
[2026-05-19 03:21:52] [Writer] 第253章大纲不存在
[2026-05-19 03:21:54] [Writer] 第254章大纲不存在
[2026-05-19 03:21:56] [Writer] 第255章大纲不存在
[2026-05-19 03:21:58] [Writer] 第256章大纲不存在
[2026-05-19 03:22:00] [Writer] 全部完成
============================================================
Writer Agent 启动
项目: D:\AiProject\Node\projects\novels8
============================================================
[2026-05-19 05:36:53] [Writer] 正在生成第253章...
[2026-05-19 05:38:16] [Writer] 第253章已保存（5371字） -> D:\AiProject\Node\projects\novels8\chapters\draft\chapter_0253.txt
[2026-05-19 05:38:18] [Writer] 正在生成第254章...
[2026-05-19 05:39:35] [Writer] 第254章已保存（5329字） -> D:\AiProject\Node\projects\novels8\chapters\draft\chapter_0254.txt
[2026-05-19 05:39:37] [Writer] 第255章已存在且字数合格（6049字），跳过
[2026-05-19 05:39:39] [Writer] 正在生成第256章...
[2026-05-19 05:41:30] [Writer] 第256章字数不合格（8394字），重试(1/3)...
[2026-05-19 05:41:35] [Writer] 正在生成第256章...
[2026-05-19 05:43:30] [Writer] 第256章字数不合格（8329字），重试(2/3)...
[2026-05-19 05:43:35] [Writer] 正在生成第256章...
[2026-05-19 05:44:49] [Writer] 第256章已保存（5230字） -> D:\AiProject\Node\projects\novels8\chapters\draft\chapter_0256.txt
[2026-05-19 05:44:51] [Writer] 全部完成
