============================================================
Writer Agent 启动
项目: D:\AiProject\Node\projects\novels8
============================================================
[2026-05-19 03:24:56] [Writer] 正在生成第401章...
[2026-05-19 03:25:48] [Writer] 第401章字数不合格（3768字），重试(1/3)...
[2026-05-19 03:25:53] [Writer] 正在生成第401章...
[2026-05-19 03:26:50] [Writer] 第401章已保存（4602字） -> D:\AiProject\Node\projects\novels8\chapters\draft\chapter_0401.txt
[2026-05-19 03:26:52] [Writer] 正在生成第402章...
[2026-05-19 03:28:05] [Writer] 第402章字数不合格（5580字），重试(1/3)...
[2026-05-19 03:28:10] [Writer] 正在生成第402章...
[2026-05-19 03:29:18] [Writer] 第402章已保存（5396字） -> D:\AiProject\Node\projects\novels8\chapters\draft\chapter_0402.txt
[2026-05-19 03:29:20] [Writer] 正在生成第403章...
[2026-05-19 03:30:30] [Writer] 第403章字数不合格（4100字），重试(1/3)...
[2026-05-19 03:30:35] [Writer] 正在生成第403章...
[2026-05-19 03:31:32] [Writer] 第403章字数不合格（4378字），重试(2/3)...
[2026-05-19 03:31:37] [Writer] 正在生成第403章...
[2026-05-19 03:32:46] [Writer] 第403章已保存（4975字） -> D:\AiProject\Node\projects\novels8\chapters\draft\chapter_0403.txt
[2026-05-19 03:32:48] [Writer] 正在生成第404章...
[2026-05-19 03:34:02] [Writer] 第404章已保存（5430字） -> D:\AiProject\Node\projects\novels8\chapters\draft\chapter_0404.txt
[2026-05-19 03:34:04] [Writer] 全部完成
============================================================
Writer Agent 启动
项目: D:\AiProject\Node\projects\novels8
============================================================
[2026-05-19 04:38:33] [Writer] 第401章已存在且字数合格（4602字），跳过
[2026-05-19 04:38:35] [Writer] 第402章已存在且字数合格（5396字），跳过
[2026-05-19 04:38:37] [Writer] 第403章已存在且字数合格（4975字），跳过
[2026-05-19 04:38:39] [Writer] 第404章已存在且字数合格（5430字），跳过
[2026-05-19 04:38:41] [Writer] 全部完成
============================================================
Writer Agent 启动
项目: D:\AiProject\Node\projects\novels8
============================================================
[2026-05-19 06:20:34] [Writer] 第401章已存在且字数合格（4602字），跳过
[2026-05-19 06:20:36] [Writer] 第402章已存在且字数合格（5396字），跳过
[2026-05-19 06:20:38] [Writer] 第403章已存在且字数合格（4975字），跳过
[2026-05-19 06:20:40] [Writer] 第404章已存在且字数合格（5430字），跳过
[2026-05-19 06:20:42] [Writer] 全部完成
