============================================================
Writer Agent 启动
项目: D:\AiProject\Node\projects\novels8
============================================================
[2026-05-19 03:24:30] [Writer] 第393章大纲不存在
[2026-05-19 03:24:32] [Writer] 第394章大纲不存在
[2026-05-19 03:24:34] [Writer] 第395章大纲不存在
[2026-05-19 03:24:36] [Writer] 第396章大纲不存在
[2026-05-19 03:24:38] [Writer] 全部完成
============================================================
Writer Agent 启动
项目: D:\AiProject\Node\projects\novels8
============================================================
[2026-05-19 04:23:32] [Writer] 正在生成第393章...
[2026-05-19 04:24:47] [Writer] 第393章已保存（4872字） -> D:\AiProject\Node\projects\novels8\chapters\draft\chapter_0393.txt
[2026-05-19 04:24:49] [Writer] 正在生成第394章...
[2026-05-19 04:26:25] [Writer] 第394章已保存（5505字） -> D:\AiProject\Node\projects\novels8\chapters\draft\chapter_0394.txt
[2026-05-19 04:26:27] [Writer] 正在生成第395章...
[2026-05-19 04:27:29] [Writer] 第395章字数不合格（4406字），重试(1/3)...
[2026-05-19 04:27:34] [Writer] 正在生成第395章...
[2026-05-19 04:28:35] [Writer] 第395章字数不合格（4153字），重试(2/3)...
[2026-05-19 04:28:40] [Writer] 正在生成第395章...
[2026-05-19 04:29:50] [Writer] 第395章已保存（4862字） -> D:\AiProject\Node\projects\novels8\chapters\draft\chapter_0395.txt
[2026-05-19 04:29:52] [Writer] 正在生成第396章...
[2026-05-19 04:30:53] [Writer] 第396章字数不合格（4414字），重试(1/3)...
[2026-05-19 04:30:58] [Writer] 正在生成第396章...
[2026-05-19 04:32:04] [Writer] 第396章已保存（4790字） -> D:\AiProject\Node\projects\novels8\chapters\draft\chapter_0396.txt
[2026-05-19 04:32:06] [Writer] 全部完成
============================================================
Writer Agent 启动
项目: D:\AiProject\Node\projects\novels8
============================================================
[2026-05-19 06:19:23] [Writer] 第393章已存在且字数合格（4872字），跳过
[2026-05-19 06:19:25] [Writer] 第394章已存在且字数合格（5505字），跳过
[2026-05-19 06:19:27] [Writer] 第395章已存在且字数合格（4862字），跳过
[2026-05-19 06:19:29] [Writer] 第396章已存在且字数合格（4790字），跳过
[2026-05-19 06:19:31] [Writer] 全部完成
