============================================================
Writer Agent 启动
项目: D:\AiProject\Node\projects\novels8
============================================================
[2026-05-19 03:23:37] [Writer] 第353章大纲不存在
[2026-05-19 03:23:39] [Writer] 第354章大纲不存在
[2026-05-19 03:23:41] [Writer] 第355章大纲不存在
[2026-05-19 03:23:43] [Writer] 第356章大纲不存在
[2026-05-19 03:23:45] [Writer] 全部完成
============================================================
Writer Agent 启动
项目: D:\AiProject\Node\projects\novels8
============================================================
[2026-05-19 03:49:48] [Writer] 正在生成第353章...
[2026-05-19 03:51:33] [Writer] 第353章字数不合格（7892字），重试(1/3)...
[2026-05-19 03:51:38] [Writer] 正在生成第353章...
[2026-05-19 03:53:32] [Writer] 第353章已保存（4537字） -> D:\AiProject\Node\projects\novels8\chapters\draft\chapter_0353.txt
[2026-05-19 03:53:34] [Writer] 正在生成第354章...
[2026-05-19 03:54:45] [Writer] 第354章已保存（5401字） -> D:\AiProject\Node\projects\novels8\chapters\draft\chapter_0354.txt
[2026-05-19 03:54:47] [Writer] 正在生成第355章...
[2026-05-19 03:55:53] [Writer] 第355章已保存（4878字） -> D:\AiProject\Node\projects\novels8\chapters\draft\chapter_0355.txt
[2026-05-19 03:55:55] [Writer] 正在生成第356章...
[2026-05-19 03:56:45] [Writer] 第356章字数不合格（4137字），重试(1/3)...
[2026-05-19 03:56:50] [Writer] 正在生成第356章...
[2026-05-19 03:58:03] [Writer] 第356章已保存（5236字） -> D:\AiProject\Node\projects\novels8\chapters\draft\chapter_0356.txt
[2026-05-19 03:58:05] [Writer] 全部完成
============================================================
Writer Agent 启动
项目: D:\AiProject\Node\projects\novels8
============================================================
[2026-05-19 06:18:32] [Writer] 第353章已存在且字数合格（4537字），跳过
[2026-05-19 06:18:34] [Writer] 第354章已存在且字数合格（5401字），跳过
[2026-05-19 06:18:36] [Writer] 第355章已存在且字数合格（4878字），跳过
[2026-05-19 06:18:38] [Writer] 第356章已存在且字数合格（5236字），跳过
[2026-05-19 06:18:40] [Writer] 全部完成
