============================================================
Writer Agent 启动
项目: D:\AiProject\Node\projects\novels8
============================================================
[2026-05-19 03:24:03] [Writer] 第373章大纲不存在
[2026-05-19 03:24:05] [Writer] 第374章大纲不存在
[2026-05-19 03:24:07] [Writer] 第375章大纲不存在
[2026-05-19 03:24:09] [Writer] 第376章大纲不存在
[2026-05-19 03:24:11] [Writer] 全部完成
============================================================
Writer Agent 启动
项目: D:\AiProject\Node\projects\novels8
============================================================
[2026-05-19 04:07:18] [Writer] 正在生成第373章...
[2026-05-19 04:08:34] [Writer] 第373章已保存（5047字） -> D:\AiProject\Node\projects\novels8\chapters\draft\chapter_0373.txt
[2026-05-19 04:08:36] [Writer] 正在生成第374章...
[2026-05-19 04:09:31] [Writer] 第374章字数不合格（4062字），重试(1/3)...
[2026-05-19 04:09:36] [Writer] 正在生成第374章...
[2026-05-19 04:10:42] [Writer] 第374章已保存（5444字） -> D:\AiProject\Node\projects\novels8\chapters\draft\chapter_0374.txt
[2026-05-19 04:10:44] [Writer] 正在生成第375章...
[2026-05-19 04:12:10] [Writer] 第375章已保存（5889字） -> D:\AiProject\Node\projects\novels8\chapters\draft\chapter_0375.txt
[2026-05-19 04:12:12] [Writer] 正在生成第376章...
[2026-05-19 04:14:03] [Writer] 第376章字数不合格（7420字），重试(1/3)...
[2026-05-19 04:14:08] [Writer] 正在生成第376章...
[2026-05-19 04:15:58] [Writer] 第376章字数不合格（7772字），重试(2/3)...
[2026-05-19 04:16:03] [Writer] 正在生成第376章...
[2026-05-19 04:17:14] [Writer] 第376章已保存（4626字） -> D:\AiProject\Node\projects\novels8\chapters\draft\chapter_0376.txt
[2026-05-19 04:17:16] [Writer] 全部完成
============================================================
Writer Agent 启动
项目: D:\AiProject\Node\projects\novels8
============================================================
[2026-05-19 06:18:58] [Writer] 第373章已存在且字数合格（5047字），跳过
[2026-05-19 06:19:00] [Writer] 第374章已存在且字数合格（5444字），跳过
[2026-05-19 06:19:02] [Writer] 第375章已存在且字数合格（5889字），跳过
[2026-05-19 06:19:04] [Writer] 第376章已存在且字数合格（4626字），跳过
[2026-05-19 06:19:06] [Writer] 全部完成
