[2026-05-17 14:59:33] 需要审查的章节: 520 章
[2026-05-17 14:59:33] 拆分为 79 个任务范围
[2026-05-17 14:59:34] [Worker] 第61-61章审查完成，本范围完成 0 章，总完成 1480/2000
[2026-05-17 14:59:34] [Worker] 第207-207章审查完成，本范围完成 0 章，总完成 1480/2000
[2026-05-17 14:59:34] [Worker] 第150-150章审查完成，本范围完成 0 章，总完成 1480/2000
[2026-05-17 14:59:35] [Worker] 第440-440章审查完成，本范围完成 0 章，总完成 1480/2000
[2026-05-17 14:59:35] [Worker] 第425-425章审查完成，本范围完成 0 章，总完成 1480/2000
[2026-05-17 14:59:36] [Worker] 第443-443章审查完成，本范围完成 0 章，总完成 1480/2000
[2026-05-17 14:59:36] [Worker] 第487-487章审查完成，本范围完成 0 章，总完成 1480/2000
[2026-05-17 14:59:37] [Worker] 第574-574章审查完成，本范围完成 0 章，总完成 1480/2000
[2026-05-17 14:59:38] [Worker] 第613-613章审查完成，本范围完成 0 章，总完成 1480/2000
[2026-05-17 14:59:39] [Worker] 第626-626章审查完成，本范围完成 0 章，总完成 1480/2000
[2026-05-17 15:00:05] [Worker] 第265-266章审查完成，本范围完成 1 章，总完成 1481/2000
[2026-05-17 15:00:06] [Worker] 第685-685章审查完成，本范围完成 0 章，总完成 1481/2000
[2026-05-17 15:00:07] [Worker] 第689-689章审查完成，本范围完成 0 章，总完成 1481/2000
[2026-05-17 15:00:08] [Worker] 第692-692章审查完成，本范围完成 0 章，总完成 1481/2000
[2026-05-17 15:00:09] [Worker] 第250-250章审查完成，本范围完成 1 章，总完成 1482/2000
[2026-05-17 15:00:10] [Worker] 第742-742章审查完成，本范围完成 0 章，总完成 1482/2000
[2026-05-17 15:00:11] [Worker] 第750-750章审查完成，本范围完成 0 章，总完成 1482/2000
[2026-05-17 15:00:12] [Worker] 第759-759章审查完成，本范围完成 0 章，总完成 1482/2000
[2026-05-17 15:00:13] [Worker] 第765-765章审查完成，本范围完成 0 章，总完成 1482/2000
[2026-05-17 15:00:14] [Worker] 第773-773章审查完成，本范围完成 0 章，总完成 1482/2000
[2026-05-17 15:00:20] [Worker] 第261-261章审查完成，本范围完成 1 章，总完成 1483/2000
[2026-05-17 15:00:21] [Worker] 第802-802章审查完成，本范围完成 0 章，总完成 1483/2000
[2026-05-17 15:00:36] [Worker] 第253-254章审查完成，本范围完成 2 章，总完成 1485/2000
[2026-05-17 15:00:37] [Worker] 第828-828章审查完成，本范围完成 0 章，总完成 1485/2000
[2026-05-17 15:00:38] [Worker] 第835-835章审查完成，本范围完成 0 章，总完成 1485/2000
[2026-05-17 15:00:39] [Worker] 第855-855章审查完成，本范围完成 0 章，总完成 1485/2000
[2026-05-17 15:00:40] [Worker] 第879-879章审查完成，本范围完成 0 章，总完成 1485/2000
[2026-05-17 15:01:33] [WeChat] 进度已推送: 审查1514/2000
[2026-05-17 15:01:42] [Worker] 第328-330章审查完成，本范围完成 3 章，总完成 1488/2000
[2026-05-17 15:01:44] [Worker] 第983-983章审查完成，本范围完成 0 章，总完成 1488/2000
[2026-05-17 15:01:53] [Worker] 第274-278章审查完成，本范围完成 3 章，总完成 1491/2000
[2026-05-17 15:02:37] [Worker] 第1112-1112章审查完成，本范围完成 1 章，总完成 1492/2000
[2026-05-17 15:03:25] [Worker] 第1115-1115章审查完成，本范围完成 1 章，总完成 1493/2000
[2026-05-17 15:03:26] [Worker] 第1143-1143章审查完成，本范围完成 0 章，总完成 1493/2000
[2026-05-17 15:03:33] [WeChat] 进度已推送: 审查1553/2000
[2026-05-17 15:05:34] [WeChat] 进度已推送: 审查1591/2000
[2026-05-17 15:05:56] [Worker] 第818-825章审查完成，本范围完成 8 章，总完成 1501/2000
[2026-05-17 15:05:57] [Worker] 第1169-1169章审查完成，本范围完成 0 章，总完成 1501/2000
[2026-05-17 15:05:58] [Worker] 第1183-1183章审查完成，本范围完成 0 章，总完成 1501/2000
[2026-05-17 15:06:23] [Worker] 第785-792章审查完成，本范围完成 8 章，总完成 1509/2000
[2026-05-17 15:06:24] [Worker] 第1243-1243章审查完成，本范围完成 0 章，总完成 1509/2000
[2026-05-17 15:07:34] [WeChat] 进度已推送: 审查1630/2000
[2026-05-17 15:07:53] [Worker] 第188-198章审查完成，本范围完成 9 章，总完成 1518/2000
[2026-05-17 15:07:54] [Worker] 第1289-1289章审查完成，本范围完成 0 章，总完成 1518/2000
[2026-05-17 15:09:35] [WeChat] 进度已推送: 审查1672/2000
[2026-05-17 15:09:41] [Worker] 第1148-1155章审查完成，本范围完成 8 章，总完成 1526/2000
[2026-05-17 15:11:35] [WeChat] 进度已推送: 审查1712/2000
[2026-05-17 15:13:35] [WeChat] 进度已推送: 审查1755/2000
[2026-05-17 15:15:36] [WeChat] 进度已推送: 审查1797/2000
[2026-05-17 15:16:14] [Worker] 第628-652章审查完成，本范围完成 24 章，总完成 1550/2000
[2026-05-17 15:16:15] [Worker] 第1404-1404章审查完成，本范围完成 0 章，总完成 1550/2000
[2026-05-17 15:16:17] [Worker] 第1425-1425章审查完成，本范围完成 0 章，总完成 1550/2000
[2026-05-17 15:16:18] [Worker] 第1467-1467章审查完成，本范围完成 0 章，总完成 1550/2000
[2026-05-17 15:16:19] [Worker] 第1529-1529章审查完成，本范围完成 0 章，总完成 1550/2000
[2026-05-17 15:16:20] [Worker] 第1569-1569章审查完成，本范围完成 0 章，总完成 1550/2000
[2026-05-17 15:16:21] [Worker] 第1589-1589章审查完成，本范围完成 0 章，总完成 1550/2000
[2026-05-17 15:16:22] [Worker] 第1670-1670章审查完成，本范围完成 0 章，总完成 1550/2000
[2026-05-17 15:16:23] [Worker] 第1704-1704章审查完成，本范围完成 0 章，总完成 1550/2000
[2026-05-17 15:16:24] [Worker] 第1711-1711章审查完成，本范围完成 0 章，总完成 1550/2000
[2026-05-17 15:16:25] [Worker] 第1745-1745章审查完成，本范围完成 0 章，总完成 1550/2000
[2026-05-17 15:16:26] [Worker] 第1830-1830章审查完成，本范围完成 0 章，总完成 1550/2000
[2026-05-17 15:16:27] [Worker] 第1835-1835章审查完成，本范围完成 0 章，总完成 1550/2000
[2026-05-17 15:16:28] [Worker] 第1838-1838章审查完成，本范围完成 0 章，总完成 1550/2000
[2026-05-17 15:16:29] [Worker] 第1864-1864章审查完成，本范围完成 0 章，总完成 1550/2000
[2026-05-17 15:16:30] [Worker] 第1876-1876章审查完成，本范围完成 0 章，总完成 1550/2000
[2026-05-17 15:17:11] [Worker] 第1-25章审查完成，本范围完成 25 章，总完成 1575/2000
[2026-05-17 15:17:13] [Worker] 第1929-1929章审查完成，本范围完成 0 章，总完成 1575/2000
[2026-05-17 15:17:14] [Worker] 第1938-1938章审查完成，本范围完成 0 章，总完成 1575/2000
[2026-05-17 15:17:15] [Worker] 第1955-1955章审查完成，本范围完成 0 章，总完成 1575/2000
[2026-05-17 15:17:16] [Worker] 第1959-1959章审查完成，本范围完成 0 章，总完成 1575/2000
[2026-05-17 15:17:16] [Worker] 第67-91章审查完成，本范围完成 25 章，总完成 1600/2000
[2026-05-17 15:17:17] [Worker] 第1970-1970章审查完成，本范围完成 0 章，总完成 1600/2000
[2026-05-17 15:17:18] [Worker] 第2000-2000章审查完成，本范围完成 0 章，总完成 1600/2000
[2026-05-17 15:17:19] [Worker] 第529-553章审查完成，本范围完成 24 章，总完成 1624/2000
[2026-05-17 15:17:29] [Worker] 第100-124章审查完成，本范围完成 25 章，总完成 1649/2000
[2026-05-17 15:17:37] [WeChat] 进度已推送: 审查1839/2000
[2026-05-17 15:17:50] [Worker] 第34-58章审查完成，本范围完成 24 章，总完成 1673/2000
[2026-05-17 15:17:54] [Worker] 第694-718章审查完成，本范围完成 25 章，总完成 1698/2000
[2026-05-17 15:18:46] [Worker] 第1024-1048章审查完成，本范围完成 24 章，总完成 1722/2000
[2026-05-17 15:19:27] [Worker] 第925-949章审查完成，本范围完成 23 章，总完成 1745/2000
[2026-05-17 15:19:37] [WeChat] 进度已推送: 审查1869/2000
[2026-05-17 15:20:41] [Worker] 第158-187章审查完成，本范围完成 30 章，总完成 1775/2000
[2026-05-17 15:21:20] [Worker] 第298-327章审查完成，本范围完成 28 章，总完成 1803/2000
[2026-05-17 15:21:38] [WeChat] 进度已推送: 审查1891/2000
[2026-05-17 15:22:44] [Worker] 第1898-1907章审查完成，本范围完成 8 章，总完成 1811/2000
[2026-05-17 15:22:59] [Worker] 第1189-1213章审查完成，本范围完成 25 章，总完成 1836/2000
[2026-05-17 15:23:39] [WeChat] 进度已推送: 审查1909/2000
[2026-05-17 15:24:02] [Worker] 第1255-1279章审查完成，本范围完成 24 章，总完成 1860/2000
[2026-05-17 15:25:17] [Worker] 第1354-1377章审查完成，本范围完成 24 章，总完成 1884/2000
[2026-05-17 15:25:24] [Worker] 第1321-1345章审查完成，本范围完成 24 章，总完成 1908/2000
[2026-05-17 15:25:40] [WeChat] 进度已推送: 审查1919/2000
[2026-05-17 15:27:40] [WeChat] 进度已推送: 审查1922/2000
[2026-05-17 15:29:41] [WeChat] 进度已推送: 审查1925/2000
[2026-05-17 15:31:42] [WeChat] 进度已推送: 审查1928/2000
[2026-05-17 15:33:43] [WeChat] 进度已推送: 审查1931/2000
[2026-05-17 15:33:55] [Worker] 第1973-1997章审查完成，本范围完成 24 章，总完成 1932/2000
[2026-05-17 15:33:56] 最终审查: 1932/2000 章
[2026-05-17 15:33:56] 仍有缺失: 68 章: [41, 61, 150, 190, 198, 207, 265, 277, 278, 307, 309, 425, 440, 443, 487, 531, 574, 613, 626, 651]...
[2026-05-17 15:35:54] 需要审查的章节: 68 章
[2026-05-17 15:35:54] 拆分为 67 个任务范围
[2026-05-17 15:36:24] [Worker] 第425-425章审查完成，本范围完成 1 章，总完成 1933/2000
[2026-05-17 15:36:25] [Worker] 第309-309章审查完成，本范围完成 1 章，总完成 1934/2000
[2026-05-17 15:36:27] [Worker] 第443-443章审查完成，本范围完成 1 章，总完成 1935/2000
[2026-05-17 15:36:27] [Worker] 第440-440章审查完成，本范围完成 1 章，总完成 1936/2000
[2026-05-17 15:36:29] [Worker] 第150-150章审查完成，本范围完成 1 章，总完成 1937/2000
[2026-05-17 15:36:31] [Worker] 第531-531章审查完成，本范围完成 1 章，总完成 1938/2000
[2026-05-17 15:36:33] [Worker] 第265-265章审查完成，本范围完成 1 章，总完成 1939/2000
[2026-05-17 15:36:33] [Worker] 第207-207章审查完成，本范围完成 1 章，总完成 1940/2000
[2026-05-17 15:36:34] [Worker] 第190-190章审查完成，本范围完成 1 章，总完成 1941/2000
[2026-05-17 15:36:34] [Worker] 第198-198章审查完成，本范围完成 1 章，总完成 1942/2000
[2026-05-17 15:36:35] [Worker] 第61-61章审查完成，本范围完成 1 章，总完成 1943/2000
[2026-05-17 15:36:35] [Worker] 第487-487章审查完成，本范围完成 1 章，总完成 1944/2000
[2026-05-17 15:36:36] [Worker] 第307-307章审查完成，本范围完成 1 章，总完成 1945/2000
[2026-05-17 15:36:42] [Worker] 第41-41章审查完成，本范围完成 1 章，总完成 1946/2000
[2026-05-17 15:37:02] [Worker] 第574-574章审查完成，本范围完成 1 章，总完成 1947/2000
[2026-05-17 15:37:04] [Worker] 第689-689章审查完成，本范围完成 1 章，总完成 1948/2000
[2026-05-17 15:37:07] [Worker] 第742-742章审查完成，本范围完成 1 章，总完成 1949/2000
[2026-05-17 15:37:08] [Worker] 第613-613章审查完成，本范围完成 1 章，总完成 1950/2000
[2026-05-17 15:37:08] [Worker] 第651-651章审查完成，本范围完成 1 章，总完成 1951/2000
[2026-05-17 15:37:12] [Worker] 第685-685章审查完成，本范围完成 1 章，总完成 1952/2000
[2026-05-17 15:37:12] [Worker] 第802-802章审查完成，本范围完成 1 章，总完成 1953/2000
[2026-05-17 15:37:13] [Worker] 第692-692章审查完成，本范围完成 1 章，总完成 1954/2000
[2026-05-17 15:37:14] [Worker] 第277-278章审查完成，本范围完成 2 章，总完成 1956/2000
[2026-05-17 15:37:15] [Worker] 第750-750章审查完成，本范围完成 1 章，总完成 1957/2000
[2026-05-17 15:37:16] [Worker] 第765-765章审查完成，本范围完成 1 章，总完成 1958/2000
[2026-05-17 15:37:18] [Worker] 第773-773章审查完成，本范围完成 1 章，总完成 1959/2000
[2026-05-17 15:37:18] [Worker] 第759-759章审查完成，本范围完成 0 章，总完成 1959/2000
[2026-05-17 15:37:22] [Worker] 第626-626章审查完成，本范围完成 1 章，总完成 1960/2000
[2026-05-17 15:37:28] [Worker] 第828-828章审查完成，本范围完成 1 章，总完成 1961/2000
[2026-05-17 15:37:32] [Worker] 第855-855章审查完成，本范围完成 1 章，总完成 1962/2000
[2026-05-17 15:37:36] [Worker] 第879-879章审查完成，本范围完成 0 章，总完成 1962/2000
[2026-05-17 15:37:38] [Worker] 第835-835章审查完成，本范围完成 1 章，总完成 1963/2000
[2026-05-17 15:37:48] [Worker] 第1143-1143章审查完成，本范围完成 1 章，总完成 1964/2000
[2026-05-17 15:37:50] [Worker] 第983-983章审查完成，本范围完成 1 章，总完成 1965/2000
[2026-05-17 15:37:50] [Worker] 第1040-1040章审查完成，本范围完成 1 章，总完成 1966/2000
[2026-05-17 15:37:54] [Worker] 第1183-1183章审查完成，本范围完成 1 章，总完成 1967/2000
[2026-05-17 15:37:55] [WeChat] 进度已推送: 审查1967/2000
[2026-05-17 15:37:56] [Worker] 第1169-1169章审查完成，本范围完成 1 章，总完成 1968/2000
[2026-05-17 15:37:56] [Worker] 第1266-1266章审查完成，本范围完成 1 章，总完成 1969/2000
[2026-05-17 15:38:00] [Worker] 第1289-1289章审查完成，本范围完成 1 章，总完成 1970/2000
[2026-05-17 15:38:01] [Worker] 第926-926章审查完成，本范围完成 1 章，总完成 1971/2000
[2026-05-17 15:38:03] [Worker] 第1243-1243章审查完成，本范围完成 1 章，总完成 1972/2000
[2026-05-17 15:38:03] [Worker] 第944-944章审查完成，本范围完成 0 章，总完成 1972/2000
[2026-05-17 15:38:07] [Worker] 第1333-1333章审查完成，本范围完成 1 章，总完成 1973/2000
[2026-05-17 15:38:08] [Worker] 第1425-1425章审查完成，本范围完成 1 章，总完成 1974/2000
[2026-05-17 15:38:09] [Worker] 第1467-1467章审查完成，本范围完成 1 章，总完成 1975/2000
[2026-05-17 15:38:14] [Worker] 第1404-1404章审查完成，本范围完成 1 章，总完成 1976/2000
[2026-05-17 15:38:16] [Worker] 第1529-1529章审查完成，本范围完成 1 章，总完成 1977/2000
[2026-05-17 15:38:18] [Worker] 第1589-1589章审查完成，本范围完成 1 章，总完成 1978/2000
[2026-05-17 15:38:29] [Worker] 第1569-1569章审查完成，本范围完成 1 章，总完成 1979/2000
[2026-05-17 15:38:33] [Worker] 第1830-1830章审查完成，本范围完成 1 章，总完成 1980/2000
[2026-05-17 15:38:35] [Worker] 第1711-1711章审查完成，本范围完成 1 章，总完成 1981/2000
[2026-05-17 15:38:36] [Worker] 第1745-1745章审查完成，本范围完成 1 章，总完成 1982/2000
[2026-05-17 15:38:38] [Worker] 第1670-1670章审查完成，本范围完成 1 章，总完成 1983/2000
[2026-05-17 15:38:42] [Worker] 第1835-1835章审查完成，本范围完成 1 章，总完成 1984/2000
[2026-05-17 15:38:43] [Worker] 第1704-1704章审查完成，本范围完成 1 章，总完成 1985/2000
[2026-05-17 15:38:45] [Worker] 第1864-1864章审查完成，本范围完成 1 章，总完成 1986/2000
[2026-05-17 15:38:47] [Worker] 第1838-1838章审查完成，本范围完成 1 章，总完成 1987/2000
[2026-05-17 15:38:49] [Worker] 第1876-1876章审查完成，本范围完成 1 章，总完成 1988/2000
[2026-05-17 15:38:49] [Worker] 第1907-1907章审查完成，本范围完成 1 章，总完成 1989/2000
[2026-05-17 15:38:51] [Worker] 第1904-1904章审查完成，本范围完成 1 章，总完成 1990/2000
[2026-05-17 15:38:55] [Worker] 第1929-1929章审查完成，本范围完成 1 章，总完成 1991/2000
[2026-05-17 15:38:55] [Worker] 第1938-1938章审查完成，本范围完成 1 章，总完成 1992/2000
[2026-05-17 15:38:55] [Worker] 第1955-1955章审查完成，本范围完成 1 章，总完成 1993/2000
[2026-05-17 15:39:11] [Worker] 第1959-1959章审查完成，本范围完成 1 章，总完成 1994/2000
[2026-05-17 15:39:16] [Worker] 第1975-1975章审查完成，本范围完成 1 章，总完成 1995/2000
[2026-05-17 15:39:22] [Worker] 第1970-1970章审查完成，本范围完成 1 章，总完成 1996/2000
[2026-05-17 15:39:37] [Worker] 第2000-2000章审查完成，本范围完成 1 章，总完成 1997/2000
[2026-05-17 15:39:37] 最终审查: 1997/2000 章
[2026-05-17 15:39:37] 仍有缺失: 3 章: [759, 879, 944]...
