[2026-05-17 13:47:32] [Main] 企业微信进度推送已启动（每2分钟）
[2026-05-17 13:47:32] 缺失: 531 章, 共 30 段
[2026-05-17 13:47:32]   9-25 (17章)
[2026-05-17 13:47:32]   34-58 (25章)
[2026-05-17 13:47:32]   67-91 (25章)
[2026-05-17 13:47:32]   100-124 (25章)
[2026-05-17 13:47:32]   158-198 (41章)
[2026-05-17 13:47:32]   298-330 (33章)
[2026-05-17 13:47:32]   529-553 (25章)
[2026-05-17 13:47:32]   628-652 (25章)
[2026-05-17 13:47:32]   694-718 (25章)
[2026-05-17 13:47:32]   785-792 (8章)
[2026-05-17 13:47:32]   818-825 (8章)
[2026-05-17 13:47:32]   925-949 (25章)
[2026-05-17 13:47:32]   1024-1048 (25章)
[2026-05-17 13:47:32]   1148-1155 (8章)
[2026-05-17 13:47:32]   1189-1213 (25章)
[2026-05-17 13:47:32]   1255-1279 (25章)
[2026-05-17 13:47:32]   1321-1345 (25章)
[2026-05-17 13:47:32]   1354-1377 (24章)
[2026-05-17 13:47:32]   1741-1741 (1章)
[2026-05-17 13:47:32]   1750-1753 (4章)
[2026-05-17 13:47:32]   1757-1757 (1章)
[2026-05-17 13:47:32]   1759-1763 (5章)
[2026-05-17 13:47:32]   1765-1766 (2章)
[2026-05-17 13:47:32]   1768-1769 (2章)
[2026-05-17 13:47:32]   1772-1772 (1章)
[2026-05-17 13:47:32]   1774-1774 (1章)
[2026-05-17 13:47:32]   1783-1807 (25章)
[2026-05-17 13:47:32]   1816-1840 (25章)
[2026-05-17 13:47:32]   1882-1906 (25章)
[2026-05-17 13:47:32]   1973-1997 (25章)
[2026-05-17 13:47:32] [Main] 启动 15 个并发 Worker 生成 30 段缺失章节
[2026-05-17 13:47:32] [Worker] 开始生成第9-25章
[2026-05-17 13:47:32] [Worker] 开始生成第34-58章
[2026-05-17 13:47:32] [Worker] 开始生成第67-91章
[2026-05-17 13:47:32] [Worker] 开始生成第100-124章
[2026-05-17 13:47:32] [Worker] 开始生成第158-198章
[2026-05-17 13:47:32] [Worker] 开始生成第298-330章
[2026-05-17 13:47:32] [Worker] 开始生成第529-553章
[2026-05-17 13:47:32] [Worker] 开始生成第628-652章
[2026-05-17 13:47:32] [Worker] 开始生成第694-718章
[2026-05-17 13:47:32] [Worker] 开始生成第785-792章
[2026-05-17 13:47:32] [Worker] 开始生成第818-825章
[2026-05-17 13:47:32] [Worker] 开始生成第925-949章
[2026-05-17 13:47:32] [Worker] 开始生成第1024-1048章
[2026-05-17 13:47:32] [Worker] 开始生成第1189-1213章
[2026-05-17 13:47:32] [Worker] 开始生成第1148-1155章
[2026-05-17 13:49:33] [WeChat] 进度已推送: 初稿1500/2000
[2026-05-17 13:51:33] [WeChat] 进度已推送: 初稿1549/2000
[2026-05-17 13:53:33] [WeChat] 进度已推送: 初稿1595/2000
[2026-05-17 13:55:34] [WeChat] 进度已推送: 初稿1619/2000
[2026-05-17 13:57:34] [WeChat] 进度已推送: 初稿1654/2000
[2026-05-17 13:57:55] [Worker] 第818-825章完成，本范围生成 8 章
[2026-05-17 13:57:55] [Worker] 开始生成第1255-1279章
[2026-05-17 13:58:20] [Worker] 第298-330章返回非零码 (rc=1)
[2026-05-17 13:58:20] [Worker] 开始生成第1321-1345章
[2026-05-17 13:58:21] [Worker] 第785-792章返回非零码 (rc=1)
[2026-05-17 13:58:21] [Worker] 开始生成第1354-1377章
[2026-05-17 13:58:22] [Worker] 第34-58章返回非零码 (rc=1)
[2026-05-17 13:58:22] [Worker] 开始生成第1741-1741章
[2026-05-17 13:58:24] [Worker] 第100-124章返回非零码 (rc=1)
[2026-05-17 13:58:24] [Worker] 开始生成第1750-1753章
[2026-05-17 13:58:24] [Worker] 第1741-1741章完成，本范围生成 1 章
[2026-05-17 13:58:24] [Worker] 开始生成第1757-1757章
[2026-05-17 13:58:25] [Worker] 第1255-1279章返回非零码 (rc=1)
[2026-05-17 13:58:25] [Worker] 开始生成第1759-1763章
[2026-05-17 13:58:26] [Worker] 第1757-1757章完成，本范围生成 1 章
[2026-05-17 13:58:26] [Worker] 开始生成第1765-1766章
[2026-05-17 13:58:27] [Worker] 第9-25章返回非零码 (rc=1)
[2026-05-17 13:58:27] [Worker] 开始生成第1768-1769章
[2026-05-17 13:58:29] [Worker] 第158-198章返回非零码 (rc=1)
[2026-05-17 13:58:29] [Worker] 开始生成第1772-1772章
[2026-05-17 13:58:30] [Worker] 第1148-1155章返回非零码 (rc=1)
[2026-05-17 13:58:30] [Worker] 开始生成第1774-1774章
[2026-05-17 13:58:30] [Worker] 第1765-1766章完成，本范围生成 2 章
[2026-05-17 13:58:30] [Worker] 开始生成第1783-1807章
[2026-05-17 13:58:31] [Worker] 第1772-1772章完成，本范围生成 1 章
[2026-05-17 13:58:31] [Worker] 开始生成第1816-1840章
[2026-05-17 13:58:31] [Worker] 第1768-1769章完成，本范围生成 2 章
[2026-05-17 13:58:31] [Worker] 开始生成第1882-1906章
[2026-05-17 13:58:31] [Worker] 第694-718章返回非零码 (rc=1)
[2026-05-17 13:58:31] [Worker] 开始生成第1973-1997章
[2026-05-17 13:58:32] [Worker] 第1750-1753章完成，本范围生成 4 章
[2026-05-17 13:58:32] [Worker] 第1774-1774章完成，本范围生成 1 章
[2026-05-17 13:58:32] [Worker] 第628-652章返回非零码 (rc=1)
[2026-05-17 13:58:34] [Worker] 第925-949章返回非零码 (rc=1)
[2026-05-17 13:58:35] [Worker] 第1759-1763章完成，本范围生成 5 章
[2026-05-17 13:58:42] [Worker] 第67-91章返回非零码 (rc=1)
[2026-05-17 13:58:48] [Worker] 第529-553章返回非零码 (rc=1)
[2026-05-17 13:58:51] [Worker] 第1024-1048章返回非零码 (rc=1)
[2026-05-17 13:58:55] [Worker] 第1189-1213章返回非零码 (rc=1)
[2026-05-17 14:01:41] [Main] 企业微信进度推送已启动（每2分钟）
[2026-05-17 14:01:41] 缺失: 333 章, 共 19 段
[2026-05-17 14:01:41]   16-25 (10章)
[2026-05-17 14:01:41]   42-58 (17章)
[2026-05-17 14:01:41]   74-91 (18章)
[2026-05-17 14:01:41]   108-124 (17章)
[2026-05-17 14:01:41]   164-198 (35章)
[2026-05-17 14:01:41]   307-330 (24章)
[2026-05-17 14:01:41]   537-553 (17章)
[2026-05-17 14:01:41]   636-652 (17章)
[2026-05-17 14:01:41]   702-718 (17章)
[2026-05-17 14:01:41]   792-792 (1章)
[2026-05-17 14:01:41]   933-949 (17章)
[2026-05-17 14:01:41]   1032-1048 (17章)
[2026-05-17 14:01:41]   1155-1155 (1章)
[2026-05-17 14:01:41]   1195-1213 (19章)
[2026-05-17 14:01:41]   1255-1279 (25章)
[2026-05-17 14:01:41]   1322-1345 (24章)
[2026-05-17 14:01:41]   1355-1377 (23章)
[2026-05-17 14:01:41]   1898-1906 (9章)
[2026-05-17 14:01:41]   1973-1997 (25章)
[2026-05-17 14:01:41] [Main] 启动 15 个并发 Worker 生成 19 段缺失章节
[2026-05-17 14:01:41] [Worker] 开始生成第16-25章
[2026-05-17 14:01:41] [Worker] 开始生成第74-91章
[2026-05-17 14:01:41] [Worker] 开始生成第42-58章
[2026-05-17 14:01:41] [Worker] 开始生成第164-198章
[2026-05-17 14:01:41] [Worker] 开始生成第108-124章
[2026-05-17 14:01:41] [Worker] 开始生成第307-330章
[2026-05-17 14:01:41] [Worker] 开始生成第636-652章
[2026-05-17 14:01:41] [Worker] 开始生成第537-553章
[2026-05-17 14:01:41] [Worker] 开始生成第702-718章
[2026-05-17 14:01:41] [Worker] 开始生成第933-949章
[2026-05-17 14:01:41] [Worker] 开始生成第1032-1048章
[2026-05-17 14:01:41] [Worker] 开始生成第1155-1155章
[2026-05-17 14:01:41] [Worker] 开始生成第1195-1213章
[2026-05-17 14:01:41] [Worker] 开始生成第792-792章
[2026-05-17 14:01:41] [Worker] 开始生成第1255-1279章
[2026-05-17 14:03:18] [Worker] 第1155-1155章完成，本范围生成 1 章
[2026-05-17 14:03:18] [Worker] 开始生成第1322-1345章
[2026-05-17 14:03:41] [WeChat] 进度已推送: 初稿1680/2000
[2026-05-17 14:03:49] [Worker] 第792-792章完成，本范围生成 1 章
[2026-05-17 14:03:49] [Worker] 开始生成第1355-1377章
[2026-05-17 14:05:42] [WeChat] 进度已推送: 初稿1702/2000
[2026-05-17 14:07:42] [WeChat] 进度已推送: 初稿1722/2000
[2026-05-17 14:09:42] [WeChat] 进度已推送: 初稿1741/2000
[2026-05-17 14:11:43] [WeChat] 进度已推送: 初稿1762/2000
[2026-05-17 14:13:43] [WeChat] 进度已推送: 初稿1780/2000
[2026-05-17 14:15:43] [WeChat] 进度已推送: 初稿1801/2000
[2026-05-17 14:17:44] [WeChat] 进度已推送: 初稿1823/2000
[2026-05-17 14:18:57] [Worker] 第16-25章完成，本范围生成 10 章
[2026-05-17 14:18:57] [Worker] 开始生成第1898-1906章
[2026-05-17 14:19:44] [WeChat] 进度已推送: 初稿1845/2000
[2026-05-17 14:21:45] [WeChat] 进度已推送: 初稿1867/2000
[2026-05-17 14:23:34] [Worker] 第537-553章完成，本范围生成 17 章
[2026-05-17 14:23:34] [Worker] 开始生成第1973-1997章
[2026-05-17 14:23:45] [WeChat] 进度已推送: 初稿1889/2000
[2026-05-17 14:24:39] [Worker] 第108-124章完成，本范围生成 17 章
[2026-05-17 14:25:19] [Worker] 第702-718章完成，本范围生成 17 章
[2026-05-17 14:25:45] [WeChat] 进度已推送: 初稿1912/2000
[2026-05-17 14:26:13] [Worker] 第42-58章完成，本范围生成 17 章
[2026-05-17 14:26:40] [Worker] 第933-949章完成，本范围生成 17 章
[2026-05-17 14:26:43] [Worker] 第1032-1048章完成，本范围生成 17 章
[2026-05-17 14:27:00] [Worker] 第636-652章完成，本范围生成 17 章
[2026-05-17 14:27:46] [WeChat] 进度已推送: 初稿1931/2000
[2026-05-17 14:28:05] [Worker] 第1195-1213章完成，本范围生成 19 章
[2026-05-17 14:29:09] [Worker] 第74-91章完成，本范围生成 18 章
[2026-05-17 14:29:41] [Worker] 第1898-1906章完成，本范围生成 9 章
[2026-05-17 14:29:46] [WeChat] 进度已推送: 初稿1944/2000
[2026-05-17 14:31:46] [WeChat] 进度已推送: 初稿1952/2000
[2026-05-17 14:33:28] [Worker] 第307-330章完成，本范围生成 24 章
[2026-05-17 14:33:47] [WeChat] 进度已推送: 初稿1961/2000
[2026-05-17 14:35:16] [Worker] 第1322-1345章完成，本范围生成 24 章
[2026-05-17 14:35:47] [WeChat] 进度已推送: 初稿1968/2000
[2026-05-17 14:37:17] [Worker] 第1255-1279章完成，本范围生成 25 章
[2026-05-17 14:37:44] [Worker] 第1355-1377章完成，本范围生成 23 章
[2026-05-17 14:37:48] [WeChat] 进度已推送: 初稿1975/2000
[2026-05-17 14:39:48] [WeChat] 进度已推送: 初稿1978/2000
[2026-05-17 14:41:48] [WeChat] 进度已推送: 初稿1981/2000
[2026-05-17 14:43:49] [WeChat] 进度已推送: 初稿1985/2000
[2026-05-17 14:45:49] [WeChat] 进度已推送: 初稿1987/2000
[2026-05-17 14:47:49] [WeChat] 进度已推送: 初稿1990/2000
[2026-05-17 14:49:50] [WeChat] 进度已推送: 初稿1992/2000
[2026-05-17 14:51:30] [Worker] 第164-198章完成，本范围生成 35 章
[2026-05-17 14:51:50] [WeChat] 进度已推送: 初稿1996/2000
[2026-05-17 14:53:51] [WeChat] 进度已推送: 初稿1997/2000
[2026-05-17 14:55:51] [WeChat] 进度已推送: 初稿1999/2000
[2026-05-17 14:56:41] [Worker] 第1973-1997章返回非零码 (rc=1)
[2026-05-17 14:56:41] [Main] 补全完成: 初稿 1999/2000 章, 总字数 10,280,781
